cmd_fn.c:88:1:f_txCode	0	static
cmd_fn.c:94:1:f_nsSFD	0	static
cmd_fn.c:111:1:f_phrMode	0	static
cmd_fn.c:116:1:f_sfdTO	0	static
cmd_fn.c:121:1:f_smartPowerEn	0	static
cmd_fn.c:126:1:f_interval_in_ms	0	static
cmd_fn.c:131:1:f_interval_slow_in_ms	0	static
cmd_fn.c:136:1:f_randomness	0	static
cmd_fn.c:149:1:f_tagIDset	0	static
cmd_fn.c:155:1:f_TWRInitSet	0	static
cmd_fn.c:161:1:f_TWRRespSet	0	static
cmd_fn.c:167:1:f_ForceReset	0	static,ignoring_inline_asm
cmd_fn.c:197:1:f_nlos	0	static
cmd_fn.c:315:1:f_tcwm	0	static
cmd_fn.c:320:1:f_tcfm	0	static
cmd_fn.c:40:1:f_chan	8	static
cmd_fn.c:52:1:f_prf	8	static
cmd_fn.c:64:1:f_plen	8	static
cmd_fn.c:76:1:f_rxPAC	8	static
cmd_fn.c:99:1:f_dataRate	8	static
cmd_fn.c:141:1:f_tagID	24	static
cmd_fn.c:295:1:f_help_app	520	static
cmd_fn.c:331:1:f_restore	8	static
cmd_fn.c:342:1:f_save	8	static
cmd_fn.c:176:6:set_los_nlos_config	8	static
cmd_fn.c:208:1:f_decaTDoATag	528	static
cmd_fn.c:241:1:f_jstat	568	static
cmd_fn.c:281:1:f_stat	16	static
