Archive member included to satisfy reference by file (symbol)

../../lib/libopencm3//lib/libopencm3_stm32l0.a(gpio_common_all.o)
                              ./main.o (gpio_set)
../../lib/libopencm3//lib/libopencm3_stm32l0.a(gpio_common_f0234.o)
                              ./i2c_opencm3.o (gpio_mode_setup)
../../lib/libopencm3//lib/libopencm3_stm32l0.a(i2c_common_v2.o)
                              ./i2c_opencm3.o (i2c_reset)
../../lib/libopencm3//lib/libopencm3_stm32l0.a(rcc.o)
                              ./i2c_opencm3.o (rcc_set_peripheral_clk_sel)
../../lib/libopencm3//lib/libopencm3_stm32l0.a(rcc_common_all.o)
                              ./i2c_opencm3.o (rcc_periph_clock_enable)
../../lib/libopencm3//lib/libopencm3_stm32l0.a(spi_common_all.o)
                              ./spi_opencm3.o (spi_reset)
../../lib/libopencm3//lib/libopencm3_stm32l0.a(spi_common_v1.o)
                              ./spi_opencm3.o (spi_init_master)
../../lib/libopencm3//lib/libopencm3_stm32l0.a(spi_common_v1_frf.o)
                              ./spi_opencm3.o (spi_set_frf_motorola)
../../lib/libopencm3//lib/libopencm3_stm32l0.a(vector.o)
                              (reset_handler)
../../lib/libopencm3//lib/libopencm3_stm32l0.a(assert.o)
                              ../../lib/libopencm3//lib/libopencm3_stm32l0.a(rcc.o) (cm3_assert_failed)
../../lib/libopencm3//lib/libopencm3_stm32l0.a(flash_common_all.o)
                              ../../lib/libopencm3//lib/libopencm3_stm32l0.a(rcc.o) (flash_prefetch_enable)
../../lib/libopencm3//lib/libopencm3_stm32l0.a(pwr_common_v2.o)
                              ../../lib/libopencm3//lib/libopencm3_stm32l0.a(rcc.o) (pwr_set_vos_scale)
/usr/share/gcc-arm-none-eabi-10-2020-q4-major/bin/../lib/gcc/arm-none-eabi/10.2.1/../../../../arm-none-eabi/lib/thumb/v6-m/nofp/libc_nano.a(lib_a-memcpy-stub.o)
                              ./i2c_opencm3.o (memcpy)
/usr/share/gcc-arm-none-eabi-10-2020-q4-major/bin/../lib/gcc/arm-none-eabi/10.2.1/../../../../arm-none-eabi/lib/thumb/v6-m/nofp/libc_nano.a(lib_a-printf.o)
                              ./i2c_opencm3.o (printf)
/usr/share/gcc-arm-none-eabi-10-2020-q4-major/bin/../lib/gcc/arm-none-eabi/10.2.1/../../../../arm-none-eabi/lib/thumb/v6-m/nofp/libc_nano.a(lib_a-findfp.o)
                              /usr/share/gcc-arm-none-eabi-10-2020-q4-major/bin/../lib/gcc/arm-none-eabi/10.2.1/../../../../arm-none-eabi/lib/thumb/v6-m/nofp/libc_nano.a(lib_a-printf.o) (__sinit)
/usr/share/gcc-arm-none-eabi-10-2020-q4-major/bin/../lib/gcc/arm-none-eabi/10.2.1/../../../../arm-none-eabi/lib/thumb/v6-m/nofp/libc_nano.a(lib_a-fwalk.o)
                              /usr/share/gcc-arm-none-eabi-10-2020-q4-major/bin/../lib/gcc/arm-none-eabi/10.2.1/../../../../arm-none-eabi/lib/thumb/v6-m/nofp/libc_nano.a(lib_a-findfp.o) (_fwalk)
/usr/share/gcc-arm-none-eabi-10-2020-q4-major/bin/../lib/gcc/arm-none-eabi/10.2.1/../../../../arm-none-eabi/lib/thumb/v6-m/nofp/libc_nano.a(lib_a-impure.o)
                              /usr/share/gcc-arm-none-eabi-10-2020-q4-major/bin/../lib/gcc/arm-none-eabi/10.2.1/../../../../arm-none-eabi/lib/thumb/v6-m/nofp/libc_nano.a(lib_a-findfp.o) (_global_impure_ptr)
/usr/share/gcc-arm-none-eabi-10-2020-q4-major/bin/../lib/gcc/arm-none-eabi/10.2.1/../../../../arm-none-eabi/lib/thumb/v6-m/nofp/libc_nano.a(lib_a-lock.o)
                              /usr/share/gcc-arm-none-eabi-10-2020-q4-major/bin/../lib/gcc/arm-none-eabi/10.2.1/../../../../arm-none-eabi/lib/thumb/v6-m/nofp/libc_nano.a(lib_a-findfp.o) (__retarget_lock_init_recursive)
/usr/share/gcc-arm-none-eabi-10-2020-q4-major/bin/../lib/gcc/arm-none-eabi/10.2.1/../../../../arm-none-eabi/lib/thumb/v6-m/nofp/libc_nano.a(lib_a-memset.o)
                              /usr/share/gcc-arm-none-eabi-10-2020-q4-major/bin/../lib/gcc/arm-none-eabi/10.2.1/../../../../arm-none-eabi/lib/thumb/v6-m/nofp/libc_nano.a(lib_a-findfp.o) (memset)
/usr/share/gcc-arm-none-eabi-10-2020-q4-major/bin/../lib/gcc/arm-none-eabi/10.2.1/../../../../arm-none-eabi/lib/thumb/v6-m/nofp/libc_nano.a(lib_a-nano-mallocr.o)
                              /usr/share/gcc-arm-none-eabi-10-2020-q4-major/bin/../lib/gcc/arm-none-eabi/10.2.1/../../../../arm-none-eabi/lib/thumb/v6-m/nofp/libc_nano.a(lib_a-findfp.o) (_malloc_r)
/usr/share/gcc-arm-none-eabi-10-2020-q4-major/bin/../lib/gcc/arm-none-eabi/10.2.1/../../../../arm-none-eabi/lib/thumb/v6-m/nofp/libc_nano.a(lib_a-nano-vfprintf.o)
                              /usr/share/gcc-arm-none-eabi-10-2020-q4-major/bin/../lib/gcc/arm-none-eabi/10.2.1/../../../../arm-none-eabi/lib/thumb/v6-m/nofp/libc_nano.a(lib_a-printf.o) (_vfprintf_r)
/usr/share/gcc-arm-none-eabi-10-2020-q4-major/bin/../lib/gcc/arm-none-eabi/10.2.1/../../../../arm-none-eabi/lib/thumb/v6-m/nofp/libc_nano.a(lib_a-nano-vfprintf_i.o)
[...]
Memory Configuration

Name             Origin             Length             Attributes
ram              0x0000000020000000 0x0000000000002000 xrw
rom              0x0000000008000000 0x0000000000008000 xr
*default*        0x0000000000000000 0xffffffffffffffff

Linker script and memory map

LOAD ./i2c_opencm3.o
LOAD ./main.o
LOAD ./spi_opencm3.o
LOAD ../../lib/libopencm3//lib/libopencm3_stm32l0.a
START GROUP
LOAD /usr/share/gcc-arm-none-eabi-10-2020-q4-major/bin/../lib/gcc/arm-none-eabi/10.2.1/../../../../arm-none-eabi/lib/thumb/v6-m/nofp/libc_nano.a
LOAD /usr/share/gcc-arm-none-eabi-10-2020-q4-major/bin/../lib/gcc/arm-none-eabi/10.2.1/thumb/v6-m/nofp/libgcc.a
LOAD /usr/share/gcc-arm-none-eabi-10-2020-q4-major/bin/../lib/gcc/arm-none-eabi/10.2.1/../../../../arm-none-eabi/lib/thumb/v6-m/nofp/libnosys.a
END GROUP
START GROUP
LOAD /usr/share/gcc-arm-none-eabi-10-2020-q4-major/bin/../lib/gcc/arm-none-eabi/10.2.1/thumb/v6-m/nofp/libgcc.a
LOAD /usr/share/gcc-arm-none-eabi-10-2020-q4-major/bin/../lib/gcc/arm-none-eabi/10.2.1/../../../../arm-none-eabi/lib/thumb/v6-m/nofp/libg_nano.a
LOAD /usr/share/gcc-arm-none-eabi-10-2020-q4-major/bin/../lib/gcc/arm-none-eabi/10.2.1/../../../../arm-none-eabi/lib/thumb/v6-m/nofp/libc_nano.a
END GROUP
START GROUP
LOAD /usr/share/gcc-arm-none-eabi-10-2020-q4-major/bin/../lib/gcc/arm-none-eabi/10.2.1/thumb/v6-m/nofp/libgcc.a
LOAD /usr/share/gcc-arm-none-eabi-10-2020-q4-major/bin/../lib/gcc/arm-none-eabi/10.2.1/../../../../arm-none-eabi/lib/thumb/v6-m/nofp/libc_nano.a
END GROUP

.text           0x0000000008000000     0x1e78
 *(.vectors)
 .vectors       0x0000000008000000       0xc0 ../../lib/libopencm3//lib/libopencm3_stm32l0.a(vector.o)
                0x0000000008000000                vector_table
 *(.text*)
 .text.i2c_link_init
                0x00000000080000c0       0xa8 ./i2c_opencm3.o
                0x00000000080000c0                i2c_link_init
 .text.i2c_read
                0x0000000008000168       0x24 ./i2c_opencm3.o
 .text.i2c_write
                0x000000000800018c       0x44 ./i2c_opencm3.o
 .text.clock_setup
                0x00000000080001d0       0x10 ./main.o
 .text.main     0x00000000080001e0       0xa8 ./main.o
                0x00000000080001e0                main
 .text.spi_link_init
                0x0000000008000288       0x94 ./spi_opencm3.o
                0x0000000008000288                spi_link_init
 .text.extended_data_frame
                0x000000000800031c        0x4 ./spi_opencm3.o
                0x000000000800031c                extended_data_frame
 .text.read     0x0000000008000320       0x40 ./spi_opencm3.o
                0x0000000008000320                read
 .text.write    0x0000000008000360       0x40 ./spi_opencm3.o
                0x0000000008000360                write
 .text.gpio_set
                0x00000000080003a0        0x4 ../../lib/libopencm3//lib/libopencm3_stm32l0.a(gpio_common_all.o)
                0x00000000080003a0                gpio_set
 .text.gpio_clear
                0x00000000080003a4        0x6 ../../lib/libopencm3//lib/libopencm3_stm32l0.a(gpio_common_all.o)
                0x00000000080003a4                gpio_clear
 .text.gpio_mode_setup
                0x00000000080003aa       0x40 ../../lib/libopencm3//lib/libopencm3_stm32l0.a(gpio_common_f0234.o)
                0x00000000080003aa                gpio_mode_setup
 .text.gpio_set_af
                0x00000000080003ea       0x58 ../../lib/libopencm3//lib/libopencm3_stm32l0.a(gpio_common_f0234.o)
                0x00000000080003ea                gpio_set_af
 *fill*         0x0000000008000442        0x2 
 .text.i2c_reset
                0x0000000008000444       0x3c ../../lib/libopencm3//lib/libopencm3_stm32l0.a(i2c_common_v2.o)
                0x0000000008000444                i2c_reset
 .text.i2c_peripheral_enable
                0x0000000008000480        0xa ../../lib/libopencm3//lib/libopencm3_stm32l0.a(i2c_common_v2.o)
                0x0000000008000480                i2c_peripheral_enable
 .text.i2c_peripheral_disable
                0x000000000800048a        0xa ../../lib/libopencm3//lib/libopencm3_stm32l0.a(i2c_common_v2.o)
                0x000000000800048a                i2c_peripheral_disable
 .text.i2c_send_start
                0x0000000008000494        0xc ../../lib/libopencm3//lib/libopencm3_stm32l0.a(i2c_common_v2.o)
                0x0000000008000494                i2c_send_start
 .text.i2c_enable_analog_filter
                0x00000000080004a0       0x10 ../../lib/libopencm3//lib/libopencm3_stm32l0.a(i2c_common_v2.o)
                0x00000000080004a0                i2c_enable_analog_filter
 .text.i2c_set_digital_filter
                0x00000000080004b0       0x14 ../../lib/libopencm3//lib/libopencm3_stm32l0.a(i2c_common_v2.o)
                0x00000000080004b0                i2c_set_digital_filter
 .text.i2c_set_prescaler
                0x00000000080004c4        0xe ../../lib/libopencm3//lib/libopencm3_stm32l0.a(i2c_common_v2.o)
                0x00000000080004c4                i2c_set_prescaler
 *fill*         0x00000000080004d2        0x2 
 .text.i2c_set_data_setup_time
                0x00000000080004d4       0x14 ../../lib/libopencm3//lib/libopencm3_stm32l0.a(i2c_common_v2.o)
                0x00000000080004d4                i2c_set_data_setup_time
 .text.i2c_set_data_hold_time
                0x00000000080004e8       0x14 ../../lib/libopencm3//lib/libopencm3_stm32l0.a(i2c_common_v2.o)
                0x00000000080004e8                i2c_set_data_hold_time
 .text.i2c_set_scl_high_period
                0x00000000080004fc       0x14 ../../lib/libopencm3//lib/libopencm3_stm32l0.a(i2c_common_v2.o)
                0x00000000080004fc                i2c_set_scl_high_period
 .text.i2c_set_scl_low_period
                0x0000000008000510        0xc ../../lib/libopencm3//lib/libopencm3_stm32l0.a(i2c_common_v2.o)
                0x0000000008000510                i2c_set_scl_low_period
 .text.i2c_enable_stretching
                0x000000000800051c       0x10 ../../lib/libopencm3//lib/libopencm3_stm32l0.a(i2c_common_v2.o)
                0x000000000800051c                i2c_enable_stretching
 .text.i2c_set_7bit_addr_mode
                0x000000000800052c       0x10 ../../lib/libopencm3//lib/libopencm3_stm32l0.a(i2c_common_v2.o)
                0x000000000800052c                i2c_set_7bit_addr_mode
 .text.i2c_set_7bit_address
                0x000000000800053c       0x12 ../../lib/libopencm3//lib/libopencm3_stm32l0.a(i2c_common_v2.o)
                0x000000000800053c                i2c_set_7bit_address
 *fill*         0x000000000800054e        0x2 
 .text.i2c_set_write_transfer_dir
                0x0000000008000550       0x10 ../../lib/libopencm3//lib/libopencm3_stm32l0.a(i2c_common_v2.o)
                0x0000000008000550                i2c_set_write_transfer_dir
 .text.i2c_set_read_transfer_dir
                0x0000000008000560        0xc ../../lib/libopencm3//lib/libopencm3_stm32l0.a(i2c_common_v2.o)
                0x0000000008000560                i2c_set_read_transfer_dir
 .text.i2c_set_bytes_to_transfer
                0x000000000800056c       0x14 ../../lib/libopencm3//lib/libopencm3_stm32l0.a(i2c_common_v2.o)
                0x000000000800056c                i2c_set_bytes_to_transfer
 .text.i2c_enable_autoend
                0x0000000008000580        0xc ../../lib/libopencm3//lib/libopencm3_stm32l0.a(i2c_common_v2.o)
                0x0000000008000580                i2c_enable_autoend
 .text.i2c_disable_autoend
                0x000000000800058c       0x10 ../../lib/libopencm3//lib/libopencm3_stm32l0.a(i2c_common_v2.o)
                0x000000000800058c                i2c_disable_autoend
 .text.i2c_nack
                0x000000000800059c        0x8 ../../lib/libopencm3//lib/libopencm3_stm32l0.a(i2c_common_v2.o)
                0x000000000800059c                i2c_nack
 .text.i2c_transmit_int_status
                0x00000000080005a4        0x8 ../../lib/libopencm3//lib/libopencm3_stm32l0.a(i2c_common_v2.o)
                0x00000000080005a4                i2c_transmit_int_status
 .text.i2c_transfer_complete
                0x00000000080005ac        0x8 ../../lib/libopencm3//lib/libopencm3_stm32l0.a(i2c_common_v2.o)
                0x00000000080005ac                i2c_transfer_complete
 .text.i2c_received_data
                0x00000000080005b4        0x8 ../../lib/libopencm3//lib/libopencm3_stm32l0.a(i2c_common_v2.o)
                0x00000000080005b4                i2c_received_data
 .text.i2c_transfer7
                0x00000000080005bc       0xb2 ../../lib/libopencm3//lib/libopencm3_stm32l0.a(i2c_common_v2.o)
                0x00000000080005bc                i2c_transfer7
 .text.i2c_set_speed
                0x000000000800066e       0x5e ../../lib/libopencm3//lib/libopencm3_stm32l0.a(i2c_common_v2.o)
                0x000000000800066e                i2c_set_speed
 .text.rcc_uart_i2c_clksel_freq_hz
                0x00000000080006cc       0x48 ../../lib/libopencm3//lib/libopencm3_stm32l0.a(rcc.o)
 .text.rcc_osc_on
                0x0000000008000714       0x54 ../../lib/libopencm3//lib/libopencm3_stm32l0.a(rcc.o)
                0x0000000008000714                rcc_osc_on
 .text.rcc_osc_off
                0x0000000008000768       0x5c ../../lib/libopencm3//lib/libopencm3_stm32l0.a(rcc.o)
                0x0000000008000768                rcc_osc_off
 .text.rcc_is_osc_ready
                0x00000000080007c4       0x58 ../../lib/libopencm3//lib/libopencm3_stm32l0.a(rcc.o)
                0x00000000080007c4                rcc_is_osc_ready
 .text.rcc_wait_for_osc_ready
                0x000000000800081c       0x10 ../../lib/libopencm3//lib/libopencm3_stm32l0.a(rcc.o)
                0x000000000800081c                rcc_wait_for_osc_ready
 .text.rcc_set_sysclk_source
                0x000000000800082c       0x4c ../../lib/libopencm3//lib/libopencm3_stm32l0.a(rcc.o)
                0x000000000800082c                rcc_set_sysclk_source
 .text.rcc_set_pll_multiplier
                0x0000000008000878       0x18 ../../lib/libopencm3//lib/libopencm3_stm32l0.a(rcc.o)
                0x0000000008000878                rcc_set_pll_multiplier
 .text.rcc_set_pll_divider
                0x0000000008000890       0x18 ../../lib/libopencm3//lib/libopencm3_stm32l0.a(rcc.o)
                0x0000000008000890                rcc_set_pll_divider
 .text.rcc_set_pll_source
                0x00000000080008a8       0x18 ../../lib/libopencm3//lib/libopencm3_stm32l0.a(rcc.o)
                0x00000000080008a8                rcc_set_pll_source
 .text.rcc_set_ppre1
                0x00000000080008c0       0x18 ../../lib/libopencm3//lib/libopencm3_stm32l0.a(rcc.o)
                0x00000000080008c0                rcc_set_ppre1
 .text.rcc_set_ppre2
                0x00000000080008d8       0x18 ../../lib/libopencm3//lib/libopencm3_stm32l0.a(rcc.o)
                0x00000000080008d8                rcc_set_ppre2
 .text.rcc_set_hpre
                0x00000000080008f0       0x14 ../../lib/libopencm3//lib/libopencm3_stm32l0.a(rcc.o)
                0x00000000080008f0                rcc_set_hpre
 .text.rcc_set_peripheral_clk_sel
                0x0000000008000904       0x6c ../../lib/libopencm3//lib/libopencm3_stm32l0.a(rcc.o)
                0x0000000008000904                rcc_set_peripheral_clk_sel
 .text.rcc_get_i2c_clk_freq
                0x0000000008000970       0x2c ../../lib/libopencm3//lib/libopencm3_stm32l0.a(rcc.o)
                0x0000000008000970                rcc_get_i2c_clk_freq
 .text.rcc_get_spi_clk_freq
                0x000000000800099c       0x1c ../../lib/libopencm3//lib/libopencm3_stm32l0.a(rcc.o)
                0x000000000800099c                rcc_get_spi_clk_freq
 .text.rcc_clock_setup_pll
                0x00000000080009b8       0xac ../../lib/libopencm3//lib/libopencm3_stm32l0.a(rcc.o)
                0x00000000080009b8                rcc_clock_setup_pll
 .text.rcc_periph_clock_enable
                0x0000000008000a64       0x1c ../../lib/libopencm3//lib/libopencm3_stm32l0.a(rcc_common_all.o)
                0x0000000008000a64                rcc_periph_clock_enable
 .text.rcc_periph_reset_pulse
                0x0000000008000a80       0x20 ../../lib/libopencm3//lib/libopencm3_stm32l0.a(rcc_common_all.o)
                0x0000000008000a80                rcc_periph_reset_pulse
 .text.rcc_get_div_from_hpre
                0x0000000008000aa0       0x1a ../../lib/libopencm3//lib/libopencm3_stm32l0.a(rcc_common_all.o)
                0x0000000008000aa0                rcc_get_div_from_hpre
 *fill*         0x0000000008000aba        0x2 
 .text.spi_reset
                0x0000000008000abc       0x2c ../../lib/libopencm3//lib/libopencm3_stm32l0.a(spi_common_all.o)
                0x0000000008000abc                spi_reset
 .text.spi_enable
                0x0000000008000ae8        0xa ../../lib/libopencm3//lib/libopencm3_stm32l0.a(spi_common_all.o)
                0x0000000008000ae8                spi_enable
 .text.spi_disable
                0x0000000008000af2        0xa ../../lib/libopencm3//lib/libopencm3_stm32l0.a(spi_common_all.o)
                0x0000000008000af2                spi_disable
 .text.spi_write
                0x0000000008000afc        0x4 ../../lib/libopencm3//lib/libopencm3_stm32l0.a(spi_common_all.o)
                0x0000000008000afc                spi_write
 .text.spi_read
                0x0000000008000b00        0xe ../../lib/libopencm3//lib/libopencm3_stm32l0.a(spi_common_all.o)
                0x0000000008000b00                spi_read
 *fill*         0x0000000008000b0e        0x2 
 .text.spi_set_full_duplex_mode
                0x0000000008000b10       0x10 ../../lib/libopencm3//lib/libopencm3_stm32l0.a(spi_common_all.o)
                0x0000000008000b10                spi_set_full_duplex_mode
 .text.spi_set_nss_low
                0x0000000008000b20       0x10 ../../lib/libopencm3//lib/libopencm3_stm32l0.a(spi_common_all.o)
                0x0000000008000b20                spi_set_nss_low
 .text.spi_init_master
                0x0000000008000b30       0x28 ../../lib/libopencm3//lib/libopencm3_stm32l0.a(spi_common_v1.o)
                0x0000000008000b30                spi_init_master
 .text.spi_set_frf_motorola
                0x0000000008000b58        0xa ../../lib/libopencm3//lib/libopencm3_stm32l0.a(spi_common_v1_frf.o)
                0x0000000008000b58                spi_set_frf_motorola
 .text.blocking_handler
                0x0000000008000b62        0x2 ../../lib/libopencm3//lib/libopencm3_stm32l0.a(vector.o)
                0x0000000008000b62                rtc_isr
                0x0000000008000b62                tim7_isr
                0x0000000008000b62                blocking_handler
                0x0000000008000b62                tsc_isr
                0x0000000008000b62                spi1_isr
                0x0000000008000b62                i2c1_isr
                0x0000000008000b62                i2c2_isr
                0x0000000008000b62                tim21_isr
                0x0000000008000b62                usart1_isr
                0x0000000008000b62                i2c3_isr
                0x0000000008000b62                reserved4_isr
                0x0000000008000b62                exti2_3_isr
                0x0000000008000b62                lptim1_isr
                0x0000000008000b62                pvd_isr
                0x0000000008000b62                rcc_isr
                0x0000000008000b62                flash_isr
                0x0000000008000b62                hard_fault_handler
                0x0000000008000b62                spi2_isr
                0x0000000008000b62                lpuart1_aes_rng_isr
                0x0000000008000b62                usb_isr
                0x0000000008000b62                tim3_isr
                0x0000000008000b62                usart2_isr
                0x0000000008000b62                adc_comp_isr
                0x0000000008000b62                dma1_channel1_isr
                0x0000000008000b62                tim6_dac_isr
                0x0000000008000b62                lcd_isr
                0x0000000008000b62                dma1_channel2_3_isr
                0x0000000008000b62                tim22_isr
                0x0000000008000b62                exti4_15_isr
                0x0000000008000b62                usart4_5_isr
                0x0000000008000b62                wwdg_isr
                0x0000000008000b62                tim2_isr
                0x0000000008000b62                dma1_channel4_5_isr
                0x0000000008000b62                exti0_1_isr
 .text.null_handler
                0x0000000008000b64        0x2 ../../lib/libopencm3//lib/libopencm3_stm32l0.a(vector.o)
                0x0000000008000b64                null_handler
                0x0000000008000b64                sv_call_handler
                0x0000000008000b64                pend_sv_handler
                0x0000000008000b64                sys_tick_handler
                0x0000000008000b64                nmi_handler
 *fill*         0x0000000008000b66        0x2 
 .text.reset_handler
                0x0000000008000b68       0x88 ../../lib/libopencm3//lib/libopencm3_stm32l0.a(vector.o)
                0x0000000008000b68                reset_handler
 .text.cm3_assert_failed
                0x0000000008000bf0        0x2 ../../lib/libopencm3//lib/libopencm3_stm32l0.a(assert.o)
                0x0000000008000bf0                cm3_assert_failed
 *fill*         0x0000000008000bf2        0x2 
 .text.flash_prefetch_enable
                0x0000000008000bf4       0x10 ../../lib/libopencm3//lib/libopencm3_stm32l0.a(flash_common_all.o)
                0x0000000008000bf4                flash_prefetch_enable
 .text.flash_set_ws
                0x0000000008000c04       0x14 ../../lib/libopencm3//lib/libopencm3_stm32l0.a(flash_common_all.o)
                0x0000000008000c04                flash_set_ws
 .text.pwr_set_vos_scale
                0x0000000008000c18       0x30 ../../lib/libopencm3//lib/libopencm3_stm32l0.a(pwr_common_v2.o)
                0x0000000008000c18                pwr_set_vos_scale
 .text.memcpy   0x0000000008000c48       0x12 /usr/share/gcc-arm-none-eabi-10-2020-q4-major/bin/../lib/gcc/arm-none-eabi/10.2.1/../../../../arm-none-eabi/lib/thumb/v6-m/nofp/libc_nano.a(lib_a-memcpy-stub.o)
                0x0000000008000c48                memcpy
 *fill*         0x0000000008000c5a        0x2 
 .text.printf   0x0000000008000c5c       0x34 /usr/share/gcc-arm-none-eabi-10-2020-q4-major/bin/../lib/gcc/arm-none-eabi/10.2.1/../../../../arm-none-eabi/lib/thumb/v6-m/nofp/libc_nano.a(lib_a-printf.o)
                0x0000000008000c5c                printf
                0x0000000008000c5c                iprintf
 .text.std      0x0000000008000c90       0x48 /usr/share/gcc-arm-none-eabi-10-2020-q4-major/bin/../lib/gcc/arm-none-eabi/10.2.1/../../../../arm-none-eabi/lib/thumb/v6-m/nofp/libc_nano.a(lib_a-findfp.o)
 .text._cleanup_r
                0x0000000008000cd8       0x10 /usr/share/gcc-arm-none-eabi-10-2020-q4-major/bin/../lib/gcc/arm-none-eabi/10.2.1/../../../../arm-none-eabi/lib/thumb/v6-m/nofp/libc_nano.a(lib_a-findfp.o)
                0x0000000008000cd8                _cleanup_r
 .text.__sfmoreglue
                0x0000000008000ce8       0x2c /usr/share/gcc-arm-none-eabi-10-2020-q4-major/bin/../lib/gcc/arm-none-eabi/10.2.1/../../../../arm-none-eabi/lib/thumb/v6-m/nofp/libc_nano.a(lib_a-findfp.o)
                0x0000000008000ce8                __sfmoreglue
 .text.__sfp_lock_acquire
                0x0000000008000d14       0x10 /usr/share/gcc-arm-none-eabi-10-2020-q4-major/bin/../lib/gcc/arm-none-eabi/10.2.1/../../../../arm-none-eabi/lib/thumb/v6-m/nofp/libc_nano.a(lib_a-findfp.o)
                0x0000000008000d14                __sfp_lock_acquire
 .text.__sfp_lock_release
                0x0000000008000d24       0x10 /usr/share/gcc-arm-none-eabi-10-2020-q4-major/bin/../lib/gcc/arm-none-eabi/10.2.1/../../../../arm-none-eabi/lib/thumb/v6-m/nofp/libc_nano.a(lib_a-findfp.o)
                0x0000000008000d24                __sfp_lock_release
 .text.__sinit_lock_acquire
                0x0000000008000d34       0x10 /usr/share/gcc-arm-none-eabi-10-2020-q4-major/bin/../lib/gcc/arm-none-eabi/10.2.1/../../../../arm-none-eabi/lib/thumb/v6-m/nofp/libc_nano.a(lib_a-findfp.o)
                0x0000000008000d34                __sinit_lock_acquire
 .text.__sinit_lock_release
                0x0000000008000d44       0x10 /usr/share/gcc-arm-none-eabi-10-2020-q4-major/bin/../lib/gcc/arm-none-eabi/10.2.1/../../../../arm-none-eabi/lib/thumb/v6-m/nofp/libc_nano.a(lib_a-findfp.o)
                0x0000000008000d44                __sinit_lock_release
 .text.__sinit  0x0000000008000d54       0x70 /usr/share/gcc-arm-none-eabi-10-2020-q4-major/bin/../lib/gcc/arm-none-eabi/10.2.1/../../../../arm-none-eabi/lib/thumb/v6-m/nofp/libc_nano.a(lib_a-findfp.o)
                0x0000000008000d54                __sinit
 .text.__sfp    0x0000000008000dc4       0x90 /usr/share/gcc-arm-none-eabi-10-2020-q4-major/bin/../lib/gcc/arm-none-eabi/10.2.1/../../../../arm-none-eabi/lib/thumb/v6-m/nofp/libc_nano.a(lib_a-findfp.o)
                0x0000000008000dc4                __sfp
 .text._fwalk_reent
                0x0000000008000e54       0x40 /usr/share/gcc-arm-none-eabi-10-2020-q4-major/bin/../lib/gcc/arm-none-eabi/10.2.1/../../../../arm-none-eabi/lib/thumb/v6-m/nofp/libc_nano.a(lib_a-fwalk.o)
                0x0000000008000e54                _fwalk_reent
 .text.__retarget_lock_init_recursive
                0x0000000008000e94        0x2 /usr/share/gcc-arm-none-eabi-10-2020-q4-major/bin/../lib/gcc/arm-none-eabi/10.2.1/../../../../arm-none-eabi/lib/thumb/v6-m/nofp/libc_nano.a(lib_a-lock.o)
                0x0000000008000e94                __retarget_lock_init_recursive
 .text.__retarget_lock_acquire_recursive
                0x0000000008000e96        0x2 /usr/share/gcc-arm-none-eabi-10-2020-q4-major/bin/../lib/gcc/arm-none-eabi/10.2.1/../../../../arm-none-eabi/lib/thumb/v6-m/nofp/libc_nano.a(lib_a-lock.o)
                0x0000000008000e96                __retarget_lock_acquire_recursive
 .text.__retarget_lock_release_recursive
                0x0000000008000e98        0x2 /usr/share/gcc-arm-none-eabi-10-2020-q4-major/bin/../lib/gcc/arm-none-eabi/10.2.1/../../../../arm-none-eabi/lib/thumb/v6-m/nofp/libc_nano.a(lib_a-lock.o)
                0x0000000008000e98                __retarget_lock_release_recursive
 .text.memset   0x0000000008000e9a       0x10 /usr/share/gcc-arm-none-eabi-10-2020-q4-major/bin/../lib/gcc/arm-none-eabi/10.2.1/../../../../arm-none-eabi/lib/thumb/v6-m/nofp/libc_nano.a(lib_a-memset.o)
                0x0000000008000e9a                memset
 *fill*         0x0000000008000eaa        0x2 
 .text._malloc_r
                0x0000000008000eac       0xbc /usr/share/gcc-arm-none-eabi-10-2020-q4-major/bin/../lib/gcc/arm-none-eabi/10.2.1/../../../../arm-none-eabi/lib/thumb/v6-m/nofp/libc_nano.a(lib_a-nano-mallocr.o)
                0x0000000008000eac                _malloc_r
 .text.__sfputc_r
                0x0000000008000f68       0x2a /usr/share/gcc-arm-none-eabi-10-2020-q4-major/bin/../lib/gcc/arm-none-eabi/10.2.1/../../../../arm-none-eabi/lib/thumb/v6-m/nofp/libc_nano.a(lib_a-nano-vfprintf.o)
 .text.__sfputs_r
                0x0000000008000f92       0x24 /usr/share/gcc-arm-none-eabi-10-2020-q4-major/bin/../lib/gcc/arm-none-eabi/10.2.1/../../../../arm-none-eabi/lib/thumb/v6-m/nofp/libc_nano.a(lib_a-nano-vfprintf.o)
                0x0000000008000f92                __sfputs_r
 *fill*         0x0000000008000fb6        0x2 
 .text._vfprintf_r
                0x0000000008000fb8      0x274 /usr/share/gcc-arm-none-eabi-10-2020-q4-major/bin/../lib/gcc/arm-none-eabi/10.2.1/../../../../arm-none-eabi/lib/thumb/v6-m/nofp/libc_nano.a(lib_a-nano-vfprintf.o)
                0x0000000008000fb8                _vfiprintf_r
                0x0000000008000fb8                _vfprintf_r
 .text._printf_common
                0x000000000800122c       0xde /usr/share/gcc-arm-none-eabi-10-2020-q4-major/bin/../lib/gcc/arm-none-eabi/10.2.1/../../../../arm-none-eabi/lib/thumb/v6-m/nofp/libc_nano.a(lib_a-nano-vfprintf_i.o)
                0x000000000800122c                _printf_common
 *fill*         0x000000000800130a        0x2 
 .text._printf_i
                0x000000000800130c      0x224 /usr/share/gcc-arm-none-eabi-10-2020-q4-major/bin/../lib/gcc/arm-none-eabi/10.2.1/../../../../arm-none-eabi/lib/thumb/v6-m/nofp/libc_nano.a(lib_a-nano-vfprintf_i.o)
                0x000000000800130c                _printf_i
 .text._sbrk_r  0x0000000008001530       0x24 /usr/share/gcc-arm-none-eabi-10-2020-q4-major/bin/../lib/gcc/arm-none-eabi/10.2.1/../../../../arm-none-eabi/lib/thumb/v6-m/nofp/libc_nano.a(lib_a-sbrkr.o)
                0x0000000008001530                _sbrk_r
 .text.__sread  0x0000000008001554       0x28 /usr/share/gcc-arm-none-eabi-10-2020-q4-major/bin/../lib/gcc/arm-none-eabi/10.2.1/../../../../arm-none-eabi/lib/thumb/v6-m/nofp/libc_nano.a(lib_a-stdio.o)
                0x0000000008001554                __sread
 .text.__swrite
                0x000000000800157c       0x38 /usr/share/gcc-arm-none-eabi-10-2020-q4-major/bin/../lib/gcc/arm-none-eabi/10.2.1/../../../../arm-none-eabi/lib/thumb/v6-m/nofp/libc_nano.a(lib_a-stdio.o)
                0x000000000800157c                __swrite
 .text.__sseek  0x00000000080015b4       0x2c /usr/share/gcc-arm-none-eabi-10-2020-q4-major/bin/../lib/gcc/arm-none-eabi/10.2.1/../../../../arm-none-eabi/lib/thumb/v6-m/nofp/libc_nano.a(lib_a-stdio.o)
                0x00000000080015b4                __sseek
 .text.__sclose
                0x00000000080015e0        0xc /usr/share/gcc-arm-none-eabi-10-2020-q4-major/bin/../lib/gcc/arm-none-eabi/10.2.1/../../../../arm-none-eabi/lib/thumb/v6-m/nofp/libc_nano.a(lib_a-stdio.o)
                0x00000000080015e0                __sclose
 .text.__swbuf_r
                0x00000000080015ec       0xac /usr/share/gcc-arm-none-eabi-10-2020-q4-major/bin/../lib/gcc/arm-none-eabi/10.2.1/../../../../arm-none-eabi/lib/thumb/v6-m/nofp/libc_nano.a(lib_a-wbuf.o)
                0x00000000080015ec                __swbuf_r
 .text._write_r
                0x0000000008001698       0x28 /usr/share/gcc-arm-none-eabi-10-2020-q4-major/bin/../lib/gcc/arm-none-eabi/10.2.1/../../../../arm-none-eabi/lib/thumb/v6-m/nofp/libc_nano.a(lib_a-writer.o)
                0x0000000008001698                _write_r
 .text.__swsetup_r
                0x00000000080016c0       0xf0 /usr/share/gcc-arm-none-eabi-10-2020-q4-major/bin/../lib/gcc/arm-none-eabi/10.2.1/../../../../arm-none-eabi/lib/thumb/v6-m/nofp/libc_nano.a(lib_a-wsetup.o)
                0x00000000080016c0                __swsetup_r
 .text._close_r
                0x00000000080017b0       0x24 /usr/share/gcc-arm-none-eabi-10-2020-q4-major/bin/../lib/gcc/arm-none-eabi/10.2.1/../../../../arm-none-eabi/lib/thumb/v6-m/nofp/libc_nano.a(lib_a-closer.o)
                0x00000000080017b0                _close_r
 .text.__sflush_r
                0x00000000080017d4      0x118 /usr/share/gcc-arm-none-eabi-10-2020-q4-major/bin/../lib/gcc/arm-none-eabi/10.2.1/../../../../arm-none-eabi/lib/thumb/v6-m/nofp/libc_nano.a(lib_a-fflush.o)
                0x00000000080017d4                __sflush_r
 .text._fflush_r
                0x00000000080018ec       0x80 /usr/share/gcc-arm-none-eabi-10-2020-q4-major/bin/../lib/gcc/arm-none-eabi/10.2.1/../../../../arm-none-eabi/lib/thumb/v6-m/nofp/libc_nano.a(lib_a-fflush.o)
                0x00000000080018ec                _fflush_r
 .text._lseek_r
                0x000000000800196c       0x28 /usr/share/gcc-arm-none-eabi-10-2020-q4-major/bin/../lib/gcc/arm-none-eabi/10.2.1/../../../../arm-none-eabi/lib/thumb/v6-m/nofp/libc_nano.a(lib_a-lseekr.o)
                0x000000000800196c                _lseek_r
 .text.__swhatbuf_r
                0x0000000008001994       0x50 /usr/share/gcc-arm-none-eabi-10-2020-q4-major/bin/../lib/gcc/arm-none-eabi/10.2.1/../../../../arm-none-eabi/lib/thumb/v6-m/nofp/libc_nano.a(lib_a-makebuf.o)
                0x0000000008001994                __swhatbuf_r
 .text.__smakebuf_r
                0x00000000080019e4       0x88 /usr/share/gcc-arm-none-eabi-10-2020-q4-major/bin/../lib/gcc/arm-none-eabi/10.2.1/../../../../arm-none-eabi/lib/thumb/v6-m/nofp/libc_nano.a(lib_a-makebuf.o)
                0x00000000080019e4                __smakebuf_r
 .text.memchr   0x0000000008001a6c       0x16 /usr/share/gcc-arm-none-eabi-10-2020-q4-major/bin/../lib/gcc/arm-none-eabi/10.2.1/../../../../arm-none-eabi/lib/thumb/v6-m/nofp/libc_nano.a(lib_a-memchr-stub.o)
                0x0000000008001a6c                memchr
 *fill*         0x0000000008001a82        0x2 
 .text.__malloc_lock
                0x0000000008001a84       0x10 /usr/share/gcc-arm-none-eabi-10-2020-q4-major/bin/../lib/gcc/arm-none-eabi/10.2.1/../../../../arm-none-eabi/lib/thumb/v6-m/nofp/libc_nano.a(lib_a-mlock.o)
                0x0000000008001a84                __malloc_lock
 .text.__malloc_unlock
                0x0000000008001a94       0x10 /usr/share/gcc-arm-none-eabi-10-2020-q4-major/bin/../lib/gcc/arm-none-eabi/10.2.1/../../../../arm-none-eabi/lib/thumb/v6-m/nofp/libc_nano.a(lib_a-mlock.o)
                0x0000000008001a94                __malloc_unlock
 .text._free_r  0x0000000008001aa4       0x94 /usr/share/gcc-arm-none-eabi-10-2020-q4-major/bin/../lib/gcc/arm-none-eabi/10.2.1/../../../../arm-none-eabi/lib/thumb/v6-m/nofp/libc_nano.a(lib_a-nano-freer.o)
                0x0000000008001aa4                _free_r
 .text._read_r  0x0000000008001b38       0x28 /usr/share/gcc-arm-none-eabi-10-2020-q4-major/bin/../lib/gcc/arm-none-eabi/10.2.1/../../../../arm-none-eabi/lib/thumb/v6-m/nofp/libc_nano.a(lib_a-readr.o)
                0x0000000008001b38                _read_r
 .text._fstat_r
                0x0000000008001b60       0x24 /usr/share/gcc-arm-none-eabi-10-2020-q4-major/bin/../lib/gcc/arm-none-eabi/10.2.1/../../../../arm-none-eabi/lib/thumb/v6-m/nofp/libc_nano.a(lib_a-fstatr.o)
                0x0000000008001b60                _fstat_r
 .text._isatty_r
                0x0000000008001b84       0x24 /usr/share/gcc-arm-none-eabi-10-2020-q4-major/bin/../lib/gcc/arm-none-eabi/10.2.1/../../../../arm-none-eabi/lib/thumb/v6-m/nofp/libc_nano.a(lib_a-isattyr.o)
                0x0000000008001b84                _isatty_r
 .text          0x0000000008001ba8       0x14 /usr/share/gcc-arm-none-eabi-10-2020-q4-major/bin/../lib/gcc/arm-none-eabi/10.2.1/thumb/v6-m/nofp/libgcc.a(_thumb1_case_uqi.o)
                0x0000000008001ba8                __gnu_thumb1_case_uqi
 .text          0x0000000008001bbc       0x14 /usr/share/gcc-arm-none-eabi-10-2020-q4-major/bin/../lib/gcc/arm-none-eabi/10.2.1/thumb/v6-m/nofp/libgcc.a(_thumb1_case_shi.o)
                0x0000000008001bbc                __gnu_thumb1_case_shi
 .text          0x0000000008001bd0      0x114 /usr/share/gcc-arm-none-eabi-10-2020-q4-major/bin/../lib/gcc/arm-none-eabi/10.2.1/thumb/v6-m/nofp/libgcc.a(_udivsi3.o)
                0x0000000008001bd0                __udivsi3
                0x0000000008001bd0                __aeabi_uidiv
                0x0000000008001cdc                __aeabi_uidivmod
 .text          0x0000000008001ce4        0x4 /usr/share/gcc-arm-none-eabi-10-2020-q4-major/bin/../lib/gcc/arm-none-eabi/10.2.1/thumb/v6-m/nofp/libgcc.a(_dvmd_tls.o)
                0x0000000008001ce4                __aeabi_ldiv0
                0x0000000008001ce4                __aeabi_idiv0
 .text._close   0x0000000008001ce8       0x10 /usr/share/gcc-arm-none-eabi-10-2020-q4-major/bin/../lib/gcc/arm-none-eabi/10.2.1/../../../../arm-none-eabi/lib/thumb/v6-m/nofp/libnosys.a(close.o)
                0x0000000008001ce8                _close
 .text._fstat   0x0000000008001cf8       0x10 /usr/share/gcc-arm-none-eabi-10-2020-q4-major/bin/../lib/gcc/arm-none-eabi/10.2.1/../../../../arm-none-eabi/lib/thumb/v6-m/nofp/libnosys.a(fstat.o)
                0x0000000008001cf8                _fstat
 .text._isatty  0x0000000008001d08       0x10 /usr/share/gcc-arm-none-eabi-10-2020-q4-major/bin/../lib/gcc/arm-none-eabi/10.2.1/../../../../arm-none-eabi/lib/thumb/v6-m/nofp/libnosys.a(isatty.o)
                0x0000000008001d08                _isatty
 .text._lseek   0x0000000008001d18       0x10 /usr/share/gcc-arm-none-eabi-10-2020-q4-major/bin/../lib/gcc/arm-none-eabi/10.2.1/../../../../arm-none-eabi/lib/thumb/v6-m/nofp/libnosys.a(lseek.o)
                0x0000000008001d18                _lseek
 .text._read    0x0000000008001d28       0x10 /usr/share/gcc-arm-none-eabi-10-2020-q4-major/bin/../lib/gcc/arm-none-eabi/10.2.1/../../../../arm-none-eabi/lib/thumb/v6-m/nofp/libnosys.a(read.o)
                0x0000000008001d28                _read
 .text._sbrk    0x0000000008001d38       0x1c /usr/share/gcc-arm-none-eabi-10-2020-q4-major/bin/../lib/gcc/arm-none-eabi/10.2.1/../../../../arm-none-eabi/lib/thumb/v6-m/nofp/libnosys.a(sbrk.o)
                0x0000000008001d38                _sbrk
 .text._write   0x0000000008001d54       0x10 /usr/share/gcc-arm-none-eabi-10-2020-q4-major/bin/../lib/gcc/arm-none-eabi/10.2.1/../../../../arm-none-eabi/lib/thumb/v6-m/nofp/libnosys.a(write.o)
                0x0000000008001d54                _write
                0x0000000008001d64                . = ALIGN (0x4)
 *(.rodata*)
 .rodata.i2c_link_init.str1.4
                0x0000000008001d64        0x9 ./i2c_opencm3.o
 *fill*         0x0000000008001d6d        0x3 
 .rodata        0x0000000008001d70        0xc ./i2c_opencm3.o
 .rodata.main.str1.4
                0x0000000008001d7c        0xe ./main.o
 *fill*         0x0000000008001d8a        0x2 
 .rodata.rcc_hsi_configs
                0x0000000008001d8c       0x38 ./main.o
                0x0000000008001d8c                rcc_hsi_configs
 .rodata.spi_link_init.str1.4
                0x0000000008001dc4       0x10 ./spi_opencm3.o
 .rodata        0x0000000008001dd4        0xc ./spi_opencm3.o
 .rodata.__sf_fake_stderr
                0x0000000008001de0       0x20 /usr/share/gcc-arm-none-eabi-10-2020-q4-major/bin/../lib/gcc/arm-none-eabi/10.2.1/../../../../arm-none-eabi/lib/thumb/v6-m/nofp/libc_nano.a(lib_a-findfp.o)
                0x0000000008001de0                __sf_fake_stderr
 .rodata.__sf_fake_stdin
                0x0000000008001e00       0x20 /usr/share/gcc-arm-none-eabi-10-2020-q4-major/bin/../lib/gcc/arm-none-eabi/10.2.1/../../../../arm-none-eabi/lib/thumb/v6-m/nofp/libc_nano.a(lib_a-findfp.o)
                0x0000000008001e00                __sf_fake_stdin
 .rodata.__sf_fake_stdout
                0x0000000008001e20       0x20 /usr/share/gcc-arm-none-eabi-10-2020-q4-major/bin/../lib/gcc/arm-none-eabi/10.2.1/../../../../arm-none-eabi/lib/thumb/v6-m/nofp/libc_nano.a(lib_a-findfp.o)
                0x0000000008001e20                __sf_fake_stdout
 .rodata._global_impure_ptr
                0x0000000008001e40        0x4 /usr/share/gcc-arm-none-eabi-10-2020-q4-major/bin/../lib/gcc/arm-none-eabi/10.2.1/../../../../arm-none-eabi/lib/thumb/v6-m/nofp/libc_nano.a(lib_a-impure.o)
                0x0000000008001e40                _global_impure_ptr
 .rodata._vfprintf_r.str1.1
                0x0000000008001e44       0x11 /usr/share/gcc-arm-none-eabi-10-2020-q4-major/bin/../lib/gcc/arm-none-eabi/10.2.1/../../../../arm-none-eabi/lib/thumb/v6-m/nofp/libc_nano.a(lib_a-nano-vfprintf.o)
 .rodata._printf_i.str1.1
                0x0000000008001e55       0x22 /usr/share/gcc-arm-none-eabi-10-2020-q4-major/bin/../lib/gcc/arm-none-eabi/10.2.1/../../../../arm-none-eabi/lib/thumb/v6-m/nofp/libc_nano.a(lib_a-nano-vfprintf_i.o)
                0x0000000008001e78                . = ALIGN (0x4)
 *fill*         0x0000000008001e77        0x1 

.glue_7         0x0000000008001e78        0x0
 .glue_7        0x0000000008001e78        0x0 linker stubs

.glue_7t        0x0000000008001e78        0x0
 .glue_7t       0x0000000008001e78        0x0 linker stubs

.vfp11_veneer   0x0000000008001e78        0x0
 .vfp11_veneer  0x0000000008001e78        0x0 linker stubs

.v4_bx          0x0000000008001e78        0x0
 .v4_bx         0x0000000008001e78        0x0 linker stubs

.iplt           0x0000000008001e78        0x0
 .iplt          0x0000000008001e78        0x0 ./i2c_opencm3.o

.rel.dyn        0x0000000008001e78        0x0
 .rel.iplt      0x0000000008001e78        0x0 ./i2c_opencm3.o

.preinit_array  0x0000000008001e78        0x0
                0x0000000008001e78                . = ALIGN (0x4)
                0x0000000008001e78                __preinit_array_start = .
 *(.preinit_array)
                0x0000000008001e78                __preinit_array_end = .

.init_array     0x0000000008001e78        0x0
                0x0000000008001e78                . = ALIGN (0x4)
                0x0000000008001e78                __init_array_start = .
 *(SORT_BY_NAME(.init_array.*))
 *(.init_array)
                0x0000000008001e78                __init_array_end = .

.fini_array     0x0000000008001e78        0x0
                0x0000000008001e78                . = ALIGN (0x4)
                0x0000000008001e78                __fini_array_start = .
 *(.fini_array)
 *(SORT_BY_NAME(.fini_array.*))
                0x0000000008001e78                __fini_array_end = .

.ARM.extab
 *(.ARM.extab*)

.ARM.exidx      0x0000000008001e78        0x0
                0x0000000008001e78                __exidx_start = .
 *(.ARM.exidx*)
                0x0000000008001e78                __exidx_end = .
                0x0000000008001e78                . = ALIGN (0x4)
                0x0000000008001e78                _etext = .

.noinit
 *(.noinit*)
                0x0000000008001e78                . = ALIGN (0x4)

.data           0x0000000020000000       0x70 load address 0x0000000008001e78
                0x0000000020000000                _data = .
 *(.data*)
 .data.rcc_ahb_frequency
                0x0000000020000000        0x4 ../../lib/libopencm3//lib/libopencm3_stm32l0.a(rcc.o)
                0x0000000020000000                rcc_ahb_frequency
 .data.rcc_apb1_frequency
                0x0000000020000004        0x4 ../../lib/libopencm3//lib/libopencm3_stm32l0.a(rcc.o)
                0x0000000020000004                rcc_apb1_frequency
 .data.rcc_apb2_frequency
                0x0000000020000008        0x4 ../../lib/libopencm3//lib/libopencm3_stm32l0.a(rcc.o)
                0x0000000020000008                rcc_apb2_frequency
 .data._impure_ptr
                0x000000002000000c        0x4 /usr/share/gcc-arm-none-eabi-10-2020-q4-major/bin/../lib/gcc/arm-none-eabi/10.2.1/../../../../arm-none-eabi/lib/thumb/v6-m/nofp/libc_nano.a(lib_a-impure.o)
                0x000000002000000c                _impure_ptr
 .data.impure_data
                0x0000000020000010       0x60 /usr/share/gcc-arm-none-eabi-10-2020-q4-major/bin/../lib/gcc/arm-none-eabi/10.2.1/../../../../arm-none-eabi/lib/thumb/v6-m/nofp/libc_nano.a(lib_a-impure.o)
 *(.ramtext*)
                0x0000000020000070                . = ALIGN (0x4)
                0x0000000020000070                _edata = .
                0x0000000008001e78                _data_loadaddr = LOADADDR (.data)

.igot.plt       0x0000000020000070        0x0 load address 0x0000000008001ee8
 .igot.plt      0x0000000020000070        0x0 ./i2c_opencm3.o

.bss            0x0000000020000070       0x14 load address 0x0000000008001ee8
 *(.bss*)
 .bss.__lock___malloc_recursive_mutex
                0x0000000020000070        0x1 /usr/share/gcc-arm-none-eabi-10-2020-q4-major/bin/../lib/gcc/arm-none-eabi/10.2.1/../../../../arm-none-eabi/lib/thumb/v6-m/nofp/libc_nano.a(lib_a-lock.o)
                0x0000000020000070                __lock___malloc_recursive_mutex
 .bss.__lock___sfp_recursive_mutex
                0x0000000020000071        0x1 /usr/share/gcc-arm-none-eabi-10-2020-q4-major/bin/../lib/gcc/arm-none-eabi/10.2.1/../../../../arm-none-eabi/lib/thumb/v6-m/nofp/libc_nano.a(lib_a-lock.o)
                0x0000000020000071                __lock___sfp_recursive_mutex
 .bss.__lock___sinit_recursive_mutex
                0x0000000020000072        0x1 /usr/share/gcc-arm-none-eabi-10-2020-q4-major/bin/../lib/gcc/arm-none-eabi/10.2.1/../../../../arm-none-eabi/lib/thumb/v6-m/nofp/libc_nano.a(lib_a-lock.o)
                0x0000000020000072                __lock___sinit_recursive_mutex
 *fill*         0x0000000020000073        0x1 
 .bss.__malloc_free_list
                0x0000000020000074        0x4 /usr/share/gcc-arm-none-eabi-10-2020-q4-major/bin/../lib/gcc/arm-none-eabi/10.2.1/../../../../arm-none-eabi/lib/thumb/v6-m/nofp/libc_nano.a(lib_a-nano-mallocr.o)
                0x0000000020000074                __malloc_free_list
 .bss.__malloc_sbrk_start
                0x0000000020000078        0x4 /usr/share/gcc-arm-none-eabi-10-2020-q4-major/bin/../lib/gcc/arm-none-eabi/10.2.1/../../../../arm-none-eabi/lib/thumb/v6-m/nofp/libc_nano.a(lib_a-nano-mallocr.o)
                0x0000000020000078                __malloc_sbrk_start
 .bss.errno     0x000000002000007c        0x4 /usr/share/gcc-arm-none-eabi-10-2020-q4-major/bin/../lib/gcc/arm-none-eabi/10.2.1/../../../../arm-none-eabi/lib/thumb/v6-m/nofp/libc_nano.a(lib_a-reent.o)
                0x000000002000007c                errno
 .bss.heap_end.0
                0x0000000020000080        0x4 /usr/share/gcc-arm-none-eabi-10-2020-q4-major/bin/../lib/gcc/arm-none-eabi/10.2.1/../../../../arm-none-eabi/lib/thumb/v6-m/nofp/libnosys.a(sbrk.o)
 *(COMMON)
                0x0000000020000084                . = ALIGN (0x4)
                0x0000000020000084                _ebss = .

/DISCARD/
 *(.eh_frame)
                0x0000000020000084                . = ALIGN (0x4)
                0x0000000020000084                end = .
                0x0000000020002000                PROVIDE (_stack = (ORIGIN (ram) + LENGTH (ram)))
OUTPUT(main.elf elf32-littlearm)
LOAD linker stubs

.debug_info     0x0000000000000000     0x4c69
 .debug_info    0x0000000000000000      0x78d ./i2c_opencm3.o
 .debug_info    0x000000000000078d      0x73e ./main.o
 .debug_info    0x0000000000000ecb      0x72c ./spi_opencm3.o
 .debug_info    0x00000000000015f7      0x266 ../../lib/libopencm3//lib/libopencm3_stm32l0.a(gpio_common_all.o)
 .debug_info    0x000000000000185d      0x257 ../../lib/libopencm3//lib/libopencm3_stm32l0.a(gpio_common_f0234.o)
 .debug_info    0x0000000000001ab4      0xd61 ../../lib/libopencm3//lib/libopencm3_stm32l0.a(i2c_common_v2.o)
 .debug_info    0x0000000000002815      0xc50 ../../lib/libopencm3//lib/libopencm3_stm32l0.a(rcc.o)
 .debug_info    0x0000000000003465      0x682 ../../lib/libopencm3//lib/libopencm3_stm32l0.a(rcc_common_all.o)
 .debug_info    0x0000000000003ae7      0x998 ../../lib/libopencm3//lib/libopencm3_stm32l0.a(spi_common_all.o)
 .debug_info    0x000000000000447f      0x164 ../../lib/libopencm3//lib/libopencm3_stm32l0.a(spi_common_v1.o)
 .debug_info    0x00000000000045e3       0xce ../../lib/libopencm3//lib/libopencm3_stm32l0.a(spi_common_v1_frf.o)
 .debug_info    0x00000000000046b1      0x2dc ../../lib/libopencm3//lib/libopencm3_stm32l0.a(vector.o)
 .debug_info    0x000000000000498d      0x104 ../../lib/libopencm3//lib/libopencm3_stm32l0.a(assert.o)
 .debug_info    0x0000000000004a91       0xf6 ../../lib/libopencm3//lib/libopencm3_stm32l0.a(flash_common_all.o)
 .debug_info    0x0000000000004b87       0xe2 ../../lib/libopencm3//lib/libopencm3_stm32l0.a(pwr_common_v2.o)

.debug_abbrev   0x0000000000000000     0x13ec
 .debug_abbrev  0x0000000000000000      0x1ae ./i2c_opencm3.o
 .debug_abbrev  0x00000000000001ae      0x1c7 ./main.o
 .debug_abbrev  0x0000000000000375      0x19a ./spi_opencm3.o
 .debug_abbrev  0x000000000000050f      0x116 ../../lib/libopencm3//lib/libopencm3_stm32l0.a(gpio_common_all.o)
 .debug_abbrev  0x0000000000000625       0xbf ../../lib/libopencm3//lib/libopencm3_stm32l0.a(gpio_common_f0234.o)
 .debug_abbrev  0x00000000000006e4      0x25b ../../lib/libopencm3//lib/libopencm3_stm32l0.a(i2c_common_v2.o)
 .debug_abbrev  0x000000000000093f      0x30d ../../lib/libopencm3//lib/libopencm3_stm32l0.a(rcc.o)
 .debug_abbrev  0x0000000000000c4c      0x16b ../../lib/libopencm3//lib/libopencm3_stm32l0.a(rcc_common_all.o)
 .debug_abbrev  0x0000000000000db7      0x1d3 ../../lib/libopencm3//lib/libopencm3_stm32l0.a(spi_common_all.o)
 .debug_abbrev  0x0000000000000f8a       0xd2 ../../lib/libopencm3//lib/libopencm3_stm32l0.a(spi_common_v1.o)
 .debug_abbrev  0x000000000000105c       0x83 ../../lib/libopencm3//lib/libopencm3_stm32l0.a(spi_common_v1_frf.o)
 .debug_abbrev  0x00000000000010df      0x145 ../../lib/libopencm3//lib/libopencm3_stm32l0.a(vector.o)
 .debug_abbrev  0x0000000000001224       0x98 ../../lib/libopencm3//lib/libopencm3_stm32l0.a(assert.o)
 .debug_abbrev  0x00000000000012bc       0x97 ../../lib/libopencm3//lib/libopencm3_stm32l0.a(flash_common_all.o)
 .debug_abbrev  0x0000000000001353       0x99 ../../lib/libopencm3//lib/libopencm3_stm32l0.a(pwr_common_v2.o)

.debug_loc      0x0000000000000000     0x1a7f
 .debug_loc     0x0000000000000000      0x224 ./i2c_opencm3.o
 .debug_loc     0x0000000000000224      0x1b9 ./spi_opencm3.o
 .debug_loc     0x00000000000003dd       0xbe ../../lib/libopencm3//lib/libopencm3_stm32l0.a(gpio_common_all.o)
 .debug_loc     0x000000000000049b      0x257 ../../lib/libopencm3//lib/libopencm3_stm32l0.a(gpio_common_f0234.o)
 .debug_loc     0x00000000000006f2      0x633 ../../lib/libopencm3//lib/libopencm3_stm32l0.a(i2c_common_v2.o)
 .debug_loc     0x0000000000000d25      0x827 ../../lib/libopencm3//lib/libopencm3_stm32l0.a(rcc.o)
 .debug_loc     0x000000000000154c       0xb9 ../../lib/libopencm3//lib/libopencm3_stm32l0.a(rcc_common_all.o)
 .debug_loc     0x0000000000001605      0x188 ../../lib/libopencm3//lib/libopencm3_stm32l0.a(spi_common_all.o)
 .debug_loc     0x000000000000178d      0x119 ../../lib/libopencm3//lib/libopencm3_stm32l0.a(spi_common_v1.o)
 .debug_loc     0x00000000000018a6      0x11b ../../lib/libopencm3//lib/libopencm3_stm32l0.a(vector.o)
 .debug_loc     0x00000000000019c1       0x94 ../../lib/libopencm3//lib/libopencm3_stm32l0.a(assert.o)
 .debug_loc     0x0000000000001a55       0x15 ../../lib/libopencm3//lib/libopencm3_stm32l0.a(flash_common_all.o)
 .debug_loc     0x0000000000001a6a       0x15 ../../lib/libopencm3//lib/libopencm3_stm32l0.a(pwr_common_v2.o)

.debug_aranges  0x0000000000000000      0x658
 .debug_aranges
                0x0000000000000000       0x30 ./i2c_opencm3.o
 .debug_aranges
                0x0000000000000030       0x28 ./main.o
 .debug_aranges
                0x0000000000000058       0x38 ./spi_opencm3.o
 .debug_aranges
                0x0000000000000090       0x50 ../../lib/libopencm3//lib/libopencm3_stm32l0.a(gpio_common_all.o)
 .debug_aranges
                0x00000000000000e0       0x30 ../../lib/libopencm3//lib/libopencm3_stm32l0.a(gpio_common_f0234.o)
 .debug_aranges
                0x0000000000000110      0x170 ../../lib/libopencm3//lib/libopencm3_stm32l0.a(i2c_common_v2.o)
 .debug_aranges
                0x0000000000000280       0xf8 ../../lib/libopencm3//lib/libopencm3_stm32l0.a(rcc.o)
 .debug_aranges
                0x0000000000000378       0x60 ../../lib/libopencm3//lib/libopencm3_stm32l0.a(rcc_common_all.o)
 .debug_aranges
                0x00000000000003d8      0x178 ../../lib/libopencm3//lib/libopencm3_stm32l0.a(spi_common_all.o)
 .debug_aranges
                0x0000000000000550       0x30 ../../lib/libopencm3//lib/libopencm3_stm32l0.a(spi_common_v1.o)
 .debug_aranges
                0x0000000000000580       0x28 ../../lib/libopencm3//lib/libopencm3_stm32l0.a(spi_common_v1_frf.o)
 .debug_aranges
                0x00000000000005a8       0x30 ../../lib/libopencm3//lib/libopencm3_stm32l0.a(vector.o)
 .debug_aranges
                0x00000000000005d8       0x28 ../../lib/libopencm3//lib/libopencm3_stm32l0.a(assert.o)
 .debug_aranges
                0x0000000000000600       0x38 ../../lib/libopencm3//lib/libopencm3_stm32l0.a(flash_common_all.o)
 .debug_aranges
                0x0000000000000638       0x20 ../../lib/libopencm3//lib/libopencm3_stm32l0.a(pwr_common_v2.o)

.debug_ranges   0x0000000000000000      0x628
 .debug_ranges  0x0000000000000000       0x20 ./i2c_opencm3.o
 .debug_ranges  0x0000000000000020       0x18 ./main.o
 .debug_ranges  0x0000000000000038       0x88 ./spi_opencm3.o
 .debug_ranges  0x00000000000000c0       0x40 ../../lib/libopencm3//lib/libopencm3_stm32l0.a(gpio_common_all.o)
 .debug_ranges  0x0000000000000100       0x20 ../../lib/libopencm3//lib/libopencm3_stm32l0.a(gpio_common_f0234.o)
 .debug_ranges  0x0000000000000120      0x160 ../../lib/libopencm3//lib/libopencm3_stm32l0.a(i2c_common_v2.o)
 .debug_ranges  0x0000000000000280      0x130 ../../lib/libopencm3//lib/libopencm3_stm32l0.a(rcc.o)
 .debug_ranges  0x00000000000003b0       0x50 ../../lib/libopencm3//lib/libopencm3_stm32l0.a(rcc_common_all.o)
 .debug_ranges  0x0000000000000400      0x180 ../../lib/libopencm3//lib/libopencm3_stm32l0.a(spi_common_all.o)
 .debug_ranges  0x0000000000000580       0x20 ../../lib/libopencm3//lib/libopencm3_stm32l0.a(spi_common_v1.o)
 .debug_ranges  0x00000000000005a0       0x18 ../../lib/libopencm3//lib/libopencm3_stm32l0.a(spi_common_v1_frf.o)
 .debug_ranges  0x00000000000005b8       0x20 ../../lib/libopencm3//lib/libopencm3_stm32l0.a(vector.o)
 .debug_ranges  0x00000000000005d8       0x18 ../../lib/libopencm3//lib/libopencm3_stm32l0.a(assert.o)
 .debug_ranges  0x00000000000005f0       0x28 ../../lib/libopencm3//lib/libopencm3_stm32l0.a(flash_common_all.o)
 .debug_ranges  0x0000000000000618       0x10 ../../lib/libopencm3//lib/libopencm3_stm32l0.a(pwr_common_v2.o)

.debug_macro    0x0000000000000000     0x55c9
 .debug_macro   0x0000000000000000      0x28f ./i2c_opencm3.o
 .debug_macro   0x000000000000028f      0xa54 ./i2c_opencm3.o
 .debug_macro   0x0000000000000ce3       0x22 ./i2c_opencm3.o
 .debug_macro   0x0000000000000d05       0x56 ./i2c_opencm3.o
 .debug_macro   0x0000000000000d5b       0x51 ./i2c_opencm3.o
 .debug_macro   0x0000000000000dac      0x103 ./i2c_opencm3.o
 .debug_macro   0x0000000000000eaf       0x6a ./i2c_opencm3.o
 .debug_macro   0x0000000000000f19      0x1df ./i2c_opencm3.o
 .debug_macro   0x00000000000010f8       0x18 ./i2c_opencm3.o
 .debug_macro   0x0000000000001110       0x52 ./i2c_opencm3.o
 .debug_macro   0x0000000000001162       0x3c ./i2c_opencm3.o
 .debug_macro   0x000000000000119e       0x34 ./i2c_opencm3.o
 .debug_macro   0x00000000000011d2       0x16 ./i2c_opencm3.o
 .debug_macro   0x00000000000011e8      0x10e ./i2c_opencm3.o
 .debug_macro   0x00000000000012f6       0x8d ./i2c_opencm3.o
 .debug_macro   0x0000000000001383       0x16 ./i2c_opencm3.o
 .debug_macro   0x0000000000001399       0x43 ./i2c_opencm3.o
 .debug_macro   0x00000000000013dc       0x34 ./i2c_opencm3.o
 .debug_macro   0x0000000000001410       0x10 ./i2c_opencm3.o
 .debug_macro   0x0000000000001420       0x58 ./i2c_opencm3.o
 .debug_macro   0x0000000000001478       0x71 ./i2c_opencm3.o
 .debug_macro   0x00000000000014e9       0x1c ./i2c_opencm3.o
 .debug_macro   0x0000000000001505      0x12a ./i2c_opencm3.o
 .debug_macro   0x000000000000162f      0x333 ./i2c_opencm3.o
 .debug_macro   0x0000000000001962       0x22 ./i2c_opencm3.o
 .debug_macro   0x0000000000001984       0x1c ./i2c_opencm3.o
 .debug_macro   0x00000000000019a0       0x22 ./i2c_opencm3.o
 .debug_macro   0x00000000000019c2       0xe8 ./i2c_opencm3.o
 .debug_macro   0x0000000000001aaa       0x52 ./i2c_opencm3.o
 .debug_macro   0x0000000000001afc      0x166 ./i2c_opencm3.o
 .debug_macro   0x0000000000001c62      0x39c ./i2c_opencm3.o
 .debug_macro   0x0000000000001ffe       0x8e ./i2c_opencm3.o
 .debug_macro   0x000000000000208c       0x58 ./i2c_opencm3.o
 .debug_macro   0x00000000000020e4      0x942 ./i2c_opencm3.o
 .debug_macro   0x0000000000002a26       0x76 ./i2c_opencm3.o
 .debug_macro   0x0000000000002a9c      0x37e ./i2c_opencm3.o
 .debug_macro   0x0000000000002e1a       0xca ./i2c_opencm3.o
 .debug_macro   0x0000000000002ee4       0x46 ./i2c_opencm3.o
 .debug_macro   0x0000000000002f2a       0x16 ./i2c_opencm3.o
 .debug_macro   0x0000000000002f40       0x35 ./i2c_opencm3.o
 .debug_macro   0x0000000000002f75       0x1c ./i2c_opencm3.o
 .debug_macro   0x0000000000002f91       0x10 ./i2c_opencm3.o
 .debug_macro   0x0000000000002fa1       0xbe ./i2c_opencm3.o
 .debug_macro   0x000000000000305f       0x16 ./i2c_opencm3.o
 .debug_macro   0x0000000000003075      0x114 ./i2c_opencm3.o
 .debug_macro   0x0000000000003189      0x27e ./main.o
 .debug_macro   0x0000000000003407      0x100 ./main.o
 .debug_macro   0x0000000000003507      0x27a ./spi_opencm3.o
 .debug_macro   0x0000000000003781      0x2eb ./spi_opencm3.o
 .debug_macro   0x0000000000003a6c       0x16 ./spi_opencm3.o
 .debug_macro   0x0000000000003a82       0x22 ./spi_opencm3.o
 .debug_macro   0x0000000000003aa4       0xd6 ../../lib/libopencm3//lib/libopencm3_stm32l0.a(gpio_common_all.o)
 .debug_macro   0x0000000000003b7a      0xa42 ../../lib/libopencm3//lib/libopencm3_stm32l0.a(gpio_common_all.o)
 .debug_macro   0x00000000000045bc       0x56 ../../lib/libopencm3//lib/libopencm3_stm32l0.a(gpio_common_all.o)
 .debug_macro   0x0000000000004612       0xd6 ../../lib/libopencm3//lib/libopencm3_stm32l0.a(gpio_common_f0234.o)
 .debug_macro   0x00000000000046e8      0x106 ../../lib/libopencm3//lib/libopencm3_stm32l0.a(i2c_common_v2.o)
 .debug_macro   0x00000000000047ee      0x16d ../../lib/libopencm3//lib/libopencm3_stm32l0.a(i2c_common_v2.o)
 .debug_macro   0x000000000000495b      0x113 ../../lib/libopencm3//lib/libopencm3_stm32l0.a(rcc.o)
 .debug_macro   0x0000000000004a6e       0x16 ../../lib/libopencm3//lib/libopencm3_stm32l0.a(rcc.o)
 .debug_macro   0x0000000000004a84      0x166 ../../lib/libopencm3//lib/libopencm3_stm32l0.a(rcc.o)
 .debug_macro   0x0000000000004bea       0x46 ../../lib/libopencm3//lib/libopencm3_stm32l0.a(rcc.o)
 .debug_macro   0x0000000000004c30       0xfa ../../lib/libopencm3//lib/libopencm3_stm32l0.a(rcc_common_all.o)
 .debug_macro   0x0000000000004d2a      0x109 ../../lib/libopencm3//lib/libopencm3_stm32l0.a(spi_common_all.o)
 .debug_macro   0x0000000000004e33      0x109 ../../lib/libopencm3//lib/libopencm3_stm32l0.a(spi_common_v1.o)
 .debug_macro   0x0000000000004f3c       0xe3 ../../lib/libopencm3//lib/libopencm3_stm32l0.a(spi_common_v1_frf.o)
 .debug_macro   0x000000000000501f       0xcf ../../lib/libopencm3//lib/libopencm3_stm32l0.a(vector.o)
 .debug_macro   0x00000000000050ee      0x19f ../../lib/libopencm3//lib/libopencm3_stm32l0.a(vector.o)
 .debug_macro   0x000000000000528d       0x49 ../../lib/libopencm3//lib/libopencm3_stm32l0.a(vector.o)
 .debug_macro   0x00000000000052d6       0xca ../../lib/libopencm3//lib/libopencm3_stm32l0.a(vector.o)
 .debug_macro   0x00000000000053a0       0x89 ../../lib/libopencm3//lib/libopencm3_stm32l0.a(assert.o)
 .debug_macro   0x0000000000005429       0xbc ../../lib/libopencm3//lib/libopencm3_stm32l0.a(flash_common_all.o)
 .debug_macro   0x00000000000054e5       0xe4 ../../lib/libopencm3//lib/libopencm3_stm32l0.a(pwr_common_v2.o)

.debug_line     0x0000000000000000     0x5567
 .debug_line    0x0000000000000000      0x5c3 ./i2c_opencm3.o
 .debug_line    0x00000000000005c3      0x56e ./main.o
 .debug_line    0x0000000000000b31      0x6e4 ./spi_opencm3.o
 .debug_line    0x0000000000001215      0x420 ../../lib/libopencm3//lib/libopencm3_stm32l0.a(gpio_common_all.o)
 .debug_line    0x0000000000001635      0x516 ../../lib/libopencm3//lib/libopencm3_stm32l0.a(gpio_common_f0234.o)
 .debug_line    0x0000000000001b4b      0xab2 ../../lib/libopencm3//lib/libopencm3_stm32l0.a(i2c_common_v2.o)
 .debug_line    0x00000000000025fd      0xb83 ../../lib/libopencm3//lib/libopencm3_stm32l0.a(rcc.o)
 .debug_line    0x0000000000003180      0x4a8 ../../lib/libopencm3//lib/libopencm3_stm32l0.a(rcc_common_all.o)
 .debug_line    0x0000000000003628      0xa8b ../../lib/libopencm3//lib/libopencm3_stm32l0.a(spi_common_all.o)
 .debug_line    0x00000000000040b3      0x3f3 ../../lib/libopencm3//lib/libopencm3_stm32l0.a(spi_common_v1.o)
 .debug_line    0x00000000000044a6      0x33a ../../lib/libopencm3//lib/libopencm3_stm32l0.a(spi_common_v1_frf.o)
 .debug_line    0x00000000000047e0      0x458 ../../lib/libopencm3//lib/libopencm3_stm32l0.a(vector.o)
 .debug_line    0x0000000000004c38      0x24c ../../lib/libopencm3//lib/libopencm3_stm32l0.a(assert.o)
 .debug_line    0x0000000000004e84      0x38e ../../lib/libopencm3//lib/libopencm3_stm32l0.a(flash_common_all.o)
 .debug_line    0x0000000000005212      0x355 ../../lib/libopencm3//lib/libopencm3_stm32l0.a(pwr_common_v2.o)

.debug_str      0x0000000000000000    0x11061
 .debug_str     0x0000000000000000     0xd305 ./i2c_opencm3.o
                                       0xd53e (size before relaxing)
 .debug_str     0x000000000000d305      0x1bc ./main.o
                                       0xc570 (size before relaxing)
 .debug_str     0x000000000000d4c1      0xf25 ./spi_opencm3.o
                                       0xd2ae (size before relaxing)
 .debug_str     0x000000000000e3e6      0x190 ../../lib/libopencm3//lib/libopencm3_stm32l0.a(gpio_common_all.o)
                                       0x5e1c (size before relaxing)
 .debug_str     0x000000000000e576       0x73 ../../lib/libopencm3//lib/libopencm3_stm32l0.a(gpio_common_f0234.o)
                                       0x5e3e (size before relaxing)
 .debug_str     0x000000000000e5e9      0x48b ../../lib/libopencm3//lib/libopencm3_stm32l0.a(i2c_common_v2.o)
                                       0x8bae (size before relaxing)
 .debug_str     0x000000000000ea74      0xd06 ../../lib/libopencm3//lib/libopencm3_stm32l0.a(rcc.o)
                                       0x84b3 (size before relaxing)
 .debug_str     0x000000000000f77a      0x170 ../../lib/libopencm3//lib/libopencm3_stm32l0.a(rcc_common_all.o)
                                       0x79c0 (size before relaxing)
 .debug_str     0x000000000000f8ea      0x3cf ../../lib/libopencm3//lib/libopencm3_stm32l0.a(spi_common_all.o)
                                       0x8749 (size before relaxing)
 .debug_str     0x000000000000fcb9       0x50 ../../lib/libopencm3//lib/libopencm3_stm32l0.a(spi_common_v1.o)
                                       0x81c4 (size before relaxing)
 .debug_str     0x000000000000fd09       0x2d ../../lib/libopencm3//lib/libopencm3_stm32l0.a(spi_common_v1_frf.o)
                                       0x5732 (size before relaxing)
 .debug_str     0x000000000000fd36     0x127b ../../lib/libopencm3//lib/libopencm3_stm32l0.a(vector.o)
                                       0x5202 (size before relaxing)
 .debug_str     0x0000000000010fb1       0x48 ../../lib/libopencm3//lib/libopencm3_stm32l0.a(assert.o)
                                       0x3f26 (size before relaxing)
 .debug_str     0x0000000000010ff9       0x4e ../../lib/libopencm3//lib/libopencm3_stm32l0.a(flash_common_all.o)
                                       0x524c (size before relaxing)
 .debug_str     0x0000000000011047       0x1a ../../lib/libopencm3//lib/libopencm3_stm32l0.a(pwr_common_v2.o)
                                       0x7391 (size before relaxing)

.comment        0x0000000000000000       0x4d
 .comment       0x0000000000000000       0x4d ./i2c_opencm3.o
                                         0x4e (size before relaxing)
 .comment       0x000000000000004d       0x4e ./main.o
 .comment       0x000000000000004d       0x4e ./spi_opencm3.o
 .comment       0x000000000000004d       0x4e ../../lib/libopencm3//lib/libopencm3_stm32l0.a(gpio_common_all.o)
 .comment       0x000000000000004d       0x4e ../../lib/libopencm3//lib/libopencm3_stm32l0.a(gpio_common_f0234.o)
 .comment       0x000000000000004d       0x4e ../../lib/libopencm3//lib/libopencm3_stm32l0.a(i2c_common_v2.o)
 .comment       0x000000000000004d       0x4e ../../lib/libopencm3//lib/libopencm3_stm32l0.a(rcc.o)
 .comment       0x000000000000004d       0x4e ../../lib/libopencm3//lib/libopencm3_stm32l0.a(rcc_common_all.o)
 .comment       0x000000000000004d       0x4e ../../lib/libopencm3//lib/libopencm3_stm32l0.a(spi_common_all.o)
 .comment       0x000000000000004d       0x4e ../../lib/libopencm3//lib/libopencm3_stm32l0.a(spi_common_v1.o)
 .comment       0x000000000000004d       0x4e ../../lib/libopencm3//lib/libopencm3_stm32l0.a(spi_common_v1_frf.o)
 .comment       0x000000000000004d       0x4e ../../lib/libopencm3//lib/libopencm3_stm32l0.a(vector.o)
 .comment       0x000000000000004d       0x4e ../../lib/libopencm3//lib/libopencm3_stm32l0.a(assert.o)
 .comment       0x000000000000004d       0x4e ../../lib/libopencm3//lib/libopencm3_stm32l0.a(flash_common_all.o)
 .comment       0x000000000000004d       0x4e ../../lib/libopencm3//lib/libopencm3_stm32l0.a(pwr_common_v2.o)

.ARM.attributes
                0x0000000000000000       0x2c
 .ARM.attributes
                0x0000000000000000       0x2c ./i2c_opencm3.o
 .ARM.attributes
                0x000000000000002c       0x2c ./main.o
 .ARM.attributes
                0x0000000000000058       0x2c ./spi_opencm3.o
 .ARM.attributes
                0x0000000000000084       0x2c ../../lib/libopencm3//lib/libopencm3_stm32l0.a(gpio_common_all.o)
 .ARM.attributes
                0x00000000000000b0       0x2c ../../lib/libopencm3//lib/libopencm3_stm32l0.a(gpio_common_f0234.o)
 .ARM.attributes
                0x00000000000000dc       0x2c ../../lib/libopencm3//lib/libopencm3_stm32l0.a(i2c_common_v2.o)
 .ARM.attributes
                0x0000000000000108       0x2c ../../lib/libopencm3//lib/libopencm3_stm32l0.a(rcc.o)
 .ARM.attributes
                0x0000000000000134       0x2c ../../lib/libopencm3//lib/libopencm3_stm32l0.a(rcc_common_all.o)
 .ARM.attributes
                0x0000000000000160       0x2c ../../lib/libopencm3//lib/libopencm3_stm32l0.a(spi_common_all.o)
 .ARM.attributes
                0x000000000000018c       0x2c ../../lib/libopencm3//lib/libopencm3_stm32l0.a(spi_common_v1.o)
 .ARM.attributes
                0x00000000000001b8       0x2c ../../lib/libopencm3//lib/libopencm3_stm32l0.a(spi_common_v1_frf.o)
 .ARM.attributes
                0x00000000000001e4       0x2c ../../lib/libopencm3//lib/libopencm3_stm32l0.a(vector.o)
 .ARM.attributes
                0x0000000000000210       0x2c ../../lib/libopencm3//lib/libopencm3_stm32l0.a(assert.o)
 .ARM.attributes
                0x000000000000023c       0x2c ../../lib/libopencm3//lib/libopencm3_stm32l0.a(flash_common_all.o)
 .ARM.attributes
                0x0000000000000268       0x2c ../../lib/libopencm3//lib/libopencm3_stm32l0.a(pwr_common_v2.o)
 .ARM.attributes
                0x0000000000000294       0x2c /usr/share/gcc-arm-none-eabi-10-2020-q4-major/bin/../lib/gcc/arm-none-eabi/10.2.1/../../../../arm-none-eabi/lib/thumb/v6-m/nofp/libc_nano.a(lib_a-memcpy-stub.o)
 .ARM.attributes
                0x00000000000002c0       0x2c /usr/share/gcc-arm-none-eabi-10-2020-q4-major/bin/../lib/gcc/arm-none-eabi/10.2.1/../../../../arm-none-eabi/lib/thumb/v6-m/nofp/libc_nano.a(lib_a-printf.o)
 .ARM.attributes
                0x00000000000002ec       0x2c /usr/share/gcc-arm-none-eabi-10-2020-q4-major/bin/../lib/gcc/arm-none-eabi/10.2.1/../../../../arm-none-eabi/lib/thumb/v6-m/nofp/libc_nano.a(lib_a-findfp.o)
 .ARM.attributes
                0x0000000000000318       0x2c /usr/share/gcc-arm-none-eabi-10-2020-q4-major/bin/../lib/gcc/arm-none-eabi/10.2.1/../../../../arm-none-eabi/lib/thumb/v6-m/nofp/libc_nano.a(lib_a-fwalk.o)
 .ARM.attributes
                0x0000000000000344       0x2c /usr/share/gcc-arm-none-eabi-10-2020-q4-major/bin/../lib/gcc/arm-none-eabi/10.2.1/../../../../arm-none-eabi/lib/thumb/v6-m/nofp/libc_nano.a(lib_a-impure.o)
 .ARM.attributes
                0x0000000000000370       0x2c /usr/share/gcc-arm-none-eabi-10-2020-q4-major/bin/../lib/gcc/arm-none-eabi/10.2.1/../../../../arm-none-eabi/lib/thumb/v6-m/nofp/libc_nano.a(lib_a-lock.o)
 .ARM.attributes
                0x000000000000039c       0x2c /usr/share/gcc-arm-none-eabi-10-2020-q4-major/bin/../lib/gcc/arm-none-eabi/10.2.1/../../../../arm-none-eabi/lib/thumb/v6-m/nofp/libc_nano.a(lib_a-memset.o)
 .ARM.attributes
                0x00000000000003c8       0x2c /usr/share/gcc-arm-none-eabi-10-2020-q4-major/bin/../lib/gcc/arm-none-eabi/10.2.1/../../../../arm-none-eabi/lib/thumb/v6-m/nofp/libc_nano.a(lib_a-nano-mallocr.o)
 .ARM.attributes
                0x00000000000003f4       0x2c /usr/share/gcc-arm-none-eabi-10-2020-q4-major/bin/../lib/gcc/arm-none-eabi/10.2.1/../../../../arm-none-eabi/lib/thumb/v6-m/nofp/libc_nano.a(lib_a-nano-vfprintf.o)
 .ARM.attributes
                0x0000000000000420       0x2c /usr/share/gcc-arm-none-eabi-10-2020-q4-major/bin/../lib/gcc/arm-none-eabi/10.2.1/../../../../arm-none-eabi/lib/thumb/v6-m/nofp/libc_nano.a(lib_a-nano-vfprintf_i.o)
 .ARM.attributes
                0x000000000000044c       0x2c /usr/share/gcc-arm-none-eabi-10-2020-q4-major/bin/../lib/gcc/arm-none-eabi/10.2.1/../../../../arm-none-eabi/lib/thumb/v6-m/nofp/libc_nano.a(lib_a-sbrkr.o)
 .ARM.attributes
                0x0000000000000478       0x2c /usr/share/gcc-arm-none-eabi-10-2020-q4-major/bin/../lib/gcc/arm-none-eabi/10.2.1/../../../../arm-none-eabi/lib/thumb/v6-m/nofp/libc_nano.a(lib_a-stdio.o)
 .ARM.attributes
                0x00000000000004a4       0x2c /usr/share/gcc-arm-none-eabi-10-2020-q4-major/bin/../lib/gcc/arm-none-eabi/10.2.1/../../../../arm-none-eabi/lib/thumb/v6-m/nofp/libc_nano.a(lib_a-wbuf.o)
 .ARM.attributes
                0x00000000000004d0       0x2c /usr/share/gcc-arm-none-eabi-10-2020-q4-major/bin/../lib/gcc/arm-none-eabi/10.2.1/../../../../arm-none-eabi/lib/thumb/v6-m/nofp/libc_nano.a(lib_a-writer.o)
 .ARM.attributes
                0x00000000000004fc       0x2c /usr/share/gcc-arm-none-eabi-10-2020-q4-major/bin/../lib/gcc/arm-none-eabi/10.2.1/../../../../arm-none-eabi/lib/thumb/v6-m/nofp/libc_nano.a(lib_a-wsetup.o)
 .ARM.attributes
                0x0000000000000528       0x2c /usr/share/gcc-arm-none-eabi-10-2020-q4-major/bin/../lib/gcc/arm-none-eabi/10.2.1/../../../../arm-none-eabi/lib/thumb/v6-m/nofp/libc_nano.a(lib_a-closer.o)
 .ARM.attributes
                0x0000000000000554       0x2c /usr/share/gcc-arm-none-eabi-10-2020-q4-major/bin/../lib/gcc/arm-none-eabi/10.2.1/../../../../arm-none-eabi/lib/thumb/v6-m/nofp/libc_nano.a(lib_a-fflush.o)
 .ARM.attributes
                0x0000000000000580       0x2c /usr/share/gcc-arm-none-eabi-10-2020-q4-major/bin/../lib/gcc/arm-none-eabi/10.2.1/../../../../arm-none-eabi/lib/thumb/v6-m/nofp/libc_nano.a(lib_a-lseekr.o)
 .ARM.attributes
                0x00000000000005ac       0x2c /usr/share/gcc-arm-none-eabi-10-2020-q4-major/bin/../lib/gcc/arm-none-eabi/10.2.1/../../../../arm-none-eabi/lib/thumb/v6-m/nofp/libc_nano.a(lib_a-makebuf.o)
 .ARM.attributes
                0x00000000000005d8       0x2c /usr/share/gcc-arm-none-eabi-10-2020-q4-major/bin/../lib/gcc/arm-none-eabi/10.2.1/../../../../arm-none-eabi/lib/thumb/v6-m/nofp/libc_nano.a(lib_a-memchr-stub.o)
 .ARM.attributes
                0x0000000000000604       0x2c /usr/share/gcc-arm-none-eabi-10-2020-q4-major/bin/../lib/gcc/arm-none-eabi/10.2.1/../../../../arm-none-eabi/lib/thumb/v6-m/nofp/libc_nano.a(lib_a-mlock.o)
 .ARM.attributes
                0x0000000000000630       0x2c /usr/share/gcc-arm-none-eabi-10-2020-q4-major/bin/../lib/gcc/arm-none-eabi/10.2.1/../../../../arm-none-eabi/lib/thumb/v6-m/nofp/libc_nano.a(lib_a-nano-freer.o)
 .ARM.attributes
                0x000000000000065c       0x2c /usr/share/gcc-arm-none-eabi-10-2020-q4-major/bin/../lib/gcc/arm-none-eabi/10.2.1/../../../../arm-none-eabi/lib/thumb/v6-m/nofp/libc_nano.a(lib_a-readr.o)
 .ARM.attributes
                0x0000000000000688       0x2c /usr/share/gcc-arm-none-eabi-10-2020-q4-major/bin/../lib/gcc/arm-none-eabi/10.2.1/../../../../arm-none-eabi/lib/thumb/v6-m/nofp/libc_nano.a(lib_a-reent.o)
 .ARM.attributes
                0x00000000000006b4       0x2c /usr/share/gcc-arm-none-eabi-10-2020-q4-major/bin/../lib/gcc/arm-none-eabi/10.2.1/../../../../arm-none-eabi/lib/thumb/v6-m/nofp/libc_nano.a(lib_a-fstatr.o)
 .ARM.attributes
                0x00000000000006e0       0x2c /usr/share/gcc-arm-none-eabi-10-2020-q4-major/bin/../lib/gcc/arm-none-eabi/10.2.1/../../../../arm-none-eabi/lib/thumb/v6-m/nofp/libc_nano.a(lib_a-isattyr.o)
 .ARM.attributes
                0x000000000000070c       0x1e /usr/share/gcc-arm-none-eabi-10-2020-q4-major/bin/../lib/gcc/arm-none-eabi/10.2.1/thumb/v6-m/nofp/libgcc.a(_thumb1_case_uqi.o)
 .ARM.attributes
                0x000000000000072a       0x1e /usr/share/gcc-arm-none-eabi-10-2020-q4-major/bin/../lib/gcc/arm-none-eabi/10.2.1/thumb/v6-m/nofp/libgcc.a(_thumb1_case_shi.o)
 .ARM.attributes
                0x0000000000000748       0x1e /usr/share/gcc-arm-none-eabi-10-2020-q4-major/bin/../lib/gcc/arm-none-eabi/10.2.1/thumb/v6-m/nofp/libgcc.a(_udivsi3.o)
 .ARM.attributes
                0x0000000000000766       0x1e /usr/share/gcc-arm-none-eabi-10-2020-q4-major/bin/../lib/gcc/arm-none-eabi/10.2.1/thumb/v6-m/nofp/libgcc.a(_dvmd_tls.o)
 .ARM.attributes
                0x0000000000000784       0x2c /usr/share/gcc-arm-none-eabi-10-2020-q4-major/bin/../lib/gcc/arm-none-eabi/10.2.1/../../../../arm-none-eabi/lib/thumb/v6-m/nofp/libnosys.a(close.o)
 .ARM.attributes
                0x00000000000007b0       0x2c /usr/share/gcc-arm-none-eabi-10-2020-q4-major/bin/../lib/gcc/arm-none-eabi/10.2.1/../../../../arm-none-eabi/lib/thumb/v6-m/nofp/libnosys.a(fstat.o)
 .ARM.attributes
                0x00000000000007dc       0x2c /usr/share/gcc-arm-none-eabi-10-2020-q4-major/bin/../lib/gcc/arm-none-eabi/10.2.1/../../../../arm-none-eabi/lib/thumb/v6-m/nofp/libnosys.a(isatty.o)
 .ARM.attributes
                0x0000000000000808       0x2c /usr/share/gcc-arm-none-eabi-10-2020-q4-major/bin/../lib/gcc/arm-none-eabi/10.2.1/../../../../arm-none-eabi/lib/thumb/v6-m/nofp/libnosys.a(lseek.o)
 .ARM.attributes
                0x0000000000000834       0x2c /usr/share/gcc-arm-none-eabi-10-2020-q4-major/bin/../lib/gcc/arm-none-eabi/10.2.1/../../../../arm-none-eabi/lib/thumb/v6-m/nofp/libnosys.a(read.o)
 .ARM.attributes
                0x0000000000000860       0x2c /usr/share/gcc-arm-none-eabi-10-2020-q4-major/bin/../lib/gcc/arm-none-eabi/10.2.1/../../../../arm-none-eabi/lib/thumb/v6-m/nofp/libnosys.a(sbrk.o)
 .ARM.attributes
                0x000000000000088c       0x2c /usr/share/gcc-arm-none-eabi-10-2020-q4-major/bin/../lib/gcc/arm-none-eabi/10.2.1/../../../../arm-none-eabi/lib/thumb/v6-m/nofp/libnosys.a(write.o)

.debug_frame    0x0000000000000000     0x159c
 .debug_frame   0x0000000000000000       0x70 ./i2c_opencm3.o
 .debug_frame   0x0000000000000070       0x48 ./main.o
 .debug_frame   0x00000000000000b8       0x78 ./spi_opencm3.o
 .debug_frame   0x0000000000000130       0x80 ../../lib/libopencm3//lib/libopencm3_stm32l0.a(gpio_common_all.o)
 .debug_frame   0x00000000000001b0       0x78 ../../lib/libopencm3//lib/libopencm3_stm32l0.a(gpio_common_f0234.o)
 .debug_frame   0x0000000000000228      0x2e4 ../../lib/libopencm3//lib/libopencm3_stm32l0.a(i2c_common_v2.o)
 .debug_frame   0x000000000000050c      0x25c ../../lib/libopencm3//lib/libopencm3_stm32l0.a(rcc.o)
 .debug_frame   0x0000000000000768       0xf0 ../../lib/libopencm3//lib/libopencm3_stm32l0.a(rcc_common_all.o)
 .debug_frame   0x0000000000000858      0x2e0 ../../lib/libopencm3//lib/libopencm3_stm32l0.a(spi_common_all.o)
 .debug_frame   0x0000000000000b38       0x4c ../../lib/libopencm3//lib/libopencm3_stm32l0.a(spi_common_v1.o)
 .debug_frame   0x0000000000000b84       0x30 ../../lib/libopencm3//lib/libopencm3_stm32l0.a(spi_common_v1_frf.o)
 .debug_frame   0x0000000000000bb4       0x48 ../../lib/libopencm3//lib/libopencm3_stm32l0.a(vector.o)
 .debug_frame   0x0000000000000bfc       0x38 ../../lib/libopencm3//lib/libopencm3_stm32l0.a(assert.o)
 .debug_frame   0x0000000000000c34       0x50 ../../lib/libopencm3//lib/libopencm3_stm32l0.a(flash_common_all.o)
 .debug_frame   0x0000000000000c84       0x20 ../../lib/libopencm3//lib/libopencm3_stm32l0.a(pwr_common_v2.o)
 .debug_frame   0x0000000000000ca4       0x28 /usr/share/gcc-arm-none-eabi-10-2020-q4-major/bin/../lib/gcc/arm-none-eabi/10.2.1/../../../../arm-none-eabi/lib/thumb/v6-m/nofp/libc_nano.a(lib_a-memcpy-stub.o)
 .debug_frame   0x0000000000000ccc       0x50 /usr/share/gcc-arm-none-eabi-10-2020-q4-major/bin/../lib/gcc/arm-none-eabi/10.2.1/../../../../arm-none-eabi/lib/thumb/v6-m/nofp/libc_nano.a(lib_a-printf.o)
 .debug_frame   0x0000000000000d1c      0x170 /usr/share/gcc-arm-none-eabi-10-2020-q4-major/bin/../lib/gcc/arm-none-eabi/10.2.1/../../../../arm-none-eabi/lib/thumb/v6-m/nofp/libc_nano.a(lib_a-findfp.o)
 .debug_frame   0x0000000000000e8c       0x58 /usr/share/gcc-arm-none-eabi-10-2020-q4-major/bin/../lib/gcc/arm-none-eabi/10.2.1/../../../../arm-none-eabi/lib/thumb/v6-m/nofp/libc_nano.a(lib_a-fwalk.o)
 .debug_frame   0x0000000000000ee4       0xb0 /usr/share/gcc-arm-none-eabi-10-2020-q4-major/bin/../lib/gcc/arm-none-eabi/10.2.1/../../../../arm-none-eabi/lib/thumb/v6-m/nofp/libc_nano.a(lib_a-lock.o)
 .debug_frame   0x0000000000000f94       0x20 /usr/share/gcc-arm-none-eabi-10-2020-q4-major/bin/../lib/gcc/arm-none-eabi/10.2.1/../../../../arm-none-eabi/lib/thumb/v6-m/nofp/libc_nano.a(lib_a-memset.o)
 .debug_frame   0x0000000000000fb4       0x30 /usr/share/gcc-arm-none-eabi-10-2020-q4-major/bin/../lib/gcc/arm-none-eabi/10.2.1/../../../../arm-none-eabi/lib/thumb/v6-m/nofp/libc_nano.a(lib_a-nano-mallocr.o)
 .debug_frame   0x0000000000000fe4       0x9c /usr/share/gcc-arm-none-eabi-10-2020-q4-major/bin/../lib/gcc/arm-none-eabi/10.2.1/../../../../arm-none-eabi/lib/thumb/v6-m/nofp/libc_nano.a(lib_a-nano-vfprintf.o)
 .debug_frame   0x0000000000001080       0x54 /usr/share/gcc-arm-none-eabi-10-2020-q4-major/bin/../lib/gcc/arm-none-eabi/10.2.1/../../../../arm-none-eabi/lib/thumb/v6-m/nofp/libc_nano.a(lib_a-nano-vfprintf_i.o)
 .debug_frame   0x00000000000010d4       0x2c /usr/share/gcc-arm-none-eabi-10-2020-q4-major/bin/../lib/gcc/arm-none-eabi/10.2.1/../../../../arm-none-eabi/lib/thumb/v6-m/nofp/libc_nano.a(lib_a-sbrkr.o)
 .debug_frame   0x0000000000001100       0x90 /usr/share/gcc-arm-none-eabi-10-2020-q4-major/bin/../lib/gcc/arm-none-eabi/10.2.1/../../../../arm-none-eabi/lib/thumb/v6-m/nofp/libc_nano.a(lib_a-stdio.o)
 .debug_frame   0x0000000000001190       0x48 /usr/share/gcc-arm-none-eabi-10-2020-q4-major/bin/../lib/gcc/arm-none-eabi/10.2.1/../../../../arm-none-eabi/lib/thumb/v6-m/nofp/libc_nano.a(lib_a-wbuf.o)
 .debug_frame   0x00000000000011d8       0x2c /usr/share/gcc-arm-none-eabi-10-2020-q4-major/bin/../lib/gcc/arm-none-eabi/10.2.1/../../../../arm-none-eabi/lib/thumb/v6-m/nofp/libc_nano.a(lib_a-writer.o)
 .debug_frame   0x0000000000001204       0x2c /usr/share/gcc-arm-none-eabi-10-2020-q4-major/bin/../lib/gcc/arm-none-eabi/10.2.1/../../../../arm-none-eabi/lib/thumb/v6-m/nofp/libc_nano.a(lib_a-wsetup.o)
 .debug_frame   0x0000000000001230       0x2c /usr/share/gcc-arm-none-eabi-10-2020-q4-major/bin/../lib/gcc/arm-none-eabi/10.2.1/../../../../arm-none-eabi/lib/thumb/v6-m/nofp/libc_nano.a(lib_a-closer.o)
 .debug_frame   0x000000000000125c       0x68 /usr/share/gcc-arm-none-eabi-10-2020-q4-major/bin/../lib/gcc/arm-none-eabi/10.2.1/../../../../arm-none-eabi/lib/thumb/v6-m/nofp/libc_nano.a(lib_a-fflush.o)
 .debug_frame   0x00000000000012c4       0x2c /usr/share/gcc-arm-none-eabi-10-2020-q4-major/bin/../lib/gcc/arm-none-eabi/10.2.1/../../../../arm-none-eabi/lib/thumb/v6-m/nofp/libc_nano.a(lib_a-lseekr.o)
 .debug_frame   0x00000000000012f0       0x54 /usr/share/gcc-arm-none-eabi-10-2020-q4-major/bin/../lib/gcc/arm-none-eabi/10.2.1/../../../../arm-none-eabi/lib/thumb/v6-m/nofp/libc_nano.a(lib_a-makebuf.o)
 .debug_frame   0x0000000000001344       0x20 /usr/share/gcc-arm-none-eabi-10-2020-q4-major/bin/../lib/gcc/arm-none-eabi/10.2.1/../../../../arm-none-eabi/lib/thumb/v6-m/nofp/libc_nano.a(lib_a-memchr-stub.o)
 .debug_frame   0x0000000000001364       0x40 /usr/share/gcc-arm-none-eabi-10-2020-q4-major/bin/../lib/gcc/arm-none-eabi/10.2.1/../../../../arm-none-eabi/lib/thumb/v6-m/nofp/libc_nano.a(lib_a-mlock.o)
 .debug_frame   0x00000000000013a4       0x2c /usr/share/gcc-arm-none-eabi-10-2020-q4-major/bin/../lib/gcc/arm-none-eabi/10.2.1/../../../../arm-none-eabi/lib/thumb/v6-m/nofp/libc_nano.a(lib_a-nano-freer.o)
 .debug_frame   0x00000000000013d0       0x2c /usr/share/gcc-arm-none-eabi-10-2020-q4-major/bin/../lib/gcc/arm-none-eabi/10.2.1/../../../../arm-none-eabi/lib/thumb/v6-m/nofp/libc_nano.a(lib_a-readr.o)
 .debug_frame   0x00000000000013fc       0x48 /usr/share/gcc-arm-none-eabi-10-2020-q4-major/bin/../lib/gcc/arm-none-eabi/10.2.1/../../../../arm-none-eabi/lib/thumb/v6-m/nofp/libc_nano.a(lib_a-reent.o)
 .debug_frame   0x0000000000001444       0x2c /usr/share/gcc-arm-none-eabi-10-2020-q4-major/bin/../lib/gcc/arm-none-eabi/10.2.1/../../../../arm-none-eabi/lib/thumb/v6-m/nofp/libc_nano.a(lib_a-fstatr.o)
 .debug_frame   0x0000000000001470       0x2c /usr/share/gcc-arm-none-eabi-10-2020-q4-major/bin/../lib/gcc/arm-none-eabi/10.2.1/../../../../arm-none-eabi/lib/thumb/v6-m/nofp/libc_nano.a(lib_a-isattyr.o)
 .debug_frame   0x000000000000149c       0x20 /usr/share/gcc-arm-none-eabi-10-2020-q4-major/bin/../lib/gcc/arm-none-eabi/10.2.1/thumb/v6-m/nofp/libgcc.a(_udivsi3.o)
 .debug_frame   0x00000000000014bc       0x20 /usr/share/gcc-arm-none-eabi-10-2020-q4-major/bin/../lib/gcc/arm-none-eabi/10.2.1/../../../../arm-none-eabi/lib/thumb/v6-m/nofp/libnosys.a(close.o)
 .debug_frame   0x00000000000014dc       0x20 /usr/share/gcc-arm-none-eabi-10-2020-q4-major/bin/../lib/gcc/arm-none-eabi/10.2.1/../../../../arm-none-eabi/lib/thumb/v6-m/nofp/libnosys.a(fstat.o)
 .debug_frame   0x00000000000014fc       0x20 /usr/share/gcc-arm-none-eabi-10-2020-q4-major/bin/../lib/gcc/arm-none-eabi/10.2.1/../../../../arm-none-eabi/lib/thumb/v6-m/nofp/libnosys.a(isatty.o)
 .debug_frame   0x000000000000151c       0x20 /usr/share/gcc-arm-none-eabi-10-2020-q4-major/bin/../lib/gcc/arm-none-eabi/10.2.1/../../../../arm-none-eabi/lib/thumb/v6-m/nofp/libnosys.a(lseek.o)
 .debug_frame   0x000000000000153c       0x20 /usr/share/gcc-arm-none-eabi-10-2020-q4-major/bin/../lib/gcc/arm-none-eabi/10.2.1/../../../../arm-none-eabi/lib/thumb/v6-m/nofp/libnosys.a(read.o)
 .debug_frame   0x000000000000155c       0x20 /usr/share/gcc-arm-none-eabi-10-2020-q4-major/bin/../lib/gcc/arm-none-eabi/10.2.1/../../../../arm-none-eabi/lib/thumb/v6-m/nofp/libnosys.a(sbrk.o)
 .debug_frame   0x000000000000157c       0x20 /usr/share/gcc-arm-none-eabi-10-2020-q4-major/bin/../lib/gcc/arm-none-eabi/10.2.1/../../../../arm-none-eabi/lib/thumb/v6-m/nofp/libnosys.a(write.o)

.stab           0x0000000000000000       0x9c
 .stab          0x0000000000000000       0x24 /usr/share/gcc-arm-none-eabi-10-2020-q4-major/bin/../lib/gcc/arm-none-eabi/10.2.1/../../../../arm-none-eabi/lib/thumb/v6-m/nofp/libnosys.a(close.o)
 .stab          0x0000000000000024       0x18 /usr/share/gcc-arm-none-eabi-10-2020-q4-major/bin/../lib/gcc/arm-none-eabi/10.2.1/../../../../arm-none-eabi/lib/thumb/v6-m/nofp/libnosys.a(fstat.o)
                                         0x24 (size before relaxing)
 .stab          0x000000000000003c       0x18 /usr/share/gcc-arm-none-eabi-10-2020-q4-major/bin/../lib/gcc/arm-none-eabi/10.2.1/../../../../arm-none-eabi/lib/thumb/v6-m/nofp/libnosys.a(isatty.o)
                                         0x24 (size before relaxing)
 .stab          0x0000000000000054       0x18 /usr/share/gcc-arm-none-eabi-10-2020-q4-major/bin/../lib/gcc/arm-none-eabi/10.2.1/../../../../arm-none-eabi/lib/thumb/v6-m/nofp/libnosys.a(lseek.o)
                                         0x24 (size before relaxing)
 .stab          0x000000000000006c       0x18 /usr/share/gcc-arm-none-eabi-10-2020-q4-major/bin/../lib/gcc/arm-none-eabi/10.2.1/../../../../arm-none-eabi/lib/thumb/v6-m/nofp/libnosys.a(read.o)
                                         0x24 (size before relaxing)
 .stab          0x0000000000000084       0x18 /usr/share/gcc-arm-none-eabi-10-2020-q4-major/bin/../lib/gcc/arm-none-eabi/10.2.1/../../../../arm-none-eabi/lib/thumb/v6-m/nofp/libnosys.a(write.o)
                                         0x24 (size before relaxing)

.stabstr        0x0000000000000000      0x14d
 .stabstr       0x0000000000000000      0x14d /usr/share/gcc-arm-none-eabi-10-2020-q4-major/bin/../lib/gcc/arm-none-eabi/10.2.1/../../../../arm-none-eabi/lib/thumb/v6-m/nofp/libnosys.a(close.o)

Cross Reference Table

Symbol                                            File
__aeabi_idiv                                      /usr/share/gcc-arm-none-eabi-10-2020-q4-major/bin/../lib/gcc/arm-none-eabi/10.2.1/thumb/v6-m/nofp/libgcc.a(_divsi3.o)
                                                  /usr/share/gcc-arm-none-eabi-10-2020-q4-major/bin/../lib/gcc/arm-none-eabi/10.2.1/../../../../arm-none-eabi/lib/thumb/v6-m/nofp/libc_nano.a(lib_a-fvwrite.o)
__aeabi_idiv0                                     /usr/share/gcc-arm-none-eabi-10-2020-q4-major/bin/../lib/gcc/arm-none-eabi/10.2.1/thumb/v6-m/nofp/libgcc.a(_dvmd_tls.o)
                                                  /usr/share/gcc-arm-none-eabi-10-2020-q4-major/bin/../lib/gcc/arm-none-eabi/10.2.1/thumb/v6-m/nofp/libgcc.a(_divsi3.o)
                                                  /usr/share/gcc-arm-none-eabi-10-2020-q4-major/bin/../lib/gcc/arm-none-eabi/10.2.1/thumb/v6-m/nofp/libgcc.a(_udivsi3.o)
__aeabi_idivmod                                   /usr/share/gcc-arm-none-eabi-10-2020-q4-major/bin/../lib/gcc/arm-none-eabi/10.2.1/thumb/v6-m/nofp/libgcc.a(_divsi3.o)
__aeabi_ldiv0                                     /usr/share/gcc-arm-none-eabi-10-2020-q4-major/bin/../lib/gcc/arm-none-eabi/10.2.1/thumb/v6-m/nofp/libgcc.a(_dvmd_tls.o)
__aeabi_uidiv                                     /usr/share/gcc-arm-none-eabi-10-2020-q4-major/bin/../lib/gcc/arm-none-eabi/10.2.1/thumb/v6-m/nofp/libgcc.a(_udivsi3.o)
                                                  ./i2c_opencm3.o
__aeabi_uidivmod                                  /usr/share/gcc-arm-none-eabi-10-2020-q4-major/bin/../lib/gcc/arm-none-eabi/10.2.1/thumb/v6-m/nofp/libgcc.a(_udivsi3.o)
                                                  /usr/share/gcc-arm-none-eabi-10-2020-q4-major/bin/../lib/gcc/arm-none-eabi/10.2.1/../../../../arm-none-eabi/lib/thumb/v6-m/nofp/libc_nano.a(lib_a-nano-vfprintf_i.o)
__divsi3                                          /usr/share/gcc-arm-none-eabi-10-2020-q4-major/bin/../lib/gcc/arm-none-eabi/10.2.1/thumb/v6-m/nofp/libgcc.a(_divsi3.o)
__fini_array_end                                  ../../lib/libopencm3//lib/libopencm3_stm32l0.a(vector.o)
__fini_array_start                                ../../lib/libopencm3//lib/libopencm3_stm32l0.a(vector.o)
__fp_lock_all                                     /usr/share/gcc-arm-none-eabi-10-2020-q4-major/bin/../lib/gcc/arm-none-eabi/10.2.1/../../../../arm-none-eabi/lib/thumb/v6-m/nofp/libc_nano.a(lib_a-findfp.o)
__fp_unlock_all                                   /usr/share/gcc-arm-none-eabi-10-2020-q4-major/bin/../lib/gcc/arm-none-eabi/10.2.1/../../../../arm-none-eabi/lib/thumb/v6-m/nofp/libc_nano.a(lib_a-findfp.o)
__gnu_thumb1_case_shi                             /usr/share/gcc-arm-none-eabi-10-2020-q4-major/bin/../lib/gcc/arm-none-eabi/10.2.1/thumb/v6-m/nofp/libgcc.a(_thumb1_case_shi.o)
                                                  /usr/share/gcc-arm-none-eabi-10-2020-q4-major/bin/../lib/gcc/arm-none-eabi/10.2.1/../../../../arm-none-eabi/lib/thumb/v6-m/nofp/libc_nano.a(lib_a-nano-vfprintf_i.o)
__gnu_thumb1_case_uqi                             /usr/share/gcc-arm-none-eabi-10-2020-q4-major/bin/../lib/gcc/arm-none-eabi/10.2.1/thumb/v6-m/nofp/libgcc.a(_thumb1_case_uqi.o)
                                                  ../../lib/libopencm3//lib/libopencm3_stm32l0.a(rcc.o)
__init_array_end                                  ../../lib/libopencm3//lib/libopencm3_stm32l0.a(vector.o)
__init_array_start                                ../../lib/libopencm3//lib/libopencm3_stm32l0.a(vector.o)
__lock___arc4random_mutex                         /usr/share/gcc-arm-none-eabi-10-2020-q4-major/bin/../lib/gcc/arm-none-eabi/10.2.1/../../../../arm-none-eabi/lib/thumb/v6-m/nofp/libc_nano.a(lib_a-lock.o)
__lock___at_quick_exit_mutex                      /usr/share/gcc-arm-none-eabi-10-2020-q4-major/bin/../lib/gcc/arm-none-eabi/10.2.1/../../../../arm-none-eabi/lib/thumb/v6-m/nofp/libc_nano.a(lib_a-lock.o)
__lock___atexit_recursive_mutex                   /usr/share/gcc-arm-none-eabi-10-2020-q4-major/bin/../lib/gcc/arm-none-eabi/10.2.1/../../../../arm-none-eabi/lib/thumb/v6-m/nofp/libc_nano.a(lib_a-lock.o)
__lock___dd_hash_mutex                            /usr/share/gcc-arm-none-eabi-10-2020-q4-major/bin/../lib/gcc/arm-none-eabi/10.2.1/../../../../arm-none-eabi/lib/thumb/v6-m/nofp/libc_nano.a(lib_a-lock.o)
__lock___env_recursive_mutex                      /usr/share/gcc-arm-none-eabi-10-2020-q4-major/bin/../lib/gcc/arm-none-eabi/10.2.1/../../../../arm-none-eabi/lib/thumb/v6-m/nofp/libc_nano.a(lib_a-lock.o)
__lock___malloc_recursive_mutex                   /usr/share/gcc-arm-none-eabi-10-2020-q4-major/bin/../lib/gcc/arm-none-eabi/10.2.1/../../../../arm-none-eabi/lib/thumb/v6-m/nofp/libc_nano.a(lib_a-lock.o)
                                                  /usr/share/gcc-arm-none-eabi-10-2020-q4-major/bin/../lib/gcc/arm-none-eabi/10.2.1/../../../../arm-none-eabi/lib/thumb/v6-m/nofp/libc_nano.a(lib_a-mlock.o)
__lock___sfp_recursive_mutex                      /usr/share/gcc-arm-none-eabi-10-2020-q4-major/bin/../lib/gcc/arm-none-eabi/10.2.1/../../../../arm-none-eabi/lib/thumb/v6-m/nofp/libc_nano.a(lib_a-lock.o)
                                                  /usr/share/gcc-arm-none-eabi-10-2020-q4-major/bin/../lib/gcc/arm-none-eabi/10.2.1/../../../../arm-none-eabi/lib/thumb/v6-m/nofp/libc_nano.a(lib_a-findfp.o)
__lock___sinit_recursive_mutex                    /usr/share/gcc-arm-none-eabi-10-2020-q4-major/bin/../lib/gcc/arm-none-eabi/10.2.1/../../../../arm-none-eabi/lib/thumb/v6-m/nofp/libc_nano.a(lib_a-lock.o)
                                                  /usr/share/gcc-arm-none-eabi-10-2020-q4-major/bin/../lib/gcc/arm-none-eabi/10.2.1/../../../../arm-none-eabi/lib/thumb/v6-m/nofp/libc_nano.a(lib_a-findfp.o)
__lock___tz_mutex                                 /usr/share/gcc-arm-none-eabi-10-2020-q4-major/bin/../lib/gcc/arm-none-eabi/10.2.1/../../../../arm-none-eabi/lib/thumb/v6-m/nofp/libc_nano.a(lib_a-lock.o)
__malloc_free_list                                /usr/share/gcc-arm-none-eabi-10-2020-q4-major/bin/../lib/gcc/arm-none-eabi/10.2.1/../../../../arm-none-eabi/lib/thumb/v6-m/nofp/libc_nano.a(lib_a-nano-mallocr.o)
                                                  /usr/share/gcc-arm-none-eabi-10-2020-q4-major/bin/../lib/gcc/arm-none-eabi/10.2.1/../../../../arm-none-eabi/lib/thumb/v6-m/nofp/libc_nano.a(lib_a-nano-freer.o)
__malloc_lock                                     /usr/share/gcc-arm-none-eabi-10-2020-q4-major/bin/../lib/gcc/arm-none-eabi/10.2.1/../../../../arm-none-eabi/lib/thumb/v6-m/nofp/libc_nano.a(lib_a-mlock.o)
                                                  /usr/share/gcc-arm-none-eabi-10-2020-q4-major/bin/../lib/gcc/arm-none-eabi/10.2.1/../../../../arm-none-eabi/lib/thumb/v6-m/nofp/libc_nano.a(lib_a-nano-freer.o)
                                                  /usr/share/gcc-arm-none-eabi-10-2020-q4-major/bin/../lib/gcc/arm-none-eabi/10.2.1/../../../../arm-none-eabi/lib/thumb/v6-m/nofp/libc_nano.a(lib_a-nano-mallocr.o)
__malloc_sbrk_start                               /usr/share/gcc-arm-none-eabi-10-2020-q4-major/bin/../lib/gcc/arm-none-eabi/10.2.1/../../../../arm-none-eabi/lib/thumb/v6-m/nofp/libc_nano.a(lib_a-nano-mallocr.o)
__malloc_unlock                                   /usr/share/gcc-arm-none-eabi-10-2020-q4-major/bin/../lib/gcc/arm-none-eabi/10.2.1/../../../../arm-none-eabi/lib/thumb/v6-m/nofp/libc_nano.a(lib_a-mlock.o)
                                                  /usr/share/gcc-arm-none-eabi-10-2020-q4-major/bin/../lib/gcc/arm-none-eabi/10.2.1/../../../../arm-none-eabi/lib/thumb/v6-m/nofp/libc_nano.a(lib_a-nano-freer.o)
                                                  /usr/share/gcc-arm-none-eabi-10-2020-q4-major/bin/../lib/gcc/arm-none-eabi/10.2.1/../../../../arm-none-eabi/lib/thumb/v6-m/nofp/libc_nano.a(lib_a-nano-mallocr.o)
__preinit_array_end                               ../../lib/libopencm3//lib/libopencm3_stm32l0.a(vector.o)
__preinit_array_start                             ../../lib/libopencm3//lib/libopencm3_stm32l0.a(vector.o)
__retarget_lock_acquire                           /usr/share/gcc-arm-none-eabi-10-2020-q4-major/bin/../lib/gcc/arm-none-eabi/10.2.1/../../../../arm-none-eabi/lib/thumb/v6-m/nofp/libc_nano.a(lib_a-lock.o)
__retarget_lock_acquire_recursive                 /usr/share/gcc-arm-none-eabi-10-2020-q4-major/bin/../lib/gcc/arm-none-eabi/10.2.1/../../../../arm-none-eabi/lib/thumb/v6-m/nofp/libc_nano.a(lib_a-lock.o)
                                                  /usr/share/gcc-arm-none-eabi-10-2020-q4-major/bin/../lib/gcc/arm-none-eabi/10.2.1/../../../../arm-none-eabi/lib/thumb/v6-m/nofp/libc_nano.a(lib_a-mlock.o)
                                                  /usr/share/gcc-arm-none-eabi-10-2020-q4-major/bin/../lib/gcc/arm-none-eabi/10.2.1/../../../../arm-none-eabi/lib/thumb/v6-m/nofp/libc_nano.a(lib_a-fflush.o)
                                                  /usr/share/gcc-arm-none-eabi-10-2020-q4-major/bin/../lib/gcc/arm-none-eabi/10.2.1/../../../../arm-none-eabi/lib/thumb/v6-m/nofp/libc_nano.a(lib_a-nano-vfprintf.o)
                                                  /usr/share/gcc-arm-none-eabi-10-2020-q4-major/bin/../lib/gcc/arm-none-eabi/10.2.1/../../../../arm-none-eabi/lib/thumb/v6-m/nofp/libc_nano.a(lib_a-findfp.o)
__retarget_lock_close                             /usr/share/gcc-arm-none-eabi-10-2020-q4-major/bin/../lib/gcc/arm-none-eabi/10.2.1/../../../../arm-none-eabi/lib/thumb/v6-m/nofp/libc_nano.a(lib_a-lock.o)
__retarget_lock_close_recursive                   /usr/share/gcc-arm-none-eabi-10-2020-q4-major/bin/../lib/gcc/arm-none-eabi/10.2.1/../../../../arm-none-eabi/lib/thumb/v6-m/nofp/libc_nano.a(lib_a-lock.o)
__retarget_lock_init                              /usr/share/gcc-arm-none-eabi-10-2020-q4-major/bin/../lib/gcc/arm-none-eabi/10.2.1/../../../../arm-none-eabi/lib/thumb/v6-m/nofp/libc_nano.a(lib_a-lock.o)
__retarget_lock_init_recursive                    /usr/share/gcc-arm-none-eabi-10-2020-q4-major/bin/../lib/gcc/arm-none-eabi/10.2.1/../../../../arm-none-eabi/lib/thumb/v6-m/nofp/libc_nano.a(lib_a-lock.o)
                                                  /usr/share/gcc-arm-none-eabi-10-2020-q4-major/bin/../lib/gcc/arm-none-eabi/10.2.1/../../../../arm-none-eabi/lib/thumb/v6-m/nofp/libc_nano.a(lib_a-findfp.o)
__retarget_lock_release                           /usr/share/gcc-arm-none-eabi-10-2020-q4-major/bin/../lib/gcc/arm-none-eabi/10.2.1/../../../../arm-none-eabi/lib/thumb/v6-m/nofp/libc_nano.a(lib_a-lock.o)
__retarget_lock_release_recursive                 /usr/share/gcc-arm-none-eabi-10-2020-q4-major/bin/../lib/gcc/arm-none-eabi/10.2.1/../../../../arm-none-eabi/lib/thumb/v6-m/nofp/libc_nano.a(lib_a-lock.o)
                                                  /usr/share/gcc-arm-none-eabi-10-2020-q4-major/bin/../lib/gcc/arm-none-eabi/10.2.1/../../../../arm-none-eabi/lib/thumb/v6-m/nofp/libc_nano.a(lib_a-mlock.o)
                                                  /usr/share/gcc-arm-none-eabi-10-2020-q4-major/bin/../lib/gcc/arm-none-eabi/10.2.1/../../../../arm-none-eabi/lib/thumb/v6-m/nofp/libc_nano.a(lib_a-fflush.o)
                                                  /usr/share/gcc-arm-none-eabi-10-2020-q4-major/bin/../lib/gcc/arm-none-eabi/10.2.1/../../../../arm-none-eabi/lib/thumb/v6-m/nofp/libc_nano.a(lib_a-nano-vfprintf.o)
                                                  /usr/share/gcc-arm-none-eabi-10-2020-q4-major/bin/../lib/gcc/arm-none-eabi/10.2.1/../../../../arm-none-eabi/lib/thumb/v6-m/nofp/libc_nano.a(lib_a-findfp.o)
__retarget_lock_try_acquire                       /usr/share/gcc-arm-none-eabi-10-2020-q4-major/bin/../lib/gcc/arm-none-eabi/10.2.1/../../../../arm-none-eabi/lib/thumb/v6-m/nofp/libc_nano.a(lib_a-lock.o)
__retarget_lock_try_acquire_recursive             /usr/share/gcc-arm-none-eabi-10-2020-q4-major/bin/../lib/gcc/arm-none-eabi/10.2.1/../../../../arm-none-eabi/lib/thumb/v6-m/nofp/libc_nano.a(lib_a-lock.o)
__sclose                                          /usr/share/gcc-arm-none-eabi-10-2020-q4-major/bin/../lib/gcc/arm-none-eabi/10.2.1/../../../../arm-none-eabi/lib/thumb/v6-m/nofp/libc_nano.a(lib_a-stdio.o)
                                                  /usr/share/gcc-arm-none-eabi-10-2020-q4-major/bin/../lib/gcc/arm-none-eabi/10.2.1/../../../../arm-none-eabi/lib/thumb/v6-m/nofp/libc_nano.a(lib_a-findfp.o)
__seofread                                        /usr/share/gcc-arm-none-eabi-10-2020-q4-major/bin/../lib/gcc/arm-none-eabi/10.2.1/../../../../arm-none-eabi/lib/thumb/v6-m/nofp/libc_nano.a(lib_a-stdio.o)
__sf_fake_stderr                                  /usr/share/gcc-arm-none-eabi-10-2020-q4-major/bin/../lib/gcc/arm-none-eabi/10.2.1/../../../../arm-none-eabi/lib/thumb/v6-m/nofp/libc_nano.a(lib_a-findfp.o)
                                                  /usr/share/gcc-arm-none-eabi-10-2020-q4-major/bin/../lib/gcc/arm-none-eabi/10.2.1/../../../../arm-none-eabi/lib/thumb/v6-m/nofp/libc_nano.a(lib_a-fflush.o)
                                                  /usr/share/gcc-arm-none-eabi-10-2020-q4-major/bin/../lib/gcc/arm-none-eabi/10.2.1/../../../../arm-none-eabi/lib/thumb/v6-m/nofp/libc_nano.a(lib_a-wsetup.o)
                                                  /usr/share/gcc-arm-none-eabi-10-2020-q4-major/bin/../lib/gcc/arm-none-eabi/10.2.1/../../../../arm-none-eabi/lib/thumb/v6-m/nofp/libc_nano.a(lib_a-wbuf.o)
                                                  /usr/share/gcc-arm-none-eabi-10-2020-q4-major/bin/../lib/gcc/arm-none-eabi/10.2.1/../../../../arm-none-eabi/lib/thumb/v6-m/nofp/libc_nano.a(lib_a-nano-vfprintf.o)
                                                  /usr/share/gcc-arm-none-eabi-10-2020-q4-major/bin/../lib/gcc/arm-none-eabi/10.2.1/../../../../arm-none-eabi/lib/thumb/v6-m/nofp/libc_nano.a(lib_a-impure.o)
__sf_fake_stdin                                   /usr/share/gcc-arm-none-eabi-10-2020-q4-major/bin/../lib/gcc/arm-none-eabi/10.2.1/../../../../arm-none-eabi/lib/thumb/v6-m/nofp/libc_nano.a(lib_a-findfp.o)