Archive member included to satisfy reference by file (symbol)

../../lib/libopencm3//lib/libopencm3_stm32l0.a(gpio_common_f0234.o)
                              ./i2c_opencm3.o (gpio_mode_setup)
../../lib/libopencm3//lib/libopencm3_stm32l0.a(i2c_common_v2.o)
                              ./i2c_opencm3.o (i2c_reset)
../../lib/libopencm3//lib/libopencm3_stm32l0.a(rcc.o)
                              ./i2c_opencm3.o (rcc_set_peripheral_clk_sel)
../../lib/libopencm3//lib/libopencm3_stm32l0.a(rcc_common_all.o)
                              ./i2c_opencm3.o (rcc_periph_clock_enable)
../../lib/libopencm3//lib/libopencm3_stm32l0.a(spi_common_all.o)
                              ./spi_opencm3.o (spi_reset)
../../lib/libopencm3//lib/libopencm3_stm32l0.a(spi_common_v1.o)
                              ./spi_opencm3.o (spi_init_master)
../../lib/libopencm3//lib/libopencm3_stm32l0.a(spi_common_v1_frf.o)
                              ./spi_opencm3.o (spi_set_frf_motorola)
../../lib/libopencm3//lib/libopencm3_stm32l0.a(vector.o)
                              (reset_handler)
../../lib/libopencm3//lib/libopencm3_stm32l0.a(assert.o)
                              ../../lib/libopencm3//lib/libopencm3_stm32l0.a(rcc.o) (cm3_assert_failed)
../../lib/libopencm3//lib/libopencm3_stm32l0.a(flash_common_all.o)
                              ../../lib/libopencm3//lib/libopencm3_stm32l0.a(rcc.o) (flash_prefetch_enable)
../../lib/libopencm3//lib/libopencm3_stm32l0.a(pwr_common_v2.o)
                              ../../lib/libopencm3//lib/libopencm3_stm32l0.a(rcc.o) (pwr_set_vos_scale)
/usr/share/gcc-arm-none-eabi-10-2020-q4-major/bin/../lib/gcc/arm-none-eabi/10.2.1/../../../../arm-none-eabi/lib/thumb/v6-m/nofp/libc_nano.a(lib_a-errno.o)
                              ./main.o (__errno)
/usr/share/gcc-arm-none-eabi-10-2020-q4-major/bin/../lib/gcc/arm-none-eabi/10.2.1/../../../../arm-none-eabi/lib/thumb/v6-m/nofp/libc_nano.a(lib_a-impure.o)
                              /usr/share/gcc-arm-none-eabi-10-2020-q4-major/bin/../lib/gcc/arm-none-eabi/10.2.1/../../../../arm-none-eabi/lib/thumb/v6-m/nofp/libc_nano.a(lib_a-errno.o) (_impure_ptr)
/usr/share/gcc-arm-none-eabi-10-2020-q4-major/bin/../lib/gcc/arm-none-eabi/10.2.1/../../../../arm-none-eabi/lib/thumb/v6-m/nofp/libc_nano.a(lib_a-memcpy-stub.o)
                              ./i2c_opencm3.o (memcpy)
/usr/share/gcc-arm-none-eabi-10-2020-q4-major/bin/../lib/gcc/arm-none-eabi/10.2.1/../../../../arm-none-eabi/lib/thumb/v6-m/nofp/libc_nano.a(lib_a-printf.o)
                              ./i2c_opencm3.o (printf)
/usr/share/gcc-arm-none-eabi-10-2020-q4-major/bin/../lib/gcc/arm-none-eabi/10.2.1/../../../../arm-none-eabi/lib/thumb/v6-m/nofp/libc_nano.a(lib_a-puts.o)
                              ./main.o (puts)
/usr/share/gcc-arm-none-eabi-10-2020-q4-major/bin/../lib/gcc/arm-none-eabi/10.2.1/../../../../arm-none-eabi/lib/thumb/v6-m/nofp/libc_nano.a(lib_a-wbuf.o)
                              /usr/share/gcc-arm-none-eabi-10-2020-q4-major/bin/../lib/gcc/arm-none-eabi/10.2.1/../../../../arm-none-eabi/lib/thumb/v6-m/nofp/libc_nano.a(lib_a-puts.o) (__swbuf_r)
/usr/share/gcc-arm-none-eabi-10-2020-q4-major/bin/../lib/gcc/arm-none-eabi/10.2.1/../../../../arm-none-eabi/lib/thumb/v6-m/nofp/libc_nano.a(lib_a-wsetup.o)
                              /usr/share/gcc-arm-none-eabi-10-2020-q4-major/bin/../lib/gcc/arm-none-eabi/10.2.1/../../../../arm-none-eabi/lib/thumb/v6-m/nofp/libc_nano.a(lib_a-puts.o) (__swsetup_r)
/usr/share/gcc-arm-none-eabi-10-2020-q4-major/bin/../lib/gcc/arm-none-eabi/10.2.1/../../../../arm-none-eabi/lib/thumb/v6-m/nofp/libc_nano.a(lib_a-fflush.o)
                              /usr/share/gcc-arm-none-eabi-10-2020-q4-major/bin/../lib/gcc/arm-none-eabi/10.2.1/../../../../arm-none-eabi/lib/thumb/v6-m/nofp/libc_nano.a(lib_a-wbuf.o) (_fflush_r)
/usr/share/gcc-arm-none-eabi-10-2020-q4-major/bin/../lib/gcc/arm-none-eabi/10.2.1/../../../../arm-none-eabi/lib/thumb/v6-m/nofp/libc_nano.a(lib_a-findfp.o)
                              /usr/share/gcc-arm-none-eabi-10-2020-q4-major/bin/../lib/gcc/arm-none-eabi/10.2.1/../../../../arm-none-eabi/lib/thumb/v6-m/nofp/libc_nano.a(lib_a-printf.o) (__sinit)
/usr/share/gcc-arm-none-eabi-10-2020-q4-major/bin/../lib/gcc/arm-none-eabi/10.2.1/../../../../arm-none-eabi/lib/thumb/v6-m/nofp/libc_nano.a(lib_a-fwalk.o)
                              /usr/share/gcc-arm-none-eabi-10-2020-q4-major/bin/../lib/gcc/arm-none-eabi/10.2.1/../../../../arm-none-eabi/lib/thumb/v6-m/nofp/libc_nano.a(lib_a-findfp.o) (_fwalk)
/usr/share/gcc-arm-none-eabi-10-2020-q4-major/bin/../lib/gcc/arm-none-eabi/10.2.1/../../../../arm-none-eabi/lib/thumb/v6-m/nofp/libc_nano.a(lib_a-lock.o)
                              /usr/share/gcc-arm-none-eabi-10-2020-q4-major/bin/../lib/gcc/arm-none-eabi/10.2.1/../../../../arm-none-eabi/lib/thumb/v6-m/nofp/libc_nano.a(lib_a-findfp.o) (__retarget_lock_init_recursive)
[...]
Memory Configuration

Name             Origin             Length             Attributes
ram              0x0000000020000000 0x0000000000002000 xrw
rom              0x0000000008000000 0x0000000000008000 xr
*default*        0x0000000000000000 0xffffffffffffffff

Linker script and memory map

LOAD ./i2c_opencm3.o
LOAD ./main.o
LOAD ./mpu6050.o
LOAD ./spi_opencm3.o
LOAD ../../lib/libopencm3//lib/libopencm3_stm32l0.a
START GROUP
LOAD /usr/share/gcc-arm-none-eabi-10-2020-q4-major/bin/../lib/gcc/arm-none-eabi/10.2.1/../../../../arm-none-eabi/lib/thumb/v6-m/nofp/libc_nano.a
LOAD /usr/share/gcc-arm-none-eabi-10-2020-q4-major/bin/../lib/gcc/arm-none-eabi/10.2.1/thumb/v6-m/nofp/libgcc.a
LOAD /usr/share/gcc-arm-none-eabi-10-2020-q4-major/bin/../lib/gcc/arm-none-eabi/10.2.1/../../../../arm-none-eabi/lib/thumb/v6-m/nofp/libnosys.a
END GROUP
START GROUP
LOAD /usr/share/gcc-arm-none-eabi-10-2020-q4-major/bin/../lib/gcc/arm-none-eabi/10.2.1/thumb/v6-m/nofp/libgcc.a
LOAD /usr/share/gcc-arm-none-eabi-10-2020-q4-major/bin/../lib/gcc/arm-none-eabi/10.2.1/../../../../arm-none-eabi/lib/thumb/v6-m/nofp/libg_nano.a
LOAD /usr/share/gcc-arm-none-eabi-10-2020-q4-major/bin/../lib/gcc/arm-none-eabi/10.2.1/../../../../arm-none-eabi/lib/thumb/v6-m/nofp/libc_nano.a
END GROUP
START GROUP
LOAD /usr/share/gcc-arm-none-eabi-10-2020-q4-major/bin/../lib/gcc/arm-none-eabi/10.2.1/thumb/v6-m/nofp/libgcc.a
LOAD /usr/share/gcc-arm-none-eabi-10-2020-q4-major/bin/../lib/gcc/arm-none-eabi/10.2.1/../../../../arm-none-eabi/lib/thumb/v6-m/nofp/libc_nano.a
END GROUP

.text           0x0000000008000000     0x1dc4
 *(.vectors)
 .vectors       0x0000000008000000       0xc0 ../../lib/libopencm3//lib/libopencm3_stm32l0.a(vector.o)
                0x0000000008000000                vector_table
 *(.text*)
 .text.i2c_link_init
                0x00000000080000c0       0x9c ./i2c_opencm3.o
                0x00000000080000c0                i2c_link_init
 .text.i2c_read
                0x000000000800015c       0x24 ./i2c_opencm3.o
 .text.i2c_write
                0x0000000008000180       0x44 ./i2c_opencm3.o
 .text.clock_setup
                0x00000000080001c4       0x10 ./main.o
 .text._write   0x00000000080001d4       0x10 ./main.o
                0x00000000080001d4                _write
 .text.main     0x00000000080001e4       0x3c ./main.o
                0x00000000080001e4                main
 .text.mpu_init
                0x0000000008000220       0x6c ./mpu6050.o
                0x0000000008000220                mpu_init
 .text.mpu_read_wai_register
                0x000000000800028c       0x3e ./mpu6050.o
                0x000000000800028c                mpu_read_wai_register
 .text.gpio_mode_setup
                0x00000000080002ca       0x40 ../../lib/libopencm3//lib/libopencm3_stm32l0.a(gpio_common_f0234.o)
                0x00000000080002ca                gpio_mode_setup
 .text.gpio_set_af
                0x000000000800030a       0x58 ../../lib/libopencm3//lib/libopencm3_stm32l0.a(gpio_common_f0234.o)
                0x000000000800030a                gpio_set_af
 *fill*         0x0000000008000362        0x2 
 .text.i2c_reset
                0x0000000008000364       0x3c ../../lib/libopencm3//lib/libopencm3_stm32l0.a(i2c_common_v2.o)
                0x0000000008000364                i2c_reset
 .text.i2c_peripheral_enable
                0x00000000080003a0        0xa ../../lib/libopencm3//lib/libopencm3_stm32l0.a(i2c_common_v2.o)
                0x00000000080003a0                i2c_peripheral_enable
 .text.i2c_peripheral_disable
                0x00000000080003aa        0xa ../../lib/libopencm3//lib/libopencm3_stm32l0.a(i2c_common_v2.o)
                0x00000000080003aa                i2c_peripheral_disable
 .text.i2c_send_start
                0x00000000080003b4        0xc ../../lib/libopencm3//lib/libopencm3_stm32l0.a(i2c_common_v2.o)
                0x00000000080003b4                i2c_send_start
 .text.i2c_set_prescaler
                0x00000000080003c0        0xe ../../lib/libopencm3//lib/libopencm3_stm32l0.a(i2c_common_v2.o)
                0x00000000080003c0                i2c_set_prescaler
 *fill*         0x00000000080003ce        0x2 
 .text.i2c_set_data_setup_time
                0x00000000080003d0       0x14 ../../lib/libopencm3//lib/libopencm3_stm32l0.a(i2c_common_v2.o)
                0x00000000080003d0                i2c_set_data_setup_time
 .text.i2c_set_data_hold_time
                0x00000000080003e4       0x14 ../../lib/libopencm3//lib/libopencm3_stm32l0.a(i2c_common_v2.o)
                0x00000000080003e4                i2c_set_data_hold_time
 .text.i2c_set_scl_high_period
                0x00000000080003f8       0x14 ../../lib/libopencm3//lib/libopencm3_stm32l0.a(i2c_common_v2.o)
                0x00000000080003f8                i2c_set_scl_high_period
 .text.i2c_set_scl_low_period
                0x000000000800040c        0xc ../../lib/libopencm3//lib/libopencm3_stm32l0.a(i2c_common_v2.o)
                0x000000000800040c                i2c_set_scl_low_period
 .text.i2c_enable_stretching
                0x0000000008000418       0x10 ../../lib/libopencm3//lib/libopencm3_stm32l0.a(i2c_common_v2.o)
                0x0000000008000418                i2c_enable_stretching
 .text.i2c_set_7bit_addr_mode
                0x0000000008000428       0x10 ../../lib/libopencm3//lib/libopencm3_stm32l0.a(i2c_common_v2.o)
                0x0000000008000428                i2c_set_7bit_addr_mode
 .text.i2c_set_7bit_address
                0x0000000008000438       0x12 ../../lib/libopencm3//lib/libopencm3_stm32l0.a(i2c_common_v2.o)
                0x0000000008000438                i2c_set_7bit_address
 *fill*         0x000000000800044a        0x2 
 .text.i2c_set_write_transfer_dir
                0x000000000800044c       0x10 ../../lib/libopencm3//lib/libopencm3_stm32l0.a(i2c_common_v2.o)
                0x000000000800044c                i2c_set_write_transfer_dir
 .text.i2c_set_read_transfer_dir
                0x000000000800045c        0xc ../../lib/libopencm3//lib/libopencm3_stm32l0.a(i2c_common_v2.o)
                0x000000000800045c                i2c_set_read_transfer_dir
 .text.i2c_set_bytes_to_transfer
                0x0000000008000468       0x14 ../../lib/libopencm3//lib/libopencm3_stm32l0.a(i2c_common_v2.o)
                0x0000000008000468                i2c_set_bytes_to_transfer
 .text.i2c_enable_autoend
                0x000000000800047c        0xc ../../lib/libopencm3//lib/libopencm3_stm32l0.a(i2c_common_v2.o)
                0x000000000800047c                i2c_enable_autoend
 .text.i2c_disable_autoend
                0x0000000008000488       0x10 ../../lib/libopencm3//lib/libopencm3_stm32l0.a(i2c_common_v2.o)
                0x0000000008000488                i2c_disable_autoend
 .text.i2c_nack
                0x0000000008000498        0x8 ../../lib/libopencm3//lib/libopencm3_stm32l0.a(i2c_common_v2.o)
                0x0000000008000498                i2c_nack
 .text.i2c_transmit_int_status
                0x00000000080004a0        0x8 ../../lib/libopencm3//lib/libopencm3_stm32l0.a(i2c_common_v2.o)
                0x00000000080004a0                i2c_transmit_int_status
 .text.i2c_transfer_complete
                0x00000000080004a8        0x8 ../../lib/libopencm3//lib/libopencm3_stm32l0.a(i2c_common_v2.o)
                0x00000000080004a8                i2c_transfer_complete
 .text.i2c_received_data
                0x00000000080004b0        0x8 ../../lib/libopencm3//lib/libopencm3_stm32l0.a(i2c_common_v2.o)
                0x00000000080004b0                i2c_received_data
 .text.i2c_transfer7
                0x00000000080004b8       0xb2 ../../lib/libopencm3//lib/libopencm3_stm32l0.a(i2c_common_v2.o)
                0x00000000080004b8                i2c_transfer7
 .text.i2c_set_speed
                0x000000000800056a       0x5e ../../lib/libopencm3//lib/libopencm3_stm32l0.a(i2c_common_v2.o)
                0x000000000800056a                i2c_set_speed
 .text.rcc_uart_i2c_clksel_freq_hz
                0x00000000080005c8       0x48 ../../lib/libopencm3//lib/libopencm3_stm32l0.a(rcc.o)
 .text.rcc_osc_on
                0x0000000008000610       0x54 ../../lib/libopencm3//lib/libopencm3_stm32l0.a(rcc.o)
                0x0000000008000610                rcc_osc_on
 .text.rcc_osc_off
                0x0000000008000664       0x5c ../../lib/libopencm3//lib/libopencm3_stm32l0.a(rcc.o)
                0x0000000008000664                rcc_osc_off
 .text.rcc_is_osc_ready
                0x00000000080006c0       0x58 ../../lib/libopencm3//lib/libopencm3_stm32l0.a(rcc.o)
                0x00000000080006c0                rcc_is_osc_ready
 .text.rcc_wait_for_osc_ready
                0x0000000008000718       0x10 ../../lib/libopencm3//lib/libopencm3_stm32l0.a(rcc.o)
                0x0000000008000718                rcc_wait_for_osc_ready
 .text.rcc_set_sysclk_source
                0x0000000008000728       0x4c ../../lib/libopencm3//lib/libopencm3_stm32l0.a(rcc.o)
                0x0000000008000728                rcc_set_sysclk_source
 .text.rcc_set_pll_multiplier
                0x0000000008000774       0x18 ../../lib/libopencm3//lib/libopencm3_stm32l0.a(rcc.o)
                0x0000000008000774                rcc_set_pll_multiplier
 .text.rcc_set_pll_divider
                0x000000000800078c       0x18 ../../lib/libopencm3//lib/libopencm3_stm32l0.a(rcc.o)
                0x000000000800078c                rcc_set_pll_divider
 .text.rcc_set_pll_source
                0x00000000080007a4       0x18 ../../lib/libopencm3//lib/libopencm3_stm32l0.a(rcc.o)
                0x00000000080007a4                rcc_set_pll_source
 .text.rcc_set_ppre1
                0x00000000080007bc       0x18 ../../lib/libopencm3//lib/libopencm3_stm32l0.a(rcc.o)
                0x00000000080007bc                rcc_set_ppre1
 .text.rcc_set_ppre2
                0x00000000080007d4       0x18 ../../lib/libopencm3//lib/libopencm3_stm32l0.a(rcc.o)
                0x00000000080007d4                rcc_set_ppre2
 .text.rcc_set_hpre
                0x00000000080007ec       0x14 ../../lib/libopencm3//lib/libopencm3_stm32l0.a(rcc.o)
                0x00000000080007ec                rcc_set_hpre
 .text.rcc_set_peripheral_clk_sel
                0x0000000008000800       0x6c ../../lib/libopencm3//lib/libopencm3_stm32l0.a(rcc.o)
                0x0000000008000800                rcc_set_peripheral_clk_sel
 .text.rcc_get_i2c_clk_freq
                0x000000000800086c       0x2c ../../lib/libopencm3//lib/libopencm3_stm32l0.a(rcc.o)
                0x000000000800086c                rcc_get_i2c_clk_freq
 .text.rcc_clock_setup_pll
                0x0000000008000898       0xac ../../lib/libopencm3//lib/libopencm3_stm32l0.a(rcc.o)
                0x0000000008000898                rcc_clock_setup_pll
 .text.rcc_periph_clock_enable
                0x0000000008000944       0x1c ../../lib/libopencm3//lib/libopencm3_stm32l0.a(rcc_common_all.o)
                0x0000000008000944                rcc_periph_clock_enable
 .text.rcc_periph_reset_pulse
                0x0000000008000960       0x20 ../../lib/libopencm3//lib/libopencm3_stm32l0.a(rcc_common_all.o)
                0x0000000008000960                rcc_periph_reset_pulse
 .text.rcc_get_div_from_hpre
                0x0000000008000980       0x1a ../../lib/libopencm3//lib/libopencm3_stm32l0.a(rcc_common_all.o)
                0x0000000008000980                rcc_get_div_from_hpre
 .text.blocking_handler
                0x000000000800099a        0x2 ../../lib/libopencm3//lib/libopencm3_stm32l0.a(vector.o)
                0x000000000800099a                rtc_isr
                0x000000000800099a                tim7_isr
                0x000000000800099a                blocking_handler
                0x000000000800099a                tsc_isr
                0x000000000800099a                spi1_isr
                0x000000000800099a                i2c1_isr
                0x000000000800099a                i2c2_isr
                0x000000000800099a                tim21_isr
                0x000000000800099a                usart1_isr
                0x000000000800099a                i2c3_isr
                0x000000000800099a                reserved4_isr
                0x000000000800099a                exti2_3_isr
                0x000000000800099a                lptim1_isr
                0x000000000800099a                pvd_isr
                0x000000000800099a                rcc_isr
                0x000000000800099a                flash_isr
                0x000000000800099a                hard_fault_handler
                0x000000000800099a                spi2_isr
                0x000000000800099a                lpuart1_aes_rng_isr
                0x000000000800099a                usb_isr
                0x000000000800099a                tim3_isr
                0x000000000800099a                usart2_isr
                0x000000000800099a                adc_comp_isr
                0x000000000800099a                dma1_channel1_isr
                0x000000000800099a                tim6_dac_isr
                0x000000000800099a                lcd_isr
                0x000000000800099a                dma1_channel2_3_isr
                0x000000000800099a                tim22_isr
                0x000000000800099a                exti4_15_isr
                0x000000000800099a                usart4_5_isr
                0x000000000800099a                wwdg_isr
                0x000000000800099a                tim2_isr
                0x000000000800099a                dma1_channel4_5_isr
                0x000000000800099a                exti0_1_isr
 .text.null_handler
                0x000000000800099c        0x2 ../../lib/libopencm3//lib/libopencm3_stm32l0.a(vector.o)
                0x000000000800099c                null_handler
                0x000000000800099c                sv_call_handler
                0x000000000800099c                pend_sv_handler
                0x000000000800099c                sys_tick_handler
                0x000000000800099c                nmi_handler
 *fill*         0x000000000800099e        0x2 
 .text.reset_handler
                0x00000000080009a0       0x88 ../../lib/libopencm3//lib/libopencm3_stm32l0.a(vector.o)
                0x00000000080009a0                reset_handler
 .text.cm3_assert_failed
                0x0000000008000a28        0x2 ../../lib/libopencm3//lib/libopencm3_stm32l0.a(assert.o)
                0x0000000008000a28                cm3_assert_failed
 *fill*         0x0000000008000a2a        0x2 
 .text.flash_prefetch_enable
                0x0000000008000a2c       0x10 ../../lib/libopencm3//lib/libopencm3_stm32l0.a(flash_common_all.o)
                0x0000000008000a2c                flash_prefetch_enable
 .text.flash_set_ws
                0x0000000008000a3c       0x14 ../../lib/libopencm3//lib/libopencm3_stm32l0.a(flash_common_all.o)
                0x0000000008000a3c                flash_set_ws
 .text.pwr_set_vos_scale
                0x0000000008000a50       0x30 ../../lib/libopencm3//lib/libopencm3_stm32l0.a(pwr_common_v2.o)
                0x0000000008000a50                pwr_set_vos_scale
 .text.__errno  0x0000000008000a80        0xc /usr/share/gcc-arm-none-eabi-10-2020-q4-major/bin/../lib/gcc/arm-none-eabi/10.2.1/../../../../arm-none-eabi/lib/thumb/v6-m/nofp/libc_nano.a(lib_a-errno.o)
                0x0000000008000a80                __errno
 .text.memcpy   0x0000000008000a8c       0x12 /usr/share/gcc-arm-none-eabi-10-2020-q4-major/bin/../lib/gcc/arm-none-eabi/10.2.1/../../../../arm-none-eabi/lib/thumb/v6-m/nofp/libc_nano.a(lib_a-memcpy-stub.o)
                0x0000000008000a8c                memcpy
 *fill*         0x0000000008000a9e        0x2 
 .text.printf   0x0000000008000aa0       0x34 /usr/share/gcc-arm-none-eabi-10-2020-q4-major/bin/../lib/gcc/arm-none-eabi/10.2.1/../../../../arm-none-eabi/lib/thumb/v6-m/nofp/libc_nano.a(lib_a-printf.o)
                0x0000000008000aa0                printf
                0x0000000008000aa0                iprintf
 .text._puts_r  0x0000000008000ad4       0xe4 /usr/share/gcc-arm-none-eabi-10-2020-q4-major/bin/../lib/gcc/arm-none-eabi/10.2.1/../../../../arm-none-eabi/lib/thumb/v6-m/nofp/libc_nano.a(lib_a-puts.o)
                0x0000000008000ad4                _puts_r
 .text.puts     0x0000000008000bb8       0x14 /usr/share/gcc-arm-none-eabi-10-2020-q4-major/bin/../lib/gcc/arm-none-eabi/10.2.1/../../../../arm-none-eabi/lib/thumb/v6-m/nofp/libc_nano.a(lib_a-puts.o)
                0x0000000008000bb8                puts
 .text.__swbuf_r
                0x0000000008000bcc       0xac /usr/share/gcc-arm-none-eabi-10-2020-q4-major/bin/../lib/gcc/arm-none-eabi/10.2.1/../../../../arm-none-eabi/lib/thumb/v6-m/nofp/libc_nano.a(lib_a-wbuf.o)
                0x0000000008000bcc                __swbuf_r
 .text.__swsetup_r
                0x0000000008000c78       0xf0 /usr/share/gcc-arm-none-eabi-10-2020-q4-major/bin/../lib/gcc/arm-none-eabi/10.2.1/../../../../arm-none-eabi/lib/thumb/v6-m/nofp/libc_nano.a(lib_a-wsetup.o)
                0x0000000008000c78                __swsetup_r
 .text.__sflush_r
                0x0000000008000d68      0x118 /usr/share/gcc-arm-none-eabi-10-2020-q4-major/bin/../lib/gcc/arm-none-eabi/10.2.1/../../../../arm-none-eabi/lib/thumb/v6-m/nofp/libc_nano.a(lib_a-fflush.o)
                0x0000000008000d68                __sflush_r
 .text._fflush_r
                0x0000000008000e80       0x80 /usr/share/gcc-arm-none-eabi-10-2020-q4-major/bin/../lib/gcc/arm-none-eabi/10.2.1/../../../../arm-none-eabi/lib/thumb/v6-m/nofp/libc_nano.a(lib_a-fflush.o)
                0x0000000008000e80                _fflush_r
 .text.std      0x0000000008000f00       0x48 /usr/share/gcc-arm-none-eabi-10-2020-q4-major/bin/../lib/gcc/arm-none-eabi/10.2.1/../../../../arm-none-eabi/lib/thumb/v6-m/nofp/libc_nano.a(lib_a-findfp.o)
 .text._cleanup_r
                0x0000000008000f48       0x10 /usr/share/gcc-arm-none-eabi-10-2020-q4-major/bin/../lib/gcc/arm-none-eabi/10.2.1/../../../../arm-none-eabi/lib/thumb/v6-m/nofp/libc_nano.a(lib_a-findfp.o)
                0x0000000008000f48                _cleanup_r
 .text.__sfmoreglue
                0x0000000008000f58       0x2c /usr/share/gcc-arm-none-eabi-10-2020-q4-major/bin/../lib/gcc/arm-none-eabi/10.2.1/../../../../arm-none-eabi/lib/thumb/v6-m/nofp/libc_nano.a(lib_a-findfp.o)
                0x0000000008000f58                __sfmoreglue
 .text.__sfp_lock_acquire
                0x0000000008000f84       0x10 /usr/share/gcc-arm-none-eabi-10-2020-q4-major/bin/../lib/gcc/arm-none-eabi/10.2.1/../../../../arm-none-eabi/lib/thumb/v6-m/nofp/libc_nano.a(lib_a-findfp.o)
                0x0000000008000f84                __sfp_lock_acquire
 .text.__sfp_lock_release
                0x0000000008000f94       0x10 /usr/share/gcc-arm-none-eabi-10-2020-q4-major/bin/../lib/gcc/arm-none-eabi/10.2.1/../../../../arm-none-eabi/lib/thumb/v6-m/nofp/libc_nano.a(lib_a-findfp.o)
                0x0000000008000f94                __sfp_lock_release
 .text.__sinit_lock_acquire
                0x0000000008000fa4       0x10 /usr/share/gcc-arm-none-eabi-10-2020-q4-major/bin/../lib/gcc/arm-none-eabi/10.2.1/../../../../arm-none-eabi/lib/thumb/v6-m/nofp/libc_nano.a(lib_a-findfp.o)
                0x0000000008000fa4                __sinit_lock_acquire
 .text.__sinit_lock_release
                0x0000000008000fb4       0x10 /usr/share/gcc-arm-none-eabi-10-2020-q4-major/bin/../lib/gcc/arm-none-eabi/10.2.1/../../../../arm-none-eabi/lib/thumb/v6-m/nofp/libc_nano.a(lib_a-findfp.o)
                0x0000000008000fb4                __sinit_lock_release
 .text.__sinit  0x0000000008000fc4       0x70 /usr/share/gcc-arm-none-eabi-10-2020-q4-major/bin/../lib/gcc/arm-none-eabi/10.2.1/../../../../arm-none-eabi/lib/thumb/v6-m/nofp/libc_nano.a(lib_a-findfp.o)
                0x0000000008000fc4                __sinit
 .text.__sfp    0x0000000008001034       0x90 /usr/share/gcc-arm-none-eabi-10-2020-q4-major/bin/../lib/gcc/arm-none-eabi/10.2.1/../../../../arm-none-eabi/lib/thumb/v6-m/nofp/libc_nano.a(lib_a-findfp.o)
                0x0000000008001034                __sfp
 .text._fwalk_reent
                0x00000000080010c4       0x40 /usr/share/gcc-arm-none-eabi-10-2020-q4-major/bin/../lib/gcc/arm-none-eabi/10.2.1/../../../../arm-none-eabi/lib/thumb/v6-m/nofp/libc_nano.a(lib_a-fwalk.o)
                0x00000000080010c4                _fwalk_reent
 .text.__retarget_lock_init_recursive
                0x0000000008001104        0x2 /usr/share/gcc-arm-none-eabi-10-2020-q4-major/bin/../lib/gcc/arm-none-eabi/10.2.1/../../../../arm-none-eabi/lib/thumb/v6-m/nofp/libc_nano.a(lib_a-lock.o)
                0x0000000008001104                __retarget_lock_init_recursive
 .text.__retarget_lock_acquire_recursive
                0x0000000008001106        0x2 /usr/share/gcc-arm-none-eabi-10-2020-q4-major/bin/../lib/gcc/arm-none-eabi/10.2.1/../../../../arm-none-eabi/lib/thumb/v6-m/nofp/libc_nano.a(lib_a-lock.o)
                0x0000000008001106                __retarget_lock_acquire_recursive
 .text.__retarget_lock_release_recursive
                0x0000000008001108        0x2 /usr/share/gcc-arm-none-eabi-10-2020-q4-major/bin/../lib/gcc/arm-none-eabi/10.2.1/../../../../arm-none-eabi/lib/thumb/v6-m/nofp/libc_nano.a(lib_a-lock.o)
                0x0000000008001108                __retarget_lock_release_recursive
 *fill*         0x000000000800110a        0x2 
 .text.__swhatbuf_r
                0x000000000800110c       0x50 /usr/share/gcc-arm-none-eabi-10-2020-q4-major/bin/../lib/gcc/arm-none-eabi/10.2.1/../../../../arm-none-eabi/lib/thumb/v6-m/nofp/libc_nano.a(lib_a-makebuf.o)
                0x000000000800110c                __swhatbuf_r
 .text.__smakebuf_r
                0x000000000800115c       0x88 /usr/share/gcc-arm-none-eabi-10-2020-q4-major/bin/../lib/gcc/arm-none-eabi/10.2.1/../../../../arm-none-eabi/lib/thumb/v6-m/nofp/libc_nano.a(lib_a-makebuf.o)
                0x000000000800115c                __smakebuf_r
 .text.memset   0x00000000080011e4       0x10 /usr/share/gcc-arm-none-eabi-10-2020-q4-major/bin/../lib/gcc/arm-none-eabi/10.2.1/../../../../arm-none-eabi/lib/thumb/v6-m/nofp/libc_nano.a(lib_a-memset.o)
                0x00000000080011e4                memset
 .text._free_r  0x00000000080011f4       0x94 /usr/share/gcc-arm-none-eabi-10-2020-q4-major/bin/../lib/gcc/arm-none-eabi/10.2.1/../../../../arm-none-eabi/lib/thumb/v6-m/nofp/libc_nano.a(lib_a-nano-freer.o)
                0x00000000080011f4                _free_r
 .text._malloc_r
                0x0000000008001288       0xbc /usr/share/gcc-arm-none-eabi-10-2020-q4-major/bin/../lib/gcc/arm-none-eabi/10.2.1/../../../../arm-none-eabi/lib/thumb/v6-m/nofp/libc_nano.a(lib_a-nano-mallocr.o)
                0x0000000008001288                _malloc_r
 .text.__sfputc_r
                0x0000000008001344       0x2a /usr/share/gcc-arm-none-eabi-10-2020-q4-major/bin/../lib/gcc/arm-none-eabi/10.2.1/../../../../arm-none-eabi/lib/thumb/v6-m/nofp/libc_nano.a(lib_a-nano-vfprintf.o)
 .text.__sfputs_r
                0x000000000800136e       0x24 /usr/share/gcc-arm-none-eabi-10-2020-q4-major/bin/../lib/gcc/arm-none-eabi/10.2.1/../../../../arm-none-eabi/lib/thumb/v6-m/nofp/libc_nano.a(lib_a-nano-vfprintf.o)
                0x000000000800136e                __sfputs_r
 *fill*         0x0000000008001392        0x2 
 .text._vfprintf_r
                0x0000000008001394      0x274 /usr/share/gcc-arm-none-eabi-10-2020-q4-major/bin/../lib/gcc/arm-none-eabi/10.2.1/../../../../arm-none-eabi/lib/thumb/v6-m/nofp/libc_nano.a(lib_a-nano-vfprintf.o)
                0x0000000008001394                _vfiprintf_r
                0x0000000008001394                _vfprintf_r
 .text._printf_common
                0x0000000008001608       0xde /usr/share/gcc-arm-none-eabi-10-2020-q4-major/bin/../lib/gcc/arm-none-eabi/10.2.1/../../../../arm-none-eabi/lib/thumb/v6-m/nofp/libc_nano.a(lib_a-nano-vfprintf_i.o)
                0x0000000008001608                _printf_common
 *fill*         0x00000000080016e6        0x2 
 .text._printf_i
                0x00000000080016e8      0x224 /usr/share/gcc-arm-none-eabi-10-2020-q4-major/bin/../lib/gcc/arm-none-eabi/10.2.1/../../../../arm-none-eabi/lib/thumb/v6-m/nofp/libc_nano.a(lib_a-nano-vfprintf_i.o)
                0x00000000080016e8                _printf_i
 .text._sbrk_r  0x000000000800190c       0x24 /usr/share/gcc-arm-none-eabi-10-2020-q4-major/bin/../lib/gcc/arm-none-eabi/10.2.1/../../../../arm-none-eabi/lib/thumb/v6-m/nofp/libc_nano.a(lib_a-sbrkr.o)
                0x000000000800190c                _sbrk_r
 .text.__sread  0x0000000008001930       0x28 /usr/share/gcc-arm-none-eabi-10-2020-q4-major/bin/../lib/gcc/arm-none-eabi/10.2.1/../../../../arm-none-eabi/lib/thumb/v6-m/nofp/libc_nano.a(lib_a-stdio.o)
                0x0000000008001930                __sread
 .text.__swrite
                0x0000000008001958       0x38 /usr/share/gcc-arm-none-eabi-10-2020-q4-major/bin/../lib/gcc/arm-none-eabi/10.2.1/../../../../arm-none-eabi/lib/thumb/v6-m/nofp/libc_nano.a(lib_a-stdio.o)
                0x0000000008001958                __swrite
 .text.__sseek  0x0000000008001990       0x2c /usr/share/gcc-arm-none-eabi-10-2020-q4-major/bin/../lib/gcc/arm-none-eabi/10.2.1/../../../../arm-none-eabi/lib/thumb/v6-m/nofp/libc_nano.a(lib_a-stdio.o)
                0x0000000008001990                __sseek
 .text.__sclose
                0x00000000080019bc        0xc /usr/share/gcc-arm-none-eabi-10-2020-q4-major/bin/../lib/gcc/arm-none-eabi/10.2.1/../../../../arm-none-eabi/lib/thumb/v6-m/nofp/libc_nano.a(lib_a-stdio.o)
                0x00000000080019bc                __sclose
 .text._write_r
                0x00000000080019c8       0x28 /usr/share/gcc-arm-none-eabi-10-2020-q4-major/bin/../lib/gcc/arm-none-eabi/10.2.1/../../../../arm-none-eabi/lib/thumb/v6-m/nofp/libc_nano.a(lib_a-writer.o)
                0x00000000080019c8                _write_r
 .text._close_r
                0x00000000080019f0       0x24 /usr/share/gcc-arm-none-eabi-10-2020-q4-major/bin/../lib/gcc/arm-none-eabi/10.2.1/../../../../arm-none-eabi/lib/thumb/v6-m/nofp/libc_nano.a(lib_a-closer.o)
                0x00000000080019f0                _close_r
 .text._fstat_r
                0x0000000008001a14       0x24 /usr/share/gcc-arm-none-eabi-10-2020-q4-major/bin/../lib/gcc/arm-none-eabi/10.2.1/../../../../arm-none-eabi/lib/thumb/v6-m/nofp/libc_nano.a(lib_a-fstatr.o)
                0x0000000008001a14                _fstat_r
 .text._isatty_r
                0x0000000008001a38       0x24 /usr/share/gcc-arm-none-eabi-10-2020-q4-major/bin/../lib/gcc/arm-none-eabi/10.2.1/../../../../arm-none-eabi/lib/thumb/v6-m/nofp/libc_nano.a(lib_a-isattyr.o)
                0x0000000008001a38                _isatty_r
 .text._lseek_r
                0x0000000008001a5c       0x28 /usr/share/gcc-arm-none-eabi-10-2020-q4-major/bin/../lib/gcc/arm-none-eabi/10.2.1/../../../../arm-none-eabi/lib/thumb/v6-m/nofp/libc_nano.a(lib_a-lseekr.o)
                0x0000000008001a5c                _lseek_r
 .text.memchr   0x0000000008001a84       0x16 /usr/share/gcc-arm-none-eabi-10-2020-q4-major/bin/../lib/gcc/arm-none-eabi/10.2.1/../../../../arm-none-eabi/lib/thumb/v6-m/nofp/libc_nano.a(lib_a-memchr-stub.o)
                0x0000000008001a84                memchr
 *fill*         0x0000000008001a9a        0x2 
 .text.__malloc_lock
                0x0000000008001a9c       0x10 /usr/share/gcc-arm-none-eabi-10-2020-q4-major/bin/../lib/gcc/arm-none-eabi/10.2.1/../../../../arm-none-eabi/lib/thumb/v6-m/nofp/libc_nano.a(lib_a-mlock.o)
                0x0000000008001a9c                __malloc_lock
 .text.__malloc_unlock
                0x0000000008001aac       0x10 /usr/share/gcc-arm-none-eabi-10-2020-q4-major/bin/../lib/gcc/arm-none-eabi/10.2.1/../../../../arm-none-eabi/lib/thumb/v6-m/nofp/libc_nano.a(lib_a-mlock.o)
                0x0000000008001aac                __malloc_unlock
 .text._read_r  0x0000000008001abc       0x28 /usr/share/gcc-arm-none-eabi-10-2020-q4-major/bin/../lib/gcc/arm-none-eabi/10.2.1/../../../../arm-none-eabi/lib/thumb/v6-m/nofp/libc_nano.a(lib_a-readr.o)
                0x0000000008001abc                _read_r
 .text          0x0000000008001ae4       0x14 /usr/share/gcc-arm-none-eabi-10-2020-q4-major/bin/../lib/gcc/arm-none-eabi/10.2.1/thumb/v6-m/nofp/libgcc.a(_thumb1_case_uqi.o)
                0x0000000008001ae4                __gnu_thumb1_case_uqi
 .text          0x0000000008001af8       0x14 /usr/share/gcc-arm-none-eabi-10-2020-q4-major/bin/../lib/gcc/arm-none-eabi/10.2.1/thumb/v6-m/nofp/libgcc.a(_thumb1_case_shi.o)
                0x0000000008001af8                __gnu_thumb1_case_shi
 .text          0x0000000008001b0c      0x114 /usr/share/gcc-arm-none-eabi-10-2020-q4-major/bin/../lib/gcc/arm-none-eabi/10.2.1/thumb/v6-m/nofp/libgcc.a(_udivsi3.o)
                0x0000000008001b0c                __udivsi3
                0x0000000008001b0c                __aeabi_uidiv
                0x0000000008001c18                __aeabi_uidivmod
 .text          0x0000000008001c20        0x4 /usr/share/gcc-arm-none-eabi-10-2020-q4-major/bin/../lib/gcc/arm-none-eabi/10.2.1/thumb/v6-m/nofp/libgcc.a(_dvmd_tls.o)
                0x0000000008001c20                __aeabi_ldiv0
                0x0000000008001c20                __aeabi_idiv0
 .text._close   0x0000000008001c24       0x10 /usr/share/gcc-arm-none-eabi-10-2020-q4-major/bin/../lib/gcc/arm-none-eabi/10.2.1/../../../../arm-none-eabi/lib/thumb/v6-m/nofp/libnosys.a(close.o)
                0x0000000008001c24                _close
 .text._fstat   0x0000000008001c34       0x10 /usr/share/gcc-arm-none-eabi-10-2020-q4-major/bin/../lib/gcc/arm-none-eabi/10.2.1/../../../../arm-none-eabi/lib/thumb/v6-m/nofp/libnosys.a(fstat.o)
                0x0000000008001c34                _fstat
 .text._isatty  0x0000000008001c44       0x10 /usr/share/gcc-arm-none-eabi-10-2020-q4-major/bin/../lib/gcc/arm-none-eabi/10.2.1/../../../../arm-none-eabi/lib/thumb/v6-m/nofp/libnosys.a(isatty.o)
                0x0000000008001c44                _isatty
 .text._lseek   0x0000000008001c54       0x10 /usr/share/gcc-arm-none-eabi-10-2020-q4-major/bin/../lib/gcc/arm-none-eabi/10.2.1/../../../../arm-none-eabi/lib/thumb/v6-m/nofp/libnosys.a(lseek.o)
                0x0000000008001c54                _lseek
 .text._read    0x0000000008001c64       0x10 /usr/share/gcc-arm-none-eabi-10-2020-q4-major/bin/../lib/gcc/arm-none-eabi/10.2.1/../../../../arm-none-eabi/lib/thumb/v6-m/nofp/libnosys.a(read.o)
                0x0000000008001c64                _read
 .text._sbrk    0x0000000008001c74       0x1c /usr/share/gcc-arm-none-eabi-10-2020-q4-major/bin/../lib/gcc/arm-none-eabi/10.2.1/../../../../arm-none-eabi/lib/thumb/v6-m/nofp/libnosys.a(sbrk.o)
                0x0000000008001c74                _sbrk
                0x0000000008001c90                . = ALIGN (0x4)
 *(.rodata*)
 .rodata.i2c_link_init.str1.4
                0x0000000008001c90        0x9 ./i2c_opencm3.o
 *fill*         0x0000000008001c99        0x3 
 .rodata        0x0000000008001c9c        0xc ./i2c_opencm3.o
 .rodata.main.str1.4
                0x0000000008001ca8       0x29 ./main.o
 *fill*         0x0000000008001cd1        0x3 
 .rodata.rcc_hsi_configs
                0x0000000008001cd4       0x38 ./main.o
                0x0000000008001cd4                rcc_hsi_configs
 .rodata.mpu_init.str1.4
                0x0000000008001d0c       0x1f ./mpu6050.o
 *fill*         0x0000000008001d2b        0x1 
 .rodata._global_impure_ptr
                0x0000000008001d2c        0x4 /usr/share/gcc-arm-none-eabi-10-2020-q4-major/bin/../lib/gcc/arm-none-eabi/10.2.1/../../../../arm-none-eabi/lib/thumb/v6-m/nofp/libc_nano.a(lib_a-impure.o)
                0x0000000008001d2c                _global_impure_ptr
 .rodata.__sf_fake_stderr
                0x0000000008001d30       0x20 /usr/share/gcc-arm-none-eabi-10-2020-q4-major/bin/../lib/gcc/arm-none-eabi/10.2.1/../../../../arm-none-eabi/lib/thumb/v6-m/nofp/libc_nano.a(lib_a-findfp.o)
                0x0000000008001d30                __sf_fake_stderr
 .rodata.__sf_fake_stdin
                0x0000000008001d50       0x20 /usr/share/gcc-arm-none-eabi-10-2020-q4-major/bin/../lib/gcc/arm-none-eabi/10.2.1/../../../../arm-none-eabi/lib/thumb/v6-m/nofp/libc_nano.a(lib_a-findfp.o)
                0x0000000008001d50                __sf_fake_stdin
 .rodata.__sf_fake_stdout
                0x0000000008001d70       0x20 /usr/share/gcc-arm-none-eabi-10-2020-q4-major/bin/../lib/gcc/arm-none-eabi/10.2.1/../../../../arm-none-eabi/lib/thumb/v6-m/nofp/libc_nano.a(lib_a-findfp.o)
                0x0000000008001d70                __sf_fake_stdout
 .rodata._vfprintf_r.str1.1
                0x0000000008001d90       0x11 /usr/share/gcc-arm-none-eabi-10-2020-q4-major/bin/../lib/gcc/arm-none-eabi/10.2.1/../../../../arm-none-eabi/lib/thumb/v6-m/nofp/libc_nano.a(lib_a-nano-vfprintf.o)
 .rodata._printf_i.str1.1
                0x0000000008001da1       0x22 /usr/share/gcc-arm-none-eabi-10-2020-q4-major/bin/../lib/gcc/arm-none-eabi/10.2.1/../../../../arm-none-eabi/lib/thumb/v6-m/nofp/libc_nano.a(lib_a-nano-vfprintf_i.o)
                0x0000000008001dc4                . = ALIGN (0x4)
 *fill*         0x0000000008001dc3        0x1 

.glue_7         0x0000000008001dc4        0x0
 .glue_7        0x0000000008001dc4        0x0 linker stubs

.glue_7t        0x0000000008001dc4        0x0
 .glue_7t       0x0000000008001dc4        0x0 linker stubs

.vfp11_veneer   0x0000000008001dc4        0x0
 .vfp11_veneer  0x0000000008001dc4        0x0 linker stubs

.v4_bx          0x0000000008001dc4        0x0
 .v4_bx         0x0000000008001dc4        0x0 linker stubs

.iplt           0x0000000008001dc4        0x0
 .iplt          0x0000000008001dc4        0x0 ./i2c_opencm3.o

.rel.dyn        0x0000000008001dc4        0x0
 .rel.iplt      0x0000000008001dc4        0x0 ./i2c_opencm3.o

.preinit_array  0x0000000008001dc4        0x0
                0x0000000008001dc4                . = ALIGN (0x4)
                0x0000000008001dc4                __preinit_array_start = .
 *(.preinit_array)
                0x0000000008001dc4                __preinit_array_end = .

.init_array     0x0000000008001dc4        0x0
                0x0000000008001dc4                . = ALIGN (0x4)
                0x0000000008001dc4                __init_array_start = .
 *(SORT_BY_NAME(.init_array.*))
 *(.init_array)
                0x0000000008001dc4                __init_array_end = .

.fini_array     0x0000000008001dc4        0x0
                0x0000000008001dc4                . = ALIGN (0x4)
                0x0000000008001dc4                __fini_array_start = .
 *(.fini_array)
 *(SORT_BY_NAME(.fini_array.*))
                0x0000000008001dc4                __fini_array_end = .

.ARM.extab
 *(.ARM.extab*)

.ARM.exidx      0x0000000008001dc4        0x0
                0x0000000008001dc4                __exidx_start = .
 *(.ARM.exidx*)
                0x0000000008001dc4                __exidx_end = .
                0x0000000008001dc4                . = ALIGN (0x4)
                0x0000000008001dc4                _etext = .

.noinit
 *(.noinit*)
                0x0000000008001dc4                . = ALIGN (0x4)

.data           0x0000000020000000       0x70 load address 0x0000000008001dc4
                0x0000000020000000                _data = .
 *(.data*)
 .data.rcc_ahb_frequency
                0x0000000020000000        0x4 ../../lib/libopencm3//lib/libopencm3_stm32l0.a(rcc.o)
                0x0000000020000000                rcc_ahb_frequency
 .data.rcc_apb1_frequency
                0x0000000020000004        0x4 ../../lib/libopencm3//lib/libopencm3_stm32l0.a(rcc.o)
                0x0000000020000004                rcc_apb1_frequency
 .data.rcc_apb2_frequency
                0x0000000020000008        0x4 ../../lib/libopencm3//lib/libopencm3_stm32l0.a(rcc.o)
                0x0000000020000008                rcc_apb2_frequency
 .data._impure_ptr
                0x000000002000000c        0x4 /usr/share/gcc-arm-none-eabi-10-2020-q4-major/bin/../lib/gcc/arm-none-eabi/10.2.1/../../../../arm-none-eabi/lib/thumb/v6-m/nofp/libc_nano.a(lib_a-impure.o)
                0x000000002000000c                _impure_ptr
 .data.impure_data
                0x0000000020000010       0x60 /usr/share/gcc-arm-none-eabi-10-2020-q4-major/bin/../lib/gcc/arm-none-eabi/10.2.1/../../../../arm-none-eabi/lib/thumb/v6-m/nofp/libc_nano.a(lib_a-impure.o)
 *(.ramtext*)
                0x0000000020000070                . = ALIGN (0x4)
                0x0000000020000070                _edata = .
                0x0000000008001dc4                _data_loadaddr = LOADADDR (.data)

.igot.plt       0x0000000020000070        0x0 load address 0x0000000008001e34
 .igot.plt      0x0000000020000070        0x0 ./i2c_opencm3.o

.bss            0x0000000020000070       0x14 load address 0x0000000008001e34
 *(.bss*)
 .bss.__lock___malloc_recursive_mutex
                0x0000000020000070        0x1 /usr/share/gcc-arm-none-eabi-10-2020-q4-major/bin/../lib/gcc/arm-none-eabi/10.2.1/../../../../arm-none-eabi/lib/thumb/v6-m/nofp/libc_nano.a(lib_a-lock.o)
                0x0000000020000070                __lock___malloc_recursive_mutex
 .bss.__lock___sfp_recursive_mutex
                0x0000000020000071        0x1 /usr/share/gcc-arm-none-eabi-10-2020-q4-major/bin/../lib/gcc/arm-none-eabi/10.2.1/../../../../arm-none-eabi/lib/thumb/v6-m/nofp/libc_nano.a(lib_a-lock.o)
                0x0000000020000071                __lock___sfp_recursive_mutex
 .bss.__lock___sinit_recursive_mutex
                0x0000000020000072        0x1 /usr/share/gcc-arm-none-eabi-10-2020-q4-major/bin/../lib/gcc/arm-none-eabi/10.2.1/../../../../arm-none-eabi/lib/thumb/v6-m/nofp/libc_nano.a(lib_a-lock.o)
                0x0000000020000072                __lock___sinit_recursive_mutex
 *fill*         0x0000000020000073        0x1 
 .bss.__malloc_free_list
                0x0000000020000074        0x4 /usr/share/gcc-arm-none-eabi-10-2020-q4-major/bin/../lib/gcc/arm-none-eabi/10.2.1/../../../../arm-none-eabi/lib/thumb/v6-m/nofp/libc_nano.a(lib_a-nano-mallocr.o)
                0x0000000020000074                __malloc_free_list
 .bss.__malloc_sbrk_start
                0x0000000020000078        0x4 /usr/share/gcc-arm-none-eabi-10-2020-q4-major/bin/../lib/gcc/arm-none-eabi/10.2.1/../../../../arm-none-eabi/lib/thumb/v6-m/nofp/libc_nano.a(lib_a-nano-mallocr.o)
                0x0000000020000078                __malloc_sbrk_start
 .bss.errno     0x000000002000007c        0x4 /usr/share/gcc-arm-none-eabi-10-2020-q4-major/bin/../lib/gcc/arm-none-eabi/10.2.1/../../../../arm-none-eabi/lib/thumb/v6-m/nofp/libc_nano.a(lib_a-reent.o)
                0x000000002000007c                errno
 .bss.heap_end.0
                0x0000000020000080        0x4 /usr/share/gcc-arm-none-eabi-10-2020-q4-major/bin/../lib/gcc/arm-none-eabi/10.2.1/../../../../arm-none-eabi/lib/thumb/v6-m/nofp/libnosys.a(sbrk.o)
 *(COMMON)
                0x0000000020000084                . = ALIGN (0x4)
                0x0000000020000084                _ebss = .

/DISCARD/
 *(.eh_frame)
                0x0000000020000084                . = ALIGN (0x4)
                0x0000000020000084                end = .
                0x0000000020002000                PROVIDE (_stack = (ORIGIN (ram) + LENGTH (ram)))
OUTPUT(main.elf elf32-littlearm)
LOAD linker stubs

.debug_info     0x0000000000000000     0x396f
 .debug_info    0x0000000000000000      0x746 ./i2c_opencm3.o
 .debug_info    0x0000000000000746      0x3f6 ./main.o
 .debug_info    0x0000000000000b3c      0x5f1 ./mpu6050.o
 .debug_info    0x000000000000112d      0x257 ../../lib/libopencm3//lib/libopencm3_stm32l0.a(gpio_common_f0234.o)
 .debug_info    0x0000000000001384      0xd61 ../../lib/libopencm3//lib/libopencm3_stm32l0.a(i2c_common_v2.o)
 .debug_info    0x00000000000020e5      0xc50 ../../lib/libopencm3//lib/libopencm3_stm32l0.a(rcc.o)
 .debug_info    0x0000000000002d35      0x682 ../../lib/libopencm3//lib/libopencm3_stm32l0.a(rcc_common_all.o)
 .debug_info    0x00000000000033b7      0x2dc ../../lib/libopencm3//lib/libopencm3_stm32l0.a(vector.o)
 .debug_info    0x0000000000003693      0x104 ../../lib/libopencm3//lib/libopencm3_stm32l0.a(assert.o)
 .debug_info    0x0000000000003797       0xf6 ../../lib/libopencm3//lib/libopencm3_stm32l0.a(flash_common_all.o)
 .debug_info    0x000000000000388d       0xe2 ../../lib/libopencm3//lib/libopencm3_stm32l0.a(pwr_common_v2.o)

.debug_abbrev   0x0000000000000000      0xfa7
 .debug_abbrev  0x0000000000000000      0x1ae ./i2c_opencm3.o
 .debug_abbrev  0x00000000000001ae      0x1b2 ./main.o
 .debug_abbrev  0x0000000000000360      0x1a8 ./mpu6050.o
 .debug_abbrev  0x0000000000000508       0xbf ../../lib/libopencm3//lib/libopencm3_stm32l0.a(gpio_common_f0234.o)
 .debug_abbrev  0x00000000000005c7      0x25b ../../lib/libopencm3//lib/libopencm3_stm32l0.a(i2c_common_v2.o)
 .debug_abbrev  0x0000000000000822      0x30d ../../lib/libopencm3//lib/libopencm3_stm32l0.a(rcc.o)
 .debug_abbrev  0x0000000000000b2f      0x16b ../../lib/libopencm3//lib/libopencm3_stm32l0.a(rcc_common_all.o)
 .debug_abbrev  0x0000000000000c9a      0x145 ../../lib/libopencm3//lib/libopencm3_stm32l0.a(vector.o)
 .debug_abbrev  0x0000000000000ddf       0x98 ../../lib/libopencm3//lib/libopencm3_stm32l0.a(assert.o)
 .debug_abbrev  0x0000000000000e77       0x97 ../../lib/libopencm3//lib/libopencm3_stm32l0.a(flash_common_all.o)
 .debug_abbrev  0x0000000000000f0e       0x99 ../../lib/libopencm3//lib/libopencm3_stm32l0.a(pwr_common_v2.o)

.debug_loc      0x0000000000000000     0x175d
 .debug_loc     0x0000000000000000      0x224 ./i2c_opencm3.o
 .debug_loc     0x0000000000000224       0x6f ./main.o
 .debug_loc     0x0000000000000293      0x187 ./mpu6050.o
 .debug_loc     0x000000000000041a      0x257 ../../lib/libopencm3//lib/libopencm3_stm32l0.a(gpio_common_f0234.o)
 .debug_loc     0x0000000000000671      0x633 ../../lib/libopencm3//lib/libopencm3_stm32l0.a(i2c_common_v2.o)
 .debug_loc     0x0000000000000ca4      0x827 ../../lib/libopencm3//lib/libopencm3_stm32l0.a(rcc.o)
 .debug_loc     0x00000000000014cb       0xb9 ../../lib/libopencm3//lib/libopencm3_stm32l0.a(rcc_common_all.o)
 .debug_loc     0x0000000000001584      0x11b ../../lib/libopencm3//lib/libopencm3_stm32l0.a(vector.o)
 .debug_loc     0x000000000000169f       0x94 ../../lib/libopencm3//lib/libopencm3_stm32l0.a(assert.o)
 .debug_loc     0x0000000000001733       0x15 ../../lib/libopencm3//lib/libopencm3_stm32l0.a(flash_common_all.o)
 .debug_loc     0x0000000000001748       0x15 ../../lib/libopencm3//lib/libopencm3_stm32l0.a(pwr_common_v2.o)

.debug_aranges  0x0000000000000000      0x458
 .debug_aranges
                0x0000000000000000       0x30 ./i2c_opencm3.o
 .debug_aranges
                0x0000000000000030       0x30 ./main.o
 .debug_aranges
                0x0000000000000060       0x50 ./mpu6050.o
 .debug_aranges
                0x00000000000000b0       0x30 ../../lib/libopencm3//lib/libopencm3_stm32l0.a(gpio_common_f0234.o)
 .debug_aranges
                0x00000000000000e0      0x170 ../../lib/libopencm3//lib/libopencm3_stm32l0.a(i2c_common_v2.o)
 .debug_aranges
                0x0000000000000250       0xf8 ../../lib/libopencm3//lib/libopencm3_stm32l0.a(rcc.o)
 .debug_aranges
                0x0000000000000348       0x60 ../../lib/libopencm3//lib/libopencm3_stm32l0.a(rcc_common_all.o)
 .debug_aranges
                0x00000000000003a8       0x30 ../../lib/libopencm3//lib/libopencm3_stm32l0.a(vector.o)
 .debug_aranges
                0x00000000000003d8       0x28 ../../lib/libopencm3//lib/libopencm3_stm32l0.a(assert.o)
 .debug_aranges
                0x0000000000000400       0x38 ../../lib/libopencm3//lib/libopencm3_stm32l0.a(flash_common_all.o)
 .debug_aranges
                0x0000000000000438       0x20 ../../lib/libopencm3//lib/libopencm3_stm32l0.a(pwr_common_v2.o)

.debug_ranges   0x0000000000000000      0x3f0
 .debug_ranges  0x0000000000000000       0x20 ./i2c_opencm3.o
 .debug_ranges  0x0000000000000020       0x20 ./main.o
 .debug_ranges  0x0000000000000040       0x40 ./mpu6050.o
 .debug_ranges  0x0000000000000080       0x20 ../../lib/libopencm3//lib/libopencm3_stm32l0.a(gpio_common_f0234.o)
 .debug_ranges  0x00000000000000a0      0x160 ../../lib/libopencm3//lib/libopencm3_stm32l0.a(i2c_common_v2.o)
 .debug_ranges  0x0000000000000200      0x130 ../../lib/libopencm3//lib/libopencm3_stm32l0.a(rcc.o)
 .debug_ranges  0x0000000000000330       0x50 ../../lib/libopencm3//lib/libopencm3_stm32l0.a(rcc_common_all.o)
 .debug_ranges  0x0000000000000380       0x20 ../../lib/libopencm3//lib/libopencm3_stm32l0.a(vector.o)
 .debug_ranges  0x00000000000003a0       0x18 ../../lib/libopencm3//lib/libopencm3_stm32l0.a(assert.o)
 .debug_ranges  0x00000000000003b8       0x28 ../../lib/libopencm3//lib/libopencm3_stm32l0.a(flash_common_all.o)
 .debug_ranges  0x00000000000003e0       0x10 ../../lib/libopencm3//lib/libopencm3_stm32l0.a(pwr_common_v2.o)

.debug_macro    0x0000000000000000     0x5100
 .debug_macro   0x0000000000000000      0x28f ./i2c_opencm3.o
 .debug_macro   0x000000000000028f      0xa54 ./i2c_opencm3.o
 .debug_macro   0x0000000000000ce3       0x22 ./i2c_opencm3.o
 .debug_macro   0x0000000000000d05       0x56 ./i2c_opencm3.o
 .debug_macro   0x0000000000000d5b       0x51 ./i2c_opencm3.o
 .debug_macro   0x0000000000000dac      0x103 ./i2c_opencm3.o
 .debug_macro   0x0000000000000eaf       0x6a ./i2c_opencm3.o
 .debug_macro   0x0000000000000f19      0x1df ./i2c_opencm3.o
 .debug_macro   0x00000000000010f8       0x18 ./i2c_opencm3.o
 .debug_macro   0x0000000000001110       0x52 ./i2c_opencm3.o
 .debug_macro   0x0000000000001162       0x3c ./i2c_opencm3.o
 .debug_macro   0x000000000000119e       0x34 ./i2c_opencm3.o
 .debug_macro   0x00000000000011d2       0x16 ./i2c_opencm3.o
 .debug_macro   0x00000000000011e8      0x10e ./i2c_opencm3.o
 .debug_macro   0x00000000000012f6       0x8d ./i2c_opencm3.o
 .debug_macro   0x0000000000001383       0x16 ./i2c_opencm3.o
 .debug_macro   0x0000000000001399       0x43 ./i2c_opencm3.o
 .debug_macro   0x00000000000013dc       0x34 ./i2c_opencm3.o
 .debug_macro   0x0000000000001410       0x10 ./i2c_opencm3.o
 .debug_macro   0x0000000000001420       0x58 ./i2c_opencm3.o
 .debug_macro   0x0000000000001478       0x71 ./i2c_opencm3.o
 .debug_macro   0x00000000000014e9       0x1c ./i2c_opencm3.o
 .debug_macro   0x0000000000001505      0x12a ./i2c_opencm3.o
 .debug_macro   0x000000000000162f      0x333 ./i2c_opencm3.o
 .debug_macro   0x0000000000001962       0x22 ./i2c_opencm3.o
 .debug_macro   0x0000000000001984       0x1c ./i2c_opencm3.o
 .debug_macro   0x00000000000019a0       0x22 ./i2c_opencm3.o
 .debug_macro   0x00000000000019c2       0xe8 ./i2c_opencm3.o
 .debug_macro   0x0000000000001aaa       0x52 ./i2c_opencm3.o
 .debug_macro   0x0000000000001afc      0x166 ./i2c_opencm3.o
 .debug_macro   0x0000000000001c62      0x39c ./i2c_opencm3.o
 .debug_macro   0x0000000000001ffe       0x8e ./i2c_opencm3.o
 .debug_macro   0x000000000000208c       0x58 ./i2c_opencm3.o
 .debug_macro   0x00000000000020e4      0x942 ./i2c_opencm3.o
 .debug_macro   0x0000000000002a26       0x76 ./i2c_opencm3.o
 .debug_macro   0x0000000000002a9c      0x37e ./i2c_opencm3.o
 .debug_macro   0x0000000000002e1a       0xca ./i2c_opencm3.o
 .debug_macro   0x0000000000002ee4       0x46 ./i2c_opencm3.o
 .debug_macro   0x0000000000002f2a       0x16 ./i2c_opencm3.o
 .debug_macro   0x0000000000002f40       0x35 ./i2c_opencm3.o
 .debug_macro   0x0000000000002f75       0x1c ./i2c_opencm3.o
 .debug_macro   0x0000000000002f91       0x10 ./i2c_opencm3.o
 .debug_macro   0x0000000000002fa1       0xbe ./i2c_opencm3.o
 .debug_macro   0x000000000000305f       0x16 ./i2c_opencm3.o
 .debug_macro   0x0000000000003075      0x114 ./i2c_opencm3.o
 .debug_macro   0x0000000000003189      0x299 ./main.o
 .debug_macro   0x0000000000003422       0x82 ./main.o
 .debug_macro   0x00000000000034a4       0x10 ./main.o
 .debug_macro   0x00000000000034b4      0x241 ./main.o
 .debug_macro   0x00000000000036f5      0x100 ./main.o
 .debug_macro   0x00000000000037f5      0x1b1 ./mpu6050.o
 .debug_macro   0x00000000000039a6       0xd6 ../../lib/libopencm3//lib/libopencm3_stm32l0.a(gpio_common_f0234.o)
 .debug_macro   0x0000000000003a7c      0xa42 ../../lib/libopencm3//lib/libopencm3_stm32l0.a(gpio_common_f0234.o)
 .debug_macro   0x00000000000044be       0x56 ../../lib/libopencm3//lib/libopencm3_stm32l0.a(gpio_common_f0234.o)
 .debug_macro   0x0000000000004514      0x106 ../../lib/libopencm3//lib/libopencm3_stm32l0.a(i2c_common_v2.o)
 .debug_macro   0x000000000000461a      0x16d ../../lib/libopencm3//lib/libopencm3_stm32l0.a(i2c_common_v2.o)
 .debug_macro   0x0000000000004787      0x113 ../../lib/libopencm3//lib/libopencm3_stm32l0.a(rcc.o)
 .debug_macro   0x000000000000489a       0x16 ../../lib/libopencm3//lib/libopencm3_stm32l0.a(rcc.o)
 .debug_macro   0x00000000000048b0      0x166 ../../lib/libopencm3//lib/libopencm3_stm32l0.a(rcc.o)
 .debug_macro   0x0000000000004a16       0x46 ../../lib/libopencm3//lib/libopencm3_stm32l0.a(rcc.o)
 .debug_macro   0x0000000000004a5c       0xfa ../../lib/libopencm3//lib/libopencm3_stm32l0.a(rcc_common_all.o)
 .debug_macro   0x0000000000004b56       0xcf ../../lib/libopencm3//lib/libopencm3_stm32l0.a(vector.o)
 .debug_macro   0x0000000000004c25      0x19f ../../lib/libopencm3//lib/libopencm3_stm32l0.a(vector.o)
 .debug_macro   0x0000000000004dc4       0x49 ../../lib/libopencm3//lib/libopencm3_stm32l0.a(vector.o)
 .debug_macro   0x0000000000004e0d       0xca ../../lib/libopencm3//lib/libopencm3_stm32l0.a(vector.o)
 .debug_macro   0x0000000000004ed7       0x89 ../../lib/libopencm3//lib/libopencm3_stm32l0.a(assert.o)
 .debug_macro   0x0000000000004f60       0xbc ../../lib/libopencm3//lib/libopencm3_stm32l0.a(flash_common_all.o)
 .debug_macro   0x000000000000501c       0xe4 ../../lib/libopencm3//lib/libopencm3_stm32l0.a(pwr_common_v2.o)

.debug_line     0x0000000000000000     0x3e7b
 .debug_line    0x0000000000000000      0x5c1 ./i2c_opencm3.o
 .debug_line    0x00000000000005c1      0x591 ./main.o
 .debug_line    0x0000000000000b52      0x5af ./mpu6050.o
 .debug_line    0x0000000000001101      0x516 ../../lib/libopencm3//lib/libopencm3_stm32l0.a(gpio_common_f0234.o)
 .debug_line    0x0000000000001617      0xab2 ../../lib/libopencm3//lib/libopencm3_stm32l0.a(i2c_common_v2.o)
 .debug_line    0x00000000000020c9      0xb83 ../../lib/libopencm3//lib/libopencm3_stm32l0.a(rcc.o)
 .debug_line    0x0000000000002c4c      0x4a8 ../../lib/libopencm3//lib/libopencm3_stm32l0.a(rcc_common_all.o)
 .debug_line    0x00000000000030f4      0x458 ../../lib/libopencm3//lib/libopencm3_stm32l0.a(vector.o)
 .debug_line    0x000000000000354c      0x24c ../../lib/libopencm3//lib/libopencm3_stm32l0.a(assert.o)
 .debug_line    0x0000000000003798      0x38e ../../lib/libopencm3//lib/libopencm3_stm32l0.a(flash_common_all.o)
 .debug_line    0x0000000000003b26      0x355 ../../lib/libopencm3//lib/libopencm3_stm32l0.a(pwr_common_v2.o)

.debug_str      0x0000000000000000    0x104ab
 .debug_str     0x0000000000000000     0xd2d8 ./i2c_opencm3.o
                                       0xd511 (size before relaxing)
 .debug_str     0x000000000000d2d8      0x8dc ./main.o
                                       0xc9b9 (size before relaxing)
 .debug_str     0x000000000000dbb4       0xee ./mpu6050.o
                                       0x7715 (size before relaxing)
 .debug_str     0x000000000000dca2      0x197 ../../lib/libopencm3//lib/libopencm3_stm32l0.a(gpio_common_f0234.o)
                                       0x5e3e (size before relaxing)
 .debug_str     0x000000000000de39      0x4bb ../../lib/libopencm3//lib/libopencm3_stm32l0.a(i2c_common_v2.o)
                                       0x8bae (size before relaxing)
 .debug_str     0x000000000000e2f4      0xd21 ../../lib/libopencm3//lib/libopencm3_stm32l0.a(rcc.o)
                                       0x84b3 (size before relaxing)
 .debug_str     0x000000000000f015      0x170 ../../lib/libopencm3//lib/libopencm3_stm32l0.a(rcc_common_all.o)
                                       0x79c0 (size before relaxing)
 .debug_str     0x000000000000f185     0x127b ../../lib/libopencm3//lib/libopencm3_stm32l0.a(vector.o)
                                       0x5202 (size before relaxing)
 .debug_str     0x0000000000010400       0x43 ../../lib/libopencm3//lib/libopencm3_stm32l0.a(assert.o)
                                       0x3f26 (size before relaxing)
 .debug_str     0x0000000000010443       0x4e ../../lib/libopencm3//lib/libopencm3_stm32l0.a(flash_common_all.o)
                                       0x524c (size before relaxing)
 .debug_str     0x0000000000010491       0x1a ../../lib/libopencm3//lib/libopencm3_stm32l0.a(pwr_common_v2.o)
                                       0x7391 (size before relaxing)

.comment        0x0000000000000000       0x4d
 .comment       0x0000000000000000       0x4d ./i2c_opencm3.o
                                         0x4e (size before relaxing)
 .comment       0x000000000000004d       0x4e ./main.o
 .comment       0x000000000000004d       0x4e ./mpu6050.o
 .comment       0x000000000000004d       0x4e ../../lib/libopencm3//lib/libopencm3_stm32l0.a(gpio_common_f0234.o)
 .comment       0x000000000000004d       0x4e ../../lib/libopencm3//lib/libopencm3_stm32l0.a(i2c_common_v2.o)
 .comment       0x000000000000004d       0x4e ../../lib/libopencm3//lib/libopencm3_stm32l0.a(rcc.o)
 .comment       0x000000000000004d       0x4e ../../lib/libopencm3//lib/libopencm3_stm32l0.a(rcc_common_all.o)
 .comment       0x000000000000004d       0x4e ../../lib/libopencm3//lib/libopencm3_stm32l0.a(vector.o)
 .comment       0x000000000000004d       0x4e ../../lib/libopencm3//lib/libopencm3_stm32l0.a(assert.o)
 .comment       0x000000000000004d       0x4e ../../lib/libopencm3//lib/libopencm3_stm32l0.a(flash_common_all.o)
 .comment       0x000000000000004d       0x4e ../../lib/libopencm3//lib/libopencm3_stm32l0.a(pwr_common_v2.o)

.ARM.attributes
                0x0000000000000000       0x2c
 .ARM.attributes
                0x0000000000000000       0x2c ./i2c_opencm3.o
 .ARM.attributes
                0x000000000000002c       0x2c ./main.o
 .ARM.attributes
                0x0000000000000058       0x2c ./mpu6050.o
 .ARM.attributes
                0x0000000000000084       0x2c ../../lib/libopencm3//lib/libopencm3_stm32l0.a(gpio_common_f0234.o)
 .ARM.attributes
                0x00000000000000b0       0x2c ../../lib/libopencm3//lib/libopencm3_stm32l0.a(i2c_common_v2.o)
 .ARM.attributes
                0x00000000000000dc       0x2c ../../lib/libopencm3//lib/libopencm3_stm32l0.a(rcc.o)
 .ARM.attributes
                0x0000000000000108       0x2c ../../lib/libopencm3//lib/libopencm3_stm32l0.a(rcc_common_all.o)
 .ARM.attributes
                0x0000000000000134       0x2c ../../lib/libopencm3//lib/libopencm3_stm32l0.a(vector.o)
 .ARM.attributes
                0x0000000000000160       0x2c ../../lib/libopencm3//lib/libopencm3_stm32l0.a(assert.o)
 .ARM.attributes
                0x000000000000018c       0x2c ../../lib/libopencm3//lib/libopencm3_stm32l0.a(flash_common_all.o)
 .ARM.attributes
                0x00000000000001b8       0x2c ../../lib/libopencm3//lib/libopencm3_stm32l0.a(pwr_common_v2.o)
 .ARM.attributes
                0x00000000000001e4       0x2c /usr/share/gcc-arm-none-eabi-10-2020-q4-major/bin/../lib/gcc/arm-none-eabi/10.2.1/../../../../arm-none-eabi/lib/thumb/v6-m/nofp/libc_nano.a(lib_a-errno.o)
 .ARM.attributes
                0x0000000000000210       0x2c /usr/share/gcc-arm-none-eabi-10-2020-q4-major/bin/../lib/gcc/arm-none-eabi/10.2.1/../../../../arm-none-eabi/lib/thumb/v6-m/nofp/libc_nano.a(lib_a-impure.o)
 .ARM.attributes
                0x000000000000023c       0x2c /usr/share/gcc-arm-none-eabi-10-2020-q4-major/bin/../lib/gcc/arm-none-eabi/10.2.1/../../../../arm-none-eabi/lib/thumb/v6-m/nofp/libc_nano.a(lib_a-memcpy-stub.o)
 .ARM.attributes
                0x0000000000000268       0x2c /usr/share/gcc-arm-none-eabi-10-2020-q4-major/bin/../lib/gcc/arm-none-eabi/10.2.1/../../../../arm-none-eabi/lib/thumb/v6-m/nofp/libc_nano.a(lib_a-printf.o)
 .ARM.attributes
                0x0000000000000294       0x2c /usr/share/gcc-arm-none-eabi-10-2020-q4-major/bin/../lib/gcc/arm-none-eabi/10.2.1/../../../../arm-none-eabi/lib/thumb/v6-m/nofp/libc_nano.a(lib_a-puts.o)
 .ARM.attributes
                0x00000000000002c0       0x2c /usr/share/gcc-arm-none-eabi-10-2020-q4-major/bin/../lib/gcc/arm-none-eabi/10.2.1/../../../../arm-none-eabi/lib/thumb/v6-m/nofp/libc_nano.a(lib_a-wbuf.o)
 .ARM.attributes
                0x00000000000002ec       0x2c /usr/share/gcc-arm-none-eabi-10-2020-q4-major/bin/../lib/gcc/arm-none-eabi/10.2.1/../../../../arm-none-eabi/lib/thumb/v6-m/nofp/libc_nano.a(lib_a-wsetup.o)
 .ARM.attributes
                0x0000000000000318       0x2c /usr/share/gcc-arm-none-eabi-10-2020-q4-major/bin/../lib/gcc/arm-none-eabi/10.2.1/../../../../arm-none-eabi/lib/thumb/v6-m/nofp/libc_nano.a(lib_a-fflush.o)
 .ARM.attributes
                0x0000000000000344       0x2c /usr/share/gcc-arm-none-eabi-10-2020-q4-major/bin/../lib/gcc/arm-none-eabi/10.2.1/../../../../arm-none-eabi/lib/thumb/v6-m/nofp/libc_nano.a(lib_a-findfp.o)
 .ARM.attributes
                0x0000000000000370       0x2c /usr/share/gcc-arm-none-eabi-10-2020-q4-major/bin/../lib/gcc/arm-none-eabi/10.2.1/../../../../arm-none-eabi/lib/thumb/v6-m/nofp/libc_nano.a(lib_a-fwalk.o)
 .ARM.attributes
                0x000000000000039c       0x2c /usr/share/gcc-arm-none-eabi-10-2020-q4-major/bin/../lib/gcc/arm-none-eabi/10.2.1/../../../../arm-none-eabi/lib/thumb/v6-m/nofp/libc_nano.a(lib_a-lock.o)
 .ARM.attributes
                0x00000000000003c8       0x2c /usr/share/gcc-arm-none-eabi-10-2020-q4-major/bin/../lib/gcc/arm-none-eabi/10.2.1/../../../../arm-none-eabi/lib/thumb/v6-m/nofp/libc_nano.a(lib_a-makebuf.o)
 .ARM.attributes
                0x00000000000003f4       0x2c /usr/share/gcc-arm-none-eabi-10-2020-q4-major/bin/../lib/gcc/arm-none-eabi/10.2.1/../../../../arm-none-eabi/lib/thumb/v6-m/nofp/libc_nano.a(lib_a-memset.o)
 .ARM.attributes
                0x0000000000000420       0x2c /usr/share/gcc-arm-none-eabi-10-2020-q4-major/bin/../lib/gcc/arm-none-eabi/10.2.1/../../../../arm-none-eabi/lib/thumb/v6-m/nofp/libc_nano.a(lib_a-nano-freer.o)
 .ARM.attributes
                0x000000000000044c       0x2c /usr/share/gcc-arm-none-eabi-10-2020-q4-major/bin/../lib/gcc/arm-none-eabi/10.2.1/../../../../arm-none-eabi/lib/thumb/v6-m/nofp/libc_nano.a(lib_a-nano-mallocr.o)
 .ARM.attributes
                0x0000000000000478       0x2c /usr/share/gcc-arm-none-eabi-10-2020-q4-major/bin/../lib/gcc/arm-none-eabi/10.2.1/../../../../arm-none-eabi/lib/thumb/v6-m/nofp/libc_nano.a(lib_a-nano-vfprintf.o)
 .ARM.attributes
                0x00000000000004a4       0x2c /usr/share/gcc-arm-none-eabi-10-2020-q4-major/bin/../lib/gcc/arm-none-eabi/10.2.1/../../../../arm-none-eabi/lib/thumb/v6-m/nofp/libc_nano.a(lib_a-nano-vfprintf_i.o)
 .ARM.attributes
                0x00000000000004d0       0x2c /usr/share/gcc-arm-none-eabi-10-2020-q4-major/bin/../lib/gcc/arm-none-eabi/10.2.1/../../../../arm-none-eabi/lib/thumb/v6-m/nofp/libc_nano.a(lib_a-sbrkr.o)
 .ARM.attributes
                0x00000000000004fc       0x2c /usr/share/gcc-arm-none-eabi-10-2020-q4-major/bin/../lib/gcc/arm-none-eabi/10.2.1/../../../../arm-none-eabi/lib/thumb/v6-m/nofp/libc_nano.a(lib_a-stdio.o)
 .ARM.attributes
                0x0000000000000528       0x2c /usr/share/gcc-arm-none-eabi-10-2020-q4-major/bin/../lib/gcc/arm-none-eabi/10.2.1/../../../../arm-none-eabi/lib/thumb/v6-m/nofp/libc_nano.a(lib_a-writer.o)
 .ARM.attributes
                0x0000000000000554       0x2c /usr/share/gcc-arm-none-eabi-10-2020-q4-major/bin/../lib/gcc/arm-none-eabi/10.2.1/../../../../arm-none-eabi/lib/thumb/v6-m/nofp/libc_nano.a(lib_a-closer.o)
 .ARM.attributes
                0x0000000000000580       0x2c /usr/share/gcc-arm-none-eabi-10-2020-q4-major/bin/../lib/gcc/arm-none-eabi/10.2.1/../../../../arm-none-eabi/lib/thumb/v6-m/nofp/libc_nano.a(lib_a-fstatr.o)
 .ARM.attributes
                0x00000000000005ac       0x2c /usr/share/gcc-arm-none-eabi-10-2020-q4-major/bin/../lib/gcc/arm-none-eabi/10.2.1/../../../../arm-none-eabi/lib/thumb/v6-m/nofp/libc_nano.a(lib_a-isattyr.o)
 .ARM.attributes
                0x00000000000005d8       0x2c /usr/share/gcc-arm-none-eabi-10-2020-q4-major/bin/../lib/gcc/arm-none-eabi/10.2.1/../../../../arm-none-eabi/lib/thumb/v6-m/nofp/libc_nano.a(lib_a-lseekr.o)
 .ARM.attributes
                0x0000000000000604       0x2c /usr/share/gcc-arm-none-eabi-10-2020-q4-major/bin/../lib/gcc/arm-none-eabi/10.2.1/../../../../arm-none-eabi/lib/thumb/v6-m/nofp/libc_nano.a(lib_a-memchr-stub.o)
 .ARM.attributes
                0x0000000000000630       0x2c /usr/share/gcc-arm-none-eabi-10-2020-q4-major/bin/../lib/gcc/arm-none-eabi/10.2.1/../../../../arm-none-eabi/lib/thumb/v6-m/nofp/libc_nano.a(lib_a-mlock.o)
 .ARM.attributes
                0x000000000000065c       0x2c /usr/share/gcc-arm-none-eabi-10-2020-q4-major/bin/../lib/gcc/arm-none-eabi/10.2.1/../../../../arm-none-eabi/lib/thumb/v6-m/nofp/libc_nano.a(lib_a-readr.o)
 .ARM.attributes
                0x0000000000000688       0x2c /usr/share/gcc-arm-none-eabi-10-2020-q4-major/bin/../lib/gcc/arm-none-eabi/10.2.1/../../../../arm-none-eabi/lib/thumb/v6-m/nofp/libc_nano.a(lib_a-reent.o)
 .ARM.attributes
                0x00000000000006b4       0x1e /usr/share/gcc-arm-none-eabi-10-2020-q4-major/bin/../lib/gcc/arm-none-eabi/10.2.1/thumb/v6-m/nofp/libgcc.a(_thumb1_case_uqi.o)
 .ARM.attributes
                0x00000000000006d2       0x1e /usr/share/gcc-arm-none-eabi-10-2020-q4-major/bin/../lib/gcc/arm-none-eabi/10.2.1/thumb/v6-m/nofp/libgcc.a(_thumb1_case_shi.o)
 .ARM.attributes
                0x00000000000006f0       0x1e /usr/share/gcc-arm-none-eabi-10-2020-q4-major/bin/../lib/gcc/arm-none-eabi/10.2.1/thumb/v6-m/nofp/libgcc.a(_udivsi3.o)
 .ARM.attributes
                0x000000000000070e       0x1e /usr/share/gcc-arm-none-eabi-10-2020-q4-major/bin/../lib/gcc/arm-none-eabi/10.2.1/thumb/v6-m/nofp/libgcc.a(_dvmd_tls.o)
 .ARM.attributes
                0x000000000000072c       0x2c /usr/share/gcc-arm-none-eabi-10-2020-q4-major/bin/../lib/gcc/arm-none-eabi/10.2.1/../../../../arm-none-eabi/lib/thumb/v6-m/nofp/libnosys.a(close.o)
 .ARM.attributes
                0x0000000000000758       0x2c /usr/share/gcc-arm-none-eabi-10-2020-q4-major/bin/../lib/gcc/arm-none-eabi/10.2.1/../../../../arm-none-eabi/lib/thumb/v6-m/nofp/libnosys.a(fstat.o)
 .ARM.attributes
                0x0000000000000784       0x2c /usr/share/gcc-arm-none-eabi-10-2020-q4-major/bin/../lib/gcc/arm-none-eabi/10.2.1/../../../../arm-none-eabi/lib/thumb/v6-m/nofp/libnosys.a(isatty.o)
 .ARM.attributes
                0x00000000000007b0       0x2c /usr/share/gcc-arm-none-eabi-10-2020-q4-major/bin/../lib/gcc/arm-none-eabi/10.2.1/../../../../arm-none-eabi/lib/thumb/v6-m/nofp/libnosys.a(lseek.o)
 .ARM.attributes
                0x00000000000007dc       0x2c /usr/share/gcc-arm-none-eabi-10-2020-q4-major/bin/../lib/gcc/arm-none-eabi/10.2.1/../../../../arm-none-eabi/lib/thumb/v6-m/nofp/libnosys.a(read.o)
 .ARM.attributes
                0x0000000000000808       0x2c /usr/share/gcc-arm-none-eabi-10-2020-q4-major/bin/../lib/gcc/arm-none-eabi/10.2.1/../../../../arm-none-eabi/lib/thumb/v6-m/nofp/libnosys.a(sbrk.o)

.debug_frame    0x0000000000000000     0x1284
 .debug_frame   0x0000000000000000       0x70 ./i2c_opencm3.o
 .debug_frame   0x0000000000000070       0x58 ./main.o
 .debug_frame   0x00000000000000c8       0xe8 ./mpu6050.o
 .debug_frame   0x00000000000001b0       0x78 ../../lib/libopencm3//lib/libopencm3_stm32l0.a(gpio_common_f0234.o)
 .debug_frame   0x0000000000000228      0x2e4 ../../lib/libopencm3//lib/libopencm3_stm32l0.a(i2c_common_v2.o)
 .debug_frame   0x000000000000050c      0x25c ../../lib/libopencm3//lib/libopencm3_stm32l0.a(rcc.o)
 .debug_frame   0x0000000000000768       0xf0 ../../lib/libopencm3//lib/libopencm3_stm32l0.a(rcc_common_all.o)
 .debug_frame   0x0000000000000858       0x48 ../../lib/libopencm3//lib/libopencm3_stm32l0.a(vector.o)
 .debug_frame   0x00000000000008a0       0x38 ../../lib/libopencm3//lib/libopencm3_stm32l0.a(assert.o)
 .debug_frame   0x00000000000008d8       0x50 ../../lib/libopencm3//lib/libopencm3_stm32l0.a(flash_common_all.o)
 .debug_frame   0x0000000000000928       0x20 ../../lib/libopencm3//lib/libopencm3_stm32l0.a(pwr_common_v2.o)
 .debug_frame   0x0000000000000948       0x20 /usr/share/gcc-arm-none-eabi-10-2020-q4-major/bin/../lib/gcc/arm-none-eabi/10.2.1/../../../../arm-none-eabi/lib/thumb/v6-m/nofp/libc_nano.a(lib_a-errno.o)
 .debug_frame   0x0000000000000968       0x28 /usr/share/gcc-arm-none-eabi-10-2020-q4-major/bin/../lib/gcc/arm-none-eabi/10.2.1/../../../../arm-none-eabi/lib/thumb/v6-m/nofp/libc_nano.a(lib_a-memcpy-stub.o)
 .debug_frame   0x0000000000000990       0x50 /usr/share/gcc-arm-none-eabi-10-2020-q4-major/bin/../lib/gcc/arm-none-eabi/10.2.1/../../../../arm-none-eabi/lib/thumb/v6-m/nofp/libc_nano.a(lib_a-printf.o)
 .debug_frame   0x00000000000009e0       0x44 /usr/share/gcc-arm-none-eabi-10-2020-q4-major/bin/../lib/gcc/arm-none-eabi/10.2.1/../../../../arm-none-eabi/lib/thumb/v6-m/nofp/libc_nano.a(lib_a-puts.o)
 .debug_frame   0x0000000000000a24       0x48 /usr/share/gcc-arm-none-eabi-10-2020-q4-major/bin/../lib/gcc/arm-none-eabi/10.2.1/../../../../arm-none-eabi/lib/thumb/v6-m/nofp/libc_nano.a(lib_a-wbuf.o)
 .debug_frame   0x0000000000000a6c       0x2c /usr/share/gcc-arm-none-eabi-10-2020-q4-major/bin/../lib/gcc/arm-none-eabi/10.2.1/../../../../arm-none-eabi/lib/thumb/v6-m/nofp/libc_nano.a(lib_a-wsetup.o)
 .debug_frame   0x0000000000000a98       0x68 /usr/share/gcc-arm-none-eabi-10-2020-q4-major/bin/../lib/gcc/arm-none-eabi/10.2.1/../../../../arm-none-eabi/lib/thumb/v6-m/nofp/libc_nano.a(lib_a-fflush.o)
 .debug_frame   0x0000000000000b00      0x170 /usr/share/gcc-arm-none-eabi-10-2020-q4-major/bin/../lib/gcc/arm-none-eabi/10.2.1/../../../../arm-none-eabi/lib/thumb/v6-m/nofp/libc_nano.a(lib_a-findfp.o)
 .debug_frame   0x0000000000000c70       0x58 /usr/share/gcc-arm-none-eabi-10-2020-q4-major/bin/../lib/gcc/arm-none-eabi/10.2.1/../../../../arm-none-eabi/lib/thumb/v6-m/nofp/libc_nano.a(lib_a-fwalk.o)
 .debug_frame   0x0000000000000cc8       0xb0 /usr/share/gcc-arm-none-eabi-10-2020-q4-major/bin/../lib/gcc/arm-none-eabi/10.2.1/../../../../arm-none-eabi/lib/thumb/v6-m/nofp/libc_nano.a(lib_a-lock.o)
 .debug_frame   0x0000000000000d78       0x54 /usr/share/gcc-arm-none-eabi-10-2020-q4-major/bin/../lib/gcc/arm-none-eabi/10.2.1/../../../../arm-none-eabi/lib/thumb/v6-m/nofp/libc_nano.a(lib_a-makebuf.o)
 .debug_frame   0x0000000000000dcc       0x20 /usr/share/gcc-arm-none-eabi-10-2020-q4-major/bin/../lib/gcc/arm-none-eabi/10.2.1/../../../../arm-none-eabi/lib/thumb/v6-m/nofp/libc_nano.a(lib_a-memset.o)
 .debug_frame   0x0000000000000dec       0x2c /usr/share/gcc-arm-none-eabi-10-2020-q4-major/bin/../lib/gcc/arm-none-eabi/10.2.1/../../../../arm-none-eabi/lib/thumb/v6-m/nofp/libc_nano.a(lib_a-nano-freer.o)
 .debug_frame   0x0000000000000e18       0x30 /usr/share/gcc-arm-none-eabi-10-2020-q4-major/bin/../lib/gcc/arm-none-eabi/10.2.1/../../../../arm-none-eabi/lib/thumb/v6-m/nofp/libc_nano.a(lib_a-nano-mallocr.o)
 .debug_frame   0x0000000000000e48       0x9c /usr/share/gcc-arm-none-eabi-10-2020-q4-major/bin/../lib/gcc/arm-none-eabi/10.2.1/../../../../arm-none-eabi/lib/thumb/v6-m/nofp/libc_nano.a(lib_a-nano-vfprintf.o)
 .debug_frame   0x0000000000000ee4       0x54 /usr/share/gcc-arm-none-eabi-10-2020-q4-major/bin/../lib/gcc/arm-none-eabi/10.2.1/../../../../arm-none-eabi/lib/thumb/v6-m/nofp/libc_nano.a(lib_a-nano-vfprintf_i.o)
 .debug_frame   0x0000000000000f38       0x2c /usr/share/gcc-arm-none-eabi-10-2020-q4-major/bin/../lib/gcc/arm-none-eabi/10.2.1/../../../../arm-none-eabi/lib/thumb/v6-m/nofp/libc_nano.a(lib_a-sbrkr.o)
 .debug_frame   0x0000000000000f64       0x90 /usr/share/gcc-arm-none-eabi-10-2020-q4-major/bin/../lib/gcc/arm-none-eabi/10.2.1/../../../../arm-none-eabi/lib/thumb/v6-m/nofp/libc_nano.a(lib_a-stdio.o)
 .debug_frame   0x0000000000000ff4       0x2c /usr/share/gcc-arm-none-eabi-10-2020-q4-major/bin/../lib/gcc/arm-none-eabi/10.2.1/../../../../arm-none-eabi/lib/thumb/v6-m/nofp/libc_nano.a(lib_a-writer.o)
 .debug_frame   0x0000000000001020       0x2c /usr/share/gcc-arm-none-eabi-10-2020-q4-major/bin/../lib/gcc/arm-none-eabi/10.2.1/../../../../arm-none-eabi/lib/thumb/v6-m/nofp/libc_nano.a(lib_a-closer.o)
 .debug_frame   0x000000000000104c       0x2c /usr/share/gcc-arm-none-eabi-10-2020-q4-major/bin/../lib/gcc/arm-none-eabi/10.2.1/../../../../arm-none-eabi/lib/thumb/v6-m/nofp/libc_nano.a(lib_a-fstatr.o)
 .debug_frame   0x0000000000001078       0x2c /usr/share/gcc-arm-none-eabi-10-2020-q4-major/bin/../lib/gcc/arm-none-eabi/10.2.1/../../../../arm-none-eabi/lib/thumb/v6-m/nofp/libc_nano.a(lib_a-isattyr.o)
 .debug_frame   0x00000000000010a4       0x2c /usr/share/gcc-arm-none-eabi-10-2020-q4-major/bin/../lib/gcc/arm-none-eabi/10.2.1/../../../../arm-none-eabi/lib/thumb/v6-m/nofp/libc_nano.a(lib_a-lseekr.o)
 .debug_frame   0x00000000000010d0       0x20 /usr/share/gcc-arm-none-eabi-10-2020-q4-major/bin/../lib/gcc/arm-none-eabi/10.2.1/../../../../arm-none-eabi/lib/thumb/v6-m/nofp/libc_nano.a(lib_a-memchr-stub.o)
 .debug_frame   0x00000000000010f0       0x40 /usr/share/gcc-arm-none-eabi-10-2020-q4-major/bin/../lib/gcc/arm-none-eabi/10.2.1/../../../../arm-none-eabi/lib/thumb/v6-m/nofp/libc_nano.a(lib_a-mlock.o)
 .debug_frame   0x0000000000001130       0x2c /usr/share/gcc-arm-none-eabi-10-2020-q4-major/bin/../lib/gcc/arm-none-eabi/10.2.1/../../../../arm-none-eabi/lib/thumb/v6-m/nofp/libc_nano.a(lib_a-readr.o)
 .debug_frame   0x000000000000115c       0x48 /usr/share/gcc-arm-none-eabi-10-2020-q4-major/bin/../lib/gcc/arm-none-eabi/10.2.1/../../../../arm-none-eabi/lib/thumb/v6-m/nofp/libc_nano.a(lib_a-reent.o)
 .debug_frame   0x00000000000011a4       0x20 /usr/share/gcc-arm-none-eabi-10-2020-q4-major/bin/../lib/gcc/arm-none-eabi/10.2.1/thumb/v6-m/nofp/libgcc.a(_udivsi3.o)
 .debug_frame   0x00000000000011c4       0x20 /usr/share/gcc-arm-none-eabi-10-2020-q4-major/bin/../lib/gcc/arm-none-eabi/10.2.1/../../../../arm-none-eabi/lib/thumb/v6-m/nofp/libnosys.a(close.o)
 .debug_frame   0x00000000000011e4       0x20 /usr/share/gcc-arm-none-eabi-10-2020-q4-major/bin/../lib/gcc/arm-none-eabi/10.2.1/../../../../arm-none-eabi/lib/thumb/v6-m/nofp/libnosys.a(fstat.o)
 .debug_frame   0x0000000000001204       0x20 /usr/share/gcc-arm-none-eabi-10-2020-q4-major/bin/../lib/gcc/arm-none-eabi/10.2.1/../../../../arm-none-eabi/lib/thumb/v6-m/nofp/libnosys.a(isatty.o)
 .debug_frame   0x0000000000001224       0x20 /usr/share/gcc-arm-none-eabi-10-2020-q4-major/bin/../lib/gcc/arm-none-eabi/10.2.1/../../../../arm-none-eabi/lib/thumb/v6-m/nofp/libnosys.a(lseek.o)
 .debug_frame   0x0000000000001244       0x20 /usr/share/gcc-arm-none-eabi-10-2020-q4-major/bin/../lib/gcc/arm-none-eabi/10.2.1/../../../../arm-none-eabi/lib/thumb/v6-m/nofp/libnosys.a(read.o)
 .debug_frame   0x0000000000001264       0x20 /usr/share/gcc-arm-none-eabi-10-2020-q4-major/bin/../lib/gcc/arm-none-eabi/10.2.1/../../../../arm-none-eabi/lib/thumb/v6-m/nofp/libnosys.a(sbrk.o)

.stab           0x0000000000000000       0x84
 .stab          0x0000000000000000       0x24 /usr/share/gcc-arm-none-eabi-10-2020-q4-major/bin/../lib/gcc/arm-none-eabi/10.2.1/../../../../arm-none-eabi/lib/thumb/v6-m/nofp/libnosys.a(close.o)
 .stab          0x0000000000000024       0x18 /usr/share/gcc-arm-none-eabi-10-2020-q4-major/bin/../lib/gcc/arm-none-eabi/10.2.1/../../../../arm-none-eabi/lib/thumb/v6-m/nofp/libnosys.a(fstat.o)
                                         0x24 (size before relaxing)
 .stab          0x000000000000003c       0x18 /usr/share/gcc-arm-none-eabi-10-2020-q4-major/bin/../lib/gcc/arm-none-eabi/10.2.1/../../../../arm-none-eabi/lib/thumb/v6-m/nofp/libnosys.a(isatty.o)
                                         0x24 (size before relaxing)
 .stab          0x0000000000000054       0x18 /usr/share/gcc-arm-none-eabi-10-2020-q4-major/bin/../lib/gcc/arm-none-eabi/10.2.1/../../../../arm-none-eabi/lib/thumb/v6-m/nofp/libnosys.a(lseek.o)
                                         0x24 (size before relaxing)
 .stab          0x000000000000006c       0x18 /usr/share/gcc-arm-none-eabi-10-2020-q4-major/bin/../lib/gcc/arm-none-eabi/10.2.1/../../../../arm-none-eabi/lib/thumb/v6-m/nofp/libnosys.a(read.o)
                                         0x24 (size before relaxing)

.stabstr        0x0000000000000000      0x117
 .stabstr       0x0000000000000000      0x117 /usr/share/gcc-arm-none-eabi-10-2020-q4-major/bin/../lib/gcc/arm-none-eabi/10.2.1/../../../../arm-none-eabi/lib/thumb/v6-m/nofp/libnosys.a(close.o)

Cross Reference Table

Symbol                                            File
__aeabi_idiv                                      /usr/share/gcc-arm-none-eabi-10-2020-q4-major/bin/../lib/gcc/arm-none-eabi/10.2.1/thumb/v6-m/nofp/libgcc.a(_divsi3.o)
                                                  /usr/share/gcc-arm-none-eabi-10-2020-q4-major/bin/../lib/gcc/arm-none-eabi/10.2.1/../../../../arm-none-eabi/lib/thumb/v6-m/nofp/libc_nano.a(lib_a-fvwrite.o)
__aeabi_idiv0                                     /usr/share/gcc-arm-none-eabi-10-2020-q4-major/bin/../lib/gcc/arm-none-eabi/10.2.1/thumb/v6-m/nofp/libgcc.a(_dvmd_tls.o)
                                                  /usr/share/gcc-arm-none-eabi-10-2020-q4-major/bin/../lib/gcc/arm-none-eabi/10.2.1/thumb/v6-m/nofp/libgcc.a(_divsi3.o)
                                                  /usr/share/gcc-arm-none-eabi-10-2020-q4-major/bin/../lib/gcc/arm-none-eabi/10.2.1/thumb/v6-m/nofp/libgcc.a(_udivsi3.o)
__aeabi_idivmod                                   /usr/share/gcc-arm-none-eabi-10-2020-q4-major/bin/../lib/gcc/arm-none-eabi/10.2.1/thumb/v6-m/nofp/libgcc.a(_divsi3.o)
__aeabi_ldiv0                                     /usr/share/gcc-arm-none-eabi-10-2020-q4-major/bin/../lib/gcc/arm-none-eabi/10.2.1/thumb/v6-m/nofp/libgcc.a(_dvmd_tls.o)
__aeabi_uidiv                                     /usr/share/gcc-arm-none-eabi-10-2020-q4-major/bin/../lib/gcc/arm-none-eabi/10.2.1/thumb/v6-m/nofp/libgcc.a(_udivsi3.o)
                                                  ./i2c_opencm3.o
__aeabi_uidivmod                                  /usr/share/gcc-arm-none-eabi-10-2020-q4-major/bin/../lib/gcc/arm-none-eabi/10.2.1/thumb/v6-m/nofp/libgcc.a(_udivsi3.o)
                                                  /usr/share/gcc-arm-none-eabi-10-2020-q4-major/bin/../lib/gcc/arm-none-eabi/10.2.1/../../../../arm-none-eabi/lib/thumb/v6-m/nofp/libc_nano.a(lib_a-nano-vfprintf_i.o)
__divsi3                                          /usr/share/gcc-arm-none-eabi-10-2020-q4-major/bin/../lib/gcc/arm-none-eabi/10.2.1/thumb/v6-m/nofp/libgcc.a(_divsi3.o)
__errno                                           /usr/share/gcc-arm-none-eabi-10-2020-q4-major/bin/../lib/gcc/arm-none-eabi/10.2.1/../../../../arm-none-eabi/lib/thumb/v6-m/nofp/libc_nano.a(lib_a-errno.o)
                                                  ./main.o
__fini_array_end                                  ../../lib/libopencm3//lib/libopencm3_stm32l0.a(vector.o)
__fini_array_start                                ../../lib/libopencm3//lib/libopencm3_stm32l0.a(vector.o)
__fp_lock_all                                     /usr/share/gcc-arm-none-eabi-10-2020-q4-major/bin/../lib/gcc/arm-none-eabi/10.2.1/../../../../arm-none-eabi/lib/thumb/v6-m/nofp/libc_nano.a(lib_a-findfp.o)
__fp_unlock_all                                   /usr/share/gcc-arm-none-eabi-10-2020-q4-major/bin/../lib/gcc/arm-none-eabi/10.2.1/../../../../arm-none-eabi/lib/thumb/v6-m/nofp/libc_nano.a(lib_a-findfp.o)
__gnu_thumb1_case_shi                             /usr/share/gcc-arm-none-eabi-10-2020-q4-major/bin/../lib/gcc/arm-none-eabi/10.2.1/thumb/v6-m/nofp/libgcc.a(_thumb1_case_shi.o)
                                                  /usr/share/gcc-arm-none-eabi-10-2020-q4-major/bin/../lib/gcc/arm-none-eabi/10.2.1/../../../../arm-none-eabi/lib/thumb/v6-m/nofp/libc_nano.a(lib_a-nano-vfprintf_i.o)
__gnu_thumb1_case_uqi                             /usr/share/gcc-arm-none-eabi-10-2020-q4-major/bin/../lib/gcc/arm-none-eabi/10.2.1/thumb/v6-m/nofp/libgcc.a(_thumb1_case_uqi.o)
                                                  ../../lib/libopencm3//lib/libopencm3_stm32l0.a(rcc.o)
__init_array_end                                  ../../lib/libopencm3//lib/libopencm3_stm32l0.a(vector.o)
__init_array_start                                ../../lib/libopencm3//lib/libopencm3_stm32l0.a(vector.o)
__lock___arc4random_mutex                         /usr/share/gcc-arm-none-eabi-10-2020-q4-major/bin/../lib/gcc/arm-none-eabi/10.2.1/../../../../arm-none-eabi/lib/thumb/v6-m/nofp/libc_nano.a(lib_a-lock.o)
__lock___at_quick_exit_mutex                      /usr/share/gcc-arm-none-eabi-10-2020-q4-major/bin/../lib/gcc/arm-none-eabi/10.2.1/../../../../arm-none-eabi/lib/thumb/v6-m/nofp/libc_nano.a(lib_a-lock.o)
__lock___atexit_recursive_mutex                   /usr/share/gcc-arm-none-eabi-10-2020-q4-major/bin/../lib/gcc/arm-none-eabi/10.2.1/../../../../arm-none-eabi/lib/thumb/v6-m/nofp/libc_nano.a(lib_a-lock.o)
__lock___dd_hash_mutex                            /usr/share/gcc-arm-none-eabi-10-2020-q4-major/bin/../lib/gcc/arm-none-eabi/10.2.1/../../../../arm-none-eabi/lib/thumb/v6-m/nofp/libc_nano.a(lib_a-lock.o)
__lock___env_recursive_mutex                      /usr/share/gcc-arm-none-eabi-10-2020-q4-major/bin/../lib/gcc/arm-none-eabi/10.2.1/../../../../arm-none-eabi/lib/thumb/v6-m/nofp/libc_nano.a(lib_a-lock.o)
__lock___malloc_recursive_mutex                   /usr/share/gcc-arm-none-eabi-10-2020-q4-major/bin/../lib/gcc/arm-none-eabi/10.2.1/../../../../arm-none-eabi/lib/thumb/v6-m/nofp/libc_nano.a(lib_a-lock.o)
                                                  /usr/share/gcc-arm-none-eabi-10-2020-q4-major/bin/../lib/gcc/arm-none-eabi/10.2.1/../../../../arm-none-eabi/lib/thumb/v6-m/nofp/libc_nano.a(lib_a-mlock.o)
__lock___sfp_recursive_mutex                      /usr/share/gcc-arm-none-eabi-10-2020-q4-major/bin/../lib/gcc/arm-none-eabi/10.2.1/../../../../arm-none-eabi/lib/thumb/v6-m/nofp/libc_nano.a(lib_a-lock.o)
                                                  /usr/share/gcc-arm-none-eabi-10-2020-q4-major/bin/../lib/gcc/arm-none-eabi/10.2.1/../../../../arm-none-eabi/lib/thumb/v6-m/nofp/libc_nano.a(lib_a-findfp.o)
__lock___sinit_recursive_mutex                    /usr/share/gcc-arm-none-eabi-10-2020-q4-major/bin/../lib/gcc/arm-none-eabi/10.2.1/../../../../arm-none-eabi/lib/thumb/v6-m/nofp/libc_nano.a(lib_a-lock.o)
                                                  /usr/share/gcc-arm-none-eabi-10-2020-q4-major/bin/../lib/gcc/arm-none-eabi/10.2.1/../../../../arm-none-eabi/lib/thumb/v6-m/nofp/libc_nano.a(lib_a-findfp.o)
__lock___tz_mutex                                 /usr/share/gcc-arm-none-eabi-10-2020-q4-major/bin/../lib/gcc/arm-none-eabi/10.2.1/../../../../arm-none-eabi/lib/thumb/v6-m/nofp/libc_nano.a(lib_a-lock.o)
__malloc_free_list                                /usr/share/gcc-arm-none-eabi-10-2020-q4-major/bin/../lib/gcc/arm-none-eabi/10.2.1/../../../../arm-none-eabi/lib/thumb/v6-m/nofp/libc_nano.a(lib_a-nano-mallocr.o)
                                                  /usr/share/gcc-arm-none-eabi-10-2020-q4-major/bin/../lib/gcc/arm-none-eabi/10.2.1/../../../../arm-none-eabi/lib/thumb/v6-m/nofp/libc_nano.a(lib_a-nano-freer.o)
__malloc_lock                                     /usr/share/gcc-arm-none-eabi-10-2020-q4-major/bin/../lib/gcc/arm-none-eabi/10.2.1/../../../../arm-none-eabi/lib/thumb/v6-m/nofp/libc_nano.a(lib_a-mlock.o)
                                                  /usr/share/gcc-arm-none-eabi-10-2020-q4-major/bin/../lib/gcc/arm-none-eabi/10.2.1/../../../../arm-none-eabi/lib/thumb/v6-m/nofp/libc_nano.a(lib_a-nano-mallocr.o)
                                                  /usr/share/gcc-arm-none-eabi-10-2020-q4-major/bin/../lib/gcc/arm-none-eabi/10.2.1/../../../../arm-none-eabi/lib/thumb/v6-m/nofp/libc_nano.a(lib_a-nano-freer.o)
__malloc_sbrk_start                               /usr/share/gcc-arm-none-eabi-10-2020-q4-major/bin/../lib/gcc/arm-none-eabi/10.2.1/../../../../arm-none-eabi/lib/thumb/v6-m/nofp/libc_nano.a(lib_a-nano-mallocr.o)
__malloc_unlock                                   /usr/share/gcc-arm-none-eabi-10-2020-q4-major/bin/../lib/gcc/arm-none-eabi/10.2.1/../../../../arm-none-eabi/lib/thumb/v6-m/nofp/libc_nano.a(lib_a-mlock.o)
                                                  /usr/share/gcc-arm-none-eabi-10-2020-q4-major/bin/../lib/gcc/arm-none-eabi/10.2.1/../../../../arm-none-eabi/lib/thumb/v6-m/nofp/libc_nano.a(lib_a-nano-mallocr.o)
                                                  /usr/share/gcc-arm-none-eabi-10-2020-q4-major/bin/../lib/gcc/arm-none-eabi/10.2.1/../../../../arm-none-eabi/lib/thumb/v6-m/nofp/libc_nano.a(lib_a-nano-freer.o)
__preinit_array_end                               ../../lib/libopencm3//lib/libopencm3_stm32l0.a(vector.o)
__preinit_array_start                             ../../lib/libopencm3//lib/libopencm3_stm32l0.a(vector.o)
__retarget_lock_acquire                           /usr/share/gcc-arm-none-eabi-10-2020-q4-major/bin/../lib/gcc/arm-none-eabi/10.2.1/../../../../arm-none-eabi/lib/thumb/v6-m/nofp/libc_nano.a(lib_a-lock.o)
__retarget_lock_acquire_recursive                 /usr/share/gcc-arm-none-eabi-10-2020-q4-major/bin/../lib/gcc/arm-none-eabi/10.2.1/../../../../arm-none-eabi/lib/thumb/v6-m/nofp/libc_nano.a(lib_a-lock.o)
                                                  /usr/share/gcc-arm-none-eabi-10-2020-q4-major/bin/../lib/gcc/arm-none-eabi/10.2.1/../../../../arm-none-eabi/lib/thumb/v6-m/nofp/libc_nano.a(lib_a-mlock.o)
                                                  /usr/share/gcc-arm-none-eabi-10-2020-q4-major/bin/../lib/gcc/arm-none-eabi/10.2.1/../../../../arm-none-eabi/lib/thumb/v6-m/nofp/libc_nano.a(lib_a-nano-vfprintf.o)
                                                  /usr/share/gcc-arm-none-eabi-10-2020-q4-major/bin/../lib/gcc/arm-none-eabi/10.2.1/../../../../arm-none-eabi/lib/thumb/v6-m/nofp/libc_nano.a(lib_a-findfp.o)
                                                  /usr/share/gcc-arm-none-eabi-10-2020-q4-major/bin/../lib/gcc/arm-none-eabi/10.2.1/../../../../arm-none-eabi/lib/thumb/v6-m/nofp/libc_nano.a(lib_a-fflush.o)
                                                  /usr/share/gcc-arm-none-eabi-10-2020-q4-major/bin/../lib/gcc/arm-none-eabi/10.2.1/../../../../arm-none-eabi/lib/thumb/v6-m/nofp/libc_nano.a(lib_a-puts.o)
__retarget_lock_close                             /usr/share/gcc-arm-none-eabi-10-2020-q4-major/bin/../lib/gcc/arm-none-eabi/10.2.1/../../../../arm-none-eabi/lib/thumb/v6-m/nofp/libc_nano.a(lib_a-lock.o)
__retarget_lock_close_recursive                   /usr/share/gcc-arm-none-eabi-10-2020-q4-major/bin/../lib/gcc/arm-none-eabi/10.2.1/../../../../arm-none-eabi/lib/thumb/v6-m/nofp/libc_nano.a(lib_a-lock.o)
__retarget_lock_init                              /usr/share/gcc-arm-none-eabi-10-2020-q4-major/bin/../lib/gcc/arm-none-eabi/10.2.1/../../../../arm-none-eabi/lib/thumb/v6-m/nofp/libc_nano.a(lib_a-lock.o)
__retarget_lock_init_recursive                    /usr/share/gcc-arm-none-eabi-10-2020-q4-major/bin/../lib/gcc/arm-none-eabi/10.2.1/../../../../arm-none-eabi/lib/thumb/v6-m/nofp/libc_nano.a(lib_a-lock.o)
                                                  /usr/share/gcc-arm-none-eabi-10-2020-q4-major/bin/../lib/gcc/arm-none-eabi/10.2.1/../../../../arm-none-eabi/lib/thumb/v6-m/nofp/libc_nano.a(lib_a-findfp.o)
__retarget_lock_release                           /usr/share/gcc-arm-none-eabi-10-2020-q4-major/bin/../lib/gcc/arm-none-eabi/10.2.1/../../../../arm-none-eabi/lib/thumb/v6-m/nofp/libc_nano.a(lib_a-lock.o)
__retarget_lock_release_recursive                 /usr/share/gcc-arm-none-eabi-10-2020-q4-major/bin/../lib/gcc/arm-none-eabi/10.2.1/../../../../arm-none-eabi/lib/thumb/v6-m/nofp/libc_nano.a(lib_a-lock.o)
                                                  /usr/share/gcc-arm-none-eabi-10-2020-q4-major/bin/../lib/gcc/arm-none-eabi/10.2.1/../../../../arm-none-eabi/lib/thumb/v6-m/nofp/libc_nano.a(lib_a-mlock.o)
                                                  /usr/share/gcc-arm-none-eabi-10-2020-q4-major/bin/../lib/gcc/arm-none-eabi/10.2.1/../../../../arm-none-eabi/lib/thumb/v6-m/nofp/libc_nano.a(lib_a-nano-vfprintf.o)
                                                  /usr/share/gcc-arm-none-eabi-10-2020-q4-major/bin/../lib/gcc/arm-none-eabi/10.2.1/../../../../arm-none-eabi/lib/thumb/v6-m/nofp/libc_nano.a(lib_a-findfp.o)
                                                  /usr/share/gcc-arm-none-eabi-10-2020-q4-major/bin/../lib/gcc/arm-none-eabi/10.2.1/../../../../arm-none-eabi/lib/thumb/v6-m/nofp/libc_nano.a(lib_a-fflush.o)
                                                  /usr/share/gcc-arm-none-eabi-10-2020-q4-major/bin/../lib/gcc/arm-none-eabi/10.2.1/../../../../arm-none-eabi/lib/thumb/v6-m/nofp/libc_nano.a(lib_a-puts.o)
__retarget_lock_try_acquire                       /usr/share/gcc-arm-none-eabi-10-2020-q4-major/bin/../lib/gcc/arm-none-eabi/10.2.1/../../../../arm-none-eabi/lib/thumb/v6-m/nofp/libc_nano.a(lib_a-lock.o)
__retarget_lock_try_acquire_recursive             /usr/share/gcc-arm-none-eabi-10-2020-q4-major/bin/../lib/gcc/arm-none-eabi/10.2.1/../../../../arm-none-eabi/lib/thumb/v6-m/nofp/libc_nano.a(lib_a-lock.o)
__sclose                                          /usr/share/gcc-arm-none-eabi-10-2020-q4-major/bin/../lib/gcc/arm-none-eabi/10.2.1/../../../../arm-none-eabi/lib/thumb/v6-m/nofp/libc_nano.a(lib_a-stdio.o)
                                                  /usr/share/gcc-arm-none-eabi-10-2020-q4-major/bin/../lib/gcc/arm-none-eabi/10.2.1/../../../../arm-none-eabi/lib/thumb/v6-m/nofp/libc_nano.a(lib_a-findfp.o)
__seofread                                        /usr/share/gcc-arm-none-eabi-10-2020-q4-major/bin/../lib/gcc/arm-none-eabi/10.2.1/../../../../arm-none-eabi/lib/thumb/v6-m/nofp/libc_nano.a(lib_a-stdio.o)
__sf_fake_stderr                                  /usr/share/gcc-arm-none-eabi-10-2020-q4-major/bin/../lib/gcc/arm-none-eabi/10.2.1/../../../../arm-none-eabi/lib/thumb/v6-m/nofp/libc_nano.a(lib_a-findfp.o)
                                                  /usr/share/gcc-arm-none-eabi-10-2020-q4-major/bin/../lib/gcc/arm-none-eabi/10.2.1/../../../../arm-none-eabi/lib/thumb/v6-m/nofp/libc_nano.a(lib_a-nano-vfprintf.o)
                                                  /usr/share/gcc-arm-none-eabi-10-2020-q4-major/bin/../lib/gcc/arm-none-eabi/10.2.1/../../../../arm-none-eabi/lib/thumb/v6-m/nofp/libc_nano.a(lib_a-fflush.o)
                                                  /usr/share/gcc-arm-none-eabi-10-2020-q4-major/bin/../lib/gcc/arm-none-eabi/10.2.1/../../../../arm-none-eabi/lib/thumb/v6-m/nofp/libc_nano.a(lib_a-wsetup.o)
                                                  /usr/share/gcc-arm-none-eabi-10-2020-q4-major/bin/../lib/gcc/arm-none-eabi/10.2.1/../../../../arm-none-eabi/lib/thumb/v6-m/nofp/libc_nano.a(lib_a-wbuf.o)
                                                  /usr/share/gcc-arm-none-eabi-10-2020-q4-major/bin/../lib/gcc/arm-none-eabi/10.2.1/../../../../arm-none-eabi/lib/thumb/v6-m/nofp/libc_nano.a(lib_a-puts.o)
                                                  /usr/share/gcc-arm-none-eabi-10-2020-q4-major/bin/../lib/gcc/arm-none-eabi/10.2.1/../../../../arm-none-eabi/lib/thumb/v6-m/nofp/libc_nano.a(lib_a-impure.o)
__sf_fake_stdin                                   /usr/share/gcc-arm-none-eabi-10-2020-q4-major/bin/../lib/gcc/arm-none-eabi/10.2.1/../../../../arm-none-eabi/lib/thumb/v6-m/nofp/libc_nano.a(lib_a-findfp.o)
                                                  /usr/share/gcc-arm-none-eabi-10-2020-q4-major/bin/../lib/gcc/arm-none-eabi/10.2.1/../../../../arm-none-eabi/lib/thumb/v6-m/nofp/libc_nano.a(lib_a-nano-vfprintf.o)
                                                  /usr/share/gcc-arm-none-eabi-10-2020-q4-major/bin/../lib/gcc/arm-none-eabi/10.2.1/../../../../arm-none-eabi/lib/thumb/v6-m/nofp/libc_nano.a(lib_a-fflush.o)
                                                  /usr/share/gcc-arm-none-eabi-10-2020-q4-major/bin/../lib/gcc/arm-none-eabi/10.2.1/../../../../arm-none-eabi/lib/thumb/v6-m/nofp/libc_nano.a(lib_a-wsetup.o)
                                                  /usr/share/gcc-arm-none-eabi-10-2020-q4-major/bin/../lib/gcc/arm-none-eabi/10.2.1/../../../../arm-none-eabi/lib/thumb/v6-m/nofp/libc_nano.a(lib_a-wbuf.o)
                                                  /usr/share/gcc-arm-none-eabi-10-2020-q4-major/bin/../lib/gcc/arm-none-eabi/10.2.1/../../../../arm-none-eabi/lib/thumb/v6-m/nofp/libc_nano.a(lib_a-puts.o)
                                                  /usr/share/gcc-arm-none-eabi-10-2020-q4-major/bin/../lib/gcc/arm-none-eabi/10.2.1/../../../../arm-none-eabi/lib/thumb/v6-m/nofp/libc_nano.a(lib_a-impure.o)
__sf_fake_stdout                                  /usr/share/gcc-arm-none-eabi-10-2020-q4-major/bin/../lib/gcc/arm-none-eabi/10.2.1/../../../../arm-none-eabi/lib/thumb/v6-m/nofp/libc_nano.a(lib_a-findfp.o)
                                                  /usr/share/gcc-arm-none-eabi-10-2020-q4-major/bin/../lib/gcc/arm-none-eabi/10.2.1/../../../../arm-none-eabi/lib/thumb/v6-m/nofp/libc_nano.a(lib_a-nano-vfprintf.o)
                                                  /usr/share/gcc-arm-none-eabi-10-2020-q4-major/bin/../lib/gcc/arm-none-eabi/10.2.1/../../../../arm-none-eabi/lib/thumb/v6-m/nofp/libc_nano.a(lib_a-fflush.o)
                                                  /usr/share/gcc-arm-none-eabi-10-2020-q4-major/bin/../lib/gcc/arm-none-eabi/10.2.1/../../../../arm-none-eabi/lib/thumb/v6-m/nofp/libc_nano.a(lib_a-wsetup.o)
                                                  /usr/share/gcc-arm-none-eabi-10-2020-q4-major/bin/../lib/gcc/arm-none-eabi/10.2.1/../../../../arm-none-eabi/lib/thumb/v6-m/nofp/libc_nano.a(lib_a-wbuf.o)
                                                  /usr/share/gcc-arm-none-eabi-10-2020-q4-major/bin/../lib/gcc/arm-none-eabi/10.2.1/../../../../arm-none-eabi/lib/thumb/v6-m/nofp/libc_nano.a(lib_a-puts.o)
                                                  /usr/share/gcc-arm-none-eabi-10-2020-q4-major/bin/../lib/gcc/arm-none-eabi/10.2.1/../../../../arm-none-eabi/lib/thumb/v6-m/nofp/libc_nano.a(lib_a-impure.o)
__sflush_r                                        /usr/share/gcc-arm-none-eabi-10-2020-q4-major/bin/../lib/gcc/arm-none-eabi/10.2.1/../../../../arm-none-eabi/lib/thumb/v6-m/nofp/libc_nano.a(lib_a-fflush.o)
__sfmoreglue                                      /usr/share/gcc-arm-none-eabi-10-2020-q4-major/bin/../lib/gcc/arm-none-eabi/10.2.1/../../../../arm-none-eabi/lib/thumb/v6-m/nofp/libc_nano.a(lib_a-findfp.o)
__sfp                                             /usr/share/gcc-arm-none-eabi-10-2020-q4-major/bin/../lib/gcc/arm-none-eabi/10.2.1/../../../../arm-none-eabi/lib/thumb/v6-m/nofp/libc_nano.a(lib_a-findfp.o)
__sfp_lock_acquire                                /usr/share/gcc-arm-none-eabi-10-2020-q4-major/bin/../lib/gcc/arm-none-eabi/10.2.1/../../../../arm-none-eabi/lib/thumb/v6-m/nofp/libc_nano.a(lib_a-findfp.o)
__sfp_lock_release                                /usr/share/gcc-arm-none-eabi-10-2020-q4-major/bin/../lib/gcc/arm-none-eabi/10.2.1/../../../../arm-none-eabi/lib/thumb/v6-m/nofp/libc_nano.a(lib_a-findfp.o)
__sfputs_r                                        /usr/share/gcc-arm-none-eabi-10-2020-q4-major/bin/../lib/gcc/arm-none-eabi/10.2.1/../../../../arm-none-eabi/lib/thumb/v6-m/nofp/libc_nano.a(lib_a-nano-vfprintf.o)
__sfvwrite_r                                      /usr/share/gcc-arm-none-eabi-10-2020-q4-major/bin/../lib/gcc/arm-none-eabi/10.2.1/../../../../arm-none-eabi/lib/thumb/v6-m/nofp/libc_nano.a(lib_a-fvwrite.o)
                                                  /usr/share/gcc-arm-none-eabi-10-2020-q4-major/bin/../lib/gcc/arm-none-eabi/10.2.1/../../../../arm-none-eabi/lib/thumb/v6-m/nofp/libc_nano.a(lib_a-nano-vfprintf.o)
__sinit                                           /usr/share/gcc-arm-none-eabi-10-2020-q4-major/bin/../lib/gcc/arm-none-eabi/10.2.1/../../../../arm-none-eabi/lib/thumb/v6-m/nofp/libc_nano.a(lib_a-findfp.o)
                                                  /usr/share/gcc-arm-none-eabi-10-2020-q4-major/bin/../lib/gcc/arm-none-eabi/10.2.1/../../../../arm-none-eabi/lib/thumb/v6-m/nofp/libc_nano.a(lib_a-nano-vfprintf.o)
                                                  /usr/share/gcc-arm-none-eabi-10-2020-q4-major/bin/../lib/gcc/arm-none-eabi/10.2.1/../../../../arm-none-eabi/lib/thumb/v6-m/nofp/libc_nano.a(lib_a-fflush.o)
                                                  /usr/share/gcc-arm-none-eabi-10-2020-q4-major/bin/../lib/gcc/arm-none-eabi/10.2.1/../../../../arm-none-eabi/lib/thumb/v6-m/nofp/libc_nano.a(lib_a-wsetup.o)
                                                  /usr/share/gcc-arm-none-eabi-10-2020-q4-major/bin/../lib/gcc/arm-none-eabi/10.2.1/../../../../arm-none-eabi/lib/thumb/v6-m/nofp/libc_nano.a(lib_a-wbuf.o)
                                                  /usr/share/gcc-arm-none-eabi-10-2020-q4-major/bin/../lib/gcc/arm-none-eabi/10.2.1/../../../../arm-none-eabi/lib/thumb/v6-m/nofp/libc_nano.a(lib_a-puts.o)
                                                  /usr/share/gcc-arm-none-eabi-10-2020-q4-major/bin/../lib/gcc/arm-none-eabi/10.2.1/../../../../arm-none-eabi/lib/thumb/v6-m/nofp/libc_nano.a(lib_a-printf.o)
__sinit_lock_acquire                              /usr/share/gcc-arm-none-eabi-10-2020-q4-major/bin/../lib/gcc/arm-none-eabi/10.2.1/../../../../arm-none-eabi/lib/thumb/v6-m/nofp/libc_nano.a(lib_a-findfp.o)
__sinit_lock_release                              /usr/share/gcc-arm-none-eabi-10-2020-q4-major/bin/../lib/gcc/arm-none-eabi/10.2.1/../../../../arm-none-eabi/lib/thumb/v6-m/nofp/libc_nano.a(lib_a-findfp.o)
__smakebuf_r                                      /usr/share/gcc-arm-none-eabi-10-2020-q4-major/bin/../lib/gcc/arm-none-eabi/10.2.1/../../../../arm-none-eabi/lib/thumb/v6-m/nofp/libc_nano.a(lib_a-makebuf.o)
                                                  /usr/share/gcc-arm-none-eabi-10-2020-q4-major/bin/../lib/gcc/arm-none-eabi/10.2.1/../../../../arm-none-eabi/lib/thumb/v6-m/nofp/libc_nano.a(lib_a-wsetup.o)
__sprint_r                                        /usr/share/gcc-arm-none-eabi-10-2020-q4-major/bin/../lib/gcc/arm-none-eabi/10.2.1/../../../../arm-none-eabi/lib/thumb/v6-m/nofp/libc_nano.a(lib_a-nano-vfprintf.o)