Archive member included to satisfy reference by file (symbol)

../../lib/libopencm3//lib/libopencm3_stm32l0.a(gpio_common_f0234.o)
                              ./spi_opencm3.o (gpio_mode_setup)
../../lib/libopencm3//lib/libopencm3_stm32l0.a(rcc_common_all.o)
                              ./spi_opencm3.o (rcc_periph_clock_enable)
../../lib/libopencm3//lib/libopencm3_stm32l0.a(spi_common_all.o)
                              ./spi_opencm3.o (spi_enable)
../../lib/libopencm3//lib/libopencm3_stm32l0.a(spi_common_v1.o)
                              ./spi_opencm3.o (spi_init_master)
../../lib/libopencm3//lib/libopencm3_stm32l0.a(vector.o)
                              (reset_handler)

Discarded input sections

 .group         0x0000000000000000        0xc ./main.o
 .group         0x0000000000000000        0xc ./main.o
 .group         0x0000000000000000        0xc ./main.o
 .group         0x0000000000000000        0xc ./main.o
 .group         0x0000000000000000        0xc ./main.o
 .group         0x0000000000000000        0xc ./main.o
 .group         0x0000000000000000        0xc ./main.o
 .group         0x0000000000000000        0xc ./main.o
 .group         0x0000000000000000        0xc ./main.o
 .group         0x0000000000000000        0xc ./main.o
 .group         0x0000000000000000        0xc ./main.o
 .group         0x0000000000000000        0xc ./main.o
 .group         0x0000000000000000        0xc ./main.o
 .group         0x0000000000000000        0xc ./main.o
 .group         0x0000000000000000        0xc ./main.o
 .group         0x0000000000000000        0xc ./main.o
 .group         0x0000000000000000        0xc ./main.o
 .group         0x0000000000000000        0xc ./main.o
 .group         0x0000000000000000        0xc ./main.o
 .group         0x0000000000000000        0xc ./main.o
 .group         0x0000000000000000        0xc ./main.o
 .group         0x0000000000000000        0xc ./main.o
 .group         0x0000000000000000        0xc ./main.o
 .group         0x0000000000000000        0xc ./main.o
 .group         0x0000000000000000        0xc ./main.o
 .text          0x0000000000000000        0x0 ./main.o
 .data          0x0000000000000000        0x0 ./main.o
 .bss           0x0000000000000000        0x0 ./main.o
 .group         0x0000000000000000        0xc ./spi_opencm3.o
 .group         0x0000000000000000        0xc ./spi_opencm3.o
 .group         0x0000000000000000        0xc ./spi_opencm3.o
 .group         0x0000000000000000        0xc ./spi_opencm3.o
 .group         0x0000000000000000        0xc ./spi_opencm3.o
 .group         0x0000000000000000        0xc ./spi_opencm3.o
 .group         0x0000000000000000        0xc ./spi_opencm3.o
 .group         0x0000000000000000        0xc ./spi_opencm3.o
 .group         0x0000000000000000        0xc ./spi_opencm3.o
 .group         0x0000000000000000        0xc ./spi_opencm3.o
 .group         0x0000000000000000        0xc ./spi_opencm3.o
 .group         0x0000000000000000        0xc ./spi_opencm3.o
 .group         0x0000000000000000        0xc ./spi_opencm3.o
 .group         0x0000000000000000        0xc ./spi_opencm3.o
 .group         0x0000000000000000        0xc ./spi_opencm3.o
 .group         0x0000000000000000        0xc ./spi_opencm3.o
 .group         0x0000000000000000        0xc ./spi_opencm3.o
 .group         0x0000000000000000        0xc ./spi_opencm3.o
 .group         0x0000000000000000        0xc ./spi_opencm3.o
 .group         0x0000000000000000        0xc ./spi_opencm3.o
 .group         0x0000000000000000        0xc ./spi_opencm3.o
 .group         0x0000000000000000        0xc ./spi_opencm3.o
 .group         0x0000000000000000        0xc ./spi_opencm3.o
 .group         0x0000000000000000        0xc ./spi_opencm3.o
 .group         0x0000000000000000        0xc ./spi_opencm3.o
 .group         0x0000000000000000        0xc ./spi_opencm3.o
 .group         0x0000000000000000        0xc ./spi_opencm3.o
 .group         0x0000000000000000        0xc ./spi_opencm3.o
 .group         0x0000000000000000        0xc ./spi_opencm3.o
 .group         0x0000000000000000        0xc ./spi_opencm3.o
 .group         0x0000000000000000        0xc ./spi_opencm3.o
 .group         0x0000000000000000        0xc ./spi_opencm3.o
 .group         0x0000000000000000        0xc ./spi_opencm3.o
 .group         0x0000000000000000        0xc ./spi_opencm3.o
 .group         0x0000000000000000        0xc ./spi_opencm3.o
 .group         0x0000000000000000        0xc ./spi_opencm3.o
 .group         0x0000000000000000        0xc ./spi_opencm3.o
 .group         0x0000000000000000        0xc ./spi_opencm3.o
 .group         0x0000000000000000        0xc ./spi_opencm3.o
 .text          0x0000000000000000        0x0 ./spi_opencm3.o
 .data          0x0000000000000000        0x0 ./spi_opencm3.o
 .bss           0x0000000000000000        0x0 ./spi_opencm3.o
 .debug_macro   0x0000000000000000      0xa54 ./spi_opencm3.o
 .debug_macro   0x0000000000000000       0x22 ./spi_opencm3.o
 .debug_macro   0x0000000000000000       0x56 ./spi_opencm3.o
 .debug_macro   0x0000000000000000       0x51 ./spi_opencm3.o
 .debug_macro   0x0000000000000000      0x103 ./spi_opencm3.o
 .debug_macro   0x0000000000000000       0x6a ./spi_opencm3.o
 .debug_macro   0x0000000000000000      0x1df ./spi_opencm3.o
 .debug_macro   0x0000000000000000       0x18 ./spi_opencm3.o
 .debug_macro   0x0000000000000000       0x52 ./spi_opencm3.o
 .debug_macro   0x0000000000000000       0x3c ./spi_opencm3.o
 .debug_macro   0x0000000000000000       0x34 ./spi_opencm3.o
 .debug_macro   0x0000000000000000       0x16 ./spi_opencm3.o
 .debug_macro   0x0000000000000000      0x10e ./spi_opencm3.o
 .debug_macro   0x0000000000000000       0x8d ./spi_opencm3.o
 .debug_macro   0x0000000000000000       0x16 ./spi_opencm3.o
 .debug_macro   0x0000000000000000       0x43 ./spi_opencm3.o
 .debug_macro   0x0000000000000000       0x34 ./spi_opencm3.o
 .debug_macro   0x0000000000000000       0x10 ./spi_opencm3.o
 .debug_macro   0x0000000000000000       0x58 ./spi_opencm3.o
 .debug_macro   0x0000000000000000       0x71 ./spi_opencm3.o
 .debug_macro   0x0000000000000000       0x1c ./spi_opencm3.o
 .debug_macro   0x0000000000000000      0x12a ./spi_opencm3.o
 .debug_macro   0x0000000000000000      0x333 ./spi_opencm3.o
 .debug_macro   0x0000000000000000       0x22 ./spi_opencm3.o
 .debug_macro   0x0000000000000000       0x22 ./spi_opencm3.o
 .group         0x0000000000000000        0xc ../../lib/libopencm3//lib/libopencm3_stm32l0.a(gpio_common_f0234.o)
 .group         0x0000000000000000        0xc ../../lib/libopencm3//lib/libopencm3_stm32l0.a(gpio_common_f0234.o)
 .group         0x0000000000000000        0xc ../../lib/libopencm3//lib/libopencm3_stm32l0.a(gpio_common_f0234.o)
 .group         0x0000000000000000        0xc ../../lib/libopencm3//lib/libopencm3_stm32l0.a(gpio_common_f0234.o)
 .group         0x0000000000000000        0xc ../../lib/libopencm3//lib/libopencm3_stm32l0.a(gpio_common_f0234.o)
 .group         0x0000000000000000        0xc ../../lib/libopencm3//lib/libopencm3_stm32l0.a(gpio_common_f0234.o)
 .group         0x0000000000000000        0xc ../../lib/libopencm3//lib/libopencm3_stm32l0.a(gpio_common_f0234.o)
 .group         0x0000000000000000        0xc ../../lib/libopencm3//lib/libopencm3_stm32l0.a(gpio_common_f0234.o)
 .group         0x0000000000000000        0xc ../../lib/libopencm3//lib/libopencm3_stm32l0.a(gpio_common_f0234.o)
 .group         0x0000000000000000        0xc ../../lib/libopencm3//lib/libopencm3_stm32l0.a(gpio_common_f0234.o)
 .group         0x0000000000000000        0xc ../../lib/libopencm3//lib/libopencm3_stm32l0.a(gpio_common_f0234.o)
 .group         0x0000000000000000        0xc ../../lib/libopencm3//lib/libopencm3_stm32l0.a(gpio_common_f0234.o)
 .group         0x0000000000000000        0xc ../../lib/libopencm3//lib/libopencm3_stm32l0.a(gpio_common_f0234.o)
 .group         0x0000000000000000        0xc ../../lib/libopencm3//lib/libopencm3_stm32l0.a(gpio_common_f0234.o)
 .group         0x0000000000000000        0xc ../../lib/libopencm3//lib/libopencm3_stm32l0.a(gpio_common_f0234.o)
 .group         0x0000000000000000        0xc ../../lib/libopencm3//lib/libopencm3_stm32l0.a(gpio_common_f0234.o)
 .text          0x0000000000000000        0x0 ../../lib/libopencm3//lib/libopencm3_stm32l0.a(gpio_common_f0234.o)
 .data          0x0000000000000000        0x0 ../../lib/libopencm3//lib/libopencm3_stm32l0.a(gpio_common_f0234.o)
 .bss           0x0000000000000000        0x0 ../../lib/libopencm3//lib/libopencm3_stm32l0.a(gpio_common_f0234.o)
 .text.gpio_set_output_options
                0x0000000000000000       0x3c ../../lib/libopencm3//lib/libopencm3_stm32l0.a(gpio_common_f0234.o)
 .debug_macro   0x0000000000000000       0x1c ../../lib/libopencm3//lib/libopencm3_stm32l0.a(gpio_common_f0234.o)
 .debug_macro   0x0000000000000000       0x22 ../../lib/libopencm3//lib/libopencm3_stm32l0.a(gpio_common_f0234.o)
 .debug_macro   0x0000000000000000       0x51 ../../lib/libopencm3//lib/libopencm3_stm32l0.a(gpio_common_f0234.o)
 .debug_macro   0x0000000000000000      0x103 ../../lib/libopencm3//lib/libopencm3_stm32l0.a(gpio_common_f0234.o)
 .debug_macro   0x0000000000000000       0x6a ../../lib/libopencm3//lib/libopencm3_stm32l0.a(gpio_common_f0234.o)
 .debug_macro   0x0000000000000000      0x1df ../../lib/libopencm3//lib/libopencm3_stm32l0.a(gpio_common_f0234.o)
 .debug_macro   0x0000000000000000       0x22 ../../lib/libopencm3//lib/libopencm3_stm32l0.a(gpio_common_f0234.o)
 .debug_macro   0x0000000000000000       0xe8 ../../lib/libopencm3//lib/libopencm3_stm32l0.a(gpio_common_f0234.o)
 .debug_macro   0x0000000000000000       0x52 ../../lib/libopencm3//lib/libopencm3_stm32l0.a(gpio_common_f0234.o)
 .debug_macro   0x0000000000000000      0x166 ../../lib/libopencm3//lib/libopencm3_stm32l0.a(gpio_common_f0234.o)
 .debug_macro   0x0000000000000000       0x76 ../../lib/libopencm3//lib/libopencm3_stm32l0.a(gpio_common_f0234.o)
 .debug_macro   0x0000000000000000      0x37e ../../lib/libopencm3//lib/libopencm3_stm32l0.a(gpio_common_f0234.o)
 .debug_macro   0x0000000000000000       0xca ../../lib/libopencm3//lib/libopencm3_stm32l0.a(gpio_common_f0234.o)
 .debug_macro   0x0000000000000000       0x46 ../../lib/libopencm3//lib/libopencm3_stm32l0.a(gpio_common_f0234.o)
 .group         0x0000000000000000        0xc ../../lib/libopencm3//lib/libopencm3_stm32l0.a(rcc_common_all.o)
 .group         0x0000000000000000        0xc ../../lib/libopencm3//lib/libopencm3_stm32l0.a(rcc_common_all.o)
 .group         0x0000000000000000        0xc ../../lib/libopencm3//lib/libopencm3_stm32l0.a(rcc_common_all.o)
 .group         0x0000000000000000        0xc ../../lib/libopencm3//lib/libopencm3_stm32l0.a(rcc_common_all.o)
 .group         0x0000000000000000        0xc ../../lib/libopencm3//lib/libopencm3_stm32l0.a(rcc_common_all.o)
 .group         0x0000000000000000        0xc ../../lib/libopencm3//lib/libopencm3_stm32l0.a(rcc_common_all.o)
 .group         0x0000000000000000        0xc ../../lib/libopencm3//lib/libopencm3_stm32l0.a(rcc_common_all.o)
 .group         0x0000000000000000        0xc ../../lib/libopencm3//lib/libopencm3_stm32l0.a(rcc_common_all.o)
 .group         0x0000000000000000        0xc ../../lib/libopencm3//lib/libopencm3_stm32l0.a(rcc_common_all.o)
 .group         0x0000000000000000        0xc ../../lib/libopencm3//lib/libopencm3_stm32l0.a(rcc_common_all.o)
 .group         0x0000000000000000        0xc ../../lib/libopencm3//lib/libopencm3_stm32l0.a(rcc_common_all.o)
 .group         0x0000000000000000        0xc ../../lib/libopencm3//lib/libopencm3_stm32l0.a(rcc_common_all.o)
 .group         0x0000000000000000        0xc ../../lib/libopencm3//lib/libopencm3_stm32l0.a(rcc_common_all.o)
 .group         0x0000000000000000        0xc ../../lib/libopencm3//lib/libopencm3_stm32l0.a(rcc_common_all.o)
 .group         0x0000000000000000        0xc ../../lib/libopencm3//lib/libopencm3_stm32l0.a(rcc_common_all.o)
 .text          0x0000000000000000        0x0 ../../lib/libopencm3//lib/libopencm3_stm32l0.a(rcc_common_all.o)
 .data          0x0000000000000000        0x0 ../../lib/libopencm3//lib/libopencm3_stm32l0.a(rcc_common_all.o)
 .bss           0x0000000000000000        0x0 ../../lib/libopencm3//lib/libopencm3_stm32l0.a(rcc_common_all.o)
 .text.rcc_peripheral_enable_clock
                0x0000000000000000        0x8 ../../lib/libopencm3//lib/libopencm3_stm32l0.a(rcc_common_all.o)
 .text.rcc_peripheral_disable_clock
                0x0000000000000000        0x8 ../../lib/libopencm3//lib/libopencm3_stm32l0.a(rcc_common_all.o)
 .text.rcc_peripheral_reset
                0x0000000000000000        0x8 ../../lib/libopencm3//lib/libopencm3_stm32l0.a(rcc_common_all.o)
 .text.rcc_peripheral_clear_reset
                0x0000000000000000        0x8 ../../lib/libopencm3//lib/libopencm3_stm32l0.a(rcc_common_all.o)
 .text.rcc_periph_clock_disable
                0x0000000000000000       0x1c ../../lib/libopencm3//lib/libopencm3_stm32l0.a(rcc_common_all.o)
 .text.rcc_periph_reset_pulse
                0x0000000000000000       0x20 ../../lib/libopencm3//lib/libopencm3_stm32l0.a(rcc_common_all.o)
 .text.rcc_periph_reset_hold
                0x0000000000000000        0x8 ../../lib/libopencm3//lib/libopencm3_stm32l0.a(rcc_common_all.o)
 .text.rcc_periph_reset_release
                0x0000000000000000        0x8 ../../lib/libopencm3//lib/libopencm3_stm32l0.a(rcc_common_all.o)
 .text.rcc_set_mco
                0x0000000000000000       0x18 ../../lib/libopencm3//lib/libopencm3_stm32l0.a(rcc_common_all.o)
 .text.rcc_osc_bypass_enable
                0x0000000000000000       0x2c ../../lib/libopencm3//lib/libopencm3_stm32l0.a(rcc_common_all.o)
 .text.rcc_osc_bypass_disable
                0x0000000000000000       0x30 ../../lib/libopencm3//lib/libopencm3_stm32l0.a(rcc_common_all.o)
 .text.rcc_get_div_from_hpre
                0x0000000000000000       0x1a ../../lib/libopencm3//lib/libopencm3_stm32l0.a(rcc_common_all.o)
 .debug_macro   0x0000000000000000      0xa42 ../../lib/libopencm3//lib/libopencm3_stm32l0.a(rcc_common_all.o)
 .debug_macro   0x0000000000000000       0x1c ../../lib/libopencm3//lib/libopencm3_stm32l0.a(rcc_common_all.o)
 .debug_macro   0x0000000000000000       0x22 ../../lib/libopencm3//lib/libopencm3_stm32l0.a(rcc_common_all.o)
 .debug_macro   0x0000000000000000       0x56 ../../lib/libopencm3//lib/libopencm3_stm32l0.a(rcc_common_all.o)
 .debug_macro   0x0000000000000000       0x51 ../../lib/libopencm3//lib/libopencm3_stm32l0.a(rcc_common_all.o)
 .debug_macro   0x0000000000000000      0x103 ../../lib/libopencm3//lib/libopencm3_stm32l0.a(rcc_common_all.o)
 .debug_macro   0x0000000000000000       0x6a ../../lib/libopencm3//lib/libopencm3_stm32l0.a(rcc_common_all.o)
 .debug_macro   0x0000000000000000      0x1df ../../lib/libopencm3//lib/libopencm3_stm32l0.a(rcc_common_all.o)
 .debug_macro   0x0000000000000000       0x22 ../../lib/libopencm3//lib/libopencm3_stm32l0.a(rcc_common_all.o)
 .debug_macro   0x0000000000000000       0xe8 ../../lib/libopencm3//lib/libopencm3_stm32l0.a(rcc_common_all.o)
 .debug_macro   0x0000000000000000       0x52 ../../lib/libopencm3//lib/libopencm3_stm32l0.a(rcc_common_all.o)
 .debug_macro   0x0000000000000000      0x166 ../../lib/libopencm3//lib/libopencm3_stm32l0.a(rcc_common_all.o)
 .debug_macro   0x0000000000000000       0x8e ../../lib/libopencm3//lib/libopencm3_stm32l0.a(rcc_common_all.o)
 .debug_macro   0x0000000000000000       0x58 ../../lib/libopencm3//lib/libopencm3_stm32l0.a(rcc_common_all.o)
 .debug_macro   0x0000000000000000      0x942 ../../lib/libopencm3//lib/libopencm3_stm32l0.a(rcc_common_all.o)
 .group         0x0000000000000000        0xc ../../lib/libopencm3//lib/libopencm3_stm32l0.a(spi_common_all.o)
 .group         0x0000000000000000        0xc ../../lib/libopencm3//lib/libopencm3_stm32l0.a(spi_common_all.o)
 .group         0x0000000000000000        0xc ../../lib/libopencm3//lib/libopencm3_stm32l0.a(spi_common_all.o)
 .group         0x0000000000000000        0xc ../../lib/libopencm3//lib/libopencm3_stm32l0.a(spi_common_all.o)
 .group         0x0000000000000000        0xc ../../lib/libopencm3//lib/libopencm3_stm32l0.a(spi_common_all.o)
 .group         0x0000000000000000        0xc ../../lib/libopencm3//lib/libopencm3_stm32l0.a(spi_common_all.o)
 .group         0x0000000000000000        0xc ../../lib/libopencm3//lib/libopencm3_stm32l0.a(spi_common_all.o)
 .group         0x0000000000000000        0xc ../../lib/libopencm3//lib/libopencm3_stm32l0.a(spi_common_all.o)
 .group         0x0000000000000000        0xc ../../lib/libopencm3//lib/libopencm3_stm32l0.a(spi_common_all.o)
 .group         0x0000000000000000        0xc ../../lib/libopencm3//lib/libopencm3_stm32l0.a(spi_common_all.o)
 .group         0x0000000000000000        0xc ../../lib/libopencm3//lib/libopencm3_stm32l0.a(spi_common_all.o)
 .group         0x0000000000000000        0xc ../../lib/libopencm3//lib/libopencm3_stm32l0.a(spi_common_all.o)
 .group         0x0000000000000000        0xc ../../lib/libopencm3//lib/libopencm3_stm32l0.a(spi_common_all.o)
 .group         0x0000000000000000        0xc ../../lib/libopencm3//lib/libopencm3_stm32l0.a(spi_common_all.o)
 .group         0x0000000000000000        0xc ../../lib/libopencm3//lib/libopencm3_stm32l0.a(spi_common_all.o)
 .group         0x0000000000000000        0xc ../../lib/libopencm3//lib/libopencm3_stm32l0.a(spi_common_all.o)
 .group         0x0000000000000000        0xc ../../lib/libopencm3//lib/libopencm3_stm32l0.a(spi_common_all.o)
 .group         0x0000000000000000        0xc ../../lib/libopencm3//lib/libopencm3_stm32l0.a(spi_common_all.o)
 .text          0x0000000000000000        0x0 ../../lib/libopencm3//lib/libopencm3_stm32l0.a(spi_common_all.o)
 .data          0x0000000000000000        0x0 ../../lib/libopencm3//lib/libopencm3_stm32l0.a(spi_common_all.o)
 .bss           0x0000000000000000        0x0 ../../lib/libopencm3//lib/libopencm3_stm32l0.a(spi_common_all.o)
 .text.spi_reset
                0x0000000000000000       0x2c ../../lib/libopencm3//lib/libopencm3_stm32l0.a(spi_common_all.o)
 .text.spi_clean_disable
                0x0000000000000000       0x2e ../../lib/libopencm3//lib/libopencm3_stm32l0.a(spi_common_all.o)
 .text.spi_send
                0x0000000000000000        0xc ../../lib/libopencm3//lib/libopencm3_stm32l0.a(spi_common_all.o)
 .text.spi_xfer
                0x0000000000000000       0x10 ../../lib/libopencm3//lib/libopencm3_stm32l0.a(spi_common_all.o)
 .text.spi_set_unidirectional_mode
                0x0000000000000000       0x10 ../../lib/libopencm3//lib/libopencm3_stm32l0.a(spi_common_all.o)
 .text.spi_set_bidirectional_receive_only_mode
                0x0000000000000000       0x18 ../../lib/libopencm3//lib/libopencm3_stm32l0.a(spi_common_all.o)
 .text.spi_set_bidirectional_transmit_only_mode
                0x0000000000000000       0x16 ../../lib/libopencm3//lib/libopencm3_stm32l0.a(spi_common_all.o)
 .text.spi_enable_crc
                0x0000000000000000        0xc ../../lib/libopencm3//lib/libopencm3_stm32l0.a(spi_common_all.o)
 .text.spi_disable_crc
                0x0000000000000000       0x10 ../../lib/libopencm3//lib/libopencm3_stm32l0.a(spi_common_all.o)
 .text.spi_set_next_tx_from_buffer
                0x0000000000000000       0x10 ../../lib/libopencm3//lib/libopencm3_stm32l0.a(spi_common_all.o)
 .text.spi_set_next_tx_from_crc
                0x0000000000000000        0xc ../../lib/libopencm3//lib/libopencm3_stm32l0.a(spi_common_all.o)
 .text.spi_set_full_duplex_mode
                0x0000000000000000       0x10 ../../lib/libopencm3//lib/libopencm3_stm32l0.a(spi_common_all.o)
 .text.spi_set_receive_only_mode
                0x0000000000000000        0xc ../../lib/libopencm3//lib/libopencm3_stm32l0.a(spi_common_all.o)
 .text.spi_disable_software_slave_management
                0x0000000000000000       0x10 ../../lib/libopencm3//lib/libopencm3_stm32l0.a(spi_common_all.o)
 .text.spi_enable_software_slave_management
                0x0000000000000000       0x14 ../../lib/libopencm3//lib/libopencm3_stm32l0.a(spi_common_all.o)
 .text.spi_set_nss_high
                0x0000000000000000        0xc ../../lib/libopencm3//lib/libopencm3_stm32l0.a(spi_common_all.o)
 .text.spi_set_nss_low
                0x0000000000000000       0x10 ../../lib/libopencm3//lib/libopencm3_stm32l0.a(spi_common_all.o)
 .text.spi_send_lsb_first
                0x0000000000000000        0xa ../../lib/libopencm3//lib/libopencm3_stm32l0.a(spi_common_all.o)
 .text.spi_send_msb_first
                0x0000000000000000        0xa ../../lib/libopencm3//lib/libopencm3_stm32l0.a(spi_common_all.o)
 .text.spi_set_baudrate_prescaler
                0x0000000000000000       0x18 ../../lib/libopencm3//lib/libopencm3_stm32l0.a(spi_common_all.o)
 .text.spi_set_master_mode
                0x0000000000000000        0xa ../../lib/libopencm3//lib/libopencm3_stm32l0.a(spi_common_all.o)
 .text.spi_set_slave_mode
                0x0000000000000000        0xa ../../lib/libopencm3//lib/libopencm3_stm32l0.a(spi_common_all.o)
 .text.spi_set_clock_polarity_1
                0x0000000000000000        0xa ../../lib/libopencm3//lib/libopencm3_stm32l0.a(spi_common_all.o)
 .text.spi_set_clock_polarity_0
                0x0000000000000000        0xa ../../lib/libopencm3//lib/libopencm3_stm32l0.a(spi_common_all.o)
 .text.spi_set_clock_phase_1
                0x0000000000000000        0xa ../../lib/libopencm3//lib/libopencm3_stm32l0.a(spi_common_all.o)
 .text.spi_set_clock_phase_0
                0x0000000000000000        0xa ../../lib/libopencm3//lib/libopencm3_stm32l0.a(spi_common_all.o)
 .text.spi_enable_tx_buffer_empty_interrupt
                0x0000000000000000        0xa ../../lib/libopencm3//lib/libopencm3_stm32l0.a(spi_common_all.o)
 .text.spi_disable_tx_buffer_empty_interrupt
                0x0000000000000000        0xa ../../lib/libopencm3//lib/libopencm3_stm32l0.a(spi_common_all.o)
 .text.spi_enable_rx_buffer_not_empty_interrupt
                0x0000000000000000        0xa ../../lib/libopencm3//lib/libopencm3_stm32l0.a(spi_common_all.o)
 .text.spi_disable_rx_buffer_not_empty_interrupt
                0x0000000000000000        0xa ../../lib/libopencm3//lib/libopencm3_stm32l0.a(spi_common_all.o)
 .text.spi_enable_error_interrupt
                0x0000000000000000        0xa ../../lib/libopencm3//lib/libopencm3_stm32l0.a(spi_common_all.o)
 .text.spi_disable_error_interrupt
                0x0000000000000000        0xa ../../lib/libopencm3//lib/libopencm3_stm32l0.a(spi_common_all.o)
 .text.spi_enable_ss_output
                0x0000000000000000        0xa ../../lib/libopencm3//lib/libopencm3_stm32l0.a(spi_common_all.o)
 .text.spi_disable_ss_output
                0x0000000000000000        0xa ../../lib/libopencm3//lib/libopencm3_stm32l0.a(spi_common_all.o)
 .text.spi_enable_tx_dma
                0x0000000000000000        0xa ../../lib/libopencm3//lib/libopencm3_stm32l0.a(spi_common_all.o)
 .text.spi_disable_tx_dma
                0x0000000000000000        0xa ../../lib/libopencm3//lib/libopencm3_stm32l0.a(spi_common_all.o)
 .text.spi_enable_rx_dma
                0x0000000000000000        0xa ../../lib/libopencm3//lib/libopencm3_stm32l0.a(spi_common_all.o)
 .text.spi_disable_rx_dma
                0x0000000000000000        0xa ../../lib/libopencm3//lib/libopencm3_stm32l0.a(spi_common_all.o)
 .text.spi_set_standard_mode
                0x0000000000000000       0x12 ../../lib/libopencm3//lib/libopencm3_stm32l0.a(spi_common_all.o)
 .debug_macro   0x0000000000000000      0xa42 ../../lib/libopencm3//lib/libopencm3_stm32l0.a(spi_common_all.o)
 .debug_macro   0x0000000000000000       0x1c ../../lib/libopencm3//lib/libopencm3_stm32l0.a(spi_common_all.o)
 .debug_macro   0x0000000000000000       0x22 ../../lib/libopencm3//lib/libopencm3_stm32l0.a(spi_common_all.o)
 .debug_macro   0x0000000000000000       0x56 ../../lib/libopencm3//lib/libopencm3_stm32l0.a(spi_common_all.o)
 .debug_macro   0x0000000000000000       0x51 ../../lib/libopencm3//lib/libopencm3_stm32l0.a(spi_common_all.o)
 .debug_macro   0x0000000000000000      0x103 ../../lib/libopencm3//lib/libopencm3_stm32l0.a(spi_common_all.o)
 .debug_macro   0x0000000000000000       0x6a ../../lib/libopencm3//lib/libopencm3_stm32l0.a(spi_common_all.o)
 .debug_macro   0x0000000000000000      0x1df ../../lib/libopencm3//lib/libopencm3_stm32l0.a(spi_common_all.o)
 .debug_macro   0x0000000000000000       0x22 ../../lib/libopencm3//lib/libopencm3_stm32l0.a(spi_common_all.o)
 .debug_macro   0x0000000000000000       0xe8 ../../lib/libopencm3//lib/libopencm3_stm32l0.a(spi_common_all.o)
 .debug_macro   0x0000000000000000       0x52 ../../lib/libopencm3//lib/libopencm3_stm32l0.a(spi_common_all.o)
 .debug_macro   0x0000000000000000      0x166 ../../lib/libopencm3//lib/libopencm3_stm32l0.a(spi_common_all.o)
 .debug_macro   0x0000000000000000      0x2eb ../../lib/libopencm3//lib/libopencm3_stm32l0.a(spi_common_all.o)
 .debug_macro   0x0000000000000000       0x16 ../../lib/libopencm3//lib/libopencm3_stm32l0.a(spi_common_all.o)
 .debug_macro   0x0000000000000000       0x22 ../../lib/libopencm3//lib/libopencm3_stm32l0.a(spi_common_all.o)
 .debug_macro   0x0000000000000000       0x8e ../../lib/libopencm3//lib/libopencm3_stm32l0.a(spi_common_all.o)
 .debug_macro   0x0000000000000000       0x58 ../../lib/libopencm3//lib/libopencm3_stm32l0.a(spi_common_all.o)
 .debug_macro   0x0000000000000000      0x942 ../../lib/libopencm3//lib/libopencm3_stm32l0.a(spi_common_all.o)
 .group         0x0000000000000000        0xc ../../lib/libopencm3//lib/libopencm3_stm32l0.a(spi_common_v1.o)
 .group         0x0000000000000000        0xc ../../lib/libopencm3//lib/libopencm3_stm32l0.a(spi_common_v1.o)
 .group         0x0000000000000000        0xc ../../lib/libopencm3//lib/libopencm3_stm32l0.a(spi_common_v1.o)
 .group         0x0000000000000000        0xc ../../lib/libopencm3//lib/libopencm3_stm32l0.a(spi_common_v1.o)
 .group         0x0000000000000000        0xc ../../lib/libopencm3//lib/libopencm3_stm32l0.a(spi_common_v1.o)
 .group         0x0000000000000000        0xc ../../lib/libopencm3//lib/libopencm3_stm32l0.a(spi_common_v1.o)
 .group         0x0000000000000000        0xc ../../lib/libopencm3//lib/libopencm3_stm32l0.a(spi_common_v1.o)
 .group         0x0000000000000000        0xc ../../lib/libopencm3//lib/libopencm3_stm32l0.a(spi_common_v1.o)
 .group         0x0000000000000000        0xc ../../lib/libopencm3//lib/libopencm3_stm32l0.a(spi_common_v1.o)
 .group         0x0000000000000000        0xc ../../lib/libopencm3//lib/libopencm3_stm32l0.a(spi_common_v1.o)
 .group         0x0000000000000000        0xc ../../lib/libopencm3//lib/libopencm3_stm32l0.a(spi_common_v1.o)
 .group         0x0000000000000000        0xc ../../lib/libopencm3//lib/libopencm3_stm32l0.a(spi_common_v1.o)
 .group         0x0000000000000000        0xc ../../lib/libopencm3//lib/libopencm3_stm32l0.a(spi_common_v1.o)
 .group         0x0000000000000000        0xc ../../lib/libopencm3//lib/libopencm3_stm32l0.a(spi_common_v1.o)
 .group         0x0000000000000000        0xc ../../lib/libopencm3//lib/libopencm3_stm32l0.a(spi_common_v1.o)
 .group         0x0000000000000000        0xc ../../lib/libopencm3//lib/libopencm3_stm32l0.a(spi_common_v1.o)
 .group         0x0000000000000000        0xc ../../lib/libopencm3//lib/libopencm3_stm32l0.a(spi_common_v1.o)
 .group         0x0000000000000000        0xc ../../lib/libopencm3//lib/libopencm3_stm32l0.a(spi_common_v1.o)
 .text          0x0000000000000000        0x0 ../../lib/libopencm3//lib/libopencm3_stm32l0.a(spi_common_v1.o)
 .data          0x0000000000000000        0x0 ../../lib/libopencm3//lib/libopencm3_stm32l0.a(spi_common_v1.o)
 .bss           0x0000000000000000        0x0 ../../lib/libopencm3//lib/libopencm3_stm32l0.a(spi_common_v1.o)
 .text.spi_set_dff_8bit
                0x0000000000000000       0x10 ../../lib/libopencm3//lib/libopencm3_stm32l0.a(spi_common_v1.o)
 .text.spi_set_dff_16bit
                0x0000000000000000        0xc ../../lib/libopencm3//lib/libopencm3_stm32l0.a(spi_common_v1.o)
 .debug_macro   0x0000000000000000      0xa42 ../../lib/libopencm3//lib/libopencm3_stm32l0.a(spi_common_v1.o)
 .debug_macro   0x0000000000000000       0x1c ../../lib/libopencm3//lib/libopencm3_stm32l0.a(spi_common_v1.o)
 .debug_macro   0x0000000000000000       0x22 ../../lib/libopencm3//lib/libopencm3_stm32l0.a(spi_common_v1.o)
 .debug_macro   0x0000000000000000       0x56 ../../lib/libopencm3//lib/libopencm3_stm32l0.a(spi_common_v1.o)
 .debug_macro   0x0000000000000000       0x51 ../../lib/libopencm3//lib/libopencm3_stm32l0.a(spi_common_v1.o)
 .debug_macro   0x0000000000000000      0x103 ../../lib/libopencm3//lib/libopencm3_stm32l0.a(spi_common_v1.o)
 .debug_macro   0x0000000000000000       0x6a ../../lib/libopencm3//lib/libopencm3_stm32l0.a(spi_common_v1.o)
 .debug_macro   0x0000000000000000      0x1df ../../lib/libopencm3//lib/libopencm3_stm32l0.a(spi_common_v1.o)
 .debug_macro   0x0000000000000000       0x22 ../../lib/libopencm3//lib/libopencm3_stm32l0.a(spi_common_v1.o)
 .debug_macro   0x0000000000000000       0xe8 ../../lib/libopencm3//lib/libopencm3_stm32l0.a(spi_common_v1.o)
 .debug_macro   0x0000000000000000       0x52 ../../lib/libopencm3//lib/libopencm3_stm32l0.a(spi_common_v1.o)
 .debug_macro   0x0000000000000000      0x166 ../../lib/libopencm3//lib/libopencm3_stm32l0.a(spi_common_v1.o)
 .debug_macro   0x0000000000000000      0x2eb ../../lib/libopencm3//lib/libopencm3_stm32l0.a(spi_common_v1.o)
 .debug_macro   0x0000000000000000       0x16 ../../lib/libopencm3//lib/libopencm3_stm32l0.a(spi_common_v1.o)
 .debug_macro   0x0000000000000000       0x22 ../../lib/libopencm3//lib/libopencm3_stm32l0.a(spi_common_v1.o)
 .debug_macro   0x0000000000000000       0x8e ../../lib/libopencm3//lib/libopencm3_stm32l0.a(spi_common_v1.o)
 .debug_macro   0x0000000000000000       0x58 ../../lib/libopencm3//lib/libopencm3_stm32l0.a(spi_common_v1.o)
 .debug_macro   0x0000000000000000      0x942 ../../lib/libopencm3//lib/libopencm3_stm32l0.a(spi_common_v1.o)
 .group         0x0000000000000000        0xc ../../lib/libopencm3//lib/libopencm3_stm32l0.a(vector.o)
 .group         0x0000000000000000        0xc ../../lib/libopencm3//lib/libopencm3_stm32l0.a(vector.o)
 .group         0x0000000000000000        0xc ../../lib/libopencm3//lib/libopencm3_stm32l0.a(vector.o)
 .group         0x0000000000000000        0xc ../../lib/libopencm3//lib/libopencm3_stm32l0.a(vector.o)
 .group         0x0000000000000000        0xc ../../lib/libopencm3//lib/libopencm3_stm32l0.a(vector.o)
 .group         0x0000000000000000        0xc ../../lib/libopencm3//lib/libopencm3_stm32l0.a(vector.o)
 .group         0x0000000000000000        0xc ../../lib/libopencm3//lib/libopencm3_stm32l0.a(vector.o)
 .group         0x0000000000000000        0xc ../../lib/libopencm3//lib/libopencm3_stm32l0.a(vector.o)
 .group         0x0000000000000000        0xc ../../lib/libopencm3//lib/libopencm3_stm32l0.a(vector.o)
 .group         0x0000000000000000        0xc ../../lib/libopencm3//lib/libopencm3_stm32l0.a(vector.o)
 .group         0x0000000000000000        0xc ../../lib/libopencm3//lib/libopencm3_stm32l0.a(vector.o)
 .group         0x0000000000000000        0xc ../../lib/libopencm3//lib/libopencm3_stm32l0.a(vector.o)
 .group         0x0000000000000000        0xc ../../lib/libopencm3//lib/libopencm3_stm32l0.a(vector.o)
 .group         0x0000000000000000        0xc ../../lib/libopencm3//lib/libopencm3_stm32l0.a(vector.o)
 .text          0x0000000000000000        0x0 ../../lib/libopencm3//lib/libopencm3_stm32l0.a(vector.o)
 .data          0x0000000000000000        0x0 ../../lib/libopencm3//lib/libopencm3_stm32l0.a(vector.o)
 .bss           0x0000000000000000        0x0 ../../lib/libopencm3//lib/libopencm3_stm32l0.a(vector.o)
 .debug_macro   0x0000000000000000      0xa42 ../../lib/libopencm3//lib/libopencm3_stm32l0.a(vector.o)
 .debug_macro   0x0000000000000000       0x52 ../../lib/libopencm3//lib/libopencm3_stm32l0.a(vector.o)
 .debug_macro   0x0000000000000000       0x1c ../../lib/libopencm3//lib/libopencm3_stm32l0.a(vector.o)
 .debug_macro   0x0000000000000000       0x22 ../../lib/libopencm3//lib/libopencm3_stm32l0.a(vector.o)
 .debug_macro   0x0000000000000000       0x56 ../../lib/libopencm3//lib/libopencm3_stm32l0.a(vector.o)
 .debug_macro   0x0000000000000000       0x51 ../../lib/libopencm3//lib/libopencm3_stm32l0.a(vector.o)
 .debug_macro   0x0000000000000000      0x103 ../../lib/libopencm3//lib/libopencm3_stm32l0.a(vector.o)
 .debug_macro   0x0000000000000000       0x6a ../../lib/libopencm3//lib/libopencm3_stm32l0.a(vector.o)
 .debug_macro   0x0000000000000000      0x1df ../../lib/libopencm3//lib/libopencm3_stm32l0.a(vector.o)
 .debug_macro   0x0000000000000000       0x22 ../../lib/libopencm3//lib/libopencm3_stm32l0.a(vector.o)
 .debug_macro   0x0000000000000000       0xe8 ../../lib/libopencm3//lib/libopencm3_stm32l0.a(vector.o)

Memory Configuration

Name             Origin             Length             Attributes
ram              0x0000000020000000 0x0000000000002000 xrw
rom              0x0000000008000000 0x0000000000008000 xr
*default*        0x0000000000000000 0xffffffffffffffff

Linker script and memory map

LOAD ./main.o
LOAD ./spi_opencm3.o
LOAD ../../lib/libopencm3//lib/libopencm3_stm32l0.a
START GROUP
LOAD /usr/share/gcc-arm-none-eabi-10-2020-q4-major/bin/../lib/gcc/arm-none-eabi/10.2.1/../../../../arm-none-eabi/lib/thumb/v6-m/nofp/libc_nano.a
LOAD /usr/share/gcc-arm-none-eabi-10-2020-q4-major/bin/../lib/gcc/arm-none-eabi/10.2.1/thumb/v6-m/nofp/libgcc.a
LOAD /usr/share/gcc-arm-none-eabi-10-2020-q4-major/bin/../lib/gcc/arm-none-eabi/10.2.1/../../../../arm-none-eabi/lib/thumb/v6-m/nofp/libnosys.a
END GROUP
START GROUP
LOAD /usr/share/gcc-arm-none-eabi-10-2020-q4-major/bin/../lib/gcc/arm-none-eabi/10.2.1/thumb/v6-m/nofp/libgcc.a
LOAD /usr/share/gcc-arm-none-eabi-10-2020-q4-major/bin/../lib/gcc/arm-none-eabi/10.2.1/../../../../arm-none-eabi/lib/thumb/v6-m/nofp/libg_nano.a
LOAD /usr/share/gcc-arm-none-eabi-10-2020-q4-major/bin/../lib/gcc/arm-none-eabi/10.2.1/../../../../arm-none-eabi/lib/thumb/v6-m/nofp/libc_nano.a
END GROUP
START GROUP
LOAD /usr/share/gcc-arm-none-eabi-10-2020-q4-major/bin/../lib/gcc/arm-none-eabi/10.2.1/thumb/v6-m/nofp/libgcc.a
LOAD /usr/share/gcc-arm-none-eabi-10-2020-q4-major/bin/../lib/gcc/arm-none-eabi/10.2.1/../../../../arm-none-eabi/lib/thumb/v6-m/nofp/libc_nano.a
END GROUP

.text           0x0000000008000000      0x388
 *(.vectors)
 .vectors       0x0000000008000000       0xc0 ../../lib/libopencm3//lib/libopencm3_stm32l0.a(vector.o)
                0x0000000008000000                vector_table
 *(.text*)
 .text.main     0x00000000080000c0       0x28 ./main.o
                0x00000000080000c0                main
 .text.spi_link_init
                0x00000000080000e8       0x6c ./spi_opencm3.o
                0x00000000080000e8                spi_link_init
 .text.extended_data_frame
                0x0000000008000154        0x4 ./spi_opencm3.o
                0x0000000008000154                extended_data_frame
 .text.read     0x0000000008000158       0x44 ./spi_opencm3.o
                0x0000000008000158                read
 .text.write    0x000000000800019c       0x44 ./spi_opencm3.o
                0x000000000800019c                write
 .text.gpio_mode_setup
                0x00000000080001e0       0x40 ../../lib/libopencm3//lib/libopencm3_stm32l0.a(gpio_common_f0234.o)
                0x00000000080001e0                gpio_mode_setup
 .text.gpio_set_af
                0x0000000008000220       0x58 ../../lib/libopencm3//lib/libopencm3_stm32l0.a(gpio_common_f0234.o)
                0x0000000008000220                gpio_set_af
 .text.rcc_periph_clock_enable
                0x0000000008000278       0x1c ../../lib/libopencm3//lib/libopencm3_stm32l0.a(rcc_common_all.o)
                0x0000000008000278                rcc_periph_clock_enable
 .text.spi_enable
                0x0000000008000294        0xa ../../lib/libopencm3//lib/libopencm3_stm32l0.a(spi_common_all.o)
                0x0000000008000294                spi_enable
 .text.spi_disable
                0x000000000800029e        0xa ../../lib/libopencm3//lib/libopencm3_stm32l0.a(spi_common_all.o)
                0x000000000800029e                spi_disable
 .text.spi_write
                0x00000000080002a8        0x4 ../../lib/libopencm3//lib/libopencm3_stm32l0.a(spi_common_all.o)
                0x00000000080002a8                spi_write
 .text.spi_read
                0x00000000080002ac        0xe ../../lib/libopencm3//lib/libopencm3_stm32l0.a(spi_common_all.o)
                0x00000000080002ac                spi_read
 .text.spi_set_bidirectional_mode
                0x00000000080002ba        0xc ../../lib/libopencm3//lib/libopencm3_stm32l0.a(spi_common_all.o)
                0x00000000080002ba                spi_set_bidirectional_mode
 .text.spi_init_master
                0x00000000080002c6       0x28 ../../lib/libopencm3//lib/libopencm3_stm32l0.a(spi_common_v1.o)
                0x00000000080002c6                spi_init_master
 .text.blocking_handler
                0x00000000080002ee        0x2 ../../lib/libopencm3//lib/libopencm3_stm32l0.a(vector.o)
                0x00000000080002ee                rtc_isr
                0x00000000080002ee                tim7_isr
                0x00000000080002ee                blocking_handler
                0x00000000080002ee                tsc_isr
                0x00000000080002ee                spi1_isr
                0x00000000080002ee                i2c1_isr
                0x00000000080002ee                i2c2_isr
                0x00000000080002ee                tim21_isr
                0x00000000080002ee                usart1_isr
                0x00000000080002ee                i2c3_isr
                0x00000000080002ee                reserved4_isr
                0x00000000080002ee                exti2_3_isr
                0x00000000080002ee                lptim1_isr
                0x00000000080002ee                pvd_isr
                0x00000000080002ee                rcc_isr
                0x00000000080002ee                flash_isr
                0x00000000080002ee                hard_fault_handler
                0x00000000080002ee                spi2_isr
                0x00000000080002ee                lpuart1_aes_rng_isr
                0x00000000080002ee                usb_isr
                0x00000000080002ee                tim3_isr
                0x00000000080002ee                usart2_isr
                0x00000000080002ee                adc_comp_isr
                0x00000000080002ee                dma1_channel1_isr
                0x00000000080002ee                tim6_dac_isr
                0x00000000080002ee                lcd_isr
                0x00000000080002ee                dma1_channel2_3_isr
                0x00000000080002ee                tim22_isr
                0x00000000080002ee                exti4_15_isr
                0x00000000080002ee                usart4_5_isr
                0x00000000080002ee                wwdg_isr
                0x00000000080002ee                tim2_isr
                0x00000000080002ee                dma1_channel4_5_isr
                0x00000000080002ee                exti0_1_isr
 .text.null_handler
                0x00000000080002f0        0x2 ../../lib/libopencm3//lib/libopencm3_stm32l0.a(vector.o)
                0x00000000080002f0                null_handler
                0x00000000080002f0                sv_call_handler
                0x00000000080002f0                pend_sv_handler
                0x00000000080002f0                sys_tick_handler
                0x00000000080002f0                nmi_handler
 *fill*         0x00000000080002f2        0x2 
 .text.reset_handler
                0x00000000080002f4       0x88 ../../lib/libopencm3//lib/libopencm3_stm32l0.a(vector.o)
                0x00000000080002f4                reset_handler
                0x000000000800037c                . = ALIGN (0x4)
 *(.rodata*)
 .rodata        0x000000000800037c        0xc ./spi_opencm3.o
                0x0000000008000388                . = ALIGN (0x4)

.glue_7         0x0000000008000388        0x0
 .glue_7        0x0000000008000388        0x0 linker stubs

.glue_7t        0x0000000008000388        0x0
 .glue_7t       0x0000000008000388        0x0 linker stubs

.vfp11_veneer   0x0000000008000388        0x0
 .vfp11_veneer  0x0000000008000388        0x0 linker stubs

.v4_bx          0x0000000008000388        0x0
 .v4_bx         0x0000000008000388        0x0 linker stubs

.iplt           0x0000000008000388        0x0
 .iplt          0x0000000008000388        0x0 ./main.o

.rel.dyn        0x0000000008000388        0x0
 .rel.iplt      0x0000000008000388        0x0 ./main.o

.preinit_array  0x0000000008000388        0x0
                0x0000000008000388                . = ALIGN (0x4)
                0x0000000008000388                __preinit_array_start = .
 *(.preinit_array)
                0x0000000008000388                __preinit_array_end = .

.init_array     0x0000000008000388        0x0
                0x0000000008000388                . = ALIGN (0x4)
                0x0000000008000388                __init_array_start = .
 *(SORT_BY_NAME(.init_array.*))
 *(.init_array)
                0x0000000008000388                __init_array_end = .

.fini_array     0x0000000008000388        0x0
                0x0000000008000388                . = ALIGN (0x4)
                0x0000000008000388                __fini_array_start = .
 *(.fini_array)
 *(SORT_BY_NAME(.fini_array.*))
                0x0000000008000388                __fini_array_end = .

.ARM.extab
 *(.ARM.extab*)

.ARM.exidx      0x0000000008000388        0x0
                0x0000000008000388                __exidx_start = .
 *(.ARM.exidx*)
                0x0000000008000388                __exidx_end = .
                0x0000000008000388                . = ALIGN (0x4)
                0x0000000008000388                _etext = .

.noinit
 *(.noinit*)
                0x0000000008000388                . = ALIGN (0x4)

.data           0x0000000020000000        0x0 load address 0x0000000008000388
                0x0000000020000000                _data = .
 *(.data*)
 *(.ramtext*)
                0x0000000020000000                . = ALIGN (0x4)
                0x0000000020000000                _edata = .
                0x0000000008000388                _data_loadaddr = LOADADDR (.data)

.igot.plt       0x0000000020000000        0x0 load address 0x0000000008000388
 .igot.plt      0x0000000020000000        0x0 ./main.o

.bss            0x0000000020000000        0x0 load address 0x0000000008000388
 *(.bss*)
 *(COMMON)
                0x0000000020000000                . = ALIGN (0x4)
                0x0000000020000000                _ebss = .

/DISCARD/
 *(.eh_frame)
                0x0000000020000000                . = ALIGN (0x4)
                0x0000000020000000                end = .
                0x0000000020002000                PROVIDE (_stack = (ORIGIN (ram) + LENGTH (ram)))
OUTPUT(main.elf elf32-littlearm)
LOAD linker stubs

.debug_info     0x0000000000000000     0x1ebb
 .debug_info    0x0000000000000000      0x1b0 ./main.o
 .debug_info    0x00000000000001b0      0x65a ./spi_opencm3.o
 .debug_info    0x000000000000080a      0x257 ../../lib/libopencm3//lib/libopencm3_stm32l0.a(gpio_common_f0234.o)
 .debug_info    0x0000000000000a61      0x682 ../../lib/libopencm3//lib/libopencm3_stm32l0.a(rcc_common_all.o)
 .debug_info    0x00000000000010e3      0x998 ../../lib/libopencm3//lib/libopencm3_stm32l0.a(spi_common_all.o)
 .debug_info    0x0000000000001a7b      0x164 ../../lib/libopencm3//lib/libopencm3_stm32l0.a(spi_common_v1.o)
 .debug_info    0x0000000000001bdf      0x2dc ../../lib/libopencm3//lib/libopencm3_stm32l0.a(vector.o)

.debug_abbrev   0x0000000000000000      0x8a1
 .debug_abbrev  0x0000000000000000      0x107 ./main.o
 .debug_abbrev  0x0000000000000107      0x186 ./spi_opencm3.o
 .debug_abbrev  0x000000000000028d       0xbf ../../lib/libopencm3//lib/libopencm3_stm32l0.a(gpio_common_f0234.o)
 .debug_abbrev  0x000000000000034c      0x16b ../../lib/libopencm3//lib/libopencm3_stm32l0.a(rcc_common_all.o)
 .debug_abbrev  0x00000000000004b7      0x1d3 ../../lib/libopencm3//lib/libopencm3_stm32l0.a(spi_common_all.o)
 .debug_abbrev  0x000000000000068a       0xd2 ../../lib/libopencm3//lib/libopencm3_stm32l0.a(spi_common_v1.o)
 .debug_abbrev  0x000000000000075c      0x145 ../../lib/libopencm3//lib/libopencm3_stm32l0.a(vector.o)

.debug_aranges  0x0000000000000000      0x2c0
 .debug_aranges
                0x0000000000000000       0x20 ./main.o
 .debug_aranges
                0x0000000000000020       0x38 ./spi_opencm3.o
 .debug_aranges
                0x0000000000000058       0x30 ../../lib/libopencm3//lib/libopencm3_stm32l0.a(gpio_common_f0234.o)
 .debug_aranges
                0x0000000000000088       0x60 ../../lib/libopencm3//lib/libopencm3_stm32l0.a(rcc_common_all.o)
 .debug_aranges
                0x00000000000000e8      0x178 ../../lib/libopencm3//lib/libopencm3_stm32l0.a(spi_common_all.o)
 .debug_aranges
                0x0000000000000260       0x30 ../../lib/libopencm3//lib/libopencm3_stm32l0.a(spi_common_v1.o)
 .debug_aranges
                0x0000000000000290       0x30 ../../lib/libopencm3//lib/libopencm3_stm32l0.a(vector.o)

.debug_ranges   0x0000000000000000      0x2c8
 .debug_ranges  0x0000000000000000       0x10 ./main.o
 .debug_ranges  0x0000000000000010       0x88 ./spi_opencm3.o
 .debug_ranges  0x0000000000000098       0x20 ../../lib/libopencm3//lib/libopencm3_stm32l0.a(gpio_common_f0234.o)
 .debug_ranges  0x00000000000000b8       0x50 ../../lib/libopencm3//lib/libopencm3_stm32l0.a(rcc_common_all.o)
 .debug_ranges  0x0000000000000108      0x180 ../../lib/libopencm3//lib/libopencm3_stm32l0.a(spi_common_all.o)
 .debug_ranges  0x0000000000000288       0x20 ../../lib/libopencm3//lib/libopencm3_stm32l0.a(spi_common_v1.o)
 .debug_ranges  0x00000000000002a8       0x20 ../../lib/libopencm3//lib/libopencm3_stm32l0.a(vector.o)

.debug_macro    0x0000000000000000     0x4190
 .debug_macro   0x0000000000000000      0x14e ./main.o
 .debug_macro   0x000000000000014e      0xa54 ./main.o
 .debug_macro   0x0000000000000ba2       0x22 ./main.o
 .debug_macro   0x0000000000000bc4       0x56 ./main.o
 .debug_macro   0x0000000000000c1a       0x51 ./main.o
 .debug_macro   0x0000000000000c6b      0x103 ./main.o
 .debug_macro   0x0000000000000d6e       0x6a ./main.o
 .debug_macro   0x0000000000000dd8      0x1df ./main.o
 .debug_macro   0x0000000000000fb7       0x18 ./main.o
 .debug_macro   0x0000000000000fcf       0x52 ./main.o
 .debug_macro   0x0000000000001021       0x3c ./main.o
 .debug_macro   0x000000000000105d       0x34 ./main.o
 .debug_macro   0x0000000000001091       0x16 ./main.o
 .debug_macro   0x00000000000010a7      0x10e ./main.o
 .debug_macro   0x00000000000011b5       0x8d ./main.o
 .debug_macro   0x0000000000001242       0x16 ./main.o
 .debug_macro   0x0000000000001258       0x43 ./main.o
 .debug_macro   0x000000000000129b       0x34 ./main.o
 .debug_macro   0x00000000000012cf       0x10 ./main.o
 .debug_macro   0x00000000000012df       0x58 ./main.o
 .debug_macro   0x0000000000001337       0x71 ./main.o
 .debug_macro   0x00000000000013a8       0x1c ./main.o
 .debug_macro   0x00000000000013c4      0x12a ./main.o
 .debug_macro   0x00000000000014ee      0x333 ./main.o
 .debug_macro   0x0000000000001821       0x22 ./main.o
 .debug_macro   0x0000000000001843       0x22 ./main.o
 .debug_macro   0x0000000000001865      0x225 ./spi_opencm3.o
 .debug_macro   0x0000000000001a8a       0x1c ./spi_opencm3.o
 .debug_macro   0x0000000000001aa6       0xe8 ./spi_opencm3.o
 .debug_macro   0x0000000000001b8e       0x52 ./spi_opencm3.o
 .debug_macro   0x0000000000001be0      0x166 ./spi_opencm3.o
 .debug_macro   0x0000000000001d46      0x2eb ./spi_opencm3.o
 .debug_macro   0x0000000000002031       0x16 ./spi_opencm3.o
 .debug_macro   0x0000000000002047       0x22 ./spi_opencm3.o
 .debug_macro   0x0000000000002069       0x8e ./spi_opencm3.o
 .debug_macro   0x00000000000020f7       0x58 ./spi_opencm3.o
 .debug_macro   0x000000000000214f      0x942 ./spi_opencm3.o
 .debug_macro   0x0000000000002a91       0x76 ./spi_opencm3.o
 .debug_macro   0x0000000000002b07      0x37e ./spi_opencm3.o
 .debug_macro   0x0000000000002e85       0xca ./spi_opencm3.o
 .debug_macro   0x0000000000002f4f       0x46 ./spi_opencm3.o
 .debug_macro   0x0000000000002f95       0xd6 ../../lib/libopencm3//lib/libopencm3_stm32l0.a(gpio_common_f0234.o)
 .debug_macro   0x000000000000306b      0xa42 ../../lib/libopencm3//lib/libopencm3_stm32l0.a(gpio_common_f0234.o)
 .debug_macro   0x0000000000003aad       0x56 ../../lib/libopencm3//lib/libopencm3_stm32l0.a(gpio_common_f0234.o)
 .debug_macro   0x0000000000003b03       0xfa ../../lib/libopencm3//lib/libopencm3_stm32l0.a(rcc_common_all.o)
 .debug_macro   0x0000000000003bfd      0x109 ../../lib/libopencm3//lib/libopencm3_stm32l0.a(spi_common_all.o)
 .debug_macro   0x0000000000003d06      0x109 ../../lib/libopencm3//lib/libopencm3_stm32l0.a(spi_common_v1.o)
 .debug_macro   0x0000000000003e0f       0xcf ../../lib/libopencm3//lib/libopencm3_stm32l0.a(vector.o)
 .debug_macro   0x0000000000003ede      0x19f ../../lib/libopencm3//lib/libopencm3_stm32l0.a(vector.o)
 .debug_macro   0x000000000000407d       0x49 ../../lib/libopencm3//lib/libopencm3_stm32l0.a(vector.o)
 .debug_macro   0x00000000000040c6       0xca ../../lib/libopencm3//lib/libopencm3_stm32l0.a(vector.o)

.debug_line     0x0000000000000000     0x2650
 .debug_line    0x0000000000000000      0x316 ./main.o
 .debug_line    0x0000000000000316      0x6a6 ./spi_opencm3.o
 .debug_line    0x00000000000009bc      0x516 ../../lib/libopencm3//lib/libopencm3_stm32l0.a(gpio_common_f0234.o)
 .debug_line    0x0000000000000ed2      0x4a8 ../../lib/libopencm3//lib/libopencm3_stm32l0.a(rcc_common_all.o)
 .debug_line    0x000000000000137a      0xa8b ../../lib/libopencm3//lib/libopencm3_stm32l0.a(spi_common_all.o)
 .debug_line    0x0000000000001e05      0x3f3 ../../lib/libopencm3//lib/libopencm3_stm32l0.a(spi_common_v1.o)
 .debug_line    0x00000000000021f8      0x458 ../../lib/libopencm3//lib/libopencm3_stm32l0.a(vector.o)

.debug_str      0x0000000000000000     0xe558
 .debug_str     0x0000000000000000     0x6a6c ./main.o
                                       0x6c7f (size before relaxing)
 .debug_str     0x0000000000006a6c     0x5f33 ./spi_opencm3.o
                                       0xcb8f (size before relaxing)
 .debug_str     0x000000000000c99f      0x1a8 ../../lib/libopencm3//lib/libopencm3_stm32l0.a(gpio_common_f0234.o)
                                       0x5e3e (size before relaxing)
 .debug_str     0x000000000000cb47      0x353 ../../lib/libopencm3//lib/libopencm3_stm32l0.a(rcc_common_all.o)
                                       0x79c0 (size before relaxing)
 .debug_str     0x000000000000ce9a      0x3ed ../../lib/libopencm3//lib/libopencm3_stm32l0.a(spi_common_all.o)
                                       0x8749 (size before relaxing)
 .debug_str     0x000000000000d287       0x50 ../../lib/libopencm3//lib/libopencm3_stm32l0.a(spi_common_v1.o)
                                       0x81c4 (size before relaxing)
 .debug_str     0x000000000000d2d7     0x1281 ../../lib/libopencm3//lib/libopencm3_stm32l0.a(vector.o)
                                       0x5202 (size before relaxing)

.comment        0x0000000000000000       0x4d
 .comment       0x0000000000000000       0x4d ./main.o
                                         0x4e (size before relaxing)
 .comment       0x000000000000004d       0x4e ./spi_opencm3.o
 .comment       0x000000000000004d       0x4e ../../lib/libopencm3//lib/libopencm3_stm32l0.a(gpio_common_f0234.o)
 .comment       0x000000000000004d       0x4e ../../lib/libopencm3//lib/libopencm3_stm32l0.a(rcc_common_all.o)
 .comment       0x000000000000004d       0x4e ../../lib/libopencm3//lib/libopencm3_stm32l0.a(spi_common_all.o)
 .comment       0x000000000000004d       0x4e ../../lib/libopencm3//lib/libopencm3_stm32l0.a(spi_common_v1.o)
 .comment       0x000000000000004d       0x4e ../../lib/libopencm3//lib/libopencm3_stm32l0.a(vector.o)

.ARM.attributes
                0x0000000000000000       0x2c
 .ARM.attributes
                0x0000000000000000       0x2c ./main.o
 .ARM.attributes
                0x000000000000002c       0x2c ./spi_opencm3.o
 .ARM.attributes
                0x0000000000000058       0x2c ../../lib/libopencm3//lib/libopencm3_stm32l0.a(gpio_common_f0234.o)
 .ARM.attributes
                0x0000000000000084       0x2c ../../lib/libopencm3//lib/libopencm3_stm32l0.a(rcc_common_all.o)
 .ARM.attributes
                0x00000000000000b0       0x2c ../../lib/libopencm3//lib/libopencm3_stm32l0.a(spi_common_all.o)
 .ARM.attributes
                0x00000000000000dc       0x2c ../../lib/libopencm3//lib/libopencm3_stm32l0.a(spi_common_v1.o)
 .ARM.attributes
                0x0000000000000108       0x2c ../../lib/libopencm3//lib/libopencm3_stm32l0.a(vector.o)

.debug_frame    0x0000000000000000      0x57c
 .debug_frame   0x0000000000000000       0x28 ./main.o
 .debug_frame   0x0000000000000028       0x78 ./spi_opencm3.o
 .debug_frame   0x00000000000000a0       0x78 ../../lib/libopencm3//lib/libopencm3_stm32l0.a(gpio_common_f0234.o)
 .debug_frame   0x0000000000000118       0xf0 ../../lib/libopencm3//lib/libopencm3_stm32l0.a(rcc_common_all.o)
 .debug_frame   0x0000000000000208      0x2e0 ../../lib/libopencm3//lib/libopencm3_stm32l0.a(spi_common_all.o)
 .debug_frame   0x00000000000004e8       0x4c ../../lib/libopencm3//lib/libopencm3_stm32l0.a(spi_common_v1.o)
 .debug_frame   0x0000000000000534       0x48 ../../lib/libopencm3//lib/libopencm3_stm32l0.a(vector.o)

.debug_loc      0x0000000000000000      0x863
 .debug_loc     0x0000000000000000      0x197 ./spi_opencm3.o
 .debug_loc     0x0000000000000197      0x257 ../../lib/libopencm3//lib/libopencm3_stm32l0.a(gpio_common_f0234.o)
 .debug_loc     0x00000000000003ee       0xb9 ../../lib/libopencm3//lib/libopencm3_stm32l0.a(rcc_common_all.o)
 .debug_loc     0x00000000000004a7      0x188 ../../lib/libopencm3//lib/libopencm3_stm32l0.a(spi_common_all.o)
 .debug_loc     0x000000000000062f      0x119 ../../lib/libopencm3//lib/libopencm3_stm32l0.a(spi_common_v1.o)
 .debug_loc     0x0000000000000748      0x11b ../../lib/libopencm3//lib/libopencm3_stm32l0.a(vector.o)

Cross Reference Table

Symbol                                            File
__fini_array_end                                  ../../lib/libopencm3//lib/libopencm3_stm32l0.a(vector.o)
__fini_array_start                                ../../lib/libopencm3//lib/libopencm3_stm32l0.a(vector.o)
__init_array_end                                  ../../lib/libopencm3//lib/libopencm3_stm32l0.a(vector.o)
__init_array_start                                ../../lib/libopencm3//lib/libopencm3_stm32l0.a(vector.o)
__preinit_array_end                               ../../lib/libopencm3//lib/libopencm3_stm32l0.a(vector.o)
__preinit_array_start                             ../../lib/libopencm3//lib/libopencm3_stm32l0.a(vector.o)
_data                                             ../../lib/libopencm3//lib/libopencm3_stm32l0.a(vector.o)
_data_loadaddr                                    ../../lib/libopencm3//lib/libopencm3_stm32l0.a(vector.o)
_ebss                                             ../../lib/libopencm3//lib/libopencm3_stm32l0.a(vector.o)
_edata                                            ../../lib/libopencm3//lib/libopencm3_stm32l0.a(vector.o)
_stack                                            ../../lib/libopencm3//lib/libopencm3_stm32l0.a(vector.o)
adc_comp_isr                                      ../../lib/libopencm3//lib/libopencm3_stm32l0.a(vector.o)
blocking_handler                                  ../../lib/libopencm3//lib/libopencm3_stm32l0.a(vector.o)
dma1_channel1_isr                                 ../../lib/libopencm3//lib/libopencm3_stm32l0.a(vector.o)
dma1_channel2_3_isr                               ../../lib/libopencm3//lib/libopencm3_stm32l0.a(vector.o)
dma1_channel4_5_isr                               ../../lib/libopencm3//lib/libopencm3_stm32l0.a(vector.o)
extended_data_frame                               ./spi_opencm3.o
exti0_1_isr                                       ../../lib/libopencm3//lib/libopencm3_stm32l0.a(vector.o)
exti2_3_isr                                       ../../lib/libopencm3//lib/libopencm3_stm32l0.a(vector.o)
exti4_15_isr                                      ../../lib/libopencm3//lib/libopencm3_stm32l0.a(vector.o)
flash_isr                                         ../../lib/libopencm3//lib/libopencm3_stm32l0.a(vector.o)
gpio_mode_setup                                   ../../lib/libopencm3//lib/libopencm3_stm32l0.a(gpio_common_f0234.o)
                                                  ./spi_opencm3.o
gpio_set_af                                       ../../lib/libopencm3//lib/libopencm3_stm32l0.a(gpio_common_f0234.o)
                                                  ./spi_opencm3.o
gpio_set_output_options                           ../../lib/libopencm3//lib/libopencm3_stm32l0.a(gpio_common_f0234.o)
hard_fault_handler                                ../../lib/libopencm3//lib/libopencm3_stm32l0.a(vector.o)
i2c1_isr                                          ../../lib/libopencm3//lib/libopencm3_stm32l0.a(vector.o)
i2c2_isr                                          ../../lib/libopencm3//lib/libopencm3_stm32l0.a(vector.o)
i2c3_isr                                          ../../lib/libopencm3//lib/libopencm3_stm32l0.a(vector.o)
lcd_isr                                           ../../lib/libopencm3//lib/libopencm3_stm32l0.a(vector.o)
lptim1_isr                                        ../../lib/libopencm3//lib/libopencm3_stm32l0.a(vector.o)
lpuart1_aes_rng_isr                               ../../lib/libopencm3//lib/libopencm3_stm32l0.a(vector.o)
main                                              ./main.o
                                                  ../../lib/libopencm3//lib/libopencm3_stm32l0.a(vector.o)
nmi_handler                                       ../../lib/libopencm3//lib/libopencm3_stm32l0.a(vector.o)
null_handler                                      ../../lib/libopencm3//lib/libopencm3_stm32l0.a(vector.o)
pend_sv_handler                                   ../../lib/libopencm3//lib/libopencm3_stm32l0.a(vector.o)
pvd_isr                                           ../../lib/libopencm3//lib/libopencm3_stm32l0.a(vector.o)
rcc_get_div_from_hpre                             ../../lib/libopencm3//lib/libopencm3_stm32l0.a(rcc_common_all.o)
rcc_isr                                           ../../lib/libopencm3//lib/libopencm3_stm32l0.a(vector.o)
rcc_osc_bypass_disable                            ../../lib/libopencm3//lib/libopencm3_stm32l0.a(rcc_common_all.o)
rcc_osc_bypass_enable                             ../../lib/libopencm3//lib/libopencm3_stm32l0.a(rcc_common_all.o)
rcc_periph_clock_disable                          ../../lib/libopencm3//lib/libopencm3_stm32l0.a(rcc_common_all.o)
rcc_periph_clock_enable                           ../../lib/libopencm3//lib/libopencm3_stm32l0.a(rcc_common_all.o)
                                                  ./spi_opencm3.o
rcc_periph_reset_hold                             ../../lib/libopencm3//lib/libopencm3_stm32l0.a(rcc_common_all.o)
rcc_periph_reset_pulse                            ../../lib/libopencm3//lib/libopencm3_stm32l0.a(rcc_common_all.o)
                                                  ../../lib/libopencm3//lib/libopencm3_stm32l0.a(spi_common_all.o)
rcc_periph_reset_release                          ../../lib/libopencm3//lib/libopencm3_stm32l0.a(rcc_common_all.o)
rcc_peripheral_clear_reset                        ../../lib/libopencm3//lib/libopencm3_stm32l0.a(rcc_common_all.o)
rcc_peripheral_disable_clock                      ../../lib/libopencm3//lib/libopencm3_stm32l0.a(rcc_common_all.o)
rcc_peripheral_enable_clock                       ../../lib/libopencm3//lib/libopencm3_stm32l0.a(rcc_common_all.o)
rcc_peripheral_reset                              ../../lib/libopencm3//lib/libopencm3_stm32l0.a(rcc_common_all.o)
rcc_set_mco                                       ../../lib/libopencm3//lib/libopencm3_stm32l0.a(rcc_common_all.o)
read                                              ./spi_opencm3.o
reserved4_isr                                     ../../lib/libopencm3//lib/libopencm3_stm32l0.a(vector.o)
reset_handler                                     ../../lib/libopencm3//lib/libopencm3_stm32l0.a(vector.o)
rtc_isr                                           ../../lib/libopencm3//lib/libopencm3_stm32l0.a(vector.o)
spi1_isr                                          ../../lib/libopencm3//lib/libopencm3_stm32l0.a(vector.o)
spi2_isr                                          ../../lib/libopencm3//lib/libopencm3_stm32l0.a(vector.o)
spi_clean_disable                                 ../../lib/libopencm3//lib/libopencm3_stm32l0.a(spi_common_all.o)
spi_disable                                       ../../lib/libopencm3//lib/libopencm3_stm32l0.a(spi_common_all.o)
                                                  ./spi_opencm3.o
spi_disable_crc                                   ../../lib/libopencm3//lib/libopencm3_stm32l0.a(spi_common_all.o)
spi_disable_error_interrupt                       ../../lib/libopencm3//lib/libopencm3_stm32l0.a(spi_common_all.o)
spi_disable_rx_buffer_not_empty_interrupt         ../../lib/libopencm3//lib/libopencm3_stm32l0.a(spi_common_all.o)
spi_disable_rx_dma                                ../../lib/libopencm3//lib/libopencm3_stm32l0.a(spi_common_all.o)
spi_disable_software_slave_management             ../../lib/libopencm3//lib/libopencm3_stm32l0.a(spi_common_all.o)
spi_disable_ss_output                             ../../lib/libopencm3//lib/libopencm3_stm32l0.a(spi_common_all.o)
spi_disable_tx_buffer_empty_interrupt             ../../lib/libopencm3//lib/libopencm3_stm32l0.a(spi_common_all.o)
spi_disable_tx_dma                                ../../lib/libopencm3//lib/libopencm3_stm32l0.a(spi_common_all.o)
spi_enable                                        ../../lib/libopencm3//lib/libopencm3_stm32l0.a(spi_common_all.o)
                                                  ./spi_opencm3.o
spi_enable_crc                                    ../../lib/libopencm3//lib/libopencm3_stm32l0.a(spi_common_all.o)
spi_enable_error_interrupt                        ../../lib/libopencm3//lib/libopencm3_stm32l0.a(spi_common_all.o)
spi_enable_rx_buffer_not_empty_interrupt          ../../lib/libopencm3//lib/libopencm3_stm32l0.a(spi_common_all.o)
spi_enable_rx_dma                                 ../../lib/libopencm3//lib/libopencm3_stm32l0.a(spi_common_all.o)
spi_enable_software_slave_management              ../../lib/libopencm3//lib/libopencm3_stm32l0.a(spi_common_all.o)
spi_enable_ss_output                              ../../lib/libopencm3//lib/libopencm3_stm32l0.a(spi_common_all.o)
spi_enable_tx_buffer_empty_interrupt              ../../lib/libopencm3//lib/libopencm3_stm32l0.a(spi_common_all.o)
spi_enable_tx_dma                                 ../../lib/libopencm3//lib/libopencm3_stm32l0.a(spi_common_all.o)
spi_init_master                                   ../../lib/libopencm3//lib/libopencm3_stm32l0.a(spi_common_v1.o)
                                                  ./spi_opencm3.o
spi_link_init                                     ./spi_opencm3.o
                                                  ./main.o
spi_read                                          ../../lib/libopencm3//lib/libopencm3_stm32l0.a(spi_common_all.o)
                                                  ./spi_opencm3.o
spi_reset                                         ../../lib/libopencm3//lib/libopencm3_stm32l0.a(spi_common_all.o)
spi_send                                          ../../lib/libopencm3//lib/libopencm3_stm32l0.a(spi_common_all.o)
spi_send_lsb_first                                ../../lib/libopencm3//lib/libopencm3_stm32l0.a(spi_common_all.o)
spi_send_msb_first                                ../../lib/libopencm3//lib/libopencm3_stm32l0.a(spi_common_all.o)
spi_set_baudrate_prescaler                        ../../lib/libopencm3//lib/libopencm3_stm32l0.a(spi_common_all.o)
spi_set_bidirectional_mode                        ../../lib/libopencm3//lib/libopencm3_stm32l0.a(spi_common_all.o)
                                                  ./spi_opencm3.o
spi_set_bidirectional_receive_only_mode           ../../lib/libopencm3//lib/libopencm3_stm32l0.a(spi_common_all.o)
spi_set_bidirectional_transmit_only_mode          ../../lib/libopencm3//lib/libopencm3_stm32l0.a(spi_common_all.o)
spi_set_clock_phase_0                             ../../lib/libopencm3//lib/libopencm3_stm32l0.a(spi_common_all.o)
spi_set_clock_phase_1                             ../../lib/libopencm3//lib/libopencm3_stm32l0.a(spi_common_all.o)
spi_set_clock_polarity_0                          ../../lib/libopencm3//lib/libopencm3_stm32l0.a(spi_common_all.o)
spi_set_clock_polarity_1                          ../../lib/libopencm3//lib/libopencm3_stm32l0.a(spi_common_all.o)
spi_set_dff_16bit                                 ../../lib/libopencm3//lib/libopencm3_stm32l0.a(spi_common_v1.o)
spi_set_dff_8bit                                  ../../lib/libopencm3//lib/libopencm3_stm32l0.a(spi_common_v1.o)
spi_set_full_duplex_mode                          ../../lib/libopencm3//lib/libopencm3_stm32l0.a(spi_common_all.o)
spi_set_master_mode                               ../../lib/libopencm3//lib/libopencm3_stm32l0.a(spi_common_all.o)
spi_set_next_tx_from_buffer                       ../../lib/libopencm3//lib/libopencm3_stm32l0.a(spi_common_all.o)
spi_set_next_tx_from_crc                          ../../lib/libopencm3//lib/libopencm3_stm32l0.a(spi_common_all.o)
spi_set_nss_high                                  ../../lib/libopencm3//lib/libopencm3_stm32l0.a(spi_common_all.o)
spi_set_nss_low                                   ../../lib/libopencm3//lib/libopencm3_stm32l0.a(spi_common_all.o)
spi_set_receive_only_mode                         ../../lib/libopencm3//lib/libopencm3_stm32l0.a(spi_common_all.o)
spi_set_slave_mode                                ../../lib/libopencm3//lib/libopencm3_stm32l0.a(spi_common_all.o)
spi_set_standard_mode                             ../../lib/libopencm3//lib/libopencm3_stm32l0.a(spi_common_all.o)
spi_set_unidirectional_mode                       ../../lib/libopencm3//lib/libopencm3_stm32l0.a(spi_common_all.o)
spi_write                                         ../../lib/libopencm3//lib/libopencm3_stm32l0.a(spi_common_all.o)
                                                  ./spi_opencm3.o
spi_xfer                                          ../../lib/libopencm3//lib/libopencm3_stm32l0.a(spi_common_all.o)
sv_call_handler                                   ../../lib/libopencm3//lib/libopencm3_stm32l0.a(vector.o)
sys_tick_handler                                  ../../lib/libopencm3//lib/libopencm3_stm32l0.a(vector.o)
tim21_isr                                         ../../lib/libopencm3//lib/libopencm3_stm32l0.a(vector.o)
tim22_isr                                         ../../lib/libopencm3//lib/libopencm3_stm32l0.a(vector.o)
tim2_isr                                          ../../lib/libopencm3//lib/libopencm3_stm32l0.a(vector.o)
tim3_isr                                          ../../lib/libopencm3//lib/libopencm3_stm32l0.a(vector.o)
tim6_dac_isr                                      ../../lib/libopencm3//lib/libopencm3_stm32l0.a(vector.o)
tim7_isr                                          ../../lib/libopencm3//lib/libopencm3_stm32l0.a(vector.o)
tsc_isr                                           ../../lib/libopencm3//lib/libopencm3_stm32l0.a(vector.o)
usart1_isr                                        ../../lib/libopencm3//lib/libopencm3_stm32l0.a(vector.o)
usart2_isr                                        ../../lib/libopencm3//lib/libopencm3_stm32l0.a(vector.o)
usart4_5_isr                                      ../../lib/libopencm3//lib/libopencm3_stm32l0.a(vector.o)
usb_isr                                           ../../lib/libopencm3//lib/libopencm3_stm32l0.a(vector.o)
vector_table                                      ../../lib/libopencm3//lib/libopencm3_stm32l0.a(vector.o)
write                                             ./spi_opencm3.o
wwdg_isr                                          ../../lib/libopencm3//lib/libopencm3_stm32l0.a(vector.o)
