Archive member included to satisfy reference by file (symbol)

../../lib/libopencm3//lib/libopencm3_stm32l0.a(gpio_common_all.o)
                              ./main.o (gpio_set)
../../lib/libopencm3//lib/libopencm3_stm32l0.a(gpio_common_f0234.o)
                              ./i2c_opencm3.o (gpio_mode_setup)
../../lib/libopencm3//lib/libopencm3_stm32l0.a(i2c_common_v2.o)
                              ./i2c_opencm3.o (i2c_reset)
../../lib/libopencm3//lib/libopencm3_stm32l0.a(rcc.o)
                              ./i2c_opencm3.o (rcc_get_i2c_clk_freq)
../../lib/libopencm3//lib/libopencm3_stm32l0.a(rcc_common_all.o)
                              ./i2c_opencm3.o (rcc_periph_clock_enable)
../../lib/libopencm3//lib/libopencm3_stm32l0.a(spi_common_all.o)
                              ./spi_opencm3.o (spi_reset)
../../lib/libopencm3//lib/libopencm3_stm32l0.a(spi_common_v1.o)
                              ./spi_opencm3.o (spi_init_master)
../../lib/libopencm3//lib/libopencm3_stm32l0.a(spi_common_v1_frf.o)
                              ./spi_opencm3.o (spi_set_frf_motorola)
../../lib/libopencm3//lib/libopencm3_stm32l0.a(vector.o)
                              (reset_handler)
../../lib/libopencm3//lib/libopencm3_stm32l0.a(assert.o)
                              ../../lib/libopencm3//lib/libopencm3_stm32l0.a(rcc.o) (cm3_assert_failed)
../../lib/libopencm3//lib/libopencm3_stm32l0.a(flash_common_all.o)
                              ../../lib/libopencm3//lib/libopencm3_stm32l0.a(rcc.o) (flash_prefetch_enable)
../../lib/libopencm3//lib/libopencm3_stm32l0.a(pwr_common_v2.o)
                              ../../lib/libopencm3//lib/libopencm3_stm32l0.a(rcc.o) (pwr_set_vos_scale)
/usr/share/gcc-arm-none-eabi-10-2020-q4-major/bin/../lib/gcc/arm-none-eabi/10.2.1/../../../../arm-none-eabi/lib/thumb/v6-m/nofp/libc_nano.a(lib_a-memcpy-stub.o)
                              ./i2c_opencm3.o (memcpy)
/usr/share/gcc-arm-none-eabi-10-2020-q4-major/bin/../lib/gcc/arm-none-eabi/10.2.1/../../../../arm-none-eabi/lib/thumb/v6-m/nofp/libc_nano.a(lib_a-printf.o)
                              ./main.o (printf)
/usr/share/gcc-arm-none-eabi-10-2020-q4-major/bin/../lib/gcc/arm-none-eabi/10.2.1/../../../../arm-none-eabi/lib/thumb/v6-m/nofp/libc_nano.a(lib_a-findfp.o)
                              /usr/share/gcc-arm-none-eabi-10-2020-q4-major/bin/../lib/gcc/arm-none-eabi/10.2.1/../../../../arm-none-eabi/lib/thumb/v6-m/nofp/libc_nano.a(lib_a-printf.o) (__sinit)
/usr/share/gcc-arm-none-eabi-10-2020-q4-major/bin/../lib/gcc/arm-none-eabi/10.2.1/../../../../arm-none-eabi/lib/thumb/v6-m/nofp/libc_nano.a(lib_a-fwalk.o)
                              /usr/share/gcc-arm-none-eabi-10-2020-q4-major/bin/../lib/gcc/arm-none-eabi/10.2.1/../../../../arm-none-eabi/lib/thumb/v6-m/nofp/libc_nano.a(lib_a-findfp.o) (_fwalk)
/usr/share/gcc-arm-none-eabi-10-2020-q4-major/bin/../lib/gcc/arm-none-eabi/10.2.1/../../../../arm-none-eabi/lib/thumb/v6-m/nofp/libc_nano.a(lib_a-impure.o)
                              /usr/share/gcc-arm-none-eabi-10-2020-q4-major/bin/../lib/gcc/arm-none-eabi/10.2.1/../../../../arm-none-eabi/lib/thumb/v6-m/nofp/libc_nano.a(lib_a-findfp.o) (_global_impure_ptr)
/usr/share/gcc-arm-none-eabi-10-2020-q4-major/bin/../lib/gcc/arm-none-eabi/10.2.1/../../../../arm-none-eabi/lib/thumb/v6-m/nofp/libc_nano.a(lib_a-lock.o)
                              /usr/share/gcc-arm-none-eabi-10-2020-q4-major/bin/../lib/gcc/arm-none-eabi/10.2.1/../../../../arm-none-eabi/lib/thumb/v6-m/nofp/libc_nano.a(lib_a-findfp.o) (__retarget_lock_init_recursive)
/usr/share/gcc-arm-none-eabi-10-2020-q4-major/bin/../lib/gcc/arm-none-eabi/10.2.1/../../../../arm-none-eabi/lib/thumb/v6-m/nofp/libc_nano.a(lib_a-memset.o)
                              /usr/share/gcc-arm-none-eabi-10-2020-q4-major/bin/../lib/gcc/arm-none-eabi/10.2.1/../../../../arm-none-eabi/lib/thumb/v6-m/nofp/libc_nano.a(lib_a-findfp.o) (memset)
/usr/share/gcc-arm-none-eabi-10-2020-q4-major/bin/../lib/gcc/arm-none-eabi/10.2.1/../../../../arm-none-eabi/lib/thumb/v6-m/nofp/libc_nano.a(lib_a-nano-mallocr.o)
                              /usr/share/gcc-arm-none-eabi-10-2020-q4-major/bin/../lib/gcc/arm-none-eabi/10.2.1/../../../../arm-none-eabi/lib/thumb/v6-m/nofp/libc_nano.a(lib_a-findfp.o) (_malloc_r)
/usr/share/gcc-arm-none-eabi-10-2020-q4-major/bin/../lib/gcc/arm-none-eabi/10.2.1/../../../../arm-none-eabi/lib/thumb/v6-m/nofp/libc_nano.a(lib_a-nano-vfprintf.o)
                              /usr/share/gcc-arm-none-eabi-10-2020-q4-major/bin/../lib/gcc/arm-none-eabi/10.2.1/../../../../arm-none-eabi/lib/thumb/v6-m/nofp/libc_nano.a(lib_a-printf.o) (_vfprintf_r)
/usr/share/gcc-arm-none-eabi-10-2020-q4-major/bin/../lib/gcc/arm-none-eabi/10.2.1/../../../../arm-none-eabi/lib/thumb/v6-m/nofp/libc_nano.a(lib_a-nano-vfprintf_i.o)
                              /usr/share/gcc-arm-none-eabi-10-2020-q4-major/bin/../lib/gcc/arm-none-eabi/10.2.1/../../../../arm-none-eabi/lib/thumb/v6-m/nofp/libc_nano.a(lib_a-nano-vfprintf.o) (_printf_i)
[...]
Memory Configuration

Name             Origin             Length             Attributes
ram              0x0000000020000000 0x0000000000002000 xrw
rom              0x0000000008000000 0x0000000000008000 xr
*default*        0x0000000000000000 0xffffffffffffffff

Linker script and memory map

LOAD ./i2c_opencm3.o
LOAD ./main.o
LOAD ./spi_opencm3.o
LOAD ../../lib/libopencm3//lib/libopencm3_stm32l0.a
START GROUP
LOAD /usr/share/gcc-arm-none-eabi-10-2020-q4-major/bin/../lib/gcc/arm-none-eabi/10.2.1/../../../../arm-none-eabi/lib/thumb/v6-m/nofp/libc_nano.a
LOAD /usr/share/gcc-arm-none-eabi-10-2020-q4-major/bin/../lib/gcc/arm-none-eabi/10.2.1/thumb/v6-m/nofp/libgcc.a
LOAD /usr/share/gcc-arm-none-eabi-10-2020-q4-major/bin/../lib/gcc/arm-none-eabi/10.2.1/../../../../arm-none-eabi/lib/thumb/v6-m/nofp/libnosys.a
END GROUP
START GROUP
LOAD /usr/share/gcc-arm-none-eabi-10-2020-q4-major/bin/../lib/gcc/arm-none-eabi/10.2.1/thumb/v6-m/nofp/libgcc.a
LOAD /usr/share/gcc-arm-none-eabi-10-2020-q4-major/bin/../lib/gcc/arm-none-eabi/10.2.1/../../../../arm-none-eabi/lib/thumb/v6-m/nofp/libg_nano.a
LOAD /usr/share/gcc-arm-none-eabi-10-2020-q4-major/bin/../lib/gcc/arm-none-eabi/10.2.1/../../../../arm-none-eabi/lib/thumb/v6-m/nofp/libc_nano.a
END GROUP
START GROUP
LOAD /usr/share/gcc-arm-none-eabi-10-2020-q4-major/bin/../lib/gcc/arm-none-eabi/10.2.1/thumb/v6-m/nofp/libgcc.a
LOAD /usr/share/gcc-arm-none-eabi-10-2020-q4-major/bin/../lib/gcc/arm-none-eabi/10.2.1/../../../../arm-none-eabi/lib/thumb/v6-m/nofp/libc_nano.a
END GROUP

.text           0x0000000008000000     0x1a6c
 *(.vectors)
 .vectors       0x0000000008000000       0xc0 ../../lib/libopencm3//lib/libopencm3_stm32l0.a(vector.o)
                0x0000000008000000                vector_table
 *(.text*)
 .text.i2c_link_init
                0x00000000080000c0       0x88 ./i2c_opencm3.o
                0x00000000080000c0                i2c_link_init
 .text.i2c_read
                0x0000000008000148       0x24 ./i2c_opencm3.o
 .text.i2c_write
                0x000000000800016c       0x44 ./i2c_opencm3.o
 .text.main     0x00000000080001b0       0x88 ./main.o
                0x00000000080001b0                main
 .text.spi_link_init
                0x0000000008000238       0x90 ./spi_opencm3.o
                0x0000000008000238                spi_link_init
 .text.extended_data_frame
                0x00000000080002c8        0x4 ./spi_opencm3.o
                0x00000000080002c8                extended_data_frame
 .text.read     0x00000000080002cc       0x40 ./spi_opencm3.o
                0x00000000080002cc                read
 .text.write    0x000000000800030c       0x40 ./spi_opencm3.o
                0x000000000800030c                write
 .text.gpio_set
                0x000000000800034c        0x4 ../../lib/libopencm3//lib/libopencm3_stm32l0.a(gpio_common_all.o)
                0x000000000800034c                gpio_set
 .text.gpio_clear
                0x0000000008000350        0x6 ../../lib/libopencm3//lib/libopencm3_stm32l0.a(gpio_common_all.o)
                0x0000000008000350                gpio_clear
 .text.gpio_mode_setup
                0x0000000008000356       0x40 ../../lib/libopencm3//lib/libopencm3_stm32l0.a(gpio_common_f0234.o)
                0x0000000008000356                gpio_mode_setup
 .text.gpio_set_af
                0x0000000008000396       0x58 ../../lib/libopencm3//lib/libopencm3_stm32l0.a(gpio_common_f0234.o)
                0x0000000008000396                gpio_set_af
 *fill*         0x00000000080003ee        0x2 
 .text.i2c_reset
                0x00000000080003f0       0x3c ../../lib/libopencm3//lib/libopencm3_stm32l0.a(i2c_common_v2.o)
                0x00000000080003f0                i2c_reset
 .text.i2c_peripheral_enable
                0x000000000800042c        0xa ../../lib/libopencm3//lib/libopencm3_stm32l0.a(i2c_common_v2.o)
                0x000000000800042c                i2c_peripheral_enable
 .text.i2c_peripheral_disable
                0x0000000008000436        0xa ../../lib/libopencm3//lib/libopencm3_stm32l0.a(i2c_common_v2.o)
                0x0000000008000436                i2c_peripheral_disable
 .text.i2c_send_start
                0x0000000008000440        0xc ../../lib/libopencm3//lib/libopencm3_stm32l0.a(i2c_common_v2.o)
                0x0000000008000440                i2c_send_start
 .text.i2c_enable_analog_filter
                0x000000000800044c       0x10 ../../lib/libopencm3//lib/libopencm3_stm32l0.a(i2c_common_v2.o)
                0x000000000800044c                i2c_enable_analog_filter
 .text.i2c_set_digital_filter
                0x000000000800045c       0x14 ../../lib/libopencm3//lib/libopencm3_stm32l0.a(i2c_common_v2.o)
                0x000000000800045c                i2c_set_digital_filter
 .text.i2c_set_prescaler
                0x0000000008000470        0xe ../../lib/libopencm3//lib/libopencm3_stm32l0.a(i2c_common_v2.o)
                0x0000000008000470                i2c_set_prescaler
 *fill*         0x000000000800047e        0x2 
 .text.i2c_set_data_setup_time
                0x0000000008000480       0x14 ../../lib/libopencm3//lib/libopencm3_stm32l0.a(i2c_common_v2.o)
                0x0000000008000480                i2c_set_data_setup_time
 .text.i2c_set_data_hold_time
                0x0000000008000494       0x14 ../../lib/libopencm3//lib/libopencm3_stm32l0.a(i2c_common_v2.o)
                0x0000000008000494                i2c_set_data_hold_time
 .text.i2c_set_scl_high_period
                0x00000000080004a8       0x14 ../../lib/libopencm3//lib/libopencm3_stm32l0.a(i2c_common_v2.o)
                0x00000000080004a8                i2c_set_scl_high_period
 .text.i2c_set_scl_low_period
                0x00000000080004bc        0xc ../../lib/libopencm3//lib/libopencm3_stm32l0.a(i2c_common_v2.o)
                0x00000000080004bc                i2c_set_scl_low_period
 .text.i2c_enable_stretching
                0x00000000080004c8       0x10 ../../lib/libopencm3//lib/libopencm3_stm32l0.a(i2c_common_v2.o)
                0x00000000080004c8                i2c_enable_stretching
 .text.i2c_set_7bit_addr_mode
                0x00000000080004d8       0x10 ../../lib/libopencm3//lib/libopencm3_stm32l0.a(i2c_common_v2.o)
                0x00000000080004d8                i2c_set_7bit_addr_mode
 .text.i2c_set_7bit_address
                0x00000000080004e8       0x12 ../../lib/libopencm3//lib/libopencm3_stm32l0.a(i2c_common_v2.o)
                0x00000000080004e8                i2c_set_7bit_address
 *fill*         0x00000000080004fa        0x2 
 .text.i2c_set_write_transfer_dir
                0x00000000080004fc       0x10 ../../lib/libopencm3//lib/libopencm3_stm32l0.a(i2c_common_v2.o)
                0x00000000080004fc                i2c_set_write_transfer_dir
 .text.i2c_set_read_transfer_dir
                0x000000000800050c        0xc ../../lib/libopencm3//lib/libopencm3_stm32l0.a(i2c_common_v2.o)
                0x000000000800050c                i2c_set_read_transfer_dir
 .text.i2c_set_bytes_to_transfer
                0x0000000008000518       0x14 ../../lib/libopencm3//lib/libopencm3_stm32l0.a(i2c_common_v2.o)
                0x0000000008000518                i2c_set_bytes_to_transfer
 .text.i2c_enable_autoend
                0x000000000800052c        0xc ../../lib/libopencm3//lib/libopencm3_stm32l0.a(i2c_common_v2.o)
                0x000000000800052c                i2c_enable_autoend
 .text.i2c_disable_autoend
                0x0000000008000538       0x10 ../../lib/libopencm3//lib/libopencm3_stm32l0.a(i2c_common_v2.o)
                0x0000000008000538                i2c_disable_autoend
 .text.i2c_nack
                0x0000000008000548        0x8 ../../lib/libopencm3//lib/libopencm3_stm32l0.a(i2c_common_v2.o)
                0x0000000008000548                i2c_nack
 .text.i2c_transmit_int_status
                0x0000000008000550        0x8 ../../lib/libopencm3//lib/libopencm3_stm32l0.a(i2c_common_v2.o)
                0x0000000008000550                i2c_transmit_int_status
 .text.i2c_transfer_complete
                0x0000000008000558        0x8 ../../lib/libopencm3//lib/libopencm3_stm32l0.a(i2c_common_v2.o)
                0x0000000008000558                i2c_transfer_complete
 .text.i2c_received_data
                0x0000000008000560        0x8 ../../lib/libopencm3//lib/libopencm3_stm32l0.a(i2c_common_v2.o)
                0x0000000008000560                i2c_received_data
 .text.i2c_transfer7
                0x0000000008000568       0xb2 ../../lib/libopencm3//lib/libopencm3_stm32l0.a(i2c_common_v2.o)
                0x0000000008000568                i2c_transfer7
 .text.i2c_set_speed
                0x000000000800061a       0x5e ../../lib/libopencm3//lib/libopencm3_stm32l0.a(i2c_common_v2.o)
                0x000000000800061a                i2c_set_speed
 .text.rcc_uart_i2c_clksel_freq_hz
                0x0000000008000678       0x48 ../../lib/libopencm3//lib/libopencm3_stm32l0.a(rcc.o)
 .text.rcc_get_i2c_clk_freq
                0x00000000080006c0       0x2c ../../lib/libopencm3//lib/libopencm3_stm32l0.a(rcc.o)
                0x00000000080006c0                rcc_get_i2c_clk_freq
 .text.rcc_get_spi_clk_freq
                0x00000000080006ec       0x1c ../../lib/libopencm3//lib/libopencm3_stm32l0.a(rcc.o)
                0x00000000080006ec                rcc_get_spi_clk_freq
 .text.rcc_periph_clock_enable
                0x0000000008000708       0x1c ../../lib/libopencm3//lib/libopencm3_stm32l0.a(rcc_common_all.o)
                0x0000000008000708                rcc_periph_clock_enable
 .text.rcc_periph_reset_pulse
                0x0000000008000724       0x20 ../../lib/libopencm3//lib/libopencm3_stm32l0.a(rcc_common_all.o)
                0x0000000008000724                rcc_periph_reset_pulse
 .text.rcc_get_div_from_hpre
                0x0000000008000744       0x1a ../../lib/libopencm3//lib/libopencm3_stm32l0.a(rcc_common_all.o)
                0x0000000008000744                rcc_get_div_from_hpre
 *fill*         0x000000000800075e        0x2 
 .text.spi_reset
                0x0000000008000760       0x2c ../../lib/libopencm3//lib/libopencm3_stm32l0.a(spi_common_all.o)
                0x0000000008000760                spi_reset
 .text.spi_enable
                0x000000000800078c        0xa ../../lib/libopencm3//lib/libopencm3_stm32l0.a(spi_common_all.o)
                0x000000000800078c                spi_enable
 .text.spi_disable
                0x0000000008000796        0xa ../../lib/libopencm3//lib/libopencm3_stm32l0.a(spi_common_all.o)
                0x0000000008000796                spi_disable
 .text.spi_write
                0x00000000080007a0        0x4 ../../lib/libopencm3//lib/libopencm3_stm32l0.a(spi_common_all.o)
                0x00000000080007a0                spi_write
 .text.spi_read
                0x00000000080007a4        0xe ../../lib/libopencm3//lib/libopencm3_stm32l0.a(spi_common_all.o)
                0x00000000080007a4                spi_read
 *fill*         0x00000000080007b2        0x2 
 .text.spi_set_full_duplex_mode
                0x00000000080007b4       0x10 ../../lib/libopencm3//lib/libopencm3_stm32l0.a(spi_common_all.o)
                0x00000000080007b4                spi_set_full_duplex_mode
 .text.spi_set_nss_low
                0x00000000080007c4       0x10 ../../lib/libopencm3//lib/libopencm3_stm32l0.a(spi_common_all.o)
                0x00000000080007c4                spi_set_nss_low
 .text.spi_init_master
                0x00000000080007d4       0x28 ../../lib/libopencm3//lib/libopencm3_stm32l0.a(spi_common_v1.o)
                0x00000000080007d4                spi_init_master
 .text.spi_set_frf_motorola
                0x00000000080007fc        0xa ../../lib/libopencm3//lib/libopencm3_stm32l0.a(spi_common_v1_frf.o)
                0x00000000080007fc                spi_set_frf_motorola
 .text.blocking_handler
                0x0000000008000806        0x2 ../../lib/libopencm3//lib/libopencm3_stm32l0.a(vector.o)
                0x0000000008000806                rtc_isr
                0x0000000008000806                tim7_isr
                0x0000000008000806                blocking_handler
                0x0000000008000806                tsc_isr
                0x0000000008000806                spi1_isr
                0x0000000008000806                i2c1_isr
                0x0000000008000806                i2c2_isr
                0x0000000008000806                tim21_isr
                0x0000000008000806                usart1_isr
                0x0000000008000806                i2c3_isr
                0x0000000008000806                reserved4_isr
                0x0000000008000806                exti2_3_isr
                0x0000000008000806                lptim1_isr
                0x0000000008000806                pvd_isr
                0x0000000008000806                rcc_isr
                0x0000000008000806                flash_isr
                0x0000000008000806                hard_fault_handler
                0x0000000008000806                spi2_isr
                0x0000000008000806                lpuart1_aes_rng_isr
                0x0000000008000806                usb_isr
                0x0000000008000806                tim3_isr
                0x0000000008000806                usart2_isr
                0x0000000008000806                adc_comp_isr
                0x0000000008000806                dma1_channel1_isr
                0x0000000008000806                tim6_dac_isr
                0x0000000008000806                lcd_isr
                0x0000000008000806                dma1_channel2_3_isr
                0x0000000008000806                tim22_isr
                0x0000000008000806                exti4_15_isr
                0x0000000008000806                usart4_5_isr
                0x0000000008000806                wwdg_isr
                0x0000000008000806                tim2_isr
                0x0000000008000806                dma1_channel4_5_isr
                0x0000000008000806                exti0_1_isr
 .text.null_handler
                0x0000000008000808        0x2 ../../lib/libopencm3//lib/libopencm3_stm32l0.a(vector.o)
                0x0000000008000808                null_handler
                0x0000000008000808                sv_call_handler
                0x0000000008000808                pend_sv_handler
                0x0000000008000808                sys_tick_handler
                0x0000000008000808                nmi_handler
 *fill*         0x000000000800080a        0x2 
 .text.reset_handler
                0x000000000800080c       0x88 ../../lib/libopencm3//lib/libopencm3_stm32l0.a(vector.o)
                0x000000000800080c                reset_handler
 .text.cm3_assert_failed
                0x0000000008000894        0x2 ../../lib/libopencm3//lib/libopencm3_stm32l0.a(assert.o)
                0x0000000008000894                cm3_assert_failed
 .text.memcpy   0x0000000008000896       0x12 /usr/share/gcc-arm-none-eabi-10-2020-q4-major/bin/../lib/gcc/arm-none-eabi/10.2.1/../../../../arm-none-eabi/lib/thumb/v6-m/nofp/libc_nano.a(lib_a-memcpy-stub.o)
                0x0000000008000896                memcpy
 .text.printf   0x00000000080008a8       0x34 /usr/share/gcc-arm-none-eabi-10-2020-q4-major/bin/../lib/gcc/arm-none-eabi/10.2.1/../../../../arm-none-eabi/lib/thumb/v6-m/nofp/libc_nano.a(lib_a-printf.o)
                0x00000000080008a8                printf
                0x00000000080008a8                iprintf
 .text.std      0x00000000080008dc       0x48 /usr/share/gcc-arm-none-eabi-10-2020-q4-major/bin/../lib/gcc/arm-none-eabi/10.2.1/../../../../arm-none-eabi/lib/thumb/v6-m/nofp/libc_nano.a(lib_a-findfp.o)
 .text._cleanup_r
                0x0000000008000924       0x10 /usr/share/gcc-arm-none-eabi-10-2020-q4-major/bin/../lib/gcc/arm-none-eabi/10.2.1/../../../../arm-none-eabi/lib/thumb/v6-m/nofp/libc_nano.a(lib_a-findfp.o)
                0x0000000008000924                _cleanup_r
 .text.__sfmoreglue
                0x0000000008000934       0x2c /usr/share/gcc-arm-none-eabi-10-2020-q4-major/bin/../lib/gcc/arm-none-eabi/10.2.1/../../../../arm-none-eabi/lib/thumb/v6-m/nofp/libc_nano.a(lib_a-findfp.o)
                0x0000000008000934                __sfmoreglue
 .text.__sfp_lock_acquire
                0x0000000008000960       0x10 /usr/share/gcc-arm-none-eabi-10-2020-q4-major/bin/../lib/gcc/arm-none-eabi/10.2.1/../../../../arm-none-eabi/lib/thumb/v6-m/nofp/libc_nano.a(lib_a-findfp.o)
                0x0000000008000960                __sfp_lock_acquire
 .text.__sfp_lock_release
                0x0000000008000970       0x10 /usr/share/gcc-arm-none-eabi-10-2020-q4-major/bin/../lib/gcc/arm-none-eabi/10.2.1/../../../../arm-none-eabi/lib/thumb/v6-m/nofp/libc_nano.a(lib_a-findfp.o)
                0x0000000008000970                __sfp_lock_release
 .text.__sinit_lock_acquire
                0x0000000008000980       0x10 /usr/share/gcc-arm-none-eabi-10-2020-q4-major/bin/../lib/gcc/arm-none-eabi/10.2.1/../../../../arm-none-eabi/lib/thumb/v6-m/nofp/libc_nano.a(lib_a-findfp.o)
                0x0000000008000980                __sinit_lock_acquire
 .text.__sinit_lock_release
                0x0000000008000990       0x10 /usr/share/gcc-arm-none-eabi-10-2020-q4-major/bin/../lib/gcc/arm-none-eabi/10.2.1/../../../../arm-none-eabi/lib/thumb/v6-m/nofp/libc_nano.a(lib_a-findfp.o)
                0x0000000008000990                __sinit_lock_release
 .text.__sinit  0x00000000080009a0       0x70 /usr/share/gcc-arm-none-eabi-10-2020-q4-major/bin/../lib/gcc/arm-none-eabi/10.2.1/../../../../arm-none-eabi/lib/thumb/v6-m/nofp/libc_nano.a(lib_a-findfp.o)
                0x00000000080009a0                __sinit
 .text.__sfp    0x0000000008000a10       0x90 /usr/share/gcc-arm-none-eabi-10-2020-q4-major/bin/../lib/gcc/arm-none-eabi/10.2.1/../../../../arm-none-eabi/lib/thumb/v6-m/nofp/libc_nano.a(lib_a-findfp.o)
                0x0000000008000a10                __sfp
 .text._fwalk_reent
                0x0000000008000aa0       0x40 /usr/share/gcc-arm-none-eabi-10-2020-q4-major/bin/../lib/gcc/arm-none-eabi/10.2.1/../../../../arm-none-eabi/lib/thumb/v6-m/nofp/libc_nano.a(lib_a-fwalk.o)
                0x0000000008000aa0                _fwalk_reent
 .text.__retarget_lock_init_recursive
                0x0000000008000ae0        0x2 /usr/share/gcc-arm-none-eabi-10-2020-q4-major/bin/../lib/gcc/arm-none-eabi/10.2.1/../../../../arm-none-eabi/lib/thumb/v6-m/nofp/libc_nano.a(lib_a-lock.o)
                0x0000000008000ae0                __retarget_lock_init_recursive
 .text.__retarget_lock_acquire_recursive
                0x0000000008000ae2        0x2 /usr/share/gcc-arm-none-eabi-10-2020-q4-major/bin/../lib/gcc/arm-none-eabi/10.2.1/../../../../arm-none-eabi/lib/thumb/v6-m/nofp/libc_nano.a(lib_a-lock.o)
                0x0000000008000ae2                __retarget_lock_acquire_recursive
 .text.__retarget_lock_release_recursive
                0x0000000008000ae4        0x2 /usr/share/gcc-arm-none-eabi-10-2020-q4-major/bin/../lib/gcc/arm-none-eabi/10.2.1/../../../../arm-none-eabi/lib/thumb/v6-m/nofp/libc_nano.a(lib_a-lock.o)
                0x0000000008000ae4                __retarget_lock_release_recursive
 .text.memset   0x0000000008000ae6       0x10 /usr/share/gcc-arm-none-eabi-10-2020-q4-major/bin/../lib/gcc/arm-none-eabi/10.2.1/../../../../arm-none-eabi/lib/thumb/v6-m/nofp/libc_nano.a(lib_a-memset.o)
                0x0000000008000ae6                memset
 *fill*         0x0000000008000af6        0x2 
 .text._malloc_r
                0x0000000008000af8       0xbc /usr/share/gcc-arm-none-eabi-10-2020-q4-major/bin/../lib/gcc/arm-none-eabi/10.2.1/../../../../arm-none-eabi/lib/thumb/v6-m/nofp/libc_nano.a(lib_a-nano-mallocr.o)
                0x0000000008000af8                _malloc_r
 .text.__sfputc_r
                0x0000000008000bb4       0x2a /usr/share/gcc-arm-none-eabi-10-2020-q4-major/bin/../lib/gcc/arm-none-eabi/10.2.1/../../../../arm-none-eabi/lib/thumb/v6-m/nofp/libc_nano.a(lib_a-nano-vfprintf.o)
 .text.__sfputs_r
                0x0000000008000bde       0x24 /usr/share/gcc-arm-none-eabi-10-2020-q4-major/bin/../lib/gcc/arm-none-eabi/10.2.1/../../../../arm-none-eabi/lib/thumb/v6-m/nofp/libc_nano.a(lib_a-nano-vfprintf.o)
                0x0000000008000bde                __sfputs_r
 *fill*         0x0000000008000c02        0x2 
 .text._vfprintf_r
                0x0000000008000c04      0x274 /usr/share/gcc-arm-none-eabi-10-2020-q4-major/bin/../lib/gcc/arm-none-eabi/10.2.1/../../../../arm-none-eabi/lib/thumb/v6-m/nofp/libc_nano.a(lib_a-nano-vfprintf.o)
                0x0000000008000c04                _vfiprintf_r
                0x0000000008000c04                _vfprintf_r
 .text._printf_common
                0x0000000008000e78       0xde /usr/share/gcc-arm-none-eabi-10-2020-q4-major/bin/../lib/gcc/arm-none-eabi/10.2.1/../../../../arm-none-eabi/lib/thumb/v6-m/nofp/libc_nano.a(lib_a-nano-vfprintf_i.o)
                0x0000000008000e78                _printf_common
 *fill*         0x0000000008000f56        0x2 
 .text._printf_i
                0x0000000008000f58      0x224 /usr/share/gcc-arm-none-eabi-10-2020-q4-major/bin/../lib/gcc/arm-none-eabi/10.2.1/../../../../arm-none-eabi/lib/thumb/v6-m/nofp/libc_nano.a(lib_a-nano-vfprintf_i.o)
                0x0000000008000f58                _printf_i
 .text._sbrk_r  0x000000000800117c       0x24 /usr/share/gcc-arm-none-eabi-10-2020-q4-major/bin/../lib/gcc/arm-none-eabi/10.2.1/../../../../arm-none-eabi/lib/thumb/v6-m/nofp/libc_nano.a(lib_a-sbrkr.o)
                0x000000000800117c                _sbrk_r
 .text.__sread  0x00000000080011a0       0x28 /usr/share/gcc-arm-none-eabi-10-2020-q4-major/bin/../lib/gcc/arm-none-eabi/10.2.1/../../../../arm-none-eabi/lib/thumb/v6-m/nofp/libc_nano.a(lib_a-stdio.o)
                0x00000000080011a0                __sread
 .text.__swrite
                0x00000000080011c8       0x38 /usr/share/gcc-arm-none-eabi-10-2020-q4-major/bin/../lib/gcc/arm-none-eabi/10.2.1/../../../../arm-none-eabi/lib/thumb/v6-m/nofp/libc_nano.a(lib_a-stdio.o)
                0x00000000080011c8                __swrite
 .text.__sseek  0x0000000008001200       0x2c /usr/share/gcc-arm-none-eabi-10-2020-q4-major/bin/../lib/gcc/arm-none-eabi/10.2.1/../../../../arm-none-eabi/lib/thumb/v6-m/nofp/libc_nano.a(lib_a-stdio.o)
                0x0000000008001200                __sseek
 .text.__sclose
                0x000000000800122c        0xc /usr/share/gcc-arm-none-eabi-10-2020-q4-major/bin/../lib/gcc/arm-none-eabi/10.2.1/../../../../arm-none-eabi/lib/thumb/v6-m/nofp/libc_nano.a(lib_a-stdio.o)
                0x000000000800122c                __sclose
 .text.__swbuf_r
                0x0000000008001238       0xac /usr/share/gcc-arm-none-eabi-10-2020-q4-major/bin/../lib/gcc/arm-none-eabi/10.2.1/../../../../arm-none-eabi/lib/thumb/v6-m/nofp/libc_nano.a(lib_a-wbuf.o)
                0x0000000008001238                __swbuf_r
 .text._write_r
                0x00000000080012e4       0x28 /usr/share/gcc-arm-none-eabi-10-2020-q4-major/bin/../lib/gcc/arm-none-eabi/10.2.1/../../../../arm-none-eabi/lib/thumb/v6-m/nofp/libc_nano.a(lib_a-writer.o)
                0x00000000080012e4                _write_r
 .text.__swsetup_r
                0x000000000800130c       0xf0 /usr/share/gcc-arm-none-eabi-10-2020-q4-major/bin/../lib/gcc/arm-none-eabi/10.2.1/../../../../arm-none-eabi/lib/thumb/v6-m/nofp/libc_nano.a(lib_a-wsetup.o)
                0x000000000800130c                __swsetup_r
 .text._close_r
                0x00000000080013fc       0x24 /usr/share/gcc-arm-none-eabi-10-2020-q4-major/bin/../lib/gcc/arm-none-eabi/10.2.1/../../../../arm-none-eabi/lib/thumb/v6-m/nofp/libc_nano.a(lib_a-closer.o)
                0x00000000080013fc                _close_r
 .text.__sflush_r
                0x0000000008001420      0x118 /usr/share/gcc-arm-none-eabi-10-2020-q4-major/bin/../lib/gcc/arm-none-eabi/10.2.1/../../../../arm-none-eabi/lib/thumb/v6-m/nofp/libc_nano.a(lib_a-fflush.o)
                0x0000000008001420                __sflush_r
 .text._fflush_r
                0x0000000008001538       0x80 /usr/share/gcc-arm-none-eabi-10-2020-q4-major/bin/../lib/gcc/arm-none-eabi/10.2.1/../../../../arm-none-eabi/lib/thumb/v6-m/nofp/libc_nano.a(lib_a-fflush.o)
                0x0000000008001538                _fflush_r
 .text._lseek_r
                0x00000000080015b8       0x28 /usr/share/gcc-arm-none-eabi-10-2020-q4-major/bin/../lib/gcc/arm-none-eabi/10.2.1/../../../../arm-none-eabi/lib/thumb/v6-m/nofp/libc_nano.a(lib_a-lseekr.o)
                0x00000000080015b8                _lseek_r
 .text.__swhatbuf_r
                0x00000000080015e0       0x50 /usr/share/gcc-arm-none-eabi-10-2020-q4-major/bin/../lib/gcc/arm-none-eabi/10.2.1/../../../../arm-none-eabi/lib/thumb/v6-m/nofp/libc_nano.a(lib_a-makebuf.o)
                0x00000000080015e0                __swhatbuf_r
 .text.__smakebuf_r
                0x0000000008001630       0x88 /usr/share/gcc-arm-none-eabi-10-2020-q4-major/bin/../lib/gcc/arm-none-eabi/10.2.1/../../../../arm-none-eabi/lib/thumb/v6-m/nofp/libc_nano.a(lib_a-makebuf.o)
                0x0000000008001630                __smakebuf_r
 .text.memchr   0x00000000080016b8       0x16 /usr/share/gcc-arm-none-eabi-10-2020-q4-major/bin/../lib/gcc/arm-none-eabi/10.2.1/../../../../arm-none-eabi/lib/thumb/v6-m/nofp/libc_nano.a(lib_a-memchr-stub.o)
                0x00000000080016b8                memchr
 *fill*         0x00000000080016ce        0x2 
 .text.__malloc_lock
                0x00000000080016d0       0x10 /usr/share/gcc-arm-none-eabi-10-2020-q4-major/bin/../lib/gcc/arm-none-eabi/10.2.1/../../../../arm-none-eabi/lib/thumb/v6-m/nofp/libc_nano.a(lib_a-mlock.o)
                0x00000000080016d0                __malloc_lock
 .text.__malloc_unlock
                0x00000000080016e0       0x10 /usr/share/gcc-arm-none-eabi-10-2020-q4-major/bin/../lib/gcc/arm-none-eabi/10.2.1/../../../../arm-none-eabi/lib/thumb/v6-m/nofp/libc_nano.a(lib_a-mlock.o)
                0x00000000080016e0                __malloc_unlock
 .text._free_r  0x00000000080016f0       0x94 /usr/share/gcc-arm-none-eabi-10-2020-q4-major/bin/../lib/gcc/arm-none-eabi/10.2.1/../../../../arm-none-eabi/lib/thumb/v6-m/nofp/libc_nano.a(lib_a-nano-freer.o)
                0x00000000080016f0                _free_r
 .text._read_r  0x0000000008001784       0x28 /usr/share/gcc-arm-none-eabi-10-2020-q4-major/bin/../lib/gcc/arm-none-eabi/10.2.1/../../../../arm-none-eabi/lib/thumb/v6-m/nofp/libc_nano.a(lib_a-readr.o)
                0x0000000008001784                _read_r
 .text._fstat_r
                0x00000000080017ac       0x24 /usr/share/gcc-arm-none-eabi-10-2020-q4-major/bin/../lib/gcc/arm-none-eabi/10.2.1/../../../../arm-none-eabi/lib/thumb/v6-m/nofp/libc_nano.a(lib_a-fstatr.o)
                0x00000000080017ac                _fstat_r
 .text._isatty_r
                0x00000000080017d0       0x24 /usr/share/gcc-arm-none-eabi-10-2020-q4-major/bin/../lib/gcc/arm-none-eabi/10.2.1/../../../../arm-none-eabi/lib/thumb/v6-m/nofp/libc_nano.a(lib_a-isattyr.o)
                0x00000000080017d0                _isatty_r
 .text          0x00000000080017f4       0x14 /usr/share/gcc-arm-none-eabi-10-2020-q4-major/bin/../lib/gcc/arm-none-eabi/10.2.1/thumb/v6-m/nofp/libgcc.a(_thumb1_case_shi.o)
                0x00000000080017f4                __gnu_thumb1_case_shi
 .text          0x0000000008001808      0x114 /usr/share/gcc-arm-none-eabi-10-2020-q4-major/bin/../lib/gcc/arm-none-eabi/10.2.1/thumb/v6-m/nofp/libgcc.a(_udivsi3.o)
                0x0000000008001808                __udivsi3
                0x0000000008001808                __aeabi_uidiv
                0x0000000008001914                __aeabi_uidivmod
 .text          0x000000000800191c        0x4 /usr/share/gcc-arm-none-eabi-10-2020-q4-major/bin/../lib/gcc/arm-none-eabi/10.2.1/thumb/v6-m/nofp/libgcc.a(_dvmd_tls.o)
                0x000000000800191c                __aeabi_ldiv0
                0x000000000800191c                __aeabi_idiv0
 .text._close   0x0000000008001920       0x10 /usr/share/gcc-arm-none-eabi-10-2020-q4-major/bin/../lib/gcc/arm-none-eabi/10.2.1/../../../../arm-none-eabi/lib/thumb/v6-m/nofp/libnosys.a(close.o)
                0x0000000008001920                _close
 .text._fstat   0x0000000008001930       0x10 /usr/share/gcc-arm-none-eabi-10-2020-q4-major/bin/../lib/gcc/arm-none-eabi/10.2.1/../../../../arm-none-eabi/lib/thumb/v6-m/nofp/libnosys.a(fstat.o)
                0x0000000008001930                _fstat
 .text._isatty  0x0000000008001940       0x10 /usr/share/gcc-arm-none-eabi-10-2020-q4-major/bin/../lib/gcc/arm-none-eabi/10.2.1/../../../../arm-none-eabi/lib/thumb/v6-m/nofp/libnosys.a(isatty.o)
                0x0000000008001940                _isatty
 .text._lseek   0x0000000008001950       0x10 /usr/share/gcc-arm-none-eabi-10-2020-q4-major/bin/../lib/gcc/arm-none-eabi/10.2.1/../../../../arm-none-eabi/lib/thumb/v6-m/nofp/libnosys.a(lseek.o)
                0x0000000008001950                _lseek
 .text._read    0x0000000008001960       0x10 /usr/share/gcc-arm-none-eabi-10-2020-q4-major/bin/../lib/gcc/arm-none-eabi/10.2.1/../../../../arm-none-eabi/lib/thumb/v6-m/nofp/libnosys.a(read.o)
                0x0000000008001960                _read
 .text._sbrk    0x0000000008001970       0x1c /usr/share/gcc-arm-none-eabi-10-2020-q4-major/bin/../lib/gcc/arm-none-eabi/10.2.1/../../../../arm-none-eabi/lib/thumb/v6-m/nofp/libnosys.a(sbrk.o)
                0x0000000008001970                _sbrk
 .text._write   0x000000000800198c       0x10 /usr/share/gcc-arm-none-eabi-10-2020-q4-major/bin/../lib/gcc/arm-none-eabi/10.2.1/../../../../arm-none-eabi/lib/thumb/v6-m/nofp/libnosys.a(write.o)
                0x000000000800198c                _write
                0x000000000800199c                . = ALIGN (0x4)
 *(.rodata*)
 .rodata        0x000000000800199c        0xc ./i2c_opencm3.o
 .rodata.main.str1.4
                0x00000000080019a8        0xe ./main.o
 *fill*         0x00000000080019b6        0x2 
 .rodata.spi_link_init.str1.4
                0x00000000080019b8       0x10 ./spi_opencm3.o
 .rodata        0x00000000080019c8        0xc ./spi_opencm3.o
 .rodata.__sf_fake_stderr
                0x00000000080019d4       0x20 /usr/share/gcc-arm-none-eabi-10-2020-q4-major/bin/../lib/gcc/arm-none-eabi/10.2.1/../../../../arm-none-eabi/lib/thumb/v6-m/nofp/libc_nano.a(lib_a-findfp.o)
                0x00000000080019d4                __sf_fake_stderr
 .rodata.__sf_fake_stdin
                0x00000000080019f4       0x20 /usr/share/gcc-arm-none-eabi-10-2020-q4-major/bin/../lib/gcc/arm-none-eabi/10.2.1/../../../../arm-none-eabi/lib/thumb/v6-m/nofp/libc_nano.a(lib_a-findfp.o)
                0x00000000080019f4                __sf_fake_stdin
 .rodata.__sf_fake_stdout
                0x0000000008001a14       0x20 /usr/share/gcc-arm-none-eabi-10-2020-q4-major/bin/../lib/gcc/arm-none-eabi/10.2.1/../../../../arm-none-eabi/lib/thumb/v6-m/nofp/libc_nano.a(lib_a-findfp.o)
                0x0000000008001a14                __sf_fake_stdout
 .rodata._global_impure_ptr
                0x0000000008001a34        0x4 /usr/share/gcc-arm-none-eabi-10-2020-q4-major/bin/../lib/gcc/arm-none-eabi/10.2.1/../../../../arm-none-eabi/lib/thumb/v6-m/nofp/libc_nano.a(lib_a-impure.o)
                0x0000000008001a34                _global_impure_ptr
 .rodata._vfprintf_r.str1.1
                0x0000000008001a38       0x11 /usr/share/gcc-arm-none-eabi-10-2020-q4-major/bin/../lib/gcc/arm-none-eabi/10.2.1/../../../../arm-none-eabi/lib/thumb/v6-m/nofp/libc_nano.a(lib_a-nano-vfprintf.o)
 .rodata._printf_i.str1.1
                0x0000000008001a49       0x22 /usr/share/gcc-arm-none-eabi-10-2020-q4-major/bin/../lib/gcc/arm-none-eabi/10.2.1/../../../../arm-none-eabi/lib/thumb/v6-m/nofp/libc_nano.a(lib_a-nano-vfprintf_i.o)
                0x0000000008001a6c                . = ALIGN (0x4)
 *fill*         0x0000000008001a6b        0x1 

.glue_7         0x0000000008001a6c        0x0
 .glue_7        0x0000000008001a6c        0x0 linker stubs

.glue_7t        0x0000000008001a6c        0x0
 .glue_7t       0x0000000008001a6c        0x0 linker stubs

.vfp11_veneer   0x0000000008001a6c        0x0
 .vfp11_veneer  0x0000000008001a6c        0x0 linker stubs

.v4_bx          0x0000000008001a6c        0x0
 .v4_bx         0x0000000008001a6c        0x0 linker stubs

.iplt           0x0000000008001a6c        0x0
 .iplt          0x0000000008001a6c        0x0 ./i2c_opencm3.o

.rel.dyn        0x0000000008001a6c        0x0
 .rel.iplt      0x0000000008001a6c        0x0 ./i2c_opencm3.o

.preinit_array  0x0000000008001a6c        0x0
                0x0000000008001a6c                . = ALIGN (0x4)
                0x0000000008001a6c                __preinit_array_start = .
 *(.preinit_array)
                0x0000000008001a6c                __preinit_array_end = .

.init_array     0x0000000008001a6c        0x0
                0x0000000008001a6c                . = ALIGN (0x4)
                0x0000000008001a6c                __init_array_start = .
 *(SORT_BY_NAME(.init_array.*))
 *(.init_array)
                0x0000000008001a6c                __init_array_end = .

.fini_array     0x0000000008001a6c        0x0
                0x0000000008001a6c                . = ALIGN (0x4)
                0x0000000008001a6c                __fini_array_start = .
 *(.fini_array)
 *(SORT_BY_NAME(.fini_array.*))
                0x0000000008001a6c                __fini_array_end = .

.ARM.extab
 *(.ARM.extab*)

.ARM.exidx      0x0000000008001a6c        0x0
                0x0000000008001a6c                __exidx_start = .
 *(.ARM.exidx*)
                0x0000000008001a6c                __exidx_end = .
                0x0000000008001a6c                . = ALIGN (0x4)
                0x0000000008001a6c                _etext = .

.noinit
 *(.noinit*)
                0x0000000008001a6c                . = ALIGN (0x4)

.data           0x0000000020000000       0x70 load address 0x0000000008001a6c
                0x0000000020000000                _data = .
 *(.data*)
 .data.rcc_ahb_frequency
                0x0000000020000000        0x4 ../../lib/libopencm3//lib/libopencm3_stm32l0.a(rcc.o)
                0x0000000020000000                rcc_ahb_frequency
 .data.rcc_apb1_frequency
                0x0000000020000004        0x4 ../../lib/libopencm3//lib/libopencm3_stm32l0.a(rcc.o)
                0x0000000020000004                rcc_apb1_frequency
 .data.rcc_apb2_frequency
                0x0000000020000008        0x4 ../../lib/libopencm3//lib/libopencm3_stm32l0.a(rcc.o)
                0x0000000020000008                rcc_apb2_frequency
 .data._impure_ptr
                0x000000002000000c        0x4 /usr/share/gcc-arm-none-eabi-10-2020-q4-major/bin/../lib/gcc/arm-none-eabi/10.2.1/../../../../arm-none-eabi/lib/thumb/v6-m/nofp/libc_nano.a(lib_a-impure.o)
                0x000000002000000c                _impure_ptr
 .data.impure_data
                0x0000000020000010       0x60 /usr/share/gcc-arm-none-eabi-10-2020-q4-major/bin/../lib/gcc/arm-none-eabi/10.2.1/../../../../arm-none-eabi/lib/thumb/v6-m/nofp/libc_nano.a(lib_a-impure.o)
 *(.ramtext*)
                0x0000000020000070                . = ALIGN (0x4)
                0x0000000020000070                _edata = .
                0x0000000008001a6c                _data_loadaddr = LOADADDR (.data)

.igot.plt       0x0000000020000070        0x0 load address 0x0000000008001adc
 .igot.plt      0x0000000020000070        0x0 ./i2c_opencm3.o

.bss            0x0000000020000070       0x14 load address 0x0000000008001adc
 *(.bss*)
 .bss.__lock___malloc_recursive_mutex
                0x0000000020000070        0x1 /usr/share/gcc-arm-none-eabi-10-2020-q4-major/bin/../lib/gcc/arm-none-eabi/10.2.1/../../../../arm-none-eabi/lib/thumb/v6-m/nofp/libc_nano.a(lib_a-lock.o)
                0x0000000020000070                __lock___malloc_recursive_mutex
 .bss.__lock___sfp_recursive_mutex
                0x0000000020000071        0x1 /usr/share/gcc-arm-none-eabi-10-2020-q4-major/bin/../lib/gcc/arm-none-eabi/10.2.1/../../../../arm-none-eabi/lib/thumb/v6-m/nofp/libc_nano.a(lib_a-lock.o)
                0x0000000020000071                __lock___sfp_recursive_mutex
 .bss.__lock___sinit_recursive_mutex
                0x0000000020000072        0x1 /usr/share/gcc-arm-none-eabi-10-2020-q4-major/bin/../lib/gcc/arm-none-eabi/10.2.1/../../../../arm-none-eabi/lib/thumb/v6-m/nofp/libc_nano.a(lib_a-lock.o)
                0x0000000020000072                __lock___sinit_recursive_mutex
 *fill*         0x0000000020000073        0x1 
 .bss.__malloc_free_list
                0x0000000020000074        0x4 /usr/share/gcc-arm-none-eabi-10-2020-q4-major/bin/../lib/gcc/arm-none-eabi/10.2.1/../../../../arm-none-eabi/lib/thumb/v6-m/nofp/libc_nano.a(lib_a-nano-mallocr.o)
                0x0000000020000074                __malloc_free_list
 .bss.__malloc_sbrk_start
                0x0000000020000078        0x4 /usr/share/gcc-arm-none-eabi-10-2020-q4-major/bin/../lib/gcc/arm-none-eabi/10.2.1/../../../../arm-none-eabi/lib/thumb/v6-m/nofp/libc_nano.a(lib_a-nano-mallocr.o)
                0x0000000020000078                __malloc_sbrk_start
 .bss.errno     0x000000002000007c        0x4 /usr/share/gcc-arm-none-eabi-10-2020-q4-major/bin/../lib/gcc/arm-none-eabi/10.2.1/../../../../arm-none-eabi/lib/thumb/v6-m/nofp/libc_nano.a(lib_a-reent.o)
                0x000000002000007c                errno
 .bss.heap_end.0
                0x0000000020000080        0x4 /usr/share/gcc-arm-none-eabi-10-2020-q4-major/bin/../lib/gcc/arm-none-eabi/10.2.1/../../../../arm-none-eabi/lib/thumb/v6-m/nofp/libnosys.a(sbrk.o)
 *(COMMON)
                0x0000000020000084                . = ALIGN (0x4)
                0x0000000020000084                _ebss = .

/DISCARD/
 *(.eh_frame)
                0x0000000020000084                . = ALIGN (0x4)
                0x0000000020000084                end = .
                0x0000000020002000                PROVIDE (_stack = (ORIGIN (ram) + LENGTH (ram)))
OUTPUT(main.elf elf32-littlearm)
LOAD linker stubs

.debug_info     0x0000000000000000     0x4852
 .debug_info    0x0000000000000000      0x700 ./i2c_opencm3.o
 .debug_info    0x0000000000000700      0x58b ./main.o
 .debug_info    0x0000000000000c8b      0x72d ./spi_opencm3.o
 .debug_info    0x00000000000013b8      0x266 ../../lib/libopencm3//lib/libopencm3_stm32l0.a(gpio_common_all.o)
 .debug_info    0x000000000000161e      0x257 ../../lib/libopencm3//lib/libopencm3_stm32l0.a(gpio_common_f0234.o)
 .debug_info    0x0000000000001875      0xd61 ../../lib/libopencm3//lib/libopencm3_stm32l0.a(i2c_common_v2.o)
 .debug_info    0x00000000000025d6      0xc50 ../../lib/libopencm3//lib/libopencm3_stm32l0.a(rcc.o)
 .debug_info    0x0000000000003226      0x682 ../../lib/libopencm3//lib/libopencm3_stm32l0.a(rcc_common_all.o)
 .debug_info    0x00000000000038a8      0x998 ../../lib/libopencm3//lib/libopencm3_stm32l0.a(spi_common_all.o)
 .debug_info    0x0000000000004240      0x164 ../../lib/libopencm3//lib/libopencm3_stm32l0.a(spi_common_v1.o)
 .debug_info    0x00000000000043a4       0xce ../../lib/libopencm3//lib/libopencm3_stm32l0.a(spi_common_v1_frf.o)
 .debug_info    0x0000000000004472      0x2dc ../../lib/libopencm3//lib/libopencm3_stm32l0.a(vector.o)
 .debug_info    0x000000000000474e      0x104 ../../lib/libopencm3//lib/libopencm3_stm32l0.a(assert.o)

.debug_abbrev   0x0000000000000000     0x1225
 .debug_abbrev  0x0000000000000000      0x196 ./i2c_opencm3.o
 .debug_abbrev  0x0000000000000196      0x148 ./main.o
 .debug_abbrev  0x00000000000002de      0x19a ./spi_opencm3.o
 .debug_abbrev  0x0000000000000478      0x116 ../../lib/libopencm3//lib/libopencm3_stm32l0.a(gpio_common_all.o)
 .debug_abbrev  0x000000000000058e       0xbf ../../lib/libopencm3//lib/libopencm3_stm32l0.a(gpio_common_f0234.o)
 .debug_abbrev  0x000000000000064d      0x25b ../../lib/libopencm3//lib/libopencm3_stm32l0.a(i2c_common_v2.o)
 .debug_abbrev  0x00000000000008a8      0x30d ../../lib/libopencm3//lib/libopencm3_stm32l0.a(rcc.o)
 .debug_abbrev  0x0000000000000bb5      0x16b ../../lib/libopencm3//lib/libopencm3_stm32l0.a(rcc_common_all.o)
 .debug_abbrev  0x0000000000000d20      0x1d3 ../../lib/libopencm3//lib/libopencm3_stm32l0.a(spi_common_all.o)
 .debug_abbrev  0x0000000000000ef3       0xd2 ../../lib/libopencm3//lib/libopencm3_stm32l0.a(spi_common_v1.o)
 .debug_abbrev  0x0000000000000fc5       0x83 ../../lib/libopencm3//lib/libopencm3_stm32l0.a(spi_common_v1_frf.o)
 .debug_abbrev  0x0000000000001048      0x145 ../../lib/libopencm3//lib/libopencm3_stm32l0.a(vector.o)
 .debug_abbrev  0x000000000000118d       0x98 ../../lib/libopencm3//lib/libopencm3_stm32l0.a(assert.o)

.debug_loc      0x0000000000000000     0x1a26
 .debug_loc     0x0000000000000000      0x1f5 ./i2c_opencm3.o
 .debug_loc     0x00000000000001f5      0x1b9 ./spi_opencm3.o
 .debug_loc     0x00000000000003ae       0xbe ../../lib/libopencm3//lib/libopencm3_stm32l0.a(gpio_common_all.o)
 .debug_loc     0x000000000000046c      0x257 ../../lib/libopencm3//lib/libopencm3_stm32l0.a(gpio_common_f0234.o)
 .debug_loc     0x00000000000006c3      0x633 ../../lib/libopencm3//lib/libopencm3_stm32l0.a(i2c_common_v2.o)
 .debug_loc     0x0000000000000cf6      0x827 ../../lib/libopencm3//lib/libopencm3_stm32l0.a(rcc.o)
 .debug_loc     0x000000000000151d       0xb9 ../../lib/libopencm3//lib/libopencm3_stm32l0.a(rcc_common_all.o)
 .debug_loc     0x00000000000015d6      0x188 ../../lib/libopencm3//lib/libopencm3_stm32l0.a(spi_common_all.o)
 .debug_loc     0x000000000000175e      0x119 ../../lib/libopencm3//lib/libopencm3_stm32l0.a(spi_common_v1.o)
 .debug_loc     0x0000000000001877      0x11b ../../lib/libopencm3//lib/libopencm3_stm32l0.a(vector.o)
 .debug_loc     0x0000000000001992       0x94 ../../lib/libopencm3//lib/libopencm3_stm32l0.a(assert.o)

.debug_aranges  0x0000000000000000      0x5f8
 .debug_aranges
                0x0000000000000000       0x30 ./i2c_opencm3.o
 .debug_aranges
                0x0000000000000030       0x20 ./main.o
 .debug_aranges
                0x0000000000000050       0x38 ./spi_opencm3.o
 .debug_aranges
                0x0000000000000088       0x50 ../../lib/libopencm3//lib/libopencm3_stm32l0.a(gpio_common_all.o)
 .debug_aranges
                0x00000000000000d8       0x30 ../../lib/libopencm3//lib/libopencm3_stm32l0.a(gpio_common_f0234.o)
 .debug_aranges
                0x0000000000000108      0x170 ../../lib/libopencm3//lib/libopencm3_stm32l0.a(i2c_common_v2.o)
 .debug_aranges
                0x0000000000000278       0xf8 ../../lib/libopencm3//lib/libopencm3_stm32l0.a(rcc.o)
 .debug_aranges
                0x0000000000000370       0x60 ../../lib/libopencm3//lib/libopencm3_stm32l0.a(rcc_common_all.o)
 .debug_aranges
                0x00000000000003d0      0x178 ../../lib/libopencm3//lib/libopencm3_stm32l0.a(spi_common_all.o)
 .debug_aranges
                0x0000000000000548       0x30 ../../lib/libopencm3//lib/libopencm3_stm32l0.a(spi_common_v1.o)
 .debug_aranges
                0x0000000000000578       0x28 ../../lib/libopencm3//lib/libopencm3_stm32l0.a(spi_common_v1_frf.o)
 .debug_aranges
                0x00000000000005a0       0x30 ../../lib/libopencm3//lib/libopencm3_stm32l0.a(vector.o)
 .debug_aranges
                0x00000000000005d0       0x28 ../../lib/libopencm3//lib/libopencm3_stm32l0.a(assert.o)

.debug_ranges   0x0000000000000000      0x5e8
 .debug_ranges  0x0000000000000000       0x20 ./i2c_opencm3.o
 .debug_ranges  0x0000000000000020       0x10 ./main.o
 .debug_ranges  0x0000000000000030       0x88 ./spi_opencm3.o
 .debug_ranges  0x00000000000000b8       0x40 ../../lib/libopencm3//lib/libopencm3_stm32l0.a(gpio_common_all.o)
 .debug_ranges  0x00000000000000f8       0x20 ../../lib/libopencm3//lib/libopencm3_stm32l0.a(gpio_common_f0234.o)
 .debug_ranges  0x0000000000000118      0x160 ../../lib/libopencm3//lib/libopencm3_stm32l0.a(i2c_common_v2.o)
 .debug_ranges  0x0000000000000278      0x130 ../../lib/libopencm3//lib/libopencm3_stm32l0.a(rcc.o)
 .debug_ranges  0x00000000000003a8       0x50 ../../lib/libopencm3//lib/libopencm3_stm32l0.a(rcc_common_all.o)
 .debug_ranges  0x00000000000003f8      0x180 ../../lib/libopencm3//lib/libopencm3_stm32l0.a(spi_common_all.o)
 .debug_ranges  0x0000000000000578       0x20 ../../lib/libopencm3//lib/libopencm3_stm32l0.a(spi_common_v1.o)
 .debug_ranges  0x0000000000000598       0x18 ../../lib/libopencm3//lib/libopencm3_stm32l0.a(spi_common_v1_frf.o)
 .debug_ranges  0x00000000000005b0       0x20 ../../lib/libopencm3//lib/libopencm3_stm32l0.a(vector.o)
 .debug_ranges  0x00000000000005d0       0x18 ../../lib/libopencm3//lib/libopencm3_stm32l0.a(assert.o)

.debug_macro    0x0000000000000000     0x53c2
 .debug_macro   0x0000000000000000      0x23a ./i2c_opencm3.o
 .debug_macro   0x000000000000023a      0xa54 ./i2c_opencm3.o
 .debug_macro   0x0000000000000c8e       0x22 ./i2c_opencm3.o
 .debug_macro   0x0000000000000cb0       0x56 ./i2c_opencm3.o
 .debug_macro   0x0000000000000d06       0x51 ./i2c_opencm3.o
 .debug_macro   0x0000000000000d57      0x103 ./i2c_opencm3.o
 .debug_macro   0x0000000000000e5a       0x6a ./i2c_opencm3.o
 .debug_macro   0x0000000000000ec4      0x1df ./i2c_opencm3.o
 .debug_macro   0x00000000000010a3       0x18 ./i2c_opencm3.o
 .debug_macro   0x00000000000010bb       0x52 ./i2c_opencm3.o
 .debug_macro   0x000000000000110d       0x3c ./i2c_opencm3.o
 .debug_macro   0x0000000000001149       0x34 ./i2c_opencm3.o
 .debug_macro   0x000000000000117d       0x16 ./i2c_opencm3.o
 .debug_macro   0x0000000000001193      0x10e ./i2c_opencm3.o
 .debug_macro   0x00000000000012a1       0x8d ./i2c_opencm3.o
 .debug_macro   0x000000000000132e       0x16 ./i2c_opencm3.o
 .debug_macro   0x0000000000001344       0x43 ./i2c_opencm3.o
 .debug_macro   0x0000000000001387       0x34 ./i2c_opencm3.o
 .debug_macro   0x00000000000013bb       0x10 ./i2c_opencm3.o
 .debug_macro   0x00000000000013cb       0x58 ./i2c_opencm3.o
 .debug_macro   0x0000000000001423       0x71 ./i2c_opencm3.o
 .debug_macro   0x0000000000001494       0x1c ./i2c_opencm3.o
 .debug_macro   0x00000000000014b0      0x12a ./i2c_opencm3.o
 .debug_macro   0x00000000000015da      0x333 ./i2c_opencm3.o
 .debug_macro   0x000000000000190d       0x22 ./i2c_opencm3.o
 .debug_macro   0x000000000000192f       0x1c ./i2c_opencm3.o
 .debug_macro   0x000000000000194b       0x22 ./i2c_opencm3.o
 .debug_macro   0x000000000000196d       0xe8 ./i2c_opencm3.o
 .debug_macro   0x0000000000001a55       0x52 ./i2c_opencm3.o
 .debug_macro   0x0000000000001aa7      0x166 ./i2c_opencm3.o
 .debug_macro   0x0000000000001c0d      0x39c ./i2c_opencm3.o
 .debug_macro   0x0000000000001fa9       0x8e ./i2c_opencm3.o
 .debug_macro   0x0000000000002037       0x58 ./i2c_opencm3.o
 .debug_macro   0x000000000000208f      0x942 ./i2c_opencm3.o
 .debug_macro   0x00000000000029d1       0x76 ./i2c_opencm3.o
 .debug_macro   0x0000000000002a47      0x37e ./i2c_opencm3.o
 .debug_macro   0x0000000000002dc5       0xca ./i2c_opencm3.o
 .debug_macro   0x0000000000002e8f       0x46 ./i2c_opencm3.o
 .debug_macro   0x0000000000002ed5       0x16 ./i2c_opencm3.o
 .debug_macro   0x0000000000002eeb       0x35 ./i2c_opencm3.o
 .debug_macro   0x0000000000002f20      0x26c ./main.o
 .debug_macro   0x000000000000318c       0x1c ./main.o
 .debug_macro   0x00000000000031a8       0x10 ./main.o
 .debug_macro   0x00000000000031b8       0xbe ./main.o
 .debug_macro   0x0000000000003276       0x16 ./main.o
 .debug_macro   0x000000000000328c      0x114 ./main.o
 .debug_macro   0x00000000000033a0      0x100 ./main.o
 .debug_macro   0x00000000000034a0      0x27a ./spi_opencm3.o
 .debug_macro   0x000000000000371a      0x2eb ./spi_opencm3.o
 .debug_macro   0x0000000000003a05       0x16 ./spi_opencm3.o
 .debug_macro   0x0000000000003a1b       0x22 ./spi_opencm3.o
 .debug_macro   0x0000000000003a3d       0xd6 ../../lib/libopencm3//lib/libopencm3_stm32l0.a(gpio_common_all.o)
 .debug_macro   0x0000000000003b13      0xa42 ../../lib/libopencm3//lib/libopencm3_stm32l0.a(gpio_common_all.o)
 .debug_macro   0x0000000000004555       0x56 ../../lib/libopencm3//lib/libopencm3_stm32l0.a(gpio_common_all.o)
 .debug_macro   0x00000000000045ab       0xd6 ../../lib/libopencm3//lib/libopencm3_stm32l0.a(gpio_common_f0234.o)
 .debug_macro   0x0000000000004681      0x106 ../../lib/libopencm3//lib/libopencm3_stm32l0.a(i2c_common_v2.o)
 .debug_macro   0x0000000000004787      0x16d ../../lib/libopencm3//lib/libopencm3_stm32l0.a(i2c_common_v2.o)
 .debug_macro   0x00000000000048f4      0x113 ../../lib/libopencm3//lib/libopencm3_stm32l0.a(rcc.o)
 .debug_macro   0x0000000000004a07       0x16 ../../lib/libopencm3//lib/libopencm3_stm32l0.a(rcc.o)
 .debug_macro   0x0000000000004a1d      0x166 ../../lib/libopencm3//lib/libopencm3_stm32l0.a(rcc.o)
 .debug_macro   0x0000000000004b83       0x46 ../../lib/libopencm3//lib/libopencm3_stm32l0.a(rcc.o)
 .debug_macro   0x0000000000004bc9       0xfa ../../lib/libopencm3//lib/libopencm3_stm32l0.a(rcc_common_all.o)
 .debug_macro   0x0000000000004cc3      0x109 ../../lib/libopencm3//lib/libopencm3_stm32l0.a(spi_common_all.o)
 .debug_macro   0x0000000000004dcc      0x109 ../../lib/libopencm3//lib/libopencm3_stm32l0.a(spi_common_v1.o)
 .debug_macro   0x0000000000004ed5       0xe3 ../../lib/libopencm3//lib/libopencm3_stm32l0.a(spi_common_v1_frf.o)
 .debug_macro   0x0000000000004fb8       0xcf ../../lib/libopencm3//lib/libopencm3_stm32l0.a(vector.o)
 .debug_macro   0x0000000000005087      0x19f ../../lib/libopencm3//lib/libopencm3_stm32l0.a(vector.o)
 .debug_macro   0x0000000000005226       0x49 ../../lib/libopencm3//lib/libopencm3_stm32l0.a(vector.o)
 .debug_macro   0x000000000000526f       0xca ../../lib/libopencm3//lib/libopencm3_stm32l0.a(vector.o)
 .debug_macro   0x0000000000005339       0x89 ../../lib/libopencm3//lib/libopencm3_stm32l0.a(assert.o)

.debug_line     0x0000000000000000     0x4e0d
 .debug_line    0x0000000000000000      0x56b ./i2c_opencm3.o
 .debug_line    0x000000000000056b      0x54f ./main.o
 .debug_line    0x0000000000000aba      0x6e4 ./spi_opencm3.o
 .debug_line    0x000000000000119e      0x420 ../../lib/libopencm3//lib/libopencm3_stm32l0.a(gpio_common_all.o)
 .debug_line    0x00000000000015be      0x516 ../../lib/libopencm3//lib/libopencm3_stm32l0.a(gpio_common_f0234.o)
 .debug_line    0x0000000000001ad4      0xab2 ../../lib/libopencm3//lib/libopencm3_stm32l0.a(i2c_common_v2.o)
 .debug_line    0x0000000000002586      0xb83 ../../lib/libopencm3//lib/libopencm3_stm32l0.a(rcc.o)
 .debug_line    0x0000000000003109      0x4a8 ../../lib/libopencm3//lib/libopencm3_stm32l0.a(rcc_common_all.o)
 .debug_line    0x00000000000035b1      0xa8b ../../lib/libopencm3//lib/libopencm3_stm32l0.a(spi_common_all.o)
 .debug_line    0x000000000000403c      0x3f3 ../../lib/libopencm3//lib/libopencm3_stm32l0.a(spi_common_v1.o)
 .debug_line    0x000000000000442f      0x33a ../../lib/libopencm3//lib/libopencm3_stm32l0.a(spi_common_v1_frf.o)
 .debug_line    0x0000000000004769      0x458 ../../lib/libopencm3//lib/libopencm3_stm32l0.a(vector.o)
 .debug_line    0x0000000000004bc1      0x24c ../../lib/libopencm3//lib/libopencm3_stm32l0.a(assert.o)

.debug_str      0x0000000000000000    0x10fa0
 .debug_str     0x0000000000000000     0xcc12 ./i2c_opencm3.o
                                       0xce42 (size before relaxing)
 .debug_str     0x000000000000cc12      0x79b ./main.o
                                       0xc421 (size before relaxing)
 .debug_str     0x000000000000d3ad      0xf3b ./spi_opencm3.o
                                       0xd2ae (size before relaxing)
 .debug_str     0x000000000000e2e8      0x190 ../../lib/libopencm3//lib/libopencm3_stm32l0.a(gpio_common_all.o)
                                       0x5e1c (size before relaxing)
 .debug_str     0x000000000000e478       0x73 ../../lib/libopencm3//lib/libopencm3_stm32l0.a(gpio_common_f0234.o)
                                       0x5e3e (size before relaxing)
 .debug_str     0x000000000000e4eb      0x493 ../../lib/libopencm3//lib/libopencm3_stm32l0.a(i2c_common_v2.o)
                                       0x8bae (size before relaxing)
 .debug_str     0x000000000000e97e      0xda3 ../../lib/libopencm3//lib/libopencm3_stm32l0.a(rcc.o)
                                       0x84b3 (size before relaxing)
 .debug_str     0x000000000000f721      0x170 ../../lib/libopencm3//lib/libopencm3_stm32l0.a(rcc_common_all.o)
                                       0x79c0 (size before relaxing)
 .debug_str     0x000000000000f891      0x3cf ../../lib/libopencm3//lib/libopencm3_stm32l0.a(spi_common_all.o)
                                       0x8749 (size before relaxing)
 .debug_str     0x000000000000fc60       0x50 ../../lib/libopencm3//lib/libopencm3_stm32l0.a(spi_common_v1.o)
                                       0x81c4 (size before relaxing)
 .debug_str     0x000000000000fcb0       0x2d ../../lib/libopencm3//lib/libopencm3_stm32l0.a(spi_common_v1_frf.o)
                                       0x5732 (size before relaxing)
 .debug_str     0x000000000000fcdd     0x127b ../../lib/libopencm3//lib/libopencm3_stm32l0.a(vector.o)
                                       0x5202 (size before relaxing)
 .debug_str     0x0000000000010f58       0x48 ../../lib/libopencm3//lib/libopencm3_stm32l0.a(assert.o)
                                       0x3f26 (size before relaxing)

.comment        0x0000000000000000       0x4d
 .comment       0x0000000000000000       0x4d ./i2c_opencm3.o
                                         0x4e (size before relaxing)
 .comment       0x000000000000004d       0x4e ./main.o
 .comment       0x000000000000004d       0x4e ./spi_opencm3.o
 .comment       0x000000000000004d       0x4e ../../lib/libopencm3//lib/libopencm3_stm32l0.a(gpio_common_all.o)
 .comment       0x000000000000004d       0x4e ../../lib/libopencm3//lib/libopencm3_stm32l0.a(gpio_common_f0234.o)
 .comment       0x000000000000004d       0x4e ../../lib/libopencm3//lib/libopencm3_stm32l0.a(i2c_common_v2.o)
 .comment       0x000000000000004d       0x4e ../../lib/libopencm3//lib/libopencm3_stm32l0.a(rcc.o)
 .comment       0x000000000000004d       0x4e ../../lib/libopencm3//lib/libopencm3_stm32l0.a(rcc_common_all.o)
 .comment       0x000000000000004d       0x4e ../../lib/libopencm3//lib/libopencm3_stm32l0.a(spi_common_all.o)
 .comment       0x000000000000004d       0x4e ../../lib/libopencm3//lib/libopencm3_stm32l0.a(spi_common_v1.o)
 .comment       0x000000000000004d       0x4e ../../lib/libopencm3//lib/libopencm3_stm32l0.a(spi_common_v1_frf.o)
 .comment       0x000000000000004d       0x4e ../../lib/libopencm3//lib/libopencm3_stm32l0.a(vector.o)
 .comment       0x000000000000004d       0x4e ../../lib/libopencm3//lib/libopencm3_stm32l0.a(assert.o)

.ARM.attributes
                0x0000000000000000       0x2c
 .ARM.attributes
                0x0000000000000000       0x2c ./i2c_opencm3.o
 .ARM.attributes
                0x000000000000002c       0x2c ./main.o
 .ARM.attributes
                0x0000000000000058       0x2c ./spi_opencm3.o
 .ARM.attributes
                0x0000000000000084       0x2c ../../lib/libopencm3//lib/libopencm3_stm32l0.a(gpio_common_all.o)
 .ARM.attributes
                0x00000000000000b0       0x2c ../../lib/libopencm3//lib/libopencm3_stm32l0.a(gpio_common_f0234.o)
 .ARM.attributes
                0x00000000000000dc       0x2c ../../lib/libopencm3//lib/libopencm3_stm32l0.a(i2c_common_v2.o)
 .ARM.attributes
                0x0000000000000108       0x2c ../../lib/libopencm3//lib/libopencm3_stm32l0.a(rcc.o)
 .ARM.attributes
                0x0000000000000134       0x2c ../../lib/libopencm3//lib/libopencm3_stm32l0.a(rcc_common_all.o)
 .ARM.attributes
                0x0000000000000160       0x2c ../../lib/libopencm3//lib/libopencm3_stm32l0.a(spi_common_all.o)
 .ARM.attributes
                0x000000000000018c       0x2c ../../lib/libopencm3//lib/libopencm3_stm32l0.a(spi_common_v1.o)
 .ARM.attributes
                0x00000000000001b8       0x2c ../../lib/libopencm3//lib/libopencm3_stm32l0.a(spi_common_v1_frf.o)
 .ARM.attributes
                0x00000000000001e4       0x2c ../../lib/libopencm3//lib/libopencm3_stm32l0.a(vector.o)
 .ARM.attributes
                0x0000000000000210       0x2c ../../lib/libopencm3//lib/libopencm3_stm32l0.a(assert.o)
 .ARM.attributes
                0x000000000000023c       0x2c /usr/share/gcc-arm-none-eabi-10-2020-q4-major/bin/../lib/gcc/arm-none-eabi/10.2.1/../../../../arm-none-eabi/lib/thumb/v6-m/nofp/libc_nano.a(lib_a-memcpy-stub.o)
 .ARM.attributes
                0x0000000000000268       0x2c /usr/share/gcc-arm-none-eabi-10-2020-q4-major/bin/../lib/gcc/arm-none-eabi/10.2.1/../../../../arm-none-eabi/lib/thumb/v6-m/nofp/libc_nano.a(lib_a-printf.o)
 .ARM.attributes
                0x0000000000000294       0x2c /usr/share/gcc-arm-none-eabi-10-2020-q4-major/bin/../lib/gcc/arm-none-eabi/10.2.1/../../../../arm-none-eabi/lib/thumb/v6-m/nofp/libc_nano.a(lib_a-findfp.o)
 .ARM.attributes
                0x00000000000002c0       0x2c /usr/share/gcc-arm-none-eabi-10-2020-q4-major/bin/../lib/gcc/arm-none-eabi/10.2.1/../../../../arm-none-eabi/lib/thumb/v6-m/nofp/libc_nano.a(lib_a-fwalk.o)
 .ARM.attributes
                0x00000000000002ec       0x2c /usr/share/gcc-arm-none-eabi-10-2020-q4-major/bin/../lib/gcc/arm-none-eabi/10.2.1/../../../../arm-none-eabi/lib/thumb/v6-m/nofp/libc_nano.a(lib_a-impure.o)
 .ARM.attributes
                0x0000000000000318       0x2c /usr/share/gcc-arm-none-eabi-10-2020-q4-major/bin/../lib/gcc/arm-none-eabi/10.2.1/../../../../arm-none-eabi/lib/thumb/v6-m/nofp/libc_nano.a(lib_a-lock.o)
 .ARM.attributes
                0x0000000000000344       0x2c /usr/share/gcc-arm-none-eabi-10-2020-q4-major/bin/../lib/gcc/arm-none-eabi/10.2.1/../../../../arm-none-eabi/lib/thumb/v6-m/nofp/libc_nano.a(lib_a-memset.o)
 .ARM.attributes
                0x0000000000000370       0x2c /usr/share/gcc-arm-none-eabi-10-2020-q4-major/bin/../lib/gcc/arm-none-eabi/10.2.1/../../../../arm-none-eabi/lib/thumb/v6-m/nofp/libc_nano.a(lib_a-nano-mallocr.o)
 .ARM.attributes
                0x000000000000039c       0x2c /usr/share/gcc-arm-none-eabi-10-2020-q4-major/bin/../lib/gcc/arm-none-eabi/10.2.1/../../../../arm-none-eabi/lib/thumb/v6-m/nofp/libc_nano.a(lib_a-nano-vfprintf.o)
 .ARM.attributes
                0x00000000000003c8       0x2c /usr/share/gcc-arm-none-eabi-10-2020-q4-major/bin/../lib/gcc/arm-none-eabi/10.2.1/../../../../arm-none-eabi/lib/thumb/v6-m/nofp/libc_nano.a(lib_a-nano-vfprintf_i.o)
 .ARM.attributes
                0x00000000000003f4       0x2c /usr/share/gcc-arm-none-eabi-10-2020-q4-major/bin/../lib/gcc/arm-none-eabi/10.2.1/../../../../arm-none-eabi/lib/thumb/v6-m/nofp/libc_nano.a(lib_a-sbrkr.o)
 .ARM.attributes
                0x0000000000000420       0x2c /usr/share/gcc-arm-none-eabi-10-2020-q4-major/bin/../lib/gcc/arm-none-eabi/10.2.1/../../../../arm-none-eabi/lib/thumb/v6-m/nofp/libc_nano.a(lib_a-stdio.o)
 .ARM.attributes
                0x000000000000044c       0x2c /usr/share/gcc-arm-none-eabi-10-2020-q4-major/bin/../lib/gcc/arm-none-eabi/10.2.1/../../../../arm-none-eabi/lib/thumb/v6-m/nofp/libc_nano.a(lib_a-wbuf.o)
 .ARM.attributes
                0x0000000000000478       0x2c /usr/share/gcc-arm-none-eabi-10-2020-q4-major/bin/../lib/gcc/arm-none-eabi/10.2.1/../../../../arm-none-eabi/lib/thumb/v6-m/nofp/libc_nano.a(lib_a-writer.o)
 .ARM.attributes
                0x00000000000004a4       0x2c /usr/share/gcc-arm-none-eabi-10-2020-q4-major/bin/../lib/gcc/arm-none-eabi/10.2.1/../../../../arm-none-eabi/lib/thumb/v6-m/nofp/libc_nano.a(lib_a-wsetup.o)
 .ARM.attributes
                0x00000000000004d0       0x2c /usr/share/gcc-arm-none-eabi-10-2020-q4-major/bin/../lib/gcc/arm-none-eabi/10.2.1/../../../../arm-none-eabi/lib/thumb/v6-m/nofp/libc_nano.a(lib_a-closer.o)
 .ARM.attributes
                0x00000000000004fc       0x2c /usr/share/gcc-arm-none-eabi-10-2020-q4-major/bin/../lib/gcc/arm-none-eabi/10.2.1/../../../../arm-none-eabi/lib/thumb/v6-m/nofp/libc_nano.a(lib_a-fflush.o)
 .ARM.attributes
                0x0000000000000528       0x2c /usr/share/gcc-arm-none-eabi-10-2020-q4-major/bin/../lib/gcc/arm-none-eabi/10.2.1/../../../../arm-none-eabi/lib/thumb/v6-m/nofp/libc_nano.a(lib_a-lseekr.o)
 .ARM.attributes
                0x0000000000000554       0x2c /usr/share/gcc-arm-none-eabi-10-2020-q4-major/bin/../lib/gcc/arm-none-eabi/10.2.1/../../../../arm-none-eabi/lib/thumb/v6-m/nofp/libc_nano.a(lib_a-makebuf.o)
 .ARM.attributes
                0x0000000000000580       0x2c /usr/share/gcc-arm-none-eabi-10-2020-q4-major/bin/../lib/gcc/arm-none-eabi/10.2.1/../../../../arm-none-eabi/lib/thumb/v6-m/nofp/libc_nano.a(lib_a-memchr-stub.o)
 .ARM.attributes
                0x00000000000005ac       0x2c /usr/share/gcc-arm-none-eabi-10-2020-q4-major/bin/../lib/gcc/arm-none-eabi/10.2.1/../../../../arm-none-eabi/lib/thumb/v6-m/nofp/libc_nano.a(lib_a-mlock.o)
 .ARM.attributes
                0x00000000000005d8       0x2c /usr/share/gcc-arm-none-eabi-10-2020-q4-major/bin/../lib/gcc/arm-none-eabi/10.2.1/../../../../arm-none-eabi/lib/thumb/v6-m/nofp/libc_nano.a(lib_a-nano-freer.o)
 .ARM.attributes
                0x0000000000000604       0x2c /usr/share/gcc-arm-none-eabi-10-2020-q4-major/bin/../lib/gcc/arm-none-eabi/10.2.1/../../../../arm-none-eabi/lib/thumb/v6-m/nofp/libc_nano.a(lib_a-readr.o)
 .ARM.attributes
                0x0000000000000630       0x2c /usr/share/gcc-arm-none-eabi-10-2020-q4-major/bin/../lib/gcc/arm-none-eabi/10.2.1/../../../../arm-none-eabi/lib/thumb/v6-m/nofp/libc_nano.a(lib_a-reent.o)
 .ARM.attributes
                0x000000000000065c       0x2c /usr/share/gcc-arm-none-eabi-10-2020-q4-major/bin/../lib/gcc/arm-none-eabi/10.2.1/../../../../arm-none-eabi/lib/thumb/v6-m/nofp/libc_nano.a(lib_a-fstatr.o)
 .ARM.attributes
                0x0000000000000688       0x2c /usr/share/gcc-arm-none-eabi-10-2020-q4-major/bin/../lib/gcc/arm-none-eabi/10.2.1/../../../../arm-none-eabi/lib/thumb/v6-m/nofp/libc_nano.a(lib_a-isattyr.o)
 .ARM.attributes
                0x00000000000006b4       0x1e /usr/share/gcc-arm-none-eabi-10-2020-q4-major/bin/../lib/gcc/arm-none-eabi/10.2.1/thumb/v6-m/nofp/libgcc.a(_thumb1_case_shi.o)
 .ARM.attributes
                0x00000000000006d2       0x1e /usr/share/gcc-arm-none-eabi-10-2020-q4-major/bin/../lib/gcc/arm-none-eabi/10.2.1/thumb/v6-m/nofp/libgcc.a(_udivsi3.o)
 .ARM.attributes
                0x00000000000006f0       0x1e /usr/share/gcc-arm-none-eabi-10-2020-q4-major/bin/../lib/gcc/arm-none-eabi/10.2.1/thumb/v6-m/nofp/libgcc.a(_dvmd_tls.o)
 .ARM.attributes
                0x000000000000070e       0x2c /usr/share/gcc-arm-none-eabi-10-2020-q4-major/bin/../lib/gcc/arm-none-eabi/10.2.1/../../../../arm-none-eabi/lib/thumb/v6-m/nofp/libnosys.a(close.o)
 .ARM.attributes
                0x000000000000073a       0x2c /usr/share/gcc-arm-none-eabi-10-2020-q4-major/bin/../lib/gcc/arm-none-eabi/10.2.1/../../../../arm-none-eabi/lib/thumb/v6-m/nofp/libnosys.a(fstat.o)
 .ARM.attributes
                0x0000000000000766       0x2c /usr/share/gcc-arm-none-eabi-10-2020-q4-major/bin/../lib/gcc/arm-none-eabi/10.2.1/../../../../arm-none-eabi/lib/thumb/v6-m/nofp/libnosys.a(isatty.o)
 .ARM.attributes
                0x0000000000000792       0x2c /usr/share/gcc-arm-none-eabi-10-2020-q4-major/bin/../lib/gcc/arm-none-eabi/10.2.1/../../../../arm-none-eabi/lib/thumb/v6-m/nofp/libnosys.a(lseek.o)
 .ARM.attributes
                0x00000000000007be       0x2c /usr/share/gcc-arm-none-eabi-10-2020-q4-major/bin/../lib/gcc/arm-none-eabi/10.2.1/../../../../arm-none-eabi/lib/thumb/v6-m/nofp/libnosys.a(read.o)
 .ARM.attributes
                0x00000000000007ea       0x2c /usr/share/gcc-arm-none-eabi-10-2020-q4-major/bin/../lib/gcc/arm-none-eabi/10.2.1/../../../../arm-none-eabi/lib/thumb/v6-m/nofp/libnosys.a(sbrk.o)
 .ARM.attributes
                0x0000000000000816       0x2c /usr/share/gcc-arm-none-eabi-10-2020-q4-major/bin/../lib/gcc/arm-none-eabi/10.2.1/../../../../arm-none-eabi/lib/thumb/v6-m/nofp/libnosys.a(write.o)

.debug_frame    0x0000000000000000     0x1514
 .debug_frame   0x0000000000000000       0x70 ./i2c_opencm3.o
 .debug_frame   0x0000000000000070       0x30 ./main.o
 .debug_frame   0x00000000000000a0       0x78 ./spi_opencm3.o
 .debug_frame   0x0000000000000118       0x80 ../../lib/libopencm3//lib/libopencm3_stm32l0.a(gpio_common_all.o)
 .debug_frame   0x0000000000000198       0x78 ../../lib/libopencm3//lib/libopencm3_stm32l0.a(gpio_common_f0234.o)
 .debug_frame   0x0000000000000210      0x2e4 ../../lib/libopencm3//lib/libopencm3_stm32l0.a(i2c_common_v2.o)
 .debug_frame   0x00000000000004f4      0x25c ../../lib/libopencm3//lib/libopencm3_stm32l0.a(rcc.o)
 .debug_frame   0x0000000000000750       0xf0 ../../lib/libopencm3//lib/libopencm3_stm32l0.a(rcc_common_all.o)
 .debug_frame   0x0000000000000840      0x2e0 ../../lib/libopencm3//lib/libopencm3_stm32l0.a(spi_common_all.o)
 .debug_frame   0x0000000000000b20       0x4c ../../lib/libopencm3//lib/libopencm3_stm32l0.a(spi_common_v1.o)
 .debug_frame   0x0000000000000b6c       0x30 ../../lib/libopencm3//lib/libopencm3_stm32l0.a(spi_common_v1_frf.o)
 .debug_frame   0x0000000000000b9c       0x48 ../../lib/libopencm3//lib/libopencm3_stm32l0.a(vector.o)
 .debug_frame   0x0000000000000be4       0x38 ../../lib/libopencm3//lib/libopencm3_stm32l0.a(assert.o)
 .debug_frame   0x0000000000000c1c       0x28 /usr/share/gcc-arm-none-eabi-10-2020-q4-major/bin/../lib/gcc/arm-none-eabi/10.2.1/../../../../arm-none-eabi/lib/thumb/v6-m/nofp/libc_nano.a(lib_a-memcpy-stub.o)
 .debug_frame   0x0000000000000c44       0x50 /usr/share/gcc-arm-none-eabi-10-2020-q4-major/bin/../lib/gcc/arm-none-eabi/10.2.1/../../../../arm-none-eabi/lib/thumb/v6-m/nofp/libc_nano.a(lib_a-printf.o)
 .debug_frame   0x0000000000000c94      0x170 /usr/share/gcc-arm-none-eabi-10-2020-q4-major/bin/../lib/gcc/arm-none-eabi/10.2.1/../../../../arm-none-eabi/lib/thumb/v6-m/nofp/libc_nano.a(lib_a-findfp.o)
 .debug_frame   0x0000000000000e04       0x58 /usr/share/gcc-arm-none-eabi-10-2020-q4-major/bin/../lib/gcc/arm-none-eabi/10.2.1/../../../../arm-none-eabi/lib/thumb/v6-m/nofp/libc_nano.a(lib_a-fwalk.o)
 .debug_frame   0x0000000000000e5c       0xb0 /usr/share/gcc-arm-none-eabi-10-2020-q4-major/bin/../lib/gcc/arm-none-eabi/10.2.1/../../../../arm-none-eabi/lib/thumb/v6-m/nofp/libc_nano.a(lib_a-lock.o)
 .debug_frame   0x0000000000000f0c       0x20 /usr/share/gcc-arm-none-eabi-10-2020-q4-major/bin/../lib/gcc/arm-none-eabi/10.2.1/../../../../arm-none-eabi/lib/thumb/v6-m/nofp/libc_nano.a(lib_a-memset.o)
 .debug_frame   0x0000000000000f2c       0x30 /usr/share/gcc-arm-none-eabi-10-2020-q4-major/bin/../lib/gcc/arm-none-eabi/10.2.1/../../../../arm-none-eabi/lib/thumb/v6-m/nofp/libc_nano.a(lib_a-nano-mallocr.o)
 .debug_frame   0x0000000000000f5c       0x9c /usr/share/gcc-arm-none-eabi-10-2020-q4-major/bin/../lib/gcc/arm-none-eabi/10.2.1/../../../../arm-none-eabi/lib/thumb/v6-m/nofp/libc_nano.a(lib_a-nano-vfprintf.o)
 .debug_frame   0x0000000000000ff8       0x54 /usr/share/gcc-arm-none-eabi-10-2020-q4-major/bin/../lib/gcc/arm-none-eabi/10.2.1/../../../../arm-none-eabi/lib/thumb/v6-m/nofp/libc_nano.a(lib_a-nano-vfprintf_i.o)
 .debug_frame   0x000000000000104c       0x2c /usr/share/gcc-arm-none-eabi-10-2020-q4-major/bin/../lib/gcc/arm-none-eabi/10.2.1/../../../../arm-none-eabi/lib/thumb/v6-m/nofp/libc_nano.a(lib_a-sbrkr.o)
 .debug_frame   0x0000000000001078       0x90 /usr/share/gcc-arm-none-eabi-10-2020-q4-major/bin/../lib/gcc/arm-none-eabi/10.2.1/../../../../arm-none-eabi/lib/thumb/v6-m/nofp/libc_nano.a(lib_a-stdio.o)
 .debug_frame   0x0000000000001108       0x48 /usr/share/gcc-arm-none-eabi-10-2020-q4-major/bin/../lib/gcc/arm-none-eabi/10.2.1/../../../../arm-none-eabi/lib/thumb/v6-m/nofp/libc_nano.a(lib_a-wbuf.o)
 .debug_frame   0x0000000000001150       0x2c /usr/share/gcc-arm-none-eabi-10-2020-q4-major/bin/../lib/gcc/arm-none-eabi/10.2.1/../../../../arm-none-eabi/lib/thumb/v6-m/nofp/libc_nano.a(lib_a-writer.o)
 .debug_frame   0x000000000000117c       0x2c /usr/share/gcc-arm-none-eabi-10-2020-q4-major/bin/../lib/gcc/arm-none-eabi/10.2.1/../../../../arm-none-eabi/lib/thumb/v6-m/nofp/libc_nano.a(lib_a-wsetup.o)
 .debug_frame   0x00000000000011a8       0x2c /usr/share/gcc-arm-none-eabi-10-2020-q4-major/bin/../lib/gcc/arm-none-eabi/10.2.1/../../../../arm-none-eabi/lib/thumb/v6-m/nofp/libc_nano.a(lib_a-closer.o)
 .debug_frame   0x00000000000011d4       0x68 /usr/share/gcc-arm-none-eabi-10-2020-q4-major/bin/../lib/gcc/arm-none-eabi/10.2.1/../../../../arm-none-eabi/lib/thumb/v6-m/nofp/libc_nano.a(lib_a-fflush.o)
 .debug_frame   0x000000000000123c       0x2c /usr/share/gcc-arm-none-eabi-10-2020-q4-major/bin/../lib/gcc/arm-none-eabi/10.2.1/../../../../arm-none-eabi/lib/thumb/v6-m/nofp/libc_nano.a(lib_a-lseekr.o)
 .debug_frame   0x0000000000001268       0x54 /usr/share/gcc-arm-none-eabi-10-2020-q4-major/bin/../lib/gcc/arm-none-eabi/10.2.1/../../../../arm-none-eabi/lib/thumb/v6-m/nofp/libc_nano.a(lib_a-makebuf.o)
 .debug_frame   0x00000000000012bc       0x20 /usr/share/gcc-arm-none-eabi-10-2020-q4-major/bin/../lib/gcc/arm-none-eabi/10.2.1/../../../../arm-none-eabi/lib/thumb/v6-m/nofp/libc_nano.a(lib_a-memchr-stub.o)
 .debug_frame   0x00000000000012dc       0x40 /usr/share/gcc-arm-none-eabi-10-2020-q4-major/bin/../lib/gcc/arm-none-eabi/10.2.1/../../../../arm-none-eabi/lib/thumb/v6-m/nofp/libc_nano.a(lib_a-mlock.o)
 .debug_frame   0x000000000000131c       0x2c /usr/share/gcc-arm-none-eabi-10-2020-q4-major/bin/../lib/gcc/arm-none-eabi/10.2.1/../../../../arm-none-eabi/lib/thumb/v6-m/nofp/libc_nano.a(lib_a-nano-freer.o)
 .debug_frame   0x0000000000001348       0x2c /usr/share/gcc-arm-none-eabi-10-2020-q4-major/bin/../lib/gcc/arm-none-eabi/10.2.1/../../../../arm-none-eabi/lib/thumb/v6-m/nofp/libc_nano.a(lib_a-readr.o)
 .debug_frame   0x0000000000001374       0x48 /usr/share/gcc-arm-none-eabi-10-2020-q4-major/bin/../lib/gcc/arm-none-eabi/10.2.1/../../../../arm-none-eabi/lib/thumb/v6-m/nofp/libc_nano.a(lib_a-reent.o)
 .debug_frame   0x00000000000013bc       0x2c /usr/share/gcc-arm-none-eabi-10-2020-q4-major/bin/../lib/gcc/arm-none-eabi/10.2.1/../../../../arm-none-eabi/lib/thumb/v6-m/nofp/libc_nano.a(lib_a-fstatr.o)
 .debug_frame   0x00000000000013e8       0x2c /usr/share/gcc-arm-none-eabi-10-2020-q4-major/bin/../lib/gcc/arm-none-eabi/10.2.1/../../../../arm-none-eabi/lib/thumb/v6-m/nofp/libc_nano.a(lib_a-isattyr.o)
 .debug_frame   0x0000000000001414       0x20 /usr/share/gcc-arm-none-eabi-10-2020-q4-major/bin/../lib/gcc/arm-none-eabi/10.2.1/thumb/v6-m/nofp/libgcc.a(_udivsi3.o)
 .debug_frame   0x0000000000001434       0x20 /usr/share/gcc-arm-none-eabi-10-2020-q4-major/bin/../lib/gcc/arm-none-eabi/10.2.1/../../../../arm-none-eabi/lib/thumb/v6-m/nofp/libnosys.a(close.o)
 .debug_frame   0x0000000000001454       0x20 /usr/share/gcc-arm-none-eabi-10-2020-q4-major/bin/../lib/gcc/arm-none-eabi/10.2.1/../../../../arm-none-eabi/lib/thumb/v6-m/nofp/libnosys.a(fstat.o)
 .debug_frame   0x0000000000001474       0x20 /usr/share/gcc-arm-none-eabi-10-2020-q4-major/bin/../lib/gcc/arm-none-eabi/10.2.1/../../../../arm-none-eabi/lib/thumb/v6-m/nofp/libnosys.a(isatty.o)
 .debug_frame   0x0000000000001494       0x20 /usr/share/gcc-arm-none-eabi-10-2020-q4-major/bin/../lib/gcc/arm-none-eabi/10.2.1/../../../../arm-none-eabi/lib/thumb/v6-m/nofp/libnosys.a(lseek.o)
 .debug_frame   0x00000000000014b4       0x20 /usr/share/gcc-arm-none-eabi-10-2020-q4-major/bin/../lib/gcc/arm-none-eabi/10.2.1/../../../../arm-none-eabi/lib/thumb/v6-m/nofp/libnosys.a(read.o)
 .debug_frame   0x00000000000014d4       0x20 /usr/share/gcc-arm-none-eabi-10-2020-q4-major/bin/../lib/gcc/arm-none-eabi/10.2.1/../../../../arm-none-eabi/lib/thumb/v6-m/nofp/libnosys.a(sbrk.o)
 .debug_frame   0x00000000000014f4       0x20 /usr/share/gcc-arm-none-eabi-10-2020-q4-major/bin/../lib/gcc/arm-none-eabi/10.2.1/../../../../arm-none-eabi/lib/thumb/v6-m/nofp/libnosys.a(write.o)

.stab           0x0000000000000000       0x9c
 .stab          0x0000000000000000       0x24 /usr/share/gcc-arm-none-eabi-10-2020-q4-major/bin/../lib/gcc/arm-none-eabi/10.2.1/../../../../arm-none-eabi/lib/thumb/v6-m/nofp/libnosys.a(close.o)
 .stab          0x0000000000000024       0x18 /usr/share/gcc-arm-none-eabi-10-2020-q4-major/bin/../lib/gcc/arm-none-eabi/10.2.1/../../../../arm-none-eabi/lib/thumb/v6-m/nofp/libnosys.a(fstat.o)
                                         0x24 (size before relaxing)
 .stab          0x000000000000003c       0x18 /usr/share/gcc-arm-none-eabi-10-2020-q4-major/bin/../lib/gcc/arm-none-eabi/10.2.1/../../../../arm-none-eabi/lib/thumb/v6-m/nofp/libnosys.a(isatty.o)
                                         0x24 (size before relaxing)
 .stab          0x0000000000000054       0x18 /usr/share/gcc-arm-none-eabi-10-2020-q4-major/bin/../lib/gcc/arm-none-eabi/10.2.1/../../../../arm-none-eabi/lib/thumb/v6-m/nofp/libnosys.a(lseek.o)
                                         0x24 (size before relaxing)
 .stab          0x000000000000006c       0x18 /usr/share/gcc-arm-none-eabi-10-2020-q4-major/bin/../lib/gcc/arm-none-eabi/10.2.1/../../../../arm-none-eabi/lib/thumb/v6-m/nofp/libnosys.a(read.o)
                                         0x24 (size before relaxing)
 .stab          0x0000000000000084       0x18 /usr/share/gcc-arm-none-eabi-10-2020-q4-major/bin/../lib/gcc/arm-none-eabi/10.2.1/../../../../arm-none-eabi/lib/thumb/v6-m/nofp/libnosys.a(write.o)
                                         0x24 (size before relaxing)

.stabstr        0x0000000000000000      0x14d
 .stabstr       0x0000000000000000      0x14d /usr/share/gcc-arm-none-eabi-10-2020-q4-major/bin/../lib/gcc/arm-none-eabi/10.2.1/../../../../arm-none-eabi/lib/thumb/v6-m/nofp/libnosys.a(close.o)

Cross Reference Table

Symbol                                            File
__aeabi_idiv                                      /usr/share/gcc-arm-none-eabi-10-2020-q4-major/bin/../lib/gcc/arm-none-eabi/10.2.1/thumb/v6-m/nofp/libgcc.a(_divsi3.o)
                                                  /usr/share/gcc-arm-none-eabi-10-2020-q4-major/bin/../lib/gcc/arm-none-eabi/10.2.1/../../../../arm-none-eabi/lib/thumb/v6-m/nofp/libc_nano.a(lib_a-fvwrite.o)
__aeabi_idiv0                                     /usr/share/gcc-arm-none-eabi-10-2020-q4-major/bin/../lib/gcc/arm-none-eabi/10.2.1/thumb/v6-m/nofp/libgcc.a(_dvmd_tls.o)
                                                  /usr/share/gcc-arm-none-eabi-10-2020-q4-major/bin/../lib/gcc/arm-none-eabi/10.2.1/thumb/v6-m/nofp/libgcc.a(_divsi3.o)
                                                  /usr/share/gcc-arm-none-eabi-10-2020-q4-major/bin/../lib/gcc/arm-none-eabi/10.2.1/thumb/v6-m/nofp/libgcc.a(_udivsi3.o)
__aeabi_idivmod                                   /usr/share/gcc-arm-none-eabi-10-2020-q4-major/bin/../lib/gcc/arm-none-eabi/10.2.1/thumb/v6-m/nofp/libgcc.a(_divsi3.o)
__aeabi_ldiv0                                     /usr/share/gcc-arm-none-eabi-10-2020-q4-major/bin/../lib/gcc/arm-none-eabi/10.2.1/thumb/v6-m/nofp/libgcc.a(_dvmd_tls.o)
__aeabi_uidiv                                     /usr/share/gcc-arm-none-eabi-10-2020-q4-major/bin/../lib/gcc/arm-none-eabi/10.2.1/thumb/v6-m/nofp/libgcc.a(_udivsi3.o)
__aeabi_uidivmod                                  /usr/share/gcc-arm-none-eabi-10-2020-q4-major/bin/../lib/gcc/arm-none-eabi/10.2.1/thumb/v6-m/nofp/libgcc.a(_udivsi3.o)
                                                  /usr/share/gcc-arm-none-eabi-10-2020-q4-major/bin/../lib/gcc/arm-none-eabi/10.2.1/../../../../arm-none-eabi/lib/thumb/v6-m/nofp/libc_nano.a(lib_a-nano-vfprintf_i.o)
__divsi3                                          /usr/share/gcc-arm-none-eabi-10-2020-q4-major/bin/../lib/gcc/arm-none-eabi/10.2.1/thumb/v6-m/nofp/libgcc.a(_divsi3.o)
__fini_array_end                                  ../../lib/libopencm3//lib/libopencm3_stm32l0.a(vector.o)
__fini_array_start                                ../../lib/libopencm3//lib/libopencm3_stm32l0.a(vector.o)
__fp_lock_all                                     /usr/share/gcc-arm-none-eabi-10-2020-q4-major/bin/../lib/gcc/arm-none-eabi/10.2.1/../../../../arm-none-eabi/lib/thumb/v6-m/nofp/libc_nano.a(lib_a-findfp.o)
__fp_unlock_all                                   /usr/share/gcc-arm-none-eabi-10-2020-q4-major/bin/../lib/gcc/arm-none-eabi/10.2.1/../../../../arm-none-eabi/lib/thumb/v6-m/nofp/libc_nano.a(lib_a-findfp.o)
__gnu_thumb1_case_shi                             /usr/share/gcc-arm-none-eabi-10-2020-q4-major/bin/../lib/gcc/arm-none-eabi/10.2.1/thumb/v6-m/nofp/libgcc.a(_thumb1_case_shi.o)
                                                  /usr/share/gcc-arm-none-eabi-10-2020-q4-major/bin/../lib/gcc/arm-none-eabi/10.2.1/../../../../arm-none-eabi/lib/thumb/v6-m/nofp/libc_nano.a(lib_a-nano-vfprintf_i.o)
__gnu_thumb1_case_uqi                             /usr/share/gcc-arm-none-eabi-10-2020-q4-major/bin/../lib/gcc/arm-none-eabi/10.2.1/thumb/v6-m/nofp/libgcc.a(_thumb1_case_uqi.o)
                                                  ../../lib/libopencm3//lib/libopencm3_stm32l0.a(rcc.o)
__init_array_end                                  ../../lib/libopencm3//lib/libopencm3_stm32l0.a(vector.o)
__init_array_start                                ../../lib/libopencm3//lib/libopencm3_stm32l0.a(vector.o)
__lock___arc4random_mutex                         /usr/share/gcc-arm-none-eabi-10-2020-q4-major/bin/../lib/gcc/arm-none-eabi/10.2.1/../../../../arm-none-eabi/lib/thumb/v6-m/nofp/libc_nano.a(lib_a-lock.o)
__lock___at_quick_exit_mutex                      /usr/share/gcc-arm-none-eabi-10-2020-q4-major/bin/../lib/gcc/arm-none-eabi/10.2.1/../../../../arm-none-eabi/lib/thumb/v6-m/nofp/libc_nano.a(lib_a-lock.o)
__lock___atexit_recursive_mutex                   /usr/share/gcc-arm-none-eabi-10-2020-q4-major/bin/../lib/gcc/arm-none-eabi/10.2.1/../../../../arm-none-eabi/lib/thumb/v6-m/nofp/libc_nano.a(lib_a-lock.o)
__lock___dd_hash_mutex                            /usr/share/gcc-arm-none-eabi-10-2020-q4-major/bin/../lib/gcc/arm-none-eabi/10.2.1/../../../../arm-none-eabi/lib/thumb/v6-m/nofp/libc_nano.a(lib_a-lock.o)
__lock___env_recursive_mutex                      /usr/share/gcc-arm-none-eabi-10-2020-q4-major/bin/../lib/gcc/arm-none-eabi/10.2.1/../../../../arm-none-eabi/lib/thumb/v6-m/nofp/libc_nano.a(lib_a-lock.o)
__lock___malloc_recursive_mutex                   /usr/share/gcc-arm-none-eabi-10-2020-q4-major/bin/../lib/gcc/arm-none-eabi/10.2.1/../../../../arm-none-eabi/lib/thumb/v6-m/nofp/libc_nano.a(lib_a-lock.o)
                                                  /usr/share/gcc-arm-none-eabi-10-2020-q4-major/bin/../lib/gcc/arm-none-eabi/10.2.1/../../../../arm-none-eabi/lib/thumb/v6-m/nofp/libc_nano.a(lib_a-mlock.o)
__lock___sfp_recursive_mutex                      /usr/share/gcc-arm-none-eabi-10-2020-q4-major/bin/../lib/gcc/arm-none-eabi/10.2.1/../../../../arm-none-eabi/lib/thumb/v6-m/nofp/libc_nano.a(lib_a-lock.o)
                                                  /usr/share/gcc-arm-none-eabi-10-2020-q4-major/bin/../lib/gcc/arm-none-eabi/10.2.1/../../../../arm-none-eabi/lib/thumb/v6-m/nofp/libc_nano.a(lib_a-findfp.o)
__lock___sinit_recursive_mutex                    /usr/share/gcc-arm-none-eabi-10-2020-q4-major/bin/../lib/gcc/arm-none-eabi/10.2.1/../../../../arm-none-eabi/lib/thumb/v6-m/nofp/libc_nano.a(lib_a-lock.o)
                                                  /usr/share/gcc-arm-none-eabi-10-2020-q4-major/bin/../lib/gcc/arm-none-eabi/10.2.1/../../../../arm-none-eabi/lib/thumb/v6-m/nofp/libc_nano.a(lib_a-findfp.o)
__lock___tz_mutex                                 /usr/share/gcc-arm-none-eabi-10-2020-q4-major/bin/../lib/gcc/arm-none-eabi/10.2.1/../../../../arm-none-eabi/lib/thumb/v6-m/nofp/libc_nano.a(lib_a-lock.o)
__malloc_free_list                                /usr/share/gcc-arm-none-eabi-10-2020-q4-major/bin/../lib/gcc/arm-none-eabi/10.2.1/../../../../arm-none-eabi/lib/thumb/v6-m/nofp/libc_nano.a(lib_a-nano-mallocr.o)
                                                  /usr/share/gcc-arm-none-eabi-10-2020-q4-major/bin/../lib/gcc/arm-none-eabi/10.2.1/../../../../arm-none-eabi/lib/thumb/v6-m/nofp/libc_nano.a(lib_a-nano-freer.o)
__malloc_lock                                     /usr/share/gcc-arm-none-eabi-10-2020-q4-major/bin/../lib/gcc/arm-none-eabi/10.2.1/../../../../arm-none-eabi/lib/thumb/v6-m/nofp/libc_nano.a(lib_a-mlock.o)
                                                  /usr/share/gcc-arm-none-eabi-10-2020-q4-major/bin/../lib/gcc/arm-none-eabi/10.2.1/../../../../arm-none-eabi/lib/thumb/v6-m/nofp/libc_nano.a(lib_a-nano-freer.o)
                                                  /usr/share/gcc-arm-none-eabi-10-2020-q4-major/bin/../lib/gcc/arm-none-eabi/10.2.1/../../../../arm-none-eabi/lib/thumb/v6-m/nofp/libc_nano.a(lib_a-nano-mallocr.o)
__malloc_sbrk_start                               /usr/share/gcc-arm-none-eabi-10-2020-q4-major/bin/../lib/gcc/arm-none-eabi/10.2.1/../../../../arm-none-eabi/lib/thumb/v6-m/nofp/libc_nano.a(lib_a-nano-mallocr.o)
__malloc_unlock                                   /usr/share/gcc-arm-none-eabi-10-2020-q4-major/bin/../lib/gcc/arm-none-eabi/10.2.1/../../../../arm-none-eabi/lib/thumb/v6-m/nofp/libc_nano.a(lib_a-mlock.o)
                                                  /usr/share/gcc-arm-none-eabi-10-2020-q4-major/bin/../lib/gcc/arm-none-eabi/10.2.1/../../../../arm-none-eabi/lib/thumb/v6-m/nofp/libc_nano.a(lib_a-nano-freer.o)
                                                  /usr/share/gcc-arm-none-eabi-10-2020-q4-major/bin/../lib/gcc/arm-none-eabi/10.2.1/../../../../arm-none-eabi/lib/thumb/v6-m/nofp/libc_nano.a(lib_a-nano-mallocr.o)
__preinit_array_end                               ../../lib/libopencm3//lib/libopencm3_stm32l0.a(vector.o)
__preinit_array_start                             ../../lib/libopencm3//lib/libopencm3_stm32l0.a(vector.o)
__retarget_lock_acquire                           /usr/share/gcc-arm-none-eabi-10-2020-q4-major/bin/../lib/gcc/arm-none-eabi/10.2.1/../../../../arm-none-eabi/lib/thumb/v6-m/nofp/libc_nano.a(lib_a-lock.o)
__retarget_lock_acquire_recursive                 /usr/share/gcc-arm-none-eabi-10-2020-q4-major/bin/../lib/gcc/arm-none-eabi/10.2.1/../../../../arm-none-eabi/lib/thumb/v6-m/nofp/libc_nano.a(lib_a-lock.o)
                                                  /usr/share/gcc-arm-none-eabi-10-2020-q4-major/bin/../lib/gcc/arm-none-eabi/10.2.1/../../../../arm-none-eabi/lib/thumb/v6-m/nofp/libc_nano.a(lib_a-mlock.o)
                                                  /usr/share/gcc-arm-none-eabi-10-2020-q4-major/bin/../lib/gcc/arm-none-eabi/10.2.1/../../../../arm-none-eabi/lib/thumb/v6-m/nofp/libc_nano.a(lib_a-fflush.o)
                                                  /usr/share/gcc-arm-none-eabi-10-2020-q4-major/bin/../lib/gcc/arm-none-eabi/10.2.1/../../../../arm-none-eabi/lib/thumb/v6-m/nofp/libc_nano.a(lib_a-nano-vfprintf.o)
                                                  /usr/share/gcc-arm-none-eabi-10-2020-q4-major/bin/../lib/gcc/arm-none-eabi/10.2.1/../../../../arm-none-eabi/lib/thumb/v6-m/nofp/libc_nano.a(lib_a-findfp.o)
__retarget_lock_close                             /usr/share/gcc-arm-none-eabi-10-2020-q4-major/bin/../lib/gcc/arm-none-eabi/10.2.1/../../../../arm-none-eabi/lib/thumb/v6-m/nofp/libc_nano.a(lib_a-lock.o)
__retarget_lock_close_recursive                   /usr/share/gcc-arm-none-eabi-10-2020-q4-major/bin/../lib/gcc/arm-none-eabi/10.2.1/../../../../arm-none-eabi/lib/thumb/v6-m/nofp/libc_nano.a(lib_a-lock.o)
__retarget_lock_init                              /usr/share/gcc-arm-none-eabi-10-2020-q4-major/bin/../lib/gcc/arm-none-eabi/10.2.1/../../../../arm-none-eabi/lib/thumb/v6-m/nofp/libc_nano.a(lib_a-lock.o)
__retarget_lock_init_recursive                    /usr/share/gcc-arm-none-eabi-10-2020-q4-major/bin/../lib/gcc/arm-none-eabi/10.2.1/../../../../arm-none-eabi/lib/thumb/v6-m/nofp/libc_nano.a(lib_a-lock.o)
                                                  /usr/share/gcc-arm-none-eabi-10-2020-q4-major/bin/../lib/gcc/arm-none-eabi/10.2.1/../../../../arm-none-eabi/lib/thumb/v6-m/nofp/libc_nano.a(lib_a-findfp.o)
__retarget_lock_release                           /usr/share/gcc-arm-none-eabi-10-2020-q4-major/bin/../lib/gcc/arm-none-eabi/10.2.1/../../../../arm-none-eabi/lib/thumb/v6-m/nofp/libc_nano.a(lib_a-lock.o)
__retarget_lock_release_recursive                 /usr/share/gcc-arm-none-eabi-10-2020-q4-major/bin/../lib/gcc/arm-none-eabi/10.2.1/../../../../arm-none-eabi/lib/thumb/v6-m/nofp/libc_nano.a(lib_a-lock.o)
                                                  /usr/share/gcc-arm-none-eabi-10-2020-q4-major/bin/../lib/gcc/arm-none-eabi/10.2.1/../../../../arm-none-eabi/lib/thumb/v6-m/nofp/libc_nano.a(lib_a-mlock.o)
                                                  /usr/share/gcc-arm-none-eabi-10-2020-q4-major/bin/../lib/gcc/arm-none-eabi/10.2.1/../../../../arm-none-eabi/lib/thumb/v6-m/nofp/libc_nano.a(lib_a-fflush.o)
                                                  /usr/share/gcc-arm-none-eabi-10-2020-q4-major/bin/../lib/gcc/arm-none-eabi/10.2.1/../../../../arm-none-eabi/lib/thumb/v6-m/nofp/libc_nano.a(lib_a-nano-vfprintf.o)
                                                  /usr/share/gcc-arm-none-eabi-10-2020-q4-major/bin/../lib/gcc/arm-none-eabi/10.2.1/../../../../arm-none-eabi/lib/thumb/v6-m/nofp/libc_nano.a(lib_a-findfp.o)
__retarget_lock_try_acquire                       /usr/share/gcc-arm-none-eabi-10-2020-q4-major/bin/../lib/gcc/arm-none-eabi/10.2.1/../../../../arm-none-eabi/lib/thumb/v6-m/nofp/libc_nano.a(lib_a-lock.o)
__retarget_lock_try_acquire_recursive             /usr/share/gcc-arm-none-eabi-10-2020-q4-major/bin/../lib/gcc/arm-none-eabi/10.2.1/../../../../arm-none-eabi/lib/thumb/v6-m/nofp/libc_nano.a(lib_a-lock.o)
__sclose                                          /usr/share/gcc-arm-none-eabi-10-2020-q4-major/bin/../lib/gcc/arm-none-eabi/10.2.1/../../../../arm-none-eabi/lib/thumb/v6-m/nofp/libc_nano.a(lib_a-stdio.o)
                                                  /usr/share/gcc-arm-none-eabi-10-2020-q4-major/bin/../lib/gcc/arm-none-eabi/10.2.1/../../../../arm-none-eabi/lib/thumb/v6-m/nofp/libc_nano.a(lib_a-findfp.o)
__seofread                                        /usr/share/gcc-arm-none-eabi-10-2020-q4-major/bin/../lib/gcc/arm-none-eabi/10.2.1/../../../../arm-none-eabi/lib/thumb/v6-m/nofp/libc_nano.a(lib_a-stdio.o)
__sf_fake_stderr                                  /usr/share/gcc-arm-none-eabi-10-2020-q4-major/bin/../lib/gcc/arm-none-eabi/10.2.1/../../../../arm-none-eabi/lib/thumb/v6-m/nofp/libc_nano.a(lib_a-findfp.o)
                                                  /usr/share/gcc-arm-none-eabi-10-2020-q4-major/bin/../lib/gcc/arm-none-eabi/10.2.1/../../../../arm-none-eabi/lib/thumb/v6-m/nofp/libc_nano.a(lib_a-fflush.o)
                                                  /usr/share/gcc-arm-none-eabi-10-2020-q4-major/bin/../lib/gcc/arm-none-eabi/10.2.1/../../../../arm-none-eabi/lib/thumb/v6-m/nofp/libc_nano.a(lib_a-wsetup.o)
                                                  /usr/share/gcc-arm-none-eabi-10-2020-q4-major/bin/../lib/gcc/arm-none-eabi/10.2.1/../../../../arm-none-eabi/lib/thumb/v6-m/nofp/libc_nano.a(lib_a-wbuf.o)
                                                  /usr/share/gcc-arm-none-eabi-10-2020-q4-major/bin/../lib/gcc/arm-none-eabi/10.2.1/../../../../arm-none-eabi/lib/thumb/v6-m/nofp/libc_nano.a(lib_a-nano-vfprintf.o)
                                                  /usr/share/gcc-arm-none-eabi-10-2020-q4-major/bin/../lib/gcc/arm-none-eabi/10.2.1/../../../../arm-none-eabi/lib/thumb/v6-m/nofp/libc_nano.a(lib_a-impure.o)
__sf_fake_stdin                                   /usr/share/gcc-arm-none-eabi-10-2020-q4-major/bin/../lib/gcc/arm-none-eabi/10.2.1/../../../../arm-none-eabi/lib/thumb/v6-m/nofp/libc_nano.a(lib_a-findfp.o)
                                                  /usr/share/gcc-arm-none-eabi-10-2020-q4-major/bin/../lib/gcc/arm-none-eabi/10.2.1/../../../../arm-none-eabi/lib/thumb/v6-m/nofp/libc_nano.a(lib_a-fflush.o)
                                                  /usr/share/gcc-arm-none-eabi-10-2020-q4-major/bin/../lib/gcc/arm-none-eabi/10.2.1/../../../../arm-none-eabi/lib/thumb/v6-m/nofp/libc_nano.a(lib_a-wsetup.o)
                                                  /usr/share/gcc-arm-none-eabi-10-2020-q4-major/bin/../lib/gcc/arm-none-eabi/10.2.1/../../../../arm-none-eabi/lib/thumb/v6-m/nofp/libc_nano.a(lib_a-wbuf.o)
                                                  /usr/share/gcc-arm-none-eabi-10-2020-q4-major/bin/../lib/gcc/arm-none-eabi/10.2.1/../../../../arm-none-eabi/lib/thumb/v6-m/nofp/libc_nano.a(lib_a-nano-vfprintf.o)
                                                  /usr/share/gcc-arm-none-eabi-10-2020-q4-major/bin/../lib/gcc/arm-none-eabi/10.2.1/../../../../arm-none-eabi/lib/thumb/v6-m/nofp/libc_nano.a(lib_a-impure.o)
__sf_fake_stdout                                  /usr/share/gcc-arm-none-eabi-10-2020-q4-major/bin/../lib/gcc/arm-none-eabi/10.2.1/../../../../arm-none-eabi/lib/thumb/v6-m/nofp/libc_nano.a(lib_a-findfp.o)
                                                  /usr/share/gcc-arm-none-eabi-10-2020-q4-major/bin/../lib/gcc/arm-none-eabi/10.2.1/../../../../arm-none-eabi/lib/thumb/v6-m/nofp/libc_nano.a(lib_a-fflush.o)
                                                  /usr/share/gcc-arm-none-eabi-10-2020-q4-major/bin/../lib/gcc/arm-none-eabi/10.2.1/../../../../arm-none-eabi/lib/thumb/v6-m/nofp/libc_nano.a(lib_a-wsetup.o)
                                                  /usr/share/gcc-arm-none-eabi-10-2020-q4-major/bin/../lib/gcc/arm-none-eabi/10.2.1/../../../../arm-none-eabi/lib/thumb/v6-m/nofp/libc_nano.a(lib_a-wbuf.o)
                                                  /usr/share/gcc-arm-none-eabi-10-2020-q4-major/bin/../lib/gcc/arm-none-eabi/10.2.1/../../../../arm-none-eabi/lib/thumb/v6-m/nofp/libc_nano.a(lib_a-nano-vfprintf.o)
                                                  /usr/share/gcc-arm-none-eabi-10-2020-q4-major/bin/../lib/gcc/arm-none-eabi/10.2.1/../../../../arm-none-eabi/lib/thumb/v6-m/nofp/libc_nano.a(lib_a-impure.o)
__sflush_r                                        /usr/share/gcc-arm-none-eabi-10-2020-q4-major/bin/../lib/gcc/arm-none-eabi/10.2.1/../../../../arm-none-eabi/lib/thumb/v6-m/nofp/libc_nano.a(lib_a-fflush.o)
__sfmoreglue                                      /usr/share/gcc-arm-none-eabi-10-2020-q4-major/bin/../lib/gcc/arm-none-eabi/10.2.1/../../../../arm-none-eabi/lib/thumb/v6-m/nofp/libc_nano.a(lib_a-findfp.o)
__sfp                                             /usr/share/gcc-arm-none-eabi-10-2020-q4-major/bin/../lib/gcc/arm-none-eabi/10.2.1/../../../../arm-none-eabi/lib/thumb/v6-m/nofp/libc_nano.a(lib_a-findfp.o)
__sfp_lock_acquire                                /usr/share/gcc-arm-none-eabi-10-2020-q4-major/bin/../lib/gcc/arm-none-eabi/10.2.1/../../../../arm-none-eabi/lib/thumb/v6-m/nofp/libc_nano.a(lib_a-findfp.o)
__sfp_lock_release                                /usr/share/gcc-arm-none-eabi-10-2020-q4-major/bin/../lib/gcc/arm-none-eabi/10.2.1/../../../../arm-none-eabi/lib/thumb/v6-m/nofp/libc_nano.a(lib_a-findfp.o)
__sfputs_r                                        /usr/share/gcc-arm-none-eabi-10-2020-q4-major/bin/../lib/gcc/arm-none-eabi/10.2.1/../../../../arm-none-eabi/lib/thumb/v6-m/nofp/libc_nano.a(lib_a-nano-vfprintf.o)
__sfvwrite_r                                      /usr/share/gcc-arm-none-eabi-10-2020-q4-major/bin/../lib/gcc/arm-none-eabi/10.2.1/../../../../arm-none-eabi/lib/thumb/v6-m/nofp/libc_nano.a(lib_a-fvwrite.o)
                                                  /usr/share/gcc-arm-none-eabi-10-2020-q4-major/bin/../lib/gcc/arm-none-eabi/10.2.1/../../../../arm-none-eabi/lib/thumb/v6-m/nofp/libc_nano.a(lib_a-nano-vfprintf.o)
__sinit                                           /usr/share/gcc-arm-none-eabi-10-2020-q4-major/bin/../lib/gcc/arm-none-eabi/10.2.1/../../../../arm-none-eabi/lib/thumb/v6-m/nofp/libc_nano.a(lib_a-findfp.o)
                                                  /usr/share/gcc-arm-none-eabi-10-2020-q4-major/bin/../lib/gcc/arm-none-eabi/10.2.1/../../../../arm-none-eabi/lib/thumb/v6-m/nofp/libc_nano.a(lib_a-fflush.o)
                                                  /usr/share/gcc-arm-none-eabi-10-2020-q4-major/bin/../lib/gcc/arm-none-eabi/10.2.1/../../../../arm-none-eabi/lib/thumb/v6-m/nofp/libc_nano.a(lib_a-wsetup.o)
                                                  /usr/share/gcc-arm-none-eabi-10-2020-q4-major/bin/../lib/gcc/arm-none-eabi/10.2.1/../../../../arm-none-eabi/lib/thumb/v6-m/nofp/libc_nano.a(lib_a-wbuf.o)
                                                  /usr/share/gcc-arm-none-eabi-10-2020-q4-major/bin/../lib/gcc/arm-none-eabi/10.2.1/../../../../arm-none-eabi/lib/thumb/v6-m/nofp/libc_nano.a(lib_a-nano-vfprintf.o)
                                                  /usr/share/gcc-arm-none-eabi-10-2020-q4-major/bin/../lib/gcc/arm-none-eabi/10.2.1/../../../../arm-none-eabi/lib/thumb/v6-m/nofp/libc_nano.a(lib_a-printf.o)
__sinit_lock_acquire                              /usr/share/gcc-arm-none-eabi-10-2020-q4-major/bin/../lib/gcc/arm-none-eabi/10.2.1/../../../../arm-none-eabi/lib/thumb/v6-m/nofp/libc_nano.a(lib_a-findfp.o)
__sinit_lock_release                              /usr/share/gcc-arm-none-eabi-10-2020-q4-major/bin/../lib/gcc/arm-none-eabi/10.2.1/../../../../arm-none-eabi/lib/thumb/v6-m/nofp/libc_nano.a(lib_a-findfp.o)
__smakebuf_r                                      /usr/share/gcc-arm-none-eabi-10-2020-q4-major/bin/../lib/gcc/arm-none-eabi/10.2.1/../../../../arm-none-eabi/lib/thumb/v6-m/nofp/libc_nano.a(lib_a-makebuf.o)
                                                  /usr/share/gcc-arm-none-eabi-10-2020-q4-major/bin/../lib/gcc/arm-none-eabi/10.2.1/../../../../arm-none-eabi/lib/thumb/v6-m/nofp/libc_nano.a(lib_a-wsetup.o)
__sprint_r                                        /usr/share/gcc-arm-none-eabi-10-2020-q4-major/bin/../lib/gcc/arm-none-eabi/10.2.1/../../../../arm-none-eabi/lib/thumb/v6-m/nofp/libc_nano.a(lib_a-nano-vfprintf.o)
__sread                                           /usr/share/gcc-arm-none-eabi-10-2020-q4-major/bin/../lib/gcc/arm-none-eabi/10.2.1/../../../../arm-none-eabi/lib/thumb/v6-m/nofp/libc_nano.a(lib_a-stdio.o)
                                                  /usr/share/gcc-arm-none-eabi-10-2020-q4-major/bin/../lib/gcc/arm-none-eabi/10.2.1/../../../../arm-none-eabi/lib/thumb/v6-m/nofp/libc_nano.a(lib_a-findfp.o)
__sseek                                           /usr/share/gcc-arm-none-eabi-10-2020-q4-major/bin/../lib/gcc/arm-none-eabi/10.2.1/../../../../arm-none-eabi/lib/thumb/v6-m/nofp/libc_nano.a(lib_a-stdio.o)