lis3dh.c:1220:13:lis3dh_i2c_read	24	static
lis3dh.c:1129:13:lis3dh_spi_read	40	static
lis3dh.c:1173:13:lis3dh_spi_write	24	static
lis3dh.c:1251:13:lis3dh_i2c_write	24	static
lis3dh.c:1105:6:lis3dh_reg_read	8	static
lis3dh.c:1058:13:lis3dh_is_available	16	static
lis3dh.c:396:6:lis3dh_new_data	16	static
lis3dh.c:473:6:lis3dh_get_raw_data	8	static
lis3dh.c:438:6:lis3dh_get_float_data	40	static
lis3dh.c:643:6:lis3dh_get_int_data_source	32	static
lis3dh.c:737:6:lis3dh_get_int_event_config	32	static
lis3dh.c:807:6:lis3dh_get_int_event_source	40	static
lis3dh.c:875:6:lis3dh_get_int_click_config	24	static
lis3dh.c:911:6:lis3dh_get_int_click_source	8	static
lis3dh.c:987:8:lis3dh_get_hpf_ref	16	static
lis3dh.c:1020:6:lis3dh_get_adc	40	static
lis3dh.c:1114:6:lis3dh_reg_write	8	static
lis3dh.c:1083:13:lis3dh_reset	16	static
lis3dh.c:271:18:lis3dh_init_sensor	32	static
lis3dh.c:317:6:lis3dh_set_mode	48	static
lis3dh.c:357:6:lis3dh_set_scale	24	static
lis3dh.c:371:6:lis3dh_set_fifo_mode	32	static
lis3dh.c:500:9:lis3dh_get_raw_data_fifo	32	static
lis3dh.c:455:9:lis3dh_get_float_data_fifo	240	static
lis3dh.c:556:6:lis3dh_enable_int	40	static
lis3dh.c:671:6:lis3dh_set_int_event_config	40	static
lis3dh.c:841:6:lis3dh_set_int_click_config	24	static
lis3dh.c:930:6:lis3dh_config_int_signals	24	static
lis3dh.c:942:6:lis3dh_config_hpf	32	static
lis3dh.c:970:6:lis3dh_set_hpf_ref	16	static
lis3dh.c:1005:8:lis3dh_enable_adc	16	static
lis3dh.c:1281:6:lis3dh_powerdown	16	static
lis3dh.c:1295:18:lis3dh_get_device	0	static
