Archive member included to satisfy reference by file (symbol)

c:/users/matthijs/programs/stm32cubeide_1.6.1/stm32cubeide/plugins/com.st.stm32cube.ide.mcu.externaltools.gnu-tools-for-stm32.9-2020-q2-update.win32_1.5.0.202011040924/tools/bin/../lib/gcc/arm-none-eabi/9.3.1/../../../../arm-none-eabi/lib/thumb/v6-m/nofp\libc_nano.a(lib_a-ctype_.o)
                              Src/cmd/cmd.o (_ctype_)
c:/users/matthijs/programs/stm32cubeide_1.6.1/stm32cubeide/plugins/com.st.stm32cube.ide.mcu.externaltools.gnu-tools-for-stm32.9-2020-q2-update.win32_1.5.0.202011040924/tools/bin/../lib/gcc/arm-none-eabi/9.3.1/../../../../arm-none-eabi/lib/thumb/v6-m/nofp\libc_nano.a(lib_a-exit.o)
                              c:/users/matthijs/programs/stm32cubeide_1.6.1/stm32cubeide/plugins/com.st.stm32cube.ide.mcu.externaltools.gnu-tools-for-stm32.9-2020-q2-update.win32_1.5.0.202011040924/tools/bin/../lib/gcc/arm-none-eabi/9.3.1/../../../../arm-none-eabi/lib/thumb/v6-m/nofp/crt0.o (exit)
c:/users/matthijs/programs/stm32cubeide_1.6.1/stm32cubeide/plugins/com.st.stm32cube.ide.mcu.externaltools.gnu-tools-for-stm32.9-2020-q2-update.win32_1.5.0.202011040924/tools/bin/../lib/gcc/arm-none-eabi/9.3.1/../../../../arm-none-eabi/lib/thumb/v6-m/nofp\libc_nano.a(lib_a-impure.o)
                              c:/users/matthijs/programs/stm32cubeide_1.6.1/stm32cubeide/plugins/com.st.stm32cube.ide.mcu.externaltools.gnu-tools-for-stm32.9-2020-q2-update.win32_1.5.0.202011040924/tools/bin/../lib/gcc/arm-none-eabi/9.3.1/../../../../arm-none-eabi/lib/thumb/v6-m/nofp\libc_nano.a(lib_a-exit.o) (_global_impure_ptr)
c:/users/matthijs/programs/stm32cubeide_1.6.1/stm32cubeide/plugins/com.st.stm32cube.ide.mcu.externaltools.gnu-tools-for-stm32.9-2020-q2-update.win32_1.5.0.202011040924/tools/bin/../lib/gcc/arm-none-eabi/9.3.1/../../../../arm-none-eabi/lib/thumb/v6-m/nofp\libc_nano.a(lib_a-init.o)
                              c:/users/matthijs/programs/stm32cubeide_1.6.1/stm32cubeide/plugins/com.st.stm32cube.ide.mcu.externaltools.gnu-tools-for-stm32.9-2020-q2-update.win32_1.5.0.202011040924/tools/bin/../lib/gcc/arm-none-eabi/9.3.1/../../../../arm-none-eabi/lib/thumb/v6-m/nofp/crt0.o (__libc_init_array)
c:/users/matthijs/programs/stm32cubeide_1.6.1/stm32cubeide/plugins/com.st.stm32cube.ide.mcu.externaltools.gnu-tools-for-stm32.9-2020-q2-update.win32_1.5.0.202011040924/tools/bin/../lib/gcc/arm-none-eabi/9.3.1/../../../../arm-none-eabi/lib/thumb/v6-m/nofp\libc_nano.a(lib_a-malloc.o)
                              Src/mems/lis3dh.o (malloc)
c:/users/matthijs/programs/stm32cubeide_1.6.1/stm32cubeide/plugins/com.st.stm32cube.ide.mcu.externaltools.gnu-tools-for-stm32.9-2020-q2-update.win32_1.5.0.202011040924/tools/bin/../lib/gcc/arm-none-eabi/9.3.1/../../../../arm-none-eabi/lib/thumb/v6-m/nofp\libc_nano.a(lib_a-memcmp.o)
                              Src/main.o (memcmp)
c:/users/matthijs/programs/stm32cubeide_1.6.1/stm32cubeide/plugins/com.st.stm32cube.ide.mcu.externaltools.gnu-tools-for-stm32.9-2020-q2-update.win32_1.5.0.202011040924/tools/bin/../lib/gcc/arm-none-eabi/9.3.1/../../../../arm-none-eabi/lib/thumb/v6-m/nofp\libc_nano.a(lib_a-memcpy-stub.o)
                              Src/Port/deca_uart.o (memcpy)
c:/users/matthijs/programs/stm32cubeide_1.6.1/stm32cubeide/plugins/com.st.stm32cube.ide.mcu.externaltools.gnu-tools-for-stm32.9-2020-q2-update.win32_1.5.0.202011040924/tools/bin/../lib/gcc/arm-none-eabi/9.3.1/../../../../arm-none-eabi/lib/thumb/v6-m/nofp\libc_nano.a(lib_a-memset.o)
                              c:/users/matthijs/programs/stm32cubeide_1.6.1/stm32cubeide/plugins/com.st.stm32cube.ide.mcu.externaltools.gnu-tools-for-stm32.9-2020-q2-update.win32_1.5.0.202011040924/tools/bin/../lib/gcc/arm-none-eabi/9.3.1/../../../../arm-none-eabi/lib/thumb/v6-m/nofp/crt0.o (memset)
c:/users/matthijs/programs/stm32cubeide_1.6.1/stm32cubeide/plugins/com.st.stm32cube.ide.mcu.externaltools.gnu-tools-for-stm32.9-2020-q2-update.win32_1.5.0.202011040924/tools/bin/../lib/gcc/arm-none-eabi/9.3.1/../../../../arm-none-eabi/lib/thumb/v6-m/nofp\libc_nano.a(lib_a-nano-freer.o)
                              c:/users/matthijs/programs/stm32cubeide_1.6.1/stm32cubeide/plugins/com.st.stm32cube.ide.mcu.externaltools.gnu-tools-for-stm32.9-2020-q2-update.win32_1.5.0.202011040924/tools/bin/../lib/gcc/arm-none-eabi/9.3.1/../../../../arm-none-eabi/lib/thumb/v6-m/nofp\libc_nano.a(lib_a-malloc.o) (_free_r)
c:/users/matthijs/programs/stm32cubeide_1.6.1/stm32cubeide/plugins/com.st.stm32cube.ide.mcu.externaltools.gnu-tools-for-stm32.9-2020-q2-update.win32_1.5.0.202011040924/tools/bin/../lib/gcc/arm-none-eabi/9.3.1/../../../../arm-none-eabi/lib/thumb/v6-m/nofp\libc_nano.a(lib_a-nano-mallocr.o)
[...]
Memory Configuration

Name             Origin             Length             Attributes
RAM              0x0000000020000000 0x0000000000002000 xrw
FLASH            0x0000000008000000 0x0000000000008000 xr
*default*        0x0000000000000000 0xffffffffffffffff

Linker script and memory map

LOAD c:/users/matthijs/programs/stm32cubeide_1.6.1/stm32cubeide/plugins/com.st.stm32cube.ide.mcu.externaltools.gnu-tools-for-stm32.9-2020-q2-update.win32_1.5.0.202011040924/tools/bin/../lib/gcc/arm-none-eabi/9.3.1/thumb/v6-m/nofp/crti.o
LOAD c:/users/matthijs/programs/stm32cubeide_1.6.1/stm32cubeide/plugins/com.st.stm32cube.ide.mcu.externaltools.gnu-tools-for-stm32.9-2020-q2-update.win32_1.5.0.202011040924/tools/bin/../lib/gcc/arm-none-eabi/9.3.1/thumb/v6-m/nofp/crtbegin.o
LOAD c:/users/matthijs/programs/stm32cubeide_1.6.1/stm32cubeide/plugins/com.st.stm32cube.ide.mcu.externaltools.gnu-tools-for-stm32.9-2020-q2-update.win32_1.5.0.202011040924/tools/bin/../lib/gcc/arm-none-eabi/9.3.1/../../../../arm-none-eabi/lib/thumb/v6-m/nofp/crt0.o
LOAD Drivers/STM32L0xx_HAL_Driver/Src/stm32l0xx_ll_crc.o
LOAD Drivers/STM32L0xx_HAL_Driver/Src/stm32l0xx_ll_dma.o
LOAD Drivers/STM32L0xx_HAL_Driver/Src/stm32l0xx_ll_exti.o
LOAD Drivers/STM32L0xx_HAL_Driver/Src/stm32l0xx_ll_gpio.o
LOAD Drivers/STM32L0xx_HAL_Driver/Src/stm32l0xx_ll_i2c.o
LOAD Drivers/STM32L0xx_HAL_Driver/Src/stm32l0xx_ll_pwr.o
LOAD Drivers/STM32L0xx_HAL_Driver/Src/stm32l0xx_ll_rcc.o
LOAD Drivers/STM32L0xx_HAL_Driver/Src/stm32l0xx_ll_rtc.o
LOAD Drivers/STM32L0xx_HAL_Driver/Src/stm32l0xx_ll_spi.o
LOAD Drivers/STM32L0xx_HAL_Driver/Src/stm32l0xx_ll_usart.o
LOAD Drivers/STM32L0xx_HAL_Driver/Src/stm32l0xx_ll_utils.o
LOAD Drivers/deca_driver/deca_device.o
LOAD Drivers/deca_driver/deca_params_init.o
LOAD Src/Port/deca_sleep.o
LOAD Src/Port/deca_spi.o
LOAD Src/Port/deca_uart.o
LOAD Src/Port/port_platform.o
LOAD Src/cmd/cmd.o
LOAD Src/cmd/cmd_fn.o
LOAD Src/cmd/cmd_uart_rx.o
LOAD Src/config/config.o
LOAD Src/instance/instance.o
LOAD Src/main.o
LOAD Src/stm32l0xx_it.o
LOAD Src/system_stm32l0xx.o
LOAD Src/mems/lis3dh.o
LOAD Src/utils/translate.o
LOAD startup/startup_stm32l041xx.o
START GROUP
LOAD c:/users/matthijs/programs/stm32cubeide_1.6.1/stm32cubeide/plugins/com.st.stm32cube.ide.mcu.externaltools.gnu-tools-for-stm32.9-2020-q2-update.win32_1.5.0.202011040924/tools/bin/../lib/gcc/arm-none-eabi/9.3.1/../../../../arm-none-eabi/lib/thumb/v6-m/nofp\libc_nano.a
LOAD c:/users/matthijs/programs/stm32cubeide_1.6.1/stm32cubeide/plugins/com.st.stm32cube.ide.mcu.externaltools.gnu-tools-for-stm32.9-2020-q2-update.win32_1.5.0.202011040924/tools/bin/../lib/gcc/arm-none-eabi/9.3.1/../../../../arm-none-eabi/lib/thumb/v6-m/nofp\libm.a
END GROUP
START GROUP
LOAD c:/users/matthijs/programs/stm32cubeide_1.6.1/stm32cubeide/plugins/com.st.stm32cube.ide.mcu.externaltools.gnu-tools-for-stm32.9-2020-q2-update.win32_1.5.0.202011040924/tools/bin/../lib/gcc/arm-none-eabi/9.3.1/thumb/v6-m/nofp\libgcc.a
LOAD c:/users/matthijs/programs/stm32cubeide_1.6.1/stm32cubeide/plugins/com.st.stm32cube.ide.mcu.externaltools.gnu-tools-for-stm32.9-2020-q2-update.win32_1.5.0.202011040924/tools/bin/../lib/gcc/arm-none-eabi/9.3.1/../../../../arm-none-eabi/lib/thumb/v6-m/nofp\libc_nano.a
END GROUP
START GROUP
LOAD c:/users/matthijs/programs/stm32cubeide_1.6.1/stm32cubeide/plugins/com.st.stm32cube.ide.mcu.externaltools.gnu-tools-for-stm32.9-2020-q2-update.win32_1.5.0.202011040924/tools/bin/../lib/gcc/arm-none-eabi/9.3.1/thumb/v6-m/nofp\libgcc.a
LOAD c:/users/matthijs/programs/stm32cubeide_1.6.1/stm32cubeide/plugins/com.st.stm32cube.ide.mcu.externaltools.gnu-tools-for-stm32.9-2020-q2-update.win32_1.5.0.202011040924/tools/bin/../lib/gcc/arm-none-eabi/9.3.1/../../../../arm-none-eabi/lib/thumb/v6-m/nofp\libc_nano.a
LOAD c:/users/matthijs/programs/stm32cubeide_1.6.1/stm32cubeide/plugins/com.st.stm32cube.ide.mcu.externaltools.gnu-tools-for-stm32.9-2020-q2-update.win32_1.5.0.202011040924/tools/bin/../lib/gcc/arm-none-eabi/9.3.1/../../../../arm-none-eabi/lib/thumb/v6-m/nofp\libnosys.a
END GROUP
START GROUP
LOAD c:/users/matthijs/programs/stm32cubeide_1.6.1/stm32cubeide/plugins/com.st.stm32cube.ide.mcu.externaltools.gnu-tools-for-stm32.9-2020-q2-update.win32_1.5.0.202011040924/tools/bin/../lib/gcc/arm-none-eabi/9.3.1/thumb/v6-m/nofp\libgcc.a
LOAD c:/users/matthijs/programs/stm32cubeide_1.6.1/stm32cubeide/plugins/com.st.stm32cube.ide.mcu.externaltools.gnu-tools-for-stm32.9-2020-q2-update.win32_1.5.0.202011040924/tools/bin/../lib/gcc/arm-none-eabi/9.3.1/../../../../arm-none-eabi/lib/thumb/v6-m/nofp\libc_nano.a
LOAD c:/users/matthijs/programs/stm32cubeide_1.6.1/stm32cubeide/plugins/com.st.stm32cube.ide.mcu.externaltools.gnu-tools-for-stm32.9-2020-q2-update.win32_1.5.0.202011040924/tools/bin/../lib/gcc/arm-none-eabi/9.3.1/../../../../arm-none-eabi/lib/thumb/v6-m/nofp\libnosys.a
END GROUP
LOAD c:/users/matthijs/programs/stm32cubeide_1.6.1/stm32cubeide/plugins/com.st.stm32cube.ide.mcu.externaltools.gnu-tools-for-stm32.9-2020-q2-update.win32_1.5.0.202011040924/tools/bin/../lib/gcc/arm-none-eabi/9.3.1/thumb/v6-m/nofp/crtend.o
LOAD c:/users/matthijs/programs/stm32cubeide_1.6.1/stm32cubeide/plugins/com.st.stm32cube.ide.mcu.externaltools.gnu-tools-for-stm32.9-2020-q2-update.win32_1.5.0.202011040924/tools/bin/../lib/gcc/arm-none-eabi/9.3.1/thumb/v6-m/nofp/crtn.o
                0x0000000020002000                _estack = 0x20002000
                0x0000000000000200                _Min_Heap_Size = 0x200
                0x0000000000000400                _Min_Stack_Size = 0x400

.isr_vector     0x0000000008000000       0xc0
                0x0000000008000000                . = ALIGN (0x4)
 *(.isr_vector)
 .isr_vector    0x0000000008000000       0xc0 startup/startup_stm32l041xx.o
                0x0000000008000000                g_pfnVectors
                0x00000000080000c0                . = ALIGN (0x4)

.text           0x00000000080000c0     0x4d04
                0x00000000080000c0                . = ALIGN (0x4)
 *(.text)
 .text          0x00000000080000c0       0x48 c:/users/matthijs/programs/stm32cubeide_1.6.1/stm32cubeide/plugins/com.st.stm32cube.ide.mcu.externaltools.gnu-tools-for-stm32.9-2020-q2-update.win32_1.5.0.202011040924/tools/bin/../lib/gcc/arm-none-eabi/9.3.1/thumb/v6-m/nofp/crtbegin.o
 .text          0x0000000008000108       0x14 c:/users/matthijs/programs/stm32cubeide_1.6.1/stm32cubeide/plugins/com.st.stm32cube.ide.mcu.externaltools.gnu-tools-for-stm32.9-2020-q2-update.win32_1.5.0.202011040924/tools/bin/../lib/gcc/arm-none-eabi/9.3.1/../../../../arm-none-eabi/lib/thumb/v6-m/nofp\libc_nano.a(lib_a-strcmp.o)
                0x0000000008000108                strcmp
 .text          0x000000000800011c        0xe c:/users/matthijs/programs/stm32cubeide_1.6.1/stm32cubeide/plugins/com.st.stm32cube.ide.mcu.externaltools.gnu-tools-for-stm32.9-2020-q2-update.win32_1.5.0.202011040924/tools/bin/../lib/gcc/arm-none-eabi/9.3.1/../../../../arm-none-eabi/lib/thumb/v6-m/nofp\libc_nano.a(lib_a-strlen.o)
                0x000000000800011c                strlen
 *fill*         0x000000000800012a        0x2 
 .text          0x000000000800012c       0x14 c:/users/matthijs/programs/stm32cubeide_1.6.1/stm32cubeide/plugins/com.st.stm32cube.ide.mcu.externaltools.gnu-tools-for-stm32.9-2020-q2-update.win32_1.5.0.202011040924/tools/bin/../lib/gcc/arm-none-eabi/9.3.1/thumb/v6-m/nofp\libgcc.a(_thumb1_case_shi.o)
                0x000000000800012c                __gnu_thumb1_case_shi
 .text          0x0000000008000140      0x114 c:/users/matthijs/programs/stm32cubeide_1.6.1/stm32cubeide/plugins/com.st.stm32cube.ide.mcu.externaltools.gnu-tools-for-stm32.9-2020-q2-update.win32_1.5.0.202011040924/tools/bin/../lib/gcc/arm-none-eabi/9.3.1/thumb/v6-m/nofp\libgcc.a(_udivsi3.o)
                0x0000000008000140                __aeabi_uidiv
                0x0000000008000140                __udivsi3
                0x000000000800024c                __aeabi_uidivmod
 .text          0x0000000008000254      0x1d4 c:/users/matthijs/programs/stm32cubeide_1.6.1/stm32cubeide/plugins/com.st.stm32cube.ide.mcu.externaltools.gnu-tools-for-stm32.9-2020-q2-update.win32_1.5.0.202011040924/tools/bin/../lib/gcc/arm-none-eabi/9.3.1/thumb/v6-m/nofp\libgcc.a(_divsi3.o)
                0x0000000008000254                __divsi3
                0x0000000008000254                __aeabi_idiv
                0x0000000008000420                __aeabi_idivmod
 .text          0x0000000008000428        0x4 c:/users/matthijs/programs/stm32cubeide_1.6.1/stm32cubeide/plugins/com.st.stm32cube.ide.mcu.externaltools.gnu-tools-for-stm32.9-2020-q2-update.win32_1.5.0.202011040924/tools/bin/../lib/gcc/arm-none-eabi/9.3.1/thumb/v6-m/nofp\libgcc.a(_dvmd_tls.o)
                0x0000000008000428                __aeabi_idiv0
                0x0000000008000428                __aeabi_ldiv0
 .text          0x000000000800042c       0x48 c:/users/matthijs/programs/stm32cubeide_1.6.1/stm32cubeide/plugins/com.st.stm32cube.ide.mcu.externaltools.gnu-tools-for-stm32.9-2020-q2-update.win32_1.5.0.202011040924/tools/bin/../lib/gcc/arm-none-eabi/9.3.1/thumb/v6-m/nofp\libgcc.a(_aeabi_ldivmod.o)
                0x000000000800042c                __aeabi_ldivmod
 .text          0x0000000008000474       0x40 c:/users/matthijs/programs/stm32cubeide_1.6.1/stm32cubeide/plugins/com.st.stm32cube.ide.mcu.externaltools.gnu-tools-for-stm32.9-2020-q2-update.win32_1.5.0.202011040924/tools/bin/../lib/gcc/arm-none-eabi/9.3.1/thumb/v6-m/nofp\libgcc.a(_aeabi_uldivmod.o)
                0x0000000008000474                __aeabi_uldivmod
 .text          0x00000000080004b4       0x50 c:/users/matthijs/programs/stm32cubeide_1.6.1/stm32cubeide/plugins/com.st.stm32cube.ide.mcu.externaltools.gnu-tools-for-stm32.9-2020-q2-update.win32_1.5.0.202011040924/tools/bin/../lib/gcc/arm-none-eabi/9.3.1/thumb/v6-m/nofp\libgcc.a(_muldi3.o)
                0x00000000080004b4                __muldi3
                0x00000000080004b4                __aeabi_lmul
 .text          0x0000000008000504      0x198 c:/users/matthijs/programs/stm32cubeide_1.6.1/stm32cubeide/plugins/com.st.stm32cube.ide.mcu.externaltools.gnu-tools-for-stm32.9-2020-q2-update.win32_1.5.0.202011040924/tools/bin/../lib/gcc/arm-none-eabi/9.3.1/thumb/v6-m/nofp\libgcc.a(_udivmoddi4.o)
                0x0000000008000504                __udivmoddi4
 .text          0x000000000800069c       0x3c c:/users/matthijs/programs/stm32cubeide_1.6.1/stm32cubeide/plugins/com.st.stm32cube.ide.mcu.externaltools.gnu-tools-for-stm32.9-2020-q2-update.win32_1.5.0.202011040924/tools/bin/../lib/gcc/arm-none-eabi/9.3.1/thumb/v6-m/nofp\libgcc.a(bpabi.o)
                0x000000000800069c                __gnu_ldivmod_helper
 .text          0x00000000080006d8       0x3c c:/users/matthijs/programs/stm32cubeide_1.6.1/stm32cubeide/plugins/com.st.stm32cube.ide.mcu.externaltools.gnu-tools-for-stm32.9-2020-q2-update.win32_1.5.0.202011040924/tools/bin/../lib/gcc/arm-none-eabi/9.3.1/thumb/v6-m/nofp\libgcc.a(_clzsi2.o)
                0x00000000080006d8                __clzsi2
 .text          0x0000000008000714       0x18 c:/users/matthijs/programs/stm32cubeide_1.6.1/stm32cubeide/plugins/com.st.stm32cube.ide.mcu.externaltools.gnu-tools-for-stm32.9-2020-q2-update.win32_1.5.0.202011040924/tools/bin/../lib/gcc/arm-none-eabi/9.3.1/thumb/v6-m/nofp\libgcc.a(_clzdi2.o)
                0x0000000008000714                __clzdi2
 .text          0x000000000800072c      0x1cc c:/users/matthijs/programs/stm32cubeide_1.6.1/stm32cubeide/plugins/com.st.stm32cube.ide.mcu.externaltools.gnu-tools-for-stm32.9-2020-q2-update.win32_1.5.0.202011040924/tools/bin/../lib/gcc/arm-none-eabi/9.3.1/thumb/v6-m/nofp\libgcc.a(_divdi3.o)
                0x000000000800072c                __divdi3
 *(.text*)
 .text.LL_EXTI_Init
                0x00000000080008f8       0xc8 Drivers/STM32L0xx_HAL_Driver/Src/stm32l0xx_ll_exti.o
                0x00000000080008f8                LL_EXTI_Init
 .text.LL_GPIO_Init
                0x00000000080009c0       0xb0 Drivers/STM32L0xx_HAL_Driver/Src/stm32l0xx_ll_gpio.o
                0x00000000080009c0                LL_GPIO_Init
 .text.LL_I2C_Init
                0x0000000008000a70       0x78 Drivers/STM32L0xx_HAL_Driver/Src/stm32l0xx_ll_i2c.o
                0x0000000008000a70                LL_I2C_Init
 .text.RCC_GetHCLKClockFreq
                0x0000000008000ae8       0x1c Drivers/STM32L0xx_HAL_Driver/Src/stm32l0xx_ll_rcc.o
                0x0000000008000ae8                RCC_GetHCLKClockFreq
 .text.RCC_GetPCLK1ClockFreq
                0x0000000008000b04       0x1c Drivers/STM32L0xx_HAL_Driver/Src/stm32l0xx_ll_rcc.o
                0x0000000008000b04                RCC_GetPCLK1ClockFreq
 .text.RCC_PLL_GetFreqDomain_SYS
                0x0000000008000b20       0x50 Drivers/STM32L0xx_HAL_Driver/Src/stm32l0xx_ll_rcc.o
                0x0000000008000b20                RCC_PLL_GetFreqDomain_SYS
 .text.RCC_GetSystemClockFreq
                0x0000000008000b70       0x70 Drivers/STM32L0xx_HAL_Driver/Src/stm32l0xx_ll_rcc.o
                0x0000000008000b70                RCC_GetSystemClockFreq
 .text.LL_RCC_GetUSARTClockFreq
                0x0000000008000be0       0x88 Drivers/STM32L0xx_HAL_Driver/Src/stm32l0xx_ll_rcc.o
                0x0000000008000be0                LL_RCC_GetUSARTClockFreq
 .text.LL_RTC_EnterInitMode
                0x0000000008000c68       0x64 Drivers/STM32L0xx_HAL_Driver/Src/stm32l0xx_ll_rtc.o
                0x0000000008000c68                LL_RTC_EnterInitMode
 .text.LL_RTC_Init
                0x0000000008000ccc       0x50 Drivers/STM32L0xx_HAL_Driver/Src/stm32l0xx_ll_rtc.o
                0x0000000008000ccc                LL_RTC_Init
 .text.LL_SPI_Init
                0x0000000008000d1c       0x64 Drivers/STM32L0xx_HAL_Driver/Src/stm32l0xx_ll_spi.o
                0x0000000008000d1c                LL_SPI_Init
 .text.LL_USART_Init
                0x0000000008000d80       0xb0 Drivers/STM32L0xx_HAL_Driver/Src/stm32l0xx_ll_usart.o
                0x0000000008000d80                LL_USART_Init
 .text.LL_Init1msTick
                0x0000000008000e30       0x20 Drivers/STM32L0xx_HAL_Driver/Src/stm32l0xx_ll_utils.o
                0x0000000008000e30                LL_Init1msTick
 .text.LL_mDelay
                0x0000000008000e50       0x28 Drivers/STM32L0xx_HAL_Driver/Src/stm32l0xx_ll_utils.o
                0x0000000008000e50                LL_mDelay
 .text.LL_SetSystemCoreClock
                0x0000000008000e78        0xc Drivers/STM32L0xx_HAL_Driver/Src/stm32l0xx_ll_utils.o
                0x0000000008000e78                LL_SetSystemCoreClock
 .text.dwt_writetodevice
                0x0000000008000e84       0x46 Drivers/deca_driver/deca_device.o
                0x0000000008000e84                dwt_writetodevice
 .text.dwt_writetxdata
                0x0000000008000eca       0x22 Drivers/deca_driver/deca_device.o
                0x0000000008000eca                dwt_writetxdata
 .text.dwt_readfromdevice
                0x0000000008000eec       0x40 Drivers/deca_driver/deca_device.o
                0x0000000008000eec                dwt_readfromdevice
 .text.dwt_readrxdata
                0x0000000008000f2c       0x12 Drivers/deca_driver/deca_device.o
                0x0000000008000f2c                dwt_readrxdata
 *fill*         0x0000000008000f3e        0x2 
 .text.dwt_readcarrierintegrator
                0x0000000008000f40       0x3c Drivers/deca_driver/deca_device.o
                0x0000000008000f40                dwt_readcarrierintegrator
 .text.dwt_readrxtimestamp
                0x0000000008000f7c       0x10 Drivers/deca_driver/deca_device.o
                0x0000000008000f7c                dwt_readrxtimestamp
 .text.dwt_read32bitoffsetreg
                0x0000000008000f8c       0x28 Drivers/deca_driver/deca_device.o
                0x0000000008000f8c                dwt_read32bitoffsetreg
 .text.dwt_readdevid
                0x0000000008000fb4        0xc Drivers/deca_driver/deca_device.o
                0x0000000008000fb4                dwt_readdevid
 .text.dwt_readtxtimestamplo32
                0x0000000008000fc0        0xc Drivers/deca_driver/deca_device.o
                0x0000000008000fc0                dwt_readtxtimestamplo32
 .text.dwt_readrxtimestamplo32
                0x0000000008000fcc        0xc Drivers/deca_driver/deca_device.o
                0x0000000008000fcc                dwt_readrxtimestamplo32
 .text.dwt_read16bitoffsetreg
                0x0000000008000fd8       0x20 Drivers/deca_driver/deca_device.o
                0x0000000008000fd8                dwt_read16bitoffsetreg
 .text.dwt_readdiagnostics
                0x0000000008000ff8       0x3c Drivers/deca_driver/deca_device.o
                0x0000000008000ff8                dwt_readdiagnostics
 .text.dwt_read8bitoffsetreg
                0x0000000008001034       0x1a Drivers/deca_driver/deca_device.o
                0x0000000008001034                dwt_read8bitoffsetreg
 .text.dwt_write8bitoffsetreg
                0x000000000800104e       0x18 Drivers/deca_driver/deca_device.o
                0x000000000800104e                dwt_write8bitoffsetreg
 .text.dwt_configurefor64plen
                0x0000000008001066       0x2a Drivers/deca_driver/deca_device.o
                0x0000000008001066                dwt_configurefor64plen
 .text.dwt_write16bitoffsetreg
                0x0000000008001090       0x1c Drivers/deca_driver/deca_device.o
                0x0000000008001090                dwt_write16bitoffsetreg
 .text.dwt_setrxantennadelay
                0x00000000080010ac       0x14 Drivers/deca_driver/deca_device.o
                0x00000000080010ac                dwt_setrxantennadelay
 .text.dwt_settxantennadelay
                0x00000000080010c0        0xe Drivers/deca_driver/deca_device.o
                0x00000000080010c0                dwt_settxantennadelay
 .text.dwt_write32bitoffsetreg
                0x00000000080010ce       0x24 Drivers/deca_driver/deca_device.o
                0x00000000080010ce                dwt_write32bitoffsetreg
 *fill*         0x00000000080010f2        0x2 
 .text.dwt_writetxfctrl
                0x00000000080010f4       0x20 Drivers/deca_driver/deca_device.o
                0x00000000080010f4                dwt_writetxfctrl
 .text._dwt_otpread
                0x0000000008001114       0x2a Drivers/deca_driver/deca_device.o
                0x0000000008001114                _dwt_otpread
 *fill*         0x000000000800113e        0x2 
 .text._dwt_otpsetmrregs
                0x0000000008001140      0x1b0 Drivers/deca_driver/deca_device.o
                0x0000000008001140                _dwt_otpsetmrregs
 .text._dwt_aonarrayupload
                0x00000000080012f0       0x18 Drivers/deca_driver/deca_device.o
                0x00000000080012f0                _dwt_aonarrayupload
 .text._dwt_configlde
                0x0000000008001308       0x3c Drivers/deca_driver/deca_device.o
                0x0000000008001308                _dwt_configlde
 .text.dwt_configure
                0x0000000008001344      0x24c Drivers/deca_driver/deca_device.o
                0x0000000008001344                dwt_configure
 .text.dwt_setrxaftertxdelay
                0x0000000008001590       0x20 Drivers/deca_driver/deca_device.o
                0x0000000008001590                dwt_setrxaftertxdelay
 .text.dwt_setleds
                0x00000000080015b0       0x88 Drivers/deca_driver/deca_device.o
                0x00000000080015b0                dwt_setleds
 .text._dwt_enableclocks
                0x0000000008001638       0xd8 Drivers/deca_driver/deca_device.o
                0x0000000008001638                _dwt_enableclocks
 .text._dwt_loaducodefromrom
                0x0000000008001710       0x22 Drivers/deca_driver/deca_device.o
                0x0000000008001710                _dwt_loaducodefromrom
 .text._dwt_disablesequencing
                0x0000000008001732       0x14 Drivers/deca_driver/deca_device.o
                0x0000000008001732                _dwt_disablesequencing
 .text.dwt_setdelayedtrxtime
                0x0000000008001746        0xe Drivers/deca_driver/deca_device.o
                0x0000000008001746                dwt_setdelayedtrxtime
 .text.dwt_starttx
                0x0000000008001754       0x64 Drivers/deca_driver/deca_device.o
                0x0000000008001754                dwt_starttx
 .text.dwt_syncrxbufptrs
                0x00000000080017b8       0x20 Drivers/deca_driver/deca_device.o
                0x00000000080017b8                dwt_syncrxbufptrs
 .text.dwt_forcetrxoff
                0x00000000080017d8       0x58 Drivers/deca_driver/deca_device.o
                0x00000000080017d8                dwt_forcetrxoff
 .text.dwt_rxenable
                0x0000000008001830       0x5e Drivers/deca_driver/deca_device.o
                0x0000000008001830                dwt_rxenable
 *fill*         0x000000000800188e        0x2 
 .text.dwt_setrxtimeout
                0x0000000008001890       0x60 Drivers/deca_driver/deca_device.o
                0x0000000008001890                dwt_setrxtimeout
 .text.dwt_rxreset
                0x00000000080018f0       0x18 Drivers/deca_driver/deca_device.o
                0x00000000080018f0                dwt_rxreset
 .text.dwt_isr  0x0000000008001908      0x15c Drivers/deca_driver/deca_device.o
                0x0000000008001908                dwt_isr
 .text.dwt_softreset
                0x0000000008001a64       0x48 Drivers/deca_driver/deca_device.o
                0x0000000008001a64                dwt_softreset
 .text.dwt_setxtaltrim
                0x0000000008001aac       0x18 Drivers/deca_driver/deca_device.o
                0x0000000008001aac                dwt_setxtaltrim
 .text.dwt_initialise
                0x0000000008001ac4      0x1c8 Drivers/deca_driver/deca_device.o
                0x0000000008001ac4                dwt_initialise
 .text.deca_sleep
                0x0000000008001c8c       0x16 Src/Port/deca_sleep.o
                0x0000000008001c8c                deca_sleep
 *fill*         0x0000000008001ca2        0x2 
 .text.writetospi
                0x0000000008001ca4       0x78 Src/Port/deca_spi.o
                0x0000000008001ca4                writetospi
 .text.readfromspi
                0x0000000008001d1c       0x94 Src/Port/deca_spi.o
                0x0000000008001d1c                readfromspi
 .text.__io_putchar
                0x0000000008001db0       0x18 Src/Port/deca_uart.o
                0x0000000008001db0                __io_putchar
 .text._write   0x0000000008001dc8       0x1c Src/Port/deca_uart.o
                0x0000000008001dc8                _write
 .text.deca_uart_rx_data_ready
                0x0000000008001de4        0xc Src/Port/deca_uart.o
                0x0000000008001de4                deca_uart_rx_data_ready
 .text.UART_RxCpltCallback
                0x0000000008001df0       0x8c Src/Port/deca_uart.o
                0x0000000008001df0                UART_RxCpltCallback
 .text.port_tx_msg
                0x0000000008001e7c        0xe Src/Port/deca_uart.o
                0x0000000008001e7c                port_tx_msg
 *fill*         0x0000000008001e8a        0x2 
 .text.dw_printf
                0x0000000008001e8c       0x40 Src/Port/deca_uart.o
                0x0000000008001e8c                dw_printf
 .text.deca_uart_receive
                0x0000000008001ecc       0x4c Src/Port/deca_uart.o
                0x0000000008001ecc                deca_uart_receive
 .text.IncSysTick
                0x0000000008001f18       0x10 Src/Port/port_platform.o
                0x0000000008001f18                IncSysTick
 .text.portGetTickCount
                0x0000000008001f28        0xc Src/Port/port_platform.o
                0x0000000008001f28                portGetTickCount
 .text.port_set_dw1000_slowrate
                0x0000000008001f34       0x38 Src/Port/port_platform.o
                0x0000000008001f34                port_set_dw1000_slowrate
 .text.port_set_dw1000_fastrate
                0x0000000008001f6c       0x34 Src/Port/port_platform.o
                0x0000000008001f6c                port_set_dw1000_fastrate
 .text.decamutexon
                0x0000000008001fa0        0x4 Src/Port/port_platform.o
                0x0000000008001fa0                decamutexon
 .text.decamutexoff
                0x0000000008001fa4        0x2 Src/Port/port_platform.o
                0x0000000008001fa4                decamutexoff
 *fill*         0x0000000008001fa6        0x2 
 .text.reset_DW1000
                0x0000000008001fa8       0x44 Src/Port/port_platform.o
                0x0000000008001fa8                reset_DW1000
 .text.LEDS_OFF
                0x0000000008001fec       0x2c Src/Port/port_platform.o
                0x0000000008001fec                LEDS_OFF
 .text.LEDS_ON  0x0000000008002018       0x2c Src/Port/port_platform.o
                0x0000000008002018                LEDS_ON
 .text.lis3dh_power_ON
                0x0000000008002044        0xa Src/Port/port_platform.o
                0x0000000008002044                lis3dh_power_ON
 *fill*         0x000000000800204e        0x2 
 .text.GPIO_EXTI3_Callback
                0x0000000008002050        0xc Src/Port/port_platform.o
                0x0000000008002050                GPIO_EXTI3_Callback
 .text.GPIO_EXTI0_Callback
                0x000000000800205c       0x24 Src/Port/port_platform.o
                0x000000000800205c                GPIO_EXTI0_Callback
 .text.HAL_UART_ErrorCallback
                0x0000000008002080        0x2 Src/Port/port_platform.o
                0x0000000008002080                HAL_UART_ErrorCallback
 *fill*         0x0000000008002082        0x2 
 .text.UART2_IRQHandler
                0x0000000008002084      0x10c Src/Port/port_platform.o
                0x0000000008002084                UART2_IRQHandler
 .text.cmd_onERROR
                0x0000000008002190       0x58 Src/cmd/cmd.o
 .text.command_parser
                0x00000000080021e8       0xfc Src/cmd/cmd.o
                0x00000000080021e8                command_parser
 .text.f_txCode
                0x00000000080022e4       0x10 Src/cmd/cmd_fn.o
                0x00000000080022e4                f_txCode
 .text.f_nsSFD  0x00000000080022f4       0x10 Src/cmd/cmd_fn.o
                0x00000000080022f4                f_nsSFD
 .text.f_phrMode
                0x0000000008002304       0x10 Src/cmd/cmd_fn.o
                0x0000000008002304                f_phrMode
 .text.f_sfdTO  0x0000000008002314       0x14 Src/cmd/cmd_fn.o
                0x0000000008002314                f_sfdTO
 .text.f_smartPowerEn
                0x0000000008002328       0x14 Src/cmd/cmd_fn.o
                0x0000000008002328                f_smartPowerEn
 .text.f_interval_in_ms
                0x000000000800233c       0x18 Src/cmd/cmd_fn.o
                0x000000000800233c                f_interval_in_ms
 .text.f_interval_slow_in_ms
                0x0000000008002354       0x18 Src/cmd/cmd_fn.o
                0x0000000008002354                f_interval_slow_in_ms
 .text.f_randomness
                0x000000000800236c        0xc Src/cmd/cmd_fn.o
                0x000000000800236c                f_randomness
 .text.f_tagIDset
                0x0000000008002378       0x10 Src/cmd/cmd_fn.o
                0x0000000008002378                f_tagIDset
 .text.f_TWRInitSet
                0x0000000008002388       0x10 Src/cmd/cmd_fn.o
                0x0000000008002388                f_TWRInitSet
 .text.f_TWRRespSet
                0x0000000008002398       0x10 Src/cmd/cmd_fn.o
                0x0000000008002398                f_TWRRespSet
 .text.f_ForceReset
                0x00000000080023a8       0x1c Src/cmd/cmd_fn.o
                0x00000000080023a8                f_ForceReset
 .text.f_nlos   0x00000000080023c4       0x10 Src/cmd/cmd_fn.o
                0x00000000080023c4                f_nlos
 .text.f_tcwm   0x00000000080023d4        0x8 Src/cmd/cmd_fn.o
                0x00000000080023d4                f_tcwm
 .text.f_tcfm   0x00000000080023dc        0x8 Src/cmd/cmd_fn.o
                0x00000000080023dc                f_tcfm
 .text.f_chan   0x00000000080023e4       0x1c Src/cmd/cmd_fn.o
                0x00000000080023e4                f_chan
 .text.f_prf    0x0000000008002400       0x1c Src/cmd/cmd_fn.o
                0x0000000008002400                f_prf
 .text.f_plen   0x000000000800241c       0x1c Src/cmd/cmd_fn.o
                0x000000000800241c                f_plen
 .text.f_rxPAC  0x0000000008002438       0x1c Src/cmd/cmd_fn.o
                0x0000000008002438                f_rxPAC
 .text.f_dataRate
                0x0000000008002454       0x1c Src/cmd/cmd_fn.o
                0x0000000008002454                f_dataRate
 .text.f_tagID  0x0000000008002470       0x34 Src/cmd/cmd_fn.o
                0x0000000008002470                f_tagID
 .text.f_help_app
                0x00000000080024a4       0x40 Src/cmd/cmd_fn.o
                0x00000000080024a4                f_help_app
 .text.f_restore
                0x00000000080024e4       0x10 Src/cmd/cmd_fn.o
                0x00000000080024e4                f_restore
 .text.f_save   0x00000000080024f4       0x10 Src/cmd/cmd_fn.o
                0x00000000080024f4                f_save
 .text.set_los_nlos_config
                0x0000000008002504       0x24 Src/cmd/cmd_fn.o
                0x0000000008002504                set_los_nlos_config
 .text.f_decaTDoATag
                0x0000000008002528       0xe4 Src/cmd/cmd_fn.o
                0x0000000008002528                f_decaTDoATag
 .text.f_jstat  0x000000000800260c      0x290 Src/cmd/cmd_fn.o
                0x000000000800260c                f_jstat
 .text.f_stat   0x000000000800289c       0x20 Src/cmd/cmd_fn.o
                0x000000000800289c                f_stat
 .text.waitForCommand
                0x00000000080028bc       0xe0 Src/cmd/cmd_uart_rx.o
                0x00000000080028bc                waitForCommand
 .text.process_uartmsg
                0x000000000800299c       0x54 Src/cmd/cmd_uart_rx.o
                0x000000000800299c                process_uartmsg
 .text.LockEeprom
                0x00000000080029f0       0x24 Src/config/config.o
 .text.UnlockEeprom
                0x0000000008002a14       0x34 Src/config/config.o
 .text.EepromProgram
                0x0000000008002a48        0x6 Src/config/config.o
 *fill*         0x0000000008002a4e        0x2 
 .text.CRC8_Calculate
                0x0000000008002a50       0x2c Src/config/config.o
 .text.save_bssConfig
                0x0000000008002a7c       0x58 Src/config/config.o
                0x0000000008002a7c                save_bssConfig
 .text.load_bssConfig
                0x0000000008002ad4       0x40 Src/config/config.o
                0x0000000008002ad4                load_bssConfig
 .text.get_pbssConfig
                0x0000000008002b14        0xc Src/config/config.o
                0x0000000008002b14                get_pbssConfig
 .text.restore_nvm_fconfig
                0x0000000008002b20       0x14 Src/config/config.o
                0x0000000008002b20                restore_nvm_fconfig
 .text.MX_CRC_Init
                0x0000000008002b34       0x4c Src/main.o
 .text.MX_GPIO_Init
                0x0000000008002b80      0x1dc Src/main.o
 .text.MX_SPI1_Init
                0x0000000008002d5c       0xd0 Src/main.o
 .text.MX_USART2_UART_Init
                0x0000000008002e2c      0x13c Src/main.o
 .text.MX_I2C1_Init
                0x0000000008002f68       0xe0 Src/main.o
 .text.MX_RTC_Init
                0x0000000008003048       0x30 Src/main.o
 .text.get_msb  0x0000000008003078       0x1a Src/main.o
                0x0000000008003078                get_msb
 *fill*         0x0000000008003092        0x2 
 .text.dB_x100  0x0000000008003094       0x30 Src/main.o
                0x0000000008003094                dB_x100
 .text.get_ext_diag_info
                0x00000000080030c4       0x58 Src/main.o
                0x00000000080030c4                get_ext_diag_info
 .text.resp_to_poll
                0x000000000800311c       0xf8 Src/main.o
                0x000000000800311c                resp_to_poll
 .text.calc_tof_from_rcved_resp
                0x0000000008003214      0x184 Src/main.o
                0x0000000008003214                calc_tof_from_rcved_resp
 .text.SystemClock_Config
                0x0000000008003398      0x124 Src/main.o
                0x0000000008003398                SystemClock_Config
 .text.main     0x00000000080034bc      0x2c8 Src/main.o
                0x00000000080034bc                main
 .text.NMI_Handler
                0x0000000008003784        0x2 Src/stm32l0xx_it.o
                0x0000000008003784                NMI_Handler
 .text.HardFault_Handler
                0x0000000008003786        0x2 Src/stm32l0xx_it.o
                0x0000000008003786                HardFault_Handler
 .text.SVC_Handler
                0x0000000008003788        0x2 Src/stm32l0xx_it.o
                0x0000000008003788                SVC_Handler
 .text.PendSV_Handler
                0x000000000800378a        0x2 Src/stm32l0xx_it.o
                0x000000000800378a                PendSV_Handler
 .text.SysTick_Handler
                0x000000000800378c        0x8 Src/stm32l0xx_it.o
                0x000000000800378c                SysTick_Handler
 .text.EXTI0_1_IRQHandler
                0x0000000008003794       0x1c Src/stm32l0xx_it.o
                0x0000000008003794                EXTI0_1_IRQHandler
 .text.EXTI2_3_IRQHandler
                0x00000000080037b0       0x30 Src/stm32l0xx_it.o
                0x00000000080037b0                EXTI2_3_IRQHandler
 .text.USART2_IRQHandler
                0x00000000080037e0        0x8 Src/stm32l0xx_it.o
                0x00000000080037e0                USART2_IRQHandler
 .text.SystemInit
                0x00000000080037e8       0x5c Src/system_stm32l0xx.o
                0x00000000080037e8                SystemInit
 .text.chan_to_deca
                0x0000000008003844       0x18 Src/utils/translate.o
                0x0000000008003844                chan_to_deca
 .text.deca_to_chan
                0x000000000800385c        0x8 Src/utils/translate.o
                0x000000000800385c                deca_to_chan
 .text.bitrate_to_deca
                0x0000000008003864       0x2c Src/utils/translate.o
                0x0000000008003864                bitrate_to_deca
 .text.deca_to_bitrate
                0x0000000008003890       0x28 Src/utils/translate.o
                0x0000000008003890                deca_to_bitrate
 .text.prf_to_deca
                0x00000000080038b8       0x16 Src/utils/translate.o
                0x00000000080038b8                prf_to_deca
 .text.deca_to_prf
                0x00000000080038ce       0x16 Src/utils/translate.o
                0x00000000080038ce                deca_to_prf
 .text.pac_to_deca
                0x00000000080038e4       0x2e Src/utils/translate.o
                0x00000000080038e4                pac_to_deca
 .text.deca_to_pac
                0x0000000008003912       0x2e Src/utils/translate.o
                0x0000000008003912                deca_to_pac
 .text.plen_to_deca
                0x0000000008003940       0x6e Src/utils/translate.o
                0x0000000008003940                plen_to_deca
 *fill*         0x00000000080039ae        0x2 
 .text.deca_to_plen
                0x00000000080039b0       0x44 Src/utils/translate.o
                0x00000000080039b0                deca_to_plen
 .text.Reset_Handler
                0x00000000080039f4       0x50 startup/startup_stm32l041xx.o
                0x00000000080039f4                Reset_Handler
 .text.Default_Handler
                0x0000000008003a44        0x2 startup/startup_stm32l041xx.o
                0x0000000008003a44                ADC1_COMP_IRQHandler
                0x0000000008003a44                PVD_IRQHandler
                0x0000000008003a44                I2C1_IRQHandler
                0x0000000008003a44                SPI1_IRQHandler
                0x0000000008003a44                AES_LPUART1_IRQHandler
                0x0000000008003a44                RTC_IRQHandler
                0x0000000008003a44                DMA1_Channel4_5_6_7_IRQHandler
                0x0000000008003a44                EXTI4_15_IRQHandler
                0x0000000008003a44                RCC_IRQHandler
                0x0000000008003a44                DMA1_Channel1_IRQHandler
                0x0000000008003a44                Default_Handler
                0x0000000008003a44                TIM22_IRQHandler
                0x0000000008003a44                TIM21_IRQHandler
                0x0000000008003a44                WWDG_IRQHandler
                0x0000000008003a44                TIM2_IRQHandler
                0x0000000008003a44                DMA1_Channel2_3_IRQHandler
                0x0000000008003a44                FLASH_IRQHandler
                0x0000000008003a44                LPTIM1_IRQHandler
 *fill*         0x0000000008003a46        0x2 
 .text.__libc_init_array
                0x0000000008003a48       0x48 c:/users/matthijs/programs/stm32cubeide_1.6.1/stm32cubeide/plugins/com.st.stm32cube.ide.mcu.externaltools.gnu-tools-for-stm32.9-2020-q2-update.win32_1.5.0.202011040924/tools/bin/../lib/gcc/arm-none-eabi/9.3.1/../../../../arm-none-eabi/lib/thumb/v6-m/nofp\libc_nano.a(lib_a-init.o)
                0x0000000008003a48                __libc_init_array
 .text.memcmp   0x0000000008003a90       0x1c c:/users/matthijs/programs/stm32cubeide_1.6.1/stm32cubeide/plugins/com.st.stm32cube.ide.mcu.externaltools.gnu-tools-for-stm32.9-2020-q2-update.win32_1.5.0.202011040924/tools/bin/../lib/gcc/arm-none-eabi/9.3.1/../../../../arm-none-eabi/lib/thumb/v6-m/nofp\libc_nano.a(lib_a-memcmp.o)
                0x0000000008003a90                memcmp
 .text.memcpy   0x0000000008003aac       0x12 c:/users/matthijs/programs/stm32cubeide_1.6.1/stm32cubeide/plugins/com.st.stm32cube.ide.mcu.externaltools.gnu-tools-for-stm32.9-2020-q2-update.win32_1.5.0.202011040924/tools/bin/../lib/gcc/arm-none-eabi/9.3.1/../../../../arm-none-eabi/lib/thumb/v6-m/nofp\libc_nano.a(lib_a-memcpy-stub.o)
                0x0000000008003aac                memcpy
 .text.memset   0x0000000008003abe       0x10 c:/users/matthijs/programs/stm32cubeide_1.6.1/stm32cubeide/plugins/com.st.stm32cube.ide.mcu.externaltools.gnu-tools-for-stm32.9-2020-q2-update.win32_1.5.0.202011040924/tools/bin/../lib/gcc/arm-none-eabi/9.3.1/../../../../arm-none-eabi/lib/thumb/v6-m/nofp\libc_nano.a(lib_a-memset.o)
                0x0000000008003abe                memset
 *fill*         0x0000000008003ace        0x2 
 .text._free_r  0x0000000008003ad0       0x94 c:/users/matthijs/programs/stm32cubeide_1.6.1/stm32cubeide/plugins/com.st.stm32cube.ide.mcu.externaltools.gnu-tools-for-stm32.9-2020-q2-update.win32_1.5.0.202011040924/tools/bin/../lib/gcc/arm-none-eabi/9.3.1/../../../../arm-none-eabi/lib/thumb/v6-m/nofp\libc_nano.a(lib_a-nano-freer.o)
                0x0000000008003ad0                _free_r
 .text._malloc_r
                0x0000000008003b64       0xbc c:/users/matthijs/programs/stm32cubeide_1.6.1/stm32cubeide/plugins/com.st.stm32cube.ide.mcu.externaltools.gnu-tools-for-stm32.9-2020-q2-update.win32_1.5.0.202011040924/tools/bin/../lib/gcc/arm-none-eabi/9.3.1/../../../../arm-none-eabi/lib/thumb/v6-m/nofp\libc_nano.a(lib_a-nano-mallocr.o)
                0x0000000008003b64                _malloc_r
 .text._sbrk_r  0x0000000008003c20       0x24 c:/users/matthijs/programs/stm32cubeide_1.6.1/stm32cubeide/plugins/com.st.stm32cube.ide.mcu.externaltools.gnu-tools-for-stm32.9-2020-q2-update.win32_1.5.0.202011040924/tools/bin/../lib/gcc/arm-none-eabi/9.3.1/../../../../arm-none-eabi/lib/thumb/v6-m/nofp\libc_nano.a(lib_a-sbrkr.o)
                0x0000000008003c20                _sbrk_r
 .text.sprintf  0x0000000008003c44       0x40 c:/users/matthijs/programs/stm32cubeide_1.6.1/stm32cubeide/plugins/com.st.stm32cube.ide.mcu.externaltools.gnu-tools-for-stm32.9-2020-q2-update.win32_1.5.0.202011040924/tools/bin/../lib/gcc/arm-none-eabi/9.3.1/../../../../arm-none-eabi/lib/thumb/v6-m/nofp\libc_nano.a(lib_a-sprintf.o)
                0x0000000008003c44                siprintf
                0x0000000008003c44                sprintf
 .text.sscanf   0x0000000008003c84       0x50 c:/users/matthijs/programs/stm32cubeide_1.6.1/stm32cubeide/plugins/com.st.stm32cube.ide.mcu.externaltools.gnu-tools-for-stm32.9-2020-q2-update.win32_1.5.0.202011040924/tools/bin/../lib/gcc/arm-none-eabi/9.3.1/../../../../arm-none-eabi/lib/thumb/v6-m/nofp\libc_nano.a(lib_a-sscanf.o)
                0x0000000008003c84                siscanf
                0x0000000008003c84                sscanf
 .text.__seofread
                0x0000000008003cd4        0x4 c:/users/matthijs/programs/stm32cubeide_1.6.1/stm32cubeide/plugins/com.st.stm32cube.ide.mcu.externaltools.gnu-tools-for-stm32.9-2020-q2-update.win32_1.5.0.202011040924/tools/bin/../lib/gcc/arm-none-eabi/9.3.1/../../../../arm-none-eabi/lib/thumb/v6-m/nofp\libc_nano.a(lib_a-stdio.o)
                0x0000000008003cd4                __seofread
 .text.strcpy   0x0000000008003cd8       0x10 c:/users/matthijs/programs/stm32cubeide_1.6.1/stm32cubeide/plugins/com.st.stm32cube.ide.mcu.externaltools.gnu-tools-for-stm32.9-2020-q2-update.win32_1.5.0.202011040924/tools/bin/../lib/gcc/arm-none-eabi/9.3.1/../../../../arm-none-eabi/lib/thumb/v6-m/nofp\libc_nano.a(lib_a-strcpy.o)
                0x0000000008003cd8                strcpy
 .text._vsnprintf_r
                0x0000000008003ce8       0x56 c:/users/matthijs/programs/stm32cubeide_1.6.1/stm32cubeide/plugins/com.st.stm32cube.ide.mcu.externaltools.gnu-tools-for-stm32.9-2020-q2-update.win32_1.5.0.202011040924/tools/bin/../lib/gcc/arm-none-eabi/9.3.1/../../../../arm-none-eabi/lib/thumb/v6-m/nofp\libc_nano.a(lib_a-vsnprintf.o)
                0x0000000008003ce8                _vsniprintf_r
                0x0000000008003ce8                _vsnprintf_r
 *fill*         0x0000000008003d3e        0x2 
 .text.vsnprintf
                0x0000000008003d40       0x18 c:/users/matthijs/programs/stm32cubeide_1.6.1/stm32cubeide/plugins/com.st.stm32cube.ide.mcu.externaltools.gnu-tools-for-stm32.9-2020-q2-update.win32_1.5.0.202011040924/tools/bin/../lib/gcc/arm-none-eabi/9.3.1/../../../../arm-none-eabi/lib/thumb/v6-m/nofp\libc_nano.a(lib_a-vsnprintf.o)
                0x0000000008003d40                vsniprintf
                0x0000000008003d40                vsnprintf
 .text.__malloc_lock
                0x0000000008003d58       0x10 c:/users/matthijs/programs/stm32cubeide_1.6.1/stm32cubeide/plugins/com.st.stm32cube.ide.mcu.externaltools.gnu-tools-for-stm32.9-2020-q2-update.win32_1.5.0.202011040924/tools/bin/../lib/gcc/arm-none-eabi/9.3.1/../../../../arm-none-eabi/lib/thumb/v6-m/nofp\libc_nano.a(lib_a-mlock.o)
                0x0000000008003d58                __malloc_lock
 .text.__malloc_unlock
                0x0000000008003d68       0x10 c:/users/matthijs/programs/stm32cubeide_1.6.1/stm32cubeide/plugins/com.st.stm32cube.ide.mcu.externaltools.gnu-tools-for-stm32.9-2020-q2-update.win32_1.5.0.202011040924/tools/bin/../lib/gcc/arm-none-eabi/9.3.1/../../../../arm-none-eabi/lib/thumb/v6-m/nofp\libc_nano.a(lib_a-mlock.o)
                0x0000000008003d68                __malloc_unlock
 .text.__ssputs_r
                0x0000000008003d78       0xc4 c:/users/matthijs/programs/stm32cubeide_1.6.1/stm32cubeide/plugins/com.st.stm32cube.ide.mcu.externaltools.gnu-tools-for-stm32.9-2020-q2-update.win32_1.5.0.202011040924/tools/bin/../lib/gcc/arm-none-eabi/9.3.1/../../../../arm-none-eabi/lib/thumb/v6-m/nofp\libc_nano.a(lib_a-nano-svfprintf.o)
                0x0000000008003d78                __ssputs_r
 .text._svfprintf_r
                0x0000000008003e3c      0x200 c:/users/matthijs/programs/stm32cubeide_1.6.1/stm32cubeide/plugins/com.st.stm32cube.ide.mcu.externaltools.gnu-tools-for-stm32.9-2020-q2-update.win32_1.5.0.202011040924/tools/bin/../lib/gcc/arm-none-eabi/9.3.1/../../../../arm-none-eabi/lib/thumb/v6-m/nofp\libc_nano.a(lib_a-nano-svfprintf.o)
                0x0000000008003e3c                _svfiprintf_r
                0x0000000008003e3c                _svfprintf_r
 .text._sungetc_r
                0x000000000800403c       0x78 c:/users/matthijs/programs/stm32cubeide_1.6.1/stm32cubeide/plugins/com.st.stm32cube.ide.mcu.externaltools.gnu-tools-for-stm32.9-2020-q2-update.win32_1.5.0.202011040924/tools/bin/../lib/gcc/arm-none-eabi/9.3.1/../../../../arm-none-eabi/lib/thumb/v6-m/nofp\libc_nano.a(lib_a-nano-svfscanf.o)
                0x000000000800403c                _sungetc_r
 .text.__ssrefill_r
                0x00000000080040b4       0x3e c:/users/matthijs/programs/stm32cubeide_1.6.1/stm32cubeide/plugins/com.st.stm32cube.ide.mcu.externaltools.gnu-tools-for-stm32.9-2020-q2-update.win32_1.5.0.202011040924/tools/bin/../lib/gcc/arm-none-eabi/9.3.1/../../../../arm-none-eabi/lib/thumb/v6-m/nofp\libc_nano.a(lib_a-nano-svfscanf.o)
                0x00000000080040b4                __ssrefill_r
 *fill*         0x00000000080040f2        0x2 
 .text.__ssvfscanf_r
                0x00000000080040f4      0x2f0 c:/users/matthijs/programs/stm32cubeide_1.6.1/stm32cubeide/plugins/com.st.stm32cube.ide.mcu.externaltools.gnu-tools-for-stm32.9-2020-q2-update.win32_1.5.0.202011040924/tools/bin/../lib/gcc/arm-none-eabi/9.3.1/../../../../arm-none-eabi/lib/thumb/v6-m/nofp\libc_nano.a(lib_a-nano-svfscanf.o)
                0x00000000080040f4                __ssvfiscanf_r
                0x00000000080040f4                __ssvfscanf_r
 .text._printf_common
                0x00000000080043e4       0xde c:/users/matthijs/programs/stm32cubeide_1.6.1/stm32cubeide/plugins/com.st.stm32cube.ide.mcu.externaltools.gnu-tools-for-stm32.9-2020-q2-update.win32_1.5.0.202011040924/tools/bin/../lib/gcc/arm-none-eabi/9.3.1/../../../../arm-none-eabi/lib/thumb/v6-m/nofp\libc_nano.a(lib_a-nano-vfprintf_i.o)
                0x00000000080043e4                _printf_common
 *fill*         0x00000000080044c2        0x2 
 .text._printf_i
                0x00000000080044c4      0x224 c:/users/matthijs/programs/stm32cubeide_1.6.1/stm32cubeide/plugins/com.st.stm32cube.ide.mcu.externaltools.gnu-tools-for-stm32.9-2020-q2-update.win32_1.5.0.202011040924/tools/bin/../lib/gcc/arm-none-eabi/9.3.1/../../../../arm-none-eabi/lib/thumb/v6-m/nofp\libc_nano.a(lib_a-nano-vfprintf_i.o)
                0x00000000080044c4                _printf_i
 .text._scanf_chars
                0x00000000080046e8       0xbc c:/users/matthijs/programs/stm32cubeide_1.6.1/stm32cubeide/plugins/com.st.stm32cube.ide.mcu.externaltools.gnu-tools-for-stm32.9-2020-q2-update.win32_1.5.0.202011040924/tools/bin/../lib/gcc/arm-none-eabi/9.3.1/../../../../arm-none-eabi/lib/thumb/v6-m/nofp\libc_nano.a(lib_a-nano-vfscanf_i.o)
                0x00000000080046e8                _scanf_chars
 .text._scanf_i
                0x00000000080047a4      0x208 c:/users/matthijs/programs/stm32cubeide_1.6.1/stm32cubeide/plugins/com.st.stm32cube.ide.mcu.externaltools.gnu-tools-for-stm32.9-2020-q2-update.win32_1.5.0.202011040924/tools/bin/../lib/gcc/arm-none-eabi/9.3.1/../../../../arm-none-eabi/lib/thumb/v6-m/nofp\libc_nano.a(lib_a-nano-vfscanf_i.o)
                0x00000000080047a4                _scanf_i
 .text.__sccl   0x00000000080049ac       0x78 c:/users/matthijs/programs/stm32cubeide_1.6.1/stm32cubeide/plugins/com.st.stm32cube.ide.mcu.externaltools.gnu-tools-for-stm32.9-2020-q2-update.win32_1.5.0.202011040924/tools/bin/../lib/gcc/arm-none-eabi/9.3.1/../../../../arm-none-eabi/lib/thumb/v6-m/nofp\libc_nano.a(lib_a-sccl.o)
                0x00000000080049ac                __sccl
 .text._strtol_l.isra.0
                0x0000000008004a24      0x11c c:/users/matthijs/programs/stm32cubeide_1.6.1/stm32cubeide/plugins/com.st.stm32cube.ide.mcu.externaltools.gnu-tools-for-stm32.9-2020-q2-update.win32_1.5.0.202011040924/tools/bin/../lib/gcc/arm-none-eabi/9.3.1/../../../../arm-none-eabi/lib/thumb/v6-m/nofp\libc_nano.a(lib_a-strtol.o)
 .text._strtol_r
                0x0000000008004b40        0x8 c:/users/matthijs/programs/stm32cubeide_1.6.1/stm32cubeide/plugins/com.st.stm32cube.ide.mcu.externaltools.gnu-tools-for-stm32.9-2020-q2-update.win32_1.5.0.202011040924/tools/bin/../lib/gcc/arm-none-eabi/9.3.1/../../../../arm-none-eabi/lib/thumb/v6-m/nofp\libc_nano.a(lib_a-strtol.o)
                0x0000000008004b40                _strtol_r
 .text._strtoul_l.isra.0
                0x0000000008004b48      0x118 c:/users/matthijs/programs/stm32cubeide_1.6.1/stm32cubeide/plugins/com.st.stm32cube.ide.mcu.externaltools.gnu-tools-for-stm32.9-2020-q2-update.win32_1.5.0.202011040924/tools/bin/../lib/gcc/arm-none-eabi/9.3.1/../../../../arm-none-eabi/lib/thumb/v6-m/nofp\libc_nano.a(lib_a-strtoul.o)
 .text._strtoul_r
                0x0000000008004c60        0x8 c:/users/matthijs/programs/stm32cubeide_1.6.1/stm32cubeide/plugins/com.st.stm32cube.ide.mcu.externaltools.gnu-tools-for-stm32.9-2020-q2-update.win32_1.5.0.202011040924/tools/bin/../lib/gcc/arm-none-eabi/9.3.1/../../../../arm-none-eabi/lib/thumb/v6-m/nofp\libc_nano.a(lib_a-strtoul.o)
                0x0000000008004c60                _strtoul_r
 .text.__submore
                0x0000000008004c68       0x7c c:/users/matthijs/programs/stm32cubeide_1.6.1/stm32cubeide/plugins/com.st.stm32cube.ide.mcu.externaltools.gnu-tools-for-stm32.9-2020-q2-update.win32_1.5.0.202011040924/tools/bin/../lib/gcc/arm-none-eabi/9.3.1/../../../../arm-none-eabi/lib/thumb/v6-m/nofp\libc_nano.a(lib_a-ungetc.o)
                0x0000000008004c68                __submore
 .text.__errno  0x0000000008004ce4        0xc c:/users/matthijs/programs/stm32cubeide_1.6.1/stm32cubeide/plugins/com.st.stm32cube.ide.mcu.externaltools.gnu-tools-for-stm32.9-2020-q2-update.win32_1.5.0.202011040924/tools/bin/../lib/gcc/arm-none-eabi/9.3.1/../../../../arm-none-eabi/lib/thumb/v6-m/nofp\libc_nano.a(lib_a-errno.o)
                0x0000000008004ce4                __errno
 .text.__retarget_lock_acquire_recursive
                0x0000000008004cf0        0x2 c:/users/matthijs/programs/stm32cubeide_1.6.1/stm32cubeide/plugins/com.st.stm32cube.ide.mcu.externaltools.gnu-tools-for-stm32.9-2020-q2-update.win32_1.5.0.202011040924/tools/bin/../lib/gcc/arm-none-eabi/9.3.1/../../../../arm-none-eabi/lib/thumb/v6-m/nofp\libc_nano.a(lib_a-lock.o)
                0x0000000008004cf0                __retarget_lock_acquire_recursive
 .text.__retarget_lock_release_recursive
                0x0000000008004cf2        0x2 c:/users/matthijs/programs/stm32cubeide_1.6.1/stm32cubeide/plugins/com.st.stm32cube.ide.mcu.externaltools.gnu-tools-for-stm32.9-2020-q2-update.win32_1.5.0.202011040924/tools/bin/../lib/gcc/arm-none-eabi/9.3.1/../../../../arm-none-eabi/lib/thumb/v6-m/nofp\libc_nano.a(lib_a-lock.o)
                0x0000000008004cf2                __retarget_lock_release_recursive
 .text.memchr   0x0000000008004cf4       0x16 c:/users/matthijs/programs/stm32cubeide_1.6.1/stm32cubeide/plugins/com.st.stm32cube.ide.mcu.externaltools.gnu-tools-for-stm32.9-2020-q2-update.win32_1.5.0.202011040924/tools/bin/../lib/gcc/arm-none-eabi/9.3.1/../../../../arm-none-eabi/lib/thumb/v6-m/nofp\libc_nano.a(lib_a-memchr-stub.o)
                0x0000000008004cf4                memchr
 .text.memmove  0x0000000008004d0a       0x26 c:/users/matthijs/programs/stm32cubeide_1.6.1/stm32cubeide/plugins/com.st.stm32cube.ide.mcu.externaltools.gnu-tools-for-stm32.9-2020-q2-update.win32_1.5.0.202011040924/tools/bin/../lib/gcc/arm-none-eabi/9.3.1/../../../../arm-none-eabi/lib/thumb/v6-m/nofp\libc_nano.a(lib_a-memmove.o)
                0x0000000008004d0a                memmove
 .text._realloc_r
                0x0000000008004d30       0x4c c:/users/matthijs/programs/stm32cubeide_1.6.1/stm32cubeide/plugins/com.st.stm32cube.ide.mcu.externaltools.gnu-tools-for-stm32.9-2020-q2-update.win32_1.5.0.202011040924/tools/bin/../lib/gcc/arm-none-eabi/9.3.1/../../../../arm-none-eabi/lib/thumb/v6-m/nofp\libc_nano.a(lib_a-nano-reallocr.o)
                0x0000000008004d30                _realloc_r
 .text._malloc_usable_size_r
                0x0000000008004d7c       0x10 c:/users/matthijs/programs/stm32cubeide_1.6.1/stm32cubeide/plugins/com.st.stm32cube.ide.mcu.externaltools.gnu-tools-for-stm32.9-2020-q2-update.win32_1.5.0.202011040924/tools/bin/../lib/gcc/arm-none-eabi/9.3.1/../../../../arm-none-eabi/lib/thumb/v6-m/nofp\libc_nano.a(lib_a-nano-msizer.o)
                0x0000000008004d7c                _malloc_usable_size_r
 .text._sbrk    0x0000000008004d8c       0x20 c:/users/matthijs/programs/stm32cubeide_1.6.1/stm32cubeide/plugins/com.st.stm32cube.ide.mcu.externaltools.gnu-tools-for-stm32.9-2020-q2-update.win32_1.5.0.202011040924/tools/bin/../lib/gcc/arm-none-eabi/9.3.1/../../../../arm-none-eabi/lib/thumb/v6-m/nofp\libnosys.a(sbrk.o)
                0x0000000008004d8c                _sbrk
 *(.glue_7)
 .glue_7        0x0000000008004dac        0x0 linker stubs
 *(.glue_7t)
 .glue_7t       0x0000000008004dac        0x0 linker stubs
 *(.eh_frame)
 .eh_frame      0x0000000008004dac        0x0 c:/users/matthijs/programs/stm32cubeide_1.6.1/stm32cubeide/plugins/com.st.stm32cube.ide.mcu.externaltools.gnu-tools-for-stm32.9-2020-q2-update.win32_1.5.0.202011040924/tools/bin/../lib/gcc/arm-none-eabi/9.3.1/thumb/v6-m/nofp/crtbegin.o
 *(.init)
 .init          0x0000000008004dac        0x4 c:/users/matthijs/programs/stm32cubeide_1.6.1/stm32cubeide/plugins/com.st.stm32cube.ide.mcu.externaltools.gnu-tools-for-stm32.9-2020-q2-update.win32_1.5.0.202011040924/tools/bin/../lib/gcc/arm-none-eabi/9.3.1/thumb/v6-m/nofp/crti.o
                0x0000000008004dac                _init
 .init          0x0000000008004db0        0x8 c:/users/matthijs/programs/stm32cubeide_1.6.1/stm32cubeide/plugins/com.st.stm32cube.ide.mcu.externaltools.gnu-tools-for-stm32.9-2020-q2-update.win32_1.5.0.202011040924/tools/bin/../lib/gcc/arm-none-eabi/9.3.1/thumb/v6-m/nofp/crtn.o
 *(.fini)
 .fini          0x0000000008004db8        0x4 c:/users/matthijs/programs/stm32cubeide_1.6.1/stm32cubeide/plugins/com.st.stm32cube.ide.mcu.externaltools.gnu-tools-for-stm32.9-2020-q2-update.win32_1.5.0.202011040924/tools/bin/../lib/gcc/arm-none-eabi/9.3.1/thumb/v6-m/nofp/crti.o
                0x0000000008004db8                _fini
 .fini          0x0000000008004dbc        0x8 c:/users/matthijs/programs/stm32cubeide_1.6.1/stm32cubeide/plugins/com.st.stm32cube.ide.mcu.externaltools.gnu-tools-for-stm32.9-2020-q2-update.win32_1.5.0.202011040924/tools/bin/../lib/gcc/arm-none-eabi/9.3.1/thumb/v6-m/nofp/crtn.o
                0x0000000008004dc4                . = ALIGN (0x4)
                0x0000000008004dc4                _etext = .

.vfp11_veneer   0x0000000008004dc4        0x0
 .vfp11_veneer  0x0000000008004dc4        0x0 linker stubs

.v4_bx          0x0000000008004dc4        0x0
 .v4_bx         0x0000000008004dc4        0x0 linker stubs

.iplt           0x0000000008004dc4        0x0
 .iplt          0x0000000008004dc4        0x0 c:/users/matthijs/programs/stm32cubeide_1.6.1/stm32cubeide/plugins/com.st.stm32cube.ide.mcu.externaltools.gnu-tools-for-stm32.9-2020-q2-update.win32_1.5.0.202011040924/tools/bin/../lib/gcc/arm-none-eabi/9.3.1/thumb/v6-m/nofp/crtbegin.o

.rodata         0x0000000008004dc4      0xa08
                0x0000000008004dc4                . = ALIGN (0x4)
 *(.rodata)
 .rodata        0x0000000008004dc4       0x54 Drivers/deca_driver/deca_device.o
 .rodata        0x0000000008004e18       0xb4 Drivers/deca_driver/deca_params_init.o
                0x0000000008004e18                lde_replicaCoeff
                0x0000000008004e4c                digital_bb_config
                0x0000000008004e6c                dtune1
                0x0000000008004e70                sftsh
                0x0000000008004e7c                dwnsSFDlen
                0x0000000008004e80                agc_config
                0x0000000008004e88                rx_config
                0x0000000008004e8c                fs_pll_tune
                0x0000000008004e94                fs_pll_cfg
                0x0000000008004eac                tx_config
                0x0000000008004ec4                chan_idx
 .rodata        0x0000000008004ecc      0x140 Src/cmd/cmd_fn.o
                0x0000000008004ecc                CMD_FN_RET_OK
                0x0000000008004ed4                known_commands
 .rodata        0x000000000800500c       0xa8 Src/main.o
                0x000000000800502c                log10_tab_1_2_int
                0x000000000800506c                txpow_STXP_DISabled_table20
                0x00000000080050ac                pg_delay_table40
 .rodata        0x00000000080050b4       0x24 Src/system_stm32l0xx.o
                0x00000000080050b4                PLLMulTable
                0x00000000080050c0                AHBPrescTable
                0x00000000080050d0                APBPrescTable
 .rodata        0x00000000080050d8       0xe4 Src/utils/translate.o
 .rodata        0x00000000080051bc        0xc c:/users/matthijs/programs/stm32cubeide_1.6.1/stm32cubeide/plugins/com.st.stm32cube.ide.mcu.externaltools.gnu-tools-for-stm32.9-2020-q2-update.win32_1.5.0.202011040924/tools/bin/../lib/gcc/arm-none-eabi/9.3.1/../../../../arm-none-eabi/lib/thumb/v6-m/nofp\libc_nano.a(lib_a-nano-vfscanf_i.o)
 *(.rodata*)
 .rodata.str1.4
                0x00000000080051c8       0x32 Src/cmd/cmd.o
                                         0x36 (size before relaxing)
 *fill*         0x00000000080051fa        0x2 
 .rodata.str1.4
                0x00000000080051fc      0x2e9 Src/cmd/cmd_fn.o
                                        0x2ed (size before relaxing)
 *fill*         0x00000000080054e5        0x3 
 .rodata.str1.4
                0x00000000080054e8        0xe Src/cmd/cmd_uart_rx.o
                                         0x12 (size before relaxing)
 *fill*         0x00000000080054f6        0x2 
 .rodata.str1.4
                0x00000000080054f8      0x124 Src/main.o
 .rodata._ctype_
                0x000000000800561c      0x101 c:/users/matthijs/programs/stm32cubeide_1.6.1/stm32cubeide/plugins/com.st.stm32cube.ide.mcu.externaltools.gnu-tools-for-stm32.9-2020-q2-update.win32_1.5.0.202011040924/tools/bin/../lib/gcc/arm-none-eabi/9.3.1/../../../../arm-none-eabi/lib/thumb/v6-m/nofp\libc_nano.a(lib_a-ctype_.o)
                0x000000000800561c                _ctype_
 .rodata._svfprintf_r.str1.1
                0x000000000800571d       0x11 c:/users/matthijs/programs/stm32cubeide_1.6.1/stm32cubeide/plugins/com.st.stm32cube.ide.mcu.externaltools.gnu-tools-for-stm32.9-2020-q2-update.win32_1.5.0.202011040924/tools/bin/../lib/gcc/arm-none-eabi/9.3.1/../../../../arm-none-eabi/lib/thumb/v6-m/nofp\libc_nano.a(lib_a-nano-svfprintf.o)
 .rodata.__ssvfscanf_r.str1.1
                0x000000000800572e        0x4 c:/users/matthijs/programs/stm32cubeide_1.6.1/stm32cubeide/plugins/com.st.stm32cube.ide.mcu.externaltools.gnu-tools-for-stm32.9-2020-q2-update.win32_1.5.0.202011040924/tools/bin/../lib/gcc/arm-none-eabi/9.3.1/../../../../arm-none-eabi/lib/thumb/v6-m/nofp\libc_nano.a(lib_a-nano-svfscanf.o)
 .rodata._printf_i.str1.1
                0x000000000800572e       0x22 c:/users/matthijs/programs/stm32cubeide_1.6.1/stm32cubeide/plugins/com.st.stm32cube.ide.mcu.externaltools.gnu-tools-for-stm32.9-2020-q2-update.win32_1.5.0.202011040924/tools/bin/../lib/gcc/arm-none-eabi/9.3.1/../../../../arm-none-eabi/lib/thumb/v6-m/nofp\libc_nano.a(lib_a-nano-vfprintf_i.o)
 .rodata.str1.1
                0x0000000008005750        0x9 c:/users/matthijs/programs/stm32cubeide_1.6.1/stm32cubeide/plugins/com.st.stm32cube.ide.mcu.externaltools.gnu-tools-for-stm32.9-2020-q2-update.win32_1.5.0.202011040924/tools/bin/../lib/gcc/arm-none-eabi/9.3.1/../../../../arm-none-eabi/lib/thumb/v6-m/nofp\libc_nano.a(lib_a-nano-vfscanf_i.o)
 .rodata._scanf_i.str1.1
                0x0000000008005759       0x12 c:/users/matthijs/programs/stm32cubeide_1.6.1/stm32cubeide/plugins/com.st.stm32cube.ide.mcu.externaltools.gnu-tools-for-stm32.9-2020-q2-update.win32_1.5.0.202011040924/tools/bin/../lib/gcc/arm-none-eabi/9.3.1/../../../../arm-none-eabi/lib/thumb/v6-m/nofp\libc_nano.a(lib_a-nano-vfscanf_i.o)
 *fill*         0x000000000800576b        0x1 
 .rodata.__sf_fake_stderr
                0x000000000800576c       0x20 c:/users/matthijs/programs/stm32cubeide_1.6.1/stm32cubeide/plugins/com.st.stm32cube.ide.mcu.externaltools.gnu-tools-for-stm32.9-2020-q2-update.win32_1.5.0.202011040924/tools/bin/../lib/gcc/arm-none-eabi/9.3.1/../../../../arm-none-eabi/lib/thumb/v6-m/nofp\libc_nano.a(lib_a-findfp.o)
                0x000000000800576c                __sf_fake_stderr
 .rodata.__sf_fake_stdin
                0x000000000800578c       0x20 c:/users/matthijs/programs/stm32cubeide_1.6.1/stm32cubeide/plugins/com.st.stm32cube.ide.mcu.externaltools.gnu-tools-for-stm32.9-2020-q2-update.win32_1.5.0.202011040924/tools/bin/../lib/gcc/arm-none-eabi/9.3.1/../../../../arm-none-eabi/lib/thumb/v6-m/nofp\libc_nano.a(lib_a-findfp.o)
                0x000000000800578c                __sf_fake_stdin
 .rodata.__sf_fake_stdout
                0x00000000080057ac       0x20 c:/users/matthijs/programs/stm32cubeide_1.6.1/stm32cubeide/plugins/com.st.stm32cube.ide.mcu.externaltools.gnu-tools-for-stm32.9-2020-q2-update.win32_1.5.0.202011040924/tools/bin/../lib/gcc/arm-none-eabi/9.3.1/../../../../arm-none-eabi/lib/thumb/v6-m/nofp\libc_nano.a(lib_a-findfp.o)
                0x00000000080057ac                __sf_fake_stdout
                0x00000000080057cc                . = ALIGN (0x4)

.default_config
                0x0000000008005800       0x65
 .default_config
                0x0000000008005800       0x65 Src/config/config.o
                0x0000000008005800                defaultFConfig

.ARM.extab
 *(.ARM.extab* .gnu.linkonce.armextab.*)

.ARM            0x0000000008005868        0x8
                0x0000000008005868                __exidx_start = .
 *(.ARM.exidx*)
 .ARM.exidx     0x0000000008005868        0x8 c:/users/matthijs/programs/stm32cubeide_1.6.1/stm32cubeide/plugins/com.st.stm32cube.ide.mcu.externaltools.gnu-tools-for-stm32.9-2020-q2-update.win32_1.5.0.202011040924/tools/bin/../lib/gcc/arm-none-eabi/9.3.1/thumb/v6-m/nofp\libgcc.a(_udivmoddi4.o)
 .ARM.exidx     0x0000000008005870        0x0 c:/users/matthijs/programs/stm32cubeide_1.6.1/stm32cubeide/plugins/com.st.stm32cube.ide.mcu.externaltools.gnu-tools-for-stm32.9-2020-q2-update.win32_1.5.0.202011040924/tools/bin/../lib/gcc/arm-none-eabi/9.3.1/thumb/v6-m/nofp\libgcc.a(_divdi3.o)
                                          0x8 (size before relaxing)
                0x0000000008005870                __exidx_end = .

.rel.dyn        0x0000000008005870        0x0
 .rel.iplt      0x0000000008005870        0x0 c:/users/matthijs/programs/stm32cubeide_1.6.1/stm32cubeide/plugins/com.st.stm32cube.ide.mcu.externaltools.gnu-tools-for-stm32.9-2020-q2-update.win32_1.5.0.202011040924/tools/bin/../lib/gcc/arm-none-eabi/9.3.1/thumb/v6-m/nofp/crtbegin.o

.preinit_array  0x0000000008005870        0x0
                0x0000000008005870                PROVIDE (__preinit_array_start = .)
 *(.preinit_array*)
                0x0000000008005870                PROVIDE (__preinit_array_end = .)

.init_array     0x0000000008005870        0x4
                0x0000000008005870                PROVIDE (__init_array_start = .)
 *(SORT_BY_NAME(.init_array.*))
 *(.init_array*)
 .init_array    0x0000000008005870        0x4 c:/users/matthijs/programs/stm32cubeide_1.6.1/stm32cubeide/plugins/com.st.stm32cube.ide.mcu.externaltools.gnu-tools-for-stm32.9-2020-q2-update.win32_1.5.0.202011040924/tools/bin/../lib/gcc/arm-none-eabi/9.3.1/thumb/v6-m/nofp/crtbegin.o
                0x0000000008005874                PROVIDE (__init_array_end = .)

.fini_array     0x0000000008005874        0x4
                [!provide]                        PROVIDE (__fini_array_start = .)
 *(SORT_BY_NAME(.fini_array.*))
 *(.fini_array*)
 .fini_array    0x0000000008005874        0x4 c:/users/matthijs/programs/stm32cubeide_1.6.1/stm32cubeide/plugins/com.st.stm32cube.ide.mcu.externaltools.gnu-tools-for-stm32.9-2020-q2-update.win32_1.5.0.202011040924/tools/bin/../lib/gcc/arm-none-eabi/9.3.1/thumb/v6-m/nofp/crtbegin.o
                [!provide]                        PROVIDE (__fini_array_end = .)
                0x0000000008005878                _sidata = LOADADDR (.data)

.data           0x0000000020000000       0xa4 load address 0x0000000008005878
                0x0000000020000000                . = ALIGN (0x4)
                0x0000000020000000                _sdata = .
 *(.data)
 .data          0x0000000020000000        0x4 Drivers/deca_driver/deca_device.o
 .data          0x0000000020000004       0x35 Src/main.o
                0x0000000020000038                b_user_button
 *fill*         0x0000000020000039        0x3 
 .data          0x000000002000003c        0x4 Src/system_stm32l0xx.o
                0x000000002000003c                SystemCoreClock
 *(.data*)
 .data._impure_ptr
                0x0000000020000040        0x4 c:/users/matthijs/programs/stm32cubeide_1.6.1/stm32cubeide/plugins/com.st.stm32cube.ide.mcu.externaltools.gnu-tools-for-stm32.9-2020-q2-update.win32_1.5.0.202011040924/tools/bin/../lib/gcc/arm-none-eabi/9.3.1/../../../../arm-none-eabi/lib/thumb/v6-m/nofp\libc_nano.a(lib_a-impure.o)
                0x0000000020000040                _impure_ptr
 .data.impure_data
                0x0000000020000044       0x60 c:/users/matthijs/programs/stm32cubeide_1.6.1/stm32cubeide/plugins/com.st.stm32cube.ide.mcu.externaltools.gnu-tools-for-stm32.9-2020-q2-update.win32_1.5.0.202011040924/tools/bin/../lib/gcc/arm-none-eabi/9.3.1/../../../../arm-none-eabi/lib/thumb/v6-m/nofp\libc_nano.a(lib_a-impure.o)
                0x00000000200000a4                . = ALIGN (0x4)
                0x00000000200000a4                _edata = .

.igot.plt       0x00000000200000a4        0x0 load address 0x000000000800591c
 .igot.plt      0x00000000200000a4        0x0 c:/users/matthijs/programs/stm32cubeide_1.6.1/stm32cubeide/plugins/com.st.stm32cube.ide.mcu.externaltools.gnu-tools-for-stm32.9-2020-q2-update.win32_1.5.0.202011040924/tools/bin/../lib/gcc/arm-none-eabi/9.3.1/thumb/v6-m/nofp/crtbegin.o

.fConfig        0x0000000020000100      0x100 load address 0x000000000800591c
 .fConfig       0x0000000020000100      0x100 Src/config/config.o
                0x0000000020000100                FConfig
                0x0000000020000200                . = ALIGN (0x4)

.bss            0x0000000020000200      0x3d8 load address 0x0000000008005a1c
                0x0000000020000200                _sbss = .
                0x0000000020000200                __bss_start__ = _sbss
 *(.bss)
 .bss           0x0000000020000200       0x1c c:/users/matthijs/programs/stm32cubeide_1.6.1/stm32cubeide/plugins/com.st.stm32cube.ide.mcu.externaltools.gnu-tools-for-stm32.9-2020-q2-update.win32_1.5.0.202011040924/tools/bin/../lib/gcc/arm-none-eabi/9.3.1/thumb/v6-m/nofp/crtbegin.o
 .bss           0x000000002000021c       0x38 Drivers/deca_driver/deca_device.o
 .bss           0x0000000020000254      0x108 Src/Port/deca_uart.o
 .bss           0x000000002000035c       0x1d Src/Port/port_platform.o
                0x000000002000035c                SysTickCount
                0x0000000020000364                t_last_ev_user_button
                0x0000000020000370                total_time
                0x0000000020000374                lis3dh_sensor
                0x0000000020000378                SerialData
 *fill*         0x0000000020000379        0x3 
 .bss           0x000000002000037c       0x86 Src/cmd/cmd_uart_rx.o
 *fill*         0x0000000020000402       0xfe 
 .bss           0x0000000020000500       0x65 Src/config/config.o
 *fill*         0x0000000020000565        0x3 
 .bss           0x0000000020000568       0x44 Src/main.o
 *(.bss*)
 .bss.__malloc_free_list
                0x00000000200005ac        0x4 c:/users/matthijs/programs/stm32cubeide_1.6.1/stm32cubeide/plugins/com.st.stm32cube.ide.mcu.externaltools.gnu-tools-for-stm32.9-2020-q2-update.win32_1.5.0.202011040924/tools/bin/../lib/gcc/arm-none-eabi/9.3.1/../../../../arm-none-eabi/lib/thumb/v6-m/nofp\libc_nano.a(lib_a-nano-mallocr.o)
                0x00000000200005ac                __malloc_free_list
 .bss.__malloc_sbrk_start
                0x00000000200005b0        0x4 c:/users/matthijs/programs/stm32cubeide_1.6.1/stm32cubeide/plugins/com.st.stm32cube.ide.mcu.externaltools.gnu-tools-for-stm32.9-2020-q2-update.win32_1.5.0.202011040924/tools/bin/../lib/gcc/arm-none-eabi/9.3.1/../../../../arm-none-eabi/lib/thumb/v6-m/nofp\libc_nano.a(lib_a-nano-mallocr.o)
                0x00000000200005b0                __malloc_sbrk_start
 .bss.heap_end.4144
                0x00000000200005b4        0x4 c:/users/matthijs/programs/stm32cubeide_1.6.1/stm32cubeide/plugins/com.st.stm32cube.ide.mcu.externaltools.gnu-tools-for-stm32.9-2020-q2-update.win32_1.5.0.202011040924/tools/bin/../lib/gcc/arm-none-eabi/9.3.1/../../../../arm-none-eabi/lib/thumb/v6-m/nofp\libnosys.a(sbrk.o)
 *(COMMON)
 COMMON         0x00000000200005b8       0x10 Src/main.o
                0x00000000200005b8                app
 COMMON         0x00000000200005c8        0x4 c:/users/matthijs/programs/stm32cubeide_1.6.1/stm32cubeide/plugins/com.st.stm32cube.ide.mcu.externaltools.gnu-tools-for-stm32.9-2020-q2-update.win32_1.5.0.202011040924/tools/bin/../lib/gcc/arm-none-eabi/9.3.1/../../../../arm-none-eabi/lib/thumb/v6-m/nofp\libc_nano.a(lib_a-reent.o)
                0x00000000200005c8                errno
 COMMON         0x00000000200005cc        0x9 c:/users/matthijs/programs/stm32cubeide_1.6.1/stm32cubeide/plugins/com.st.stm32cube.ide.mcu.externaltools.gnu-tools-for-stm32.9-2020-q2-update.win32_1.5.0.202011040924/tools/bin/../lib/gcc/arm-none-eabi/9.3.1/../../../../arm-none-eabi/lib/thumb/v6-m/nofp\libc_nano.a(lib_a-lock.o)
                0x00000000200005cc                __lock___atexit_recursive_mutex
                0x00000000200005cd                __lock___arc4random_mutex
                0x00000000200005ce                __lock___env_recursive_mutex
                0x00000000200005cf                __lock___sinit_recursive_mutex
                0x00000000200005d0                __lock___malloc_recursive_mutex
                0x00000000200005d1                __lock___at_quick_exit_mutex
                0x00000000200005d2                __lock___dd_hash_mutex
                0x00000000200005d3                __lock___tz_mutex
                0x00000000200005d4                __lock___sfp_recursive_mutex
                0x00000000200005d8                . = ALIGN (0x4)
 *fill*         0x00000000200005d5        0x3 
                0x00000000200005d8                _ebss = .
                0x00000000200005d8                __bss_end__ = _ebss

._user_heap_stack
                0x00000000200005d8      0x600 load address 0x0000000008005a1c
                0x00000000200005d8                . = ALIGN (0x8)
                0x00000000200005d8                PROVIDE (end = .)
                [!provide]                        PROVIDE (_end = .)
                0x00000000200007d8                . = (. + _Min_Heap_Size)
 *fill*         0x00000000200005d8      0x200 
                0x0000000020000bd8                . = (. + _Min_Stack_Size)
 *fill*         0x00000000200007d8      0x400 
                0x0000000020000bd8                . = ALIGN (0x8)

/DISCARD/
 libc.a(*)
 libm.a(*)
 libgcc.a(*)

.ARM.attributes
                0x0000000000000000       0x28
 *(.ARM.attributes)
 .ARM.attributes
                0x0000000000000000       0x1e c:/users/matthijs/programs/stm32cubeide_1.6.1/stm32cubeide/plugins/com.st.stm32cube.ide.mcu.externaltools.gnu-tools-for-stm32.9-2020-q2-update.win32_1.5.0.202011040924/tools/bin/../lib/gcc/arm-none-eabi/9.3.1/thumb/v6-m/nofp/crti.o
 .ARM.attributes
                0x000000000000001e       0x2c c:/users/matthijs/programs/stm32cubeide_1.6.1/stm32cubeide/plugins/com.st.stm32cube.ide.mcu.externaltools.gnu-tools-for-stm32.9-2020-q2-update.win32_1.5.0.202011040924/tools/bin/../lib/gcc/arm-none-eabi/9.3.1/thumb/v6-m/nofp/crtbegin.o
 .ARM.attributes
                0x000000000000004a       0x2c Drivers/STM32L0xx_HAL_Driver/Src/stm32l0xx_ll_exti.o
 .ARM.attributes
                0x0000000000000076       0x2c Drivers/STM32L0xx_HAL_Driver/Src/stm32l0xx_ll_gpio.o
 .ARM.attributes
                0x00000000000000a2       0x2c Drivers/STM32L0xx_HAL_Driver/Src/stm32l0xx_ll_i2c.o
 .ARM.attributes
                0x00000000000000ce       0x2c Drivers/STM32L0xx_HAL_Driver/Src/stm32l0xx_ll_rcc.o
 .ARM.attributes
                0x00000000000000fa       0x2c Drivers/STM32L0xx_HAL_Driver/Src/stm32l0xx_ll_rtc.o
 .ARM.attributes
                0x0000000000000126       0x2c Drivers/STM32L0xx_HAL_Driver/Src/stm32l0xx_ll_spi.o
 .ARM.attributes
                0x0000000000000152       0x2c Drivers/STM32L0xx_HAL_Driver/Src/stm32l0xx_ll_usart.o
 .ARM.attributes
                0x000000000000017e       0x2c Drivers/STM32L0xx_HAL_Driver/Src/stm32l0xx_ll_utils.o
 .ARM.attributes
                0x00000000000001aa       0x2c Drivers/deca_driver/deca_device.o
 .ARM.attributes
                0x00000000000001d6       0x32 Drivers/deca_driver/deca_params_init.o
 .ARM.attributes
                0x0000000000000208       0x2c Src/Port/deca_sleep.o
 .ARM.attributes
                0x0000000000000234       0x2c Src/Port/deca_spi.o
 .ARM.attributes
                0x0000000000000260       0x2c Src/Port/deca_uart.o
 .ARM.attributes
                0x000000000000028c       0x2c Src/Port/port_platform.o
 .ARM.attributes
                0x00000000000002b8       0x2c Src/cmd/cmd.o
 .ARM.attributes
                0x00000000000002e4       0x2c Src/cmd/cmd_fn.o
 .ARM.attributes
                0x0000000000000310       0x2c Src/cmd/cmd_uart_rx.o
 .ARM.attributes
                0x000000000000033c       0x2c Src/config/config.o
 .ARM.attributes
                0x0000000000000368       0x2c Src/main.o
 .ARM.attributes
                0x0000000000000394       0x2c Src/stm32l0xx_it.o
 .ARM.attributes
                0x00000000000003c0       0x2c Src/system_stm32l0xx.o
 .ARM.attributes
                0x00000000000003ec       0x2c Src/utils/translate.o
 .ARM.attributes
                0x0000000000000418       0x22 startup/startup_stm32l041xx.o
 .ARM.attributes
                0x000000000000043a       0x2c c:/users/matthijs/programs/stm32cubeide_1.6.1/stm32cubeide/plugins/com.st.stm32cube.ide.mcu.externaltools.gnu-tools-for-stm32.9-2020-q2-update.win32_1.5.0.202011040924/tools/bin/../lib/gcc/arm-none-eabi/9.3.1/../../../../arm-none-eabi/lib/thumb/v6-m/nofp\libc_nano.a(lib_a-ctype_.o)
 .ARM.attributes
                0x0000000000000466       0x2c c:/users/matthijs/programs/stm32cubeide_1.6.1/stm32cubeide/plugins/com.st.stm32cube.ide.mcu.externaltools.gnu-tools-for-stm32.9-2020-q2-update.win32_1.5.0.202011040924/tools/bin/../lib/gcc/arm-none-eabi/9.3.1/../../../../arm-none-eabi/lib/thumb/v6-m/nofp\libc_nano.a(lib_a-impure.o)
 .ARM.attributes
                0x0000000000000492       0x2c c:/users/matthijs/programs/stm32cubeide_1.6.1/stm32cubeide/plugins/com.st.stm32cube.ide.mcu.externaltools.gnu-tools-for-stm32.9-2020-q2-update.win32_1.5.0.202011040924/tools/bin/../lib/gcc/arm-none-eabi/9.3.1/../../../../arm-none-eabi/lib/thumb/v6-m/nofp\libc_nano.a(lib_a-init.o)
 .ARM.attributes
                0x00000000000004be       0x2c c:/users/matthijs/programs/stm32cubeide_1.6.1/stm32cubeide/plugins/com.st.stm32cube.ide.mcu.externaltools.gnu-tools-for-stm32.9-2020-q2-update.win32_1.5.0.202011040924/tools/bin/../lib/gcc/arm-none-eabi/9.3.1/../../../../arm-none-eabi/lib/thumb/v6-m/nofp\libc_nano.a(lib_a-memcmp.o)
 .ARM.attributes
                0x00000000000004ea       0x2c c:/users/matthijs/programs/stm32cubeide_1.6.1/stm32cubeide/plugins/com.st.stm32cube.ide.mcu.externaltools.gnu-tools-for-stm32.9-2020-q2-update.win32_1.5.0.202011040924/tools/bin/../lib/gcc/arm-none-eabi/9.3.1/../../../../arm-none-eabi/lib/thumb/v6-m/nofp\libc_nano.a(lib_a-memcpy-stub.o)
 .ARM.attributes
                0x0000000000000516       0x2c c:/users/matthijs/programs/stm32cubeide_1.6.1/stm32cubeide/plugins/com.st.stm32cube.ide.mcu.externaltools.gnu-tools-for-stm32.9-2020-q2-update.win32_1.5.0.202011040924/tools/bin/../lib/gcc/arm-none-eabi/9.3.1/../../../../arm-none-eabi/lib/thumb/v6-m/nofp\libc_nano.a(lib_a-memset.o)
 .ARM.attributes
                0x0000000000000542       0x2c c:/users/matthijs/programs/stm32cubeide_1.6.1/stm32cubeide/plugins/com.st.stm32cube.ide.mcu.externaltools.gnu-tools-for-stm32.9-2020-q2-update.win32_1.5.0.202011040924/tools/bin/../lib/gcc/arm-none-eabi/9.3.1/../../../../arm-none-eabi/lib/thumb/v6-m/nofp\libc_nano.a(lib_a-nano-freer.o)
 .ARM.attributes
                0x000000000000056e       0x2c c:/users/matthijs/programs/stm32cubeide_1.6.1/stm32cubeide/plugins/com.st.stm32cube.ide.mcu.externaltools.gnu-tools-for-stm32.9-2020-q2-update.win32_1.5.0.202011040924/tools/bin/../lib/gcc/arm-none-eabi/9.3.1/../../../../arm-none-eabi/lib/thumb/v6-m/nofp\libc_nano.a(lib_a-nano-mallocr.o)
 .ARM.attributes
                0x000000000000059a       0x2c c:/users/matthijs/programs/stm32cubeide_1.6.1/stm32cubeide/plugins/com.st.stm32cube.ide.mcu.externaltools.gnu-tools-for-stm32.9-2020-q2-update.win32_1.5.0.202011040924/tools/bin/../lib/gcc/arm-none-eabi/9.3.1/../../../../arm-none-eabi/lib/thumb/v6-m/nofp\libc_nano.a(lib_a-sbrkr.o)
 .ARM.attributes
                0x00000000000005c6       0x2c c:/users/matthijs/programs/stm32cubeide_1.6.1/stm32cubeide/plugins/com.st.stm32cube.ide.mcu.externaltools.gnu-tools-for-stm32.9-2020-q2-update.win32_1.5.0.202011040924/tools/bin/../lib/gcc/arm-none-eabi/9.3.1/../../../../arm-none-eabi/lib/thumb/v6-m/nofp\libc_nano.a(lib_a-sprintf.o)
 .ARM.attributes
                0x00000000000005f2       0x2c c:/users/matthijs/programs/stm32cubeide_1.6.1/stm32cubeide/plugins/com.st.stm32cube.ide.mcu.externaltools.gnu-tools-for-stm32.9-2020-q2-update.win32_1.5.0.202011040924/tools/bin/../lib/gcc/arm-none-eabi/9.3.1/../../../../arm-none-eabi/lib/thumb/v6-m/nofp\libc_nano.a(lib_a-sscanf.o)
 .ARM.attributes
                0x000000000000061e       0x2c c:/users/matthijs/programs/stm32cubeide_1.6.1/stm32cubeide/plugins/com.st.stm32cube.ide.mcu.externaltools.gnu-tools-for-stm32.9-2020-q2-update.win32_1.5.0.202011040924/tools/bin/../lib/gcc/arm-none-eabi/9.3.1/../../../../arm-none-eabi/lib/thumb/v6-m/nofp\libc_nano.a(lib_a-stdio.o)
 .ARM.attributes
                0x000000000000064a       0x1c c:/users/matthijs/programs/stm32cubeide_1.6.1/stm32cubeide/plugins/com.st.stm32cube.ide.mcu.externaltools.gnu-tools-for-stm32.9-2020-q2-update.win32_1.5.0.202011040924/tools/bin/../lib/gcc/arm-none-eabi/9.3.1/../../../../arm-none-eabi/lib/thumb/v6-m/nofp\libc_nano.a(lib_a-strcmp.o)
 .ARM.attributes
                0x0000000000000666       0x2c c:/users/matthijs/programs/stm32cubeide_1.6.1/stm32cubeide/plugins/com.st.stm32cube.ide.mcu.externaltools.gnu-tools-for-stm32.9-2020-q2-update.win32_1.5.0.202011040924/tools/bin/../lib/gcc/arm-none-eabi/9.3.1/../../../../arm-none-eabi/lib/thumb/v6-m/nofp\libc_nano.a(lib_a-strcpy.o)
 .ARM.attributes
                0x0000000000000692       0x1c c:/users/matthijs/programs/stm32cubeide_1.6.1/stm32cubeide/plugins/com.st.stm32cube.ide.mcu.externaltools.gnu-tools-for-stm32.9-2020-q2-update.win32_1.5.0.202011040924/tools/bin/../lib/gcc/arm-none-eabi/9.3.1/../../../../arm-none-eabi/lib/thumb/v6-m/nofp\libc_nano.a(lib_a-strlen.o)
 .ARM.attributes
                0x00000000000006ae       0x2c c:/users/matthijs/programs/stm32cubeide_1.6.1/stm32cubeide/plugins/com.st.stm32cube.ide.mcu.externaltools.gnu-tools-for-stm32.9-2020-q2-update.win32_1.5.0.202011040924/tools/bin/../lib/gcc/arm-none-eabi/9.3.1/../../../../arm-none-eabi/lib/thumb/v6-m/nofp\libc_nano.a(lib_a-vsnprintf.o)
 .ARM.attributes
                0x00000000000006da       0x2c c:/users/matthijs/programs/stm32cubeide_1.6.1/stm32cubeide/plugins/com.st.stm32cube.ide.mcu.externaltools.gnu-tools-for-stm32.9-2020-q2-update.win32_1.5.0.202011040924/tools/bin/../lib/gcc/arm-none-eabi/9.3.1/../../../../arm-none-eabi/lib/thumb/v6-m/nofp\libc_nano.a(lib_a-mlock.o)
 .ARM.attributes
                0x0000000000000706       0x2c c:/users/matthijs/programs/stm32cubeide_1.6.1/stm32cubeide/plugins/com.st.stm32cube.ide.mcu.externaltools.gnu-tools-for-stm32.9-2020-q2-update.win32_1.5.0.202011040924/tools/bin/../lib/gcc/arm-none-eabi/9.3.1/../../../../arm-none-eabi/lib/thumb/v6-m/nofp\libc_nano.a(lib_a-nano-svfprintf.o)
 .ARM.attributes
                0x0000000000000732       0x2c c:/users/matthijs/programs/stm32cubeide_1.6.1/stm32cubeide/plugins/com.st.stm32cube.ide.mcu.externaltools.gnu-tools-for-stm32.9-2020-q2-update.win32_1.5.0.202011040924/tools/bin/../lib/gcc/arm-none-eabi/9.3.1/../../../../arm-none-eabi/lib/thumb/v6-m/nofp\libc_nano.a(lib_a-nano-svfscanf.o)
 .ARM.attributes
                0x000000000000075e       0x2c c:/users/matthijs/programs/stm32cubeide_1.6.1/stm32cubeide/plugins/com.st.stm32cube.ide.mcu.externaltools.gnu-tools-for-stm32.9-2020-q2-update.win32_1.5.0.202011040924/tools/bin/../lib/gcc/arm-none-eabi/9.3.1/../../../../arm-none-eabi/lib/thumb/v6-m/nofp\libc_nano.a(lib_a-nano-vfprintf_i.o)
 .ARM.attributes
                0x000000000000078a       0x2c c:/users/matthijs/programs/stm32cubeide_1.6.1/stm32cubeide/plugins/com.st.stm32cube.ide.mcu.externaltools.gnu-tools-for-stm32.9-2020-q2-update.win32_1.5.0.202011040924/tools/bin/../lib/gcc/arm-none-eabi/9.3.1/../../../../arm-none-eabi/lib/thumb/v6-m/nofp\libc_nano.a(lib_a-nano-vfscanf_i.o)
 .ARM.attributes
                0x00000000000007b6       0x2c c:/users/matthijs/programs/stm32cubeide_1.6.1/stm32cubeide/plugins/com.st.stm32cube.ide.mcu.externaltools.gnu-tools-for-stm32.9-2020-q2-update.win32_1.5.0.202011040924/tools/bin/../lib/gcc/arm-none-eabi/9.3.1/../../../../arm-none-eabi/lib/thumb/v6-m/nofp\libc_nano.a(lib_a-reent.o)
 .ARM.attributes
                0x00000000000007e2       0x2c c:/users/matthijs/programs/stm32cubeide_1.6.1/stm32cubeide/plugins/com.st.stm32cube.ide.mcu.externaltools.gnu-tools-for-stm32.9-2020-q2-update.win32_1.5.0.202011040924/tools/bin/../lib/gcc/arm-none-eabi/9.3.1/../../../../arm-none-eabi/lib/thumb/v6-m/nofp\libc_nano.a(lib_a-sccl.o)
 .ARM.attributes
                0x000000000000080e       0x2c c:/users/matthijs/programs/stm32cubeide_1.6.1/stm32cubeide/plugins/com.st.stm32cube.ide.mcu.externaltools.gnu-tools-for-stm32.9-2020-q2-update.win32_1.5.0.202011040924/tools/bin/../lib/gcc/arm-none-eabi/9.3.1/../../../../arm-none-eabi/lib/thumb/v6-m/nofp\libc_nano.a(lib_a-strtol.o)
 .ARM.attributes
                0x000000000000083a       0x2c c:/users/matthijs/programs/stm32cubeide_1.6.1/stm32cubeide/plugins/com.st.stm32cube.ide.mcu.externaltools.gnu-tools-for-stm32.9-2020-q2-update.win32_1.5.0.202011040924/tools/bin/../lib/gcc/arm-none-eabi/9.3.1/../../../../arm-none-eabi/lib/thumb/v6-m/nofp\libc_nano.a(lib_a-strtoul.o)
 .ARM.attributes
                0x0000000000000866       0x2c c:/users/matthijs/programs/stm32cubeide_1.6.1/stm32cubeide/plugins/com.st.stm32cube.ide.mcu.externaltools.gnu-tools-for-stm32.9-2020-q2-update.win32_1.5.0.202011040924/tools/bin/../lib/gcc/arm-none-eabi/9.3.1/../../../../arm-none-eabi/lib/thumb/v6-m/nofp\libc_nano.a(lib_a-ungetc.o)
 .ARM.attributes
                0x0000000000000892       0x2c c:/users/matthijs/programs/stm32cubeide_1.6.1/stm32cubeide/plugins/com.st.stm32cube.ide.mcu.externaltools.gnu-tools-for-stm32.9-2020-q2-update.win32_1.5.0.202011040924/tools/bin/../lib/gcc/arm-none-eabi/9.3.1/../../../../arm-none-eabi/lib/thumb/v6-m/nofp\libc_nano.a(lib_a-errno.o)
 .ARM.attributes
                0x00000000000008be       0x2c c:/users/matthijs/programs/stm32cubeide_1.6.1/stm32cubeide/plugins/com.st.stm32cube.ide.mcu.externaltools.gnu-tools-for-stm32.9-2020-q2-update.win32_1.5.0.202011040924/tools/bin/../lib/gcc/arm-none-eabi/9.3.1/../../../../arm-none-eabi/lib/thumb/v6-m/nofp\libc_nano.a(lib_a-findfp.o)
 .ARM.attributes
                0x00000000000008ea       0x2c c:/users/matthijs/programs/stm32cubeide_1.6.1/stm32cubeide/plugins/com.st.stm32cube.ide.mcu.externaltools.gnu-tools-for-stm32.9-2020-q2-update.win32_1.5.0.202011040924/tools/bin/../lib/gcc/arm-none-eabi/9.3.1/../../../../arm-none-eabi/lib/thumb/v6-m/nofp\libc_nano.a(lib_a-lock.o)
 .ARM.attributes
                0x0000000000000916       0x2c c:/users/matthijs/programs/stm32cubeide_1.6.1/stm32cubeide/plugins/com.st.stm32cube.ide.mcu.externaltools.gnu-tools-for-stm32.9-2020-q2-update.win32_1.5.0.202011040924/tools/bin/../lib/gcc/arm-none-eabi/9.3.1/../../../../arm-none-eabi/lib/thumb/v6-m/nofp\libc_nano.a(lib_a-memchr-stub.o)
 .ARM.attributes
                0x0000000000000942       0x2c c:/users/matthijs/programs/stm32cubeide_1.6.1/stm32cubeide/plugins/com.st.stm32cube.ide.mcu.externaltools.gnu-tools-for-stm32.9-2020-q2-update.win32_1.5.0.202011040924/tools/bin/../lib/gcc/arm-none-eabi/9.3.1/../../../../arm-none-eabi/lib/thumb/v6-m/nofp\libc_nano.a(lib_a-memmove.o)
 .ARM.attributes
                0x000000000000096e       0x2c c:/users/matthijs/programs/stm32cubeide_1.6.1/stm32cubeide/plugins/com.st.stm32cube.ide.mcu.externaltools.gnu-tools-for-stm32.9-2020-q2-update.win32_1.5.0.202011040924/tools/bin/../lib/gcc/arm-none-eabi/9.3.1/../../../../arm-none-eabi/lib/thumb/v6-m/nofp\libc_nano.a(lib_a-nano-reallocr.o)
 .ARM.attributes
                0x000000000000099a       0x2c c:/users/matthijs/programs/stm32cubeide_1.6.1/stm32cubeide/plugins/com.st.stm32cube.ide.mcu.externaltools.gnu-tools-for-stm32.9-2020-q2-update.win32_1.5.0.202011040924/tools/bin/../lib/gcc/arm-none-eabi/9.3.1/../../../../arm-none-eabi/lib/thumb/v6-m/nofp\libc_nano.a(lib_a-nano-msizer.o)
 .ARM.attributes
                0x00000000000009c6       0x1e c:/users/matthijs/programs/stm32cubeide_1.6.1/stm32cubeide/plugins/com.st.stm32cube.ide.mcu.externaltools.gnu-tools-for-stm32.9-2020-q2-update.win32_1.5.0.202011040924/tools/bin/../lib/gcc/arm-none-eabi/9.3.1/thumb/v6-m/nofp\libgcc.a(_thumb1_case_shi.o)
 .ARM.attributes
                0x00000000000009e4       0x1e c:/users/matthijs/programs/stm32cubeide_1.6.1/stm32cubeide/plugins/com.st.stm32cube.ide.mcu.externaltools.gnu-tools-for-stm32.9-2020-q2-update.win32_1.5.0.202011040924/tools/bin/../lib/gcc/arm-none-eabi/9.3.1/thumb/v6-m/nofp\libgcc.a(_udivsi3.o)
 .ARM.attributes
                0x0000000000000a02       0x1e c:/users/matthijs/programs/stm32cubeide_1.6.1/stm32cubeide/plugins/com.st.stm32cube.ide.mcu.externaltools.gnu-tools-for-stm32.9-2020-q2-update.win32_1.5.0.202011040924/tools/bin/../lib/gcc/arm-none-eabi/9.3.1/thumb/v6-m/nofp\libgcc.a(_divsi3.o)
 .ARM.attributes
                0x0000000000000a20       0x1e c:/users/matthijs/programs/stm32cubeide_1.6.1/stm32cubeide/plugins/com.st.stm32cube.ide.mcu.externaltools.gnu-tools-for-stm32.9-2020-q2-update.win32_1.5.0.202011040924/tools/bin/../lib/gcc/arm-none-eabi/9.3.1/thumb/v6-m/nofp\libgcc.a(_dvmd_tls.o)
 .ARM.attributes
                0x0000000000000a3e       0x1e c:/users/matthijs/programs/stm32cubeide_1.6.1/stm32cubeide/plugins/com.st.stm32cube.ide.mcu.externaltools.gnu-tools-for-stm32.9-2020-q2-update.win32_1.5.0.202011040924/tools/bin/../lib/gcc/arm-none-eabi/9.3.1/thumb/v6-m/nofp\libgcc.a(_aeabi_ldivmod.o)
 .ARM.attributes
                0x0000000000000a5c       0x1e c:/users/matthijs/programs/stm32cubeide_1.6.1/stm32cubeide/plugins/com.st.stm32cube.ide.mcu.externaltools.gnu-tools-for-stm32.9-2020-q2-update.win32_1.5.0.202011040924/tools/bin/../lib/gcc/arm-none-eabi/9.3.1/thumb/v6-m/nofp\libgcc.a(_aeabi_uldivmod.o)
 .ARM.attributes
                0x0000000000000a7a       0x2c c:/users/matthijs/programs/stm32cubeide_1.6.1/stm32cubeide/plugins/com.st.stm32cube.ide.mcu.externaltools.gnu-tools-for-stm32.9-2020-q2-update.win32_1.5.0.202011040924/tools/bin/../lib/gcc/arm-none-eabi/9.3.1/thumb/v6-m/nofp\libgcc.a(_muldi3.o)
 .ARM.attributes
                0x0000000000000aa6       0x2c c:/users/matthijs/programs/stm32cubeide_1.6.1/stm32cubeide/plugins/com.st.stm32cube.ide.mcu.externaltools.gnu-tools-for-stm32.9-2020-q2-update.win32_1.5.0.202011040924/tools/bin/../lib/gcc/arm-none-eabi/9.3.1/thumb/v6-m/nofp\libgcc.a(_udivmoddi4.o)
 .ARM.attributes
                0x0000000000000ad2       0x2c c:/users/matthijs/programs/stm32cubeide_1.6.1/stm32cubeide/plugins/com.st.stm32cube.ide.mcu.externaltools.gnu-tools-for-stm32.9-2020-q2-update.win32_1.5.0.202011040924/tools/bin/../lib/gcc/arm-none-eabi/9.3.1/thumb/v6-m/nofp\libgcc.a(bpabi.o)
 .ARM.attributes
                0x0000000000000afe       0x1e c:/users/matthijs/programs/stm32cubeide_1.6.1/stm32cubeide/plugins/com.st.stm32cube.ide.mcu.externaltools.gnu-tools-for-stm32.9-2020-q2-update.win32_1.5.0.202011040924/tools/bin/../lib/gcc/arm-none-eabi/9.3.1/thumb/v6-m/nofp\libgcc.a(_clzsi2.o)
 .ARM.attributes
                0x0000000000000b1c       0x1e c:/users/matthijs/programs/stm32cubeide_1.6.1/stm32cubeide/plugins/com.st.stm32cube.ide.mcu.externaltools.gnu-tools-for-stm32.9-2020-q2-update.win32_1.5.0.202011040924/tools/bin/../lib/gcc/arm-none-eabi/9.3.1/thumb/v6-m/nofp\libgcc.a(_clzdi2.o)
 .ARM.attributes
                0x0000000000000b3a       0x2c c:/users/matthijs/programs/stm32cubeide_1.6.1/stm32cubeide/plugins/com.st.stm32cube.ide.mcu.externaltools.gnu-tools-for-stm32.9-2020-q2-update.win32_1.5.0.202011040924/tools/bin/../lib/gcc/arm-none-eabi/9.3.1/thumb/v6-m/nofp\libgcc.a(_divdi3.o)
 .ARM.attributes
                0x0000000000000b66       0x2c c:/users/matthijs/programs/stm32cubeide_1.6.1/stm32cubeide/plugins/com.st.stm32cube.ide.mcu.externaltools.gnu-tools-for-stm32.9-2020-q2-update.win32_1.5.0.202011040924/tools/bin/../lib/gcc/arm-none-eabi/9.3.1/../../../../arm-none-eabi/lib/thumb/v6-m/nofp\libnosys.a(sbrk.o)
 .ARM.attributes
                0x0000000000000b92       0x1e c:/users/matthijs/programs/stm32cubeide_1.6.1/stm32cubeide/plugins/com.st.stm32cube.ide.mcu.externaltools.gnu-tools-for-stm32.9-2020-q2-update.win32_1.5.0.202011040924/tools/bin/../lib/gcc/arm-none-eabi/9.3.1/thumb/v6-m/nofp/crtn.o
OUTPUT(DWM1004C_GCC.elf elf32-littlearm)
LOAD linker stubs
LOAD c:/users/matthijs/programs/stm32cubeide_1.6.1/stm32cubeide/plugins/com.st.stm32cube.ide.mcu.externaltools.gnu-tools-for-stm32.9-2020-q2-update.win32_1.5.0.202011040924/tools/bin/../lib/gcc/arm-none-eabi/9.3.1/../../../../arm-none-eabi/lib/thumb/v6-m/nofp\libc.a
LOAD c:/users/matthijs/programs/stm32cubeide_1.6.1/stm32cubeide/plugins/com.st.stm32cube.ide.mcu.externaltools.gnu-tools-for-stm32.9-2020-q2-update.win32_1.5.0.202011040924/tools/bin/../lib/gcc/arm-none-eabi/9.3.1/../../../../arm-none-eabi/lib/thumb/v6-m/nofp\libm.a
LOAD c:/users/matthijs/programs/stm32cubeide_1.6.1/stm32cubeide/plugins/com.st.stm32cube.ide.mcu.externaltools.gnu-tools-for-stm32.9-2020-q2-update.win32_1.5.0.202011040924/tools/bin/../lib/gcc/arm-none-eabi/9.3.1/thumb/v6-m/nofp\libgcc.a

.debug_info     0x0000000000000000    0x1b228
 .debug_info    0x0000000000000000      0x58a Drivers/STM32L0xx_HAL_Driver/Src/stm32l0xx_ll_exti.o
 .debug_info    0x000000000000058a      0x886 Drivers/STM32L0xx_HAL_Driver/Src/stm32l0xx_ll_gpio.o
 .debug_info    0x0000000000000e10      0x7da Drivers/STM32L0xx_HAL_Driver/Src/stm32l0xx_ll_i2c.o
 .debug_info    0x00000000000015ea      0xb23 Drivers/STM32L0xx_HAL_Driver/Src/stm32l0xx_ll_rcc.o
 .debug_info    0x000000000000210d     0x1897 Drivers/STM32L0xx_HAL_Driver/Src/stm32l0xx_ll_rtc.o
 .debug_info    0x00000000000039a4      0x584 Drivers/STM32L0xx_HAL_Driver/Src/stm32l0xx_ll_spi.o
 .debug_info    0x0000000000003f28      0x82e Drivers/STM32L0xx_HAL_Driver/Src/stm32l0xx_ll_usart.o
 .debug_info    0x0000000000004756      0xbe1 Drivers/STM32L0xx_HAL_Driver/Src/stm32l0xx_ll_utils.o
 .debug_info    0x0000000000005337     0x4da7 Drivers/deca_driver/deca_device.o
 .debug_info    0x000000000000a0de      0xb7c Drivers/deca_driver/deca_params_init.o
 .debug_info    0x000000000000ac5a      0xa43 Src/Port/deca_sleep.o
 .debug_info    0x000000000000b69d     0x1143 Src/Port/deca_spi.o
 .debug_info    0x000000000000c7e0     0x1152 Src/Port/deca_uart.o
 .debug_info    0x000000000000d932     0x367f Src/Port/port_platform.o
 .debug_info    0x0000000000010fb1     0x1009 Src/cmd/cmd.o
 .debug_info    0x0000000000011fba     0x205a Src/cmd/cmd_fn.o
 .debug_info    0x0000000000014014      0xcb1 Src/cmd/cmd_uart_rx.o
 .debug_info    0x0000000000014cc5     0x1152 Src/config/config.o
 .debug_info    0x0000000000015e17     0x4156 Src/main.o
 .debug_info    0x0000000000019f6d      0xc9d Src/stm32l0xx_it.o
 .debug_info    0x000000000001ac0a      0x3cb Src/system_stm32l0xx.o
 .debug_info    0x000000000001afd5      0x231 Src/utils/translate.o
 .debug_info    0x000000000001b206       0x22 startup/startup_stm32l041xx.o

.debug_abbrev   0x0000000000000000     0x3da3
 .debug_abbrev  0x0000000000000000      0x1d7 Drivers/STM32L0xx_HAL_Driver/Src/stm32l0xx_ll_exti.o
 .debug_abbrev  0x00000000000001d7      0x22e Drivers/STM32L0xx_HAL_Driver/Src/stm32l0xx_ll_gpio.o
 .debug_abbrev  0x0000000000000405      0x1f1 Drivers/STM32L0xx_HAL_Driver/Src/stm32l0xx_ll_i2c.o
 .debug_abbrev  0x00000000000005f6      0x299 Drivers/STM32L0xx_HAL_Driver/Src/stm32l0xx_ll_rcc.o
 .debug_abbrev  0x000000000000088f      0x355 Drivers/STM32L0xx_HAL_Driver/Src/stm32l0xx_ll_rtc.o
 .debug_abbrev  0x0000000000000be4      0x1fb Drivers/STM32L0xx_HAL_Driver/Src/stm32l0xx_ll_spi.o
 .debug_abbrev  0x0000000000000ddf      0x2d1 Drivers/STM32L0xx_HAL_Driver/Src/stm32l0xx_ll_usart.o
 .debug_abbrev  0x00000000000010b0      0x320 Drivers/STM32L0xx_HAL_Driver/Src/stm32l0xx_ll_utils.o
 .debug_abbrev  0x00000000000013d0      0x36d Drivers/deca_driver/deca_device.o
 .debug_abbrev  0x000000000000173d      0x185 Drivers/deca_driver/deca_params_init.o
 .debug_abbrev  0x00000000000018c2      0x1ed Src/Port/deca_sleep.o
 .debug_abbrev  0x0000000000001aaf      0x2b4 Src/Port/deca_spi.o
 .debug_abbrev  0x0000000000001d63      0x399 Src/Port/deca_uart.o
 .debug_abbrev  0x00000000000020fc      0x5ba Src/Port/port_platform.o
 .debug_abbrev  0x00000000000026b6      0x2d9 Src/cmd/cmd.o
 .debug_abbrev  0x000000000000298f      0x3fe Src/cmd/cmd_fn.o
 .debug_abbrev  0x0000000000002d8d      0x29a Src/cmd/cmd_uart_rx.o
 .debug_abbrev  0x0000000000003027      0x401 Src/config/config.o
 .debug_abbrev  0x0000000000003428      0x542 Src/main.o
 .debug_abbrev  0x000000000000396a      0x279 Src/stm32l0xx_it.o
 .debug_abbrev  0x0000000000003be3      0x11c Src/system_stm32l0xx.o
 .debug_abbrev  0x0000000000003cff       0x92 Src/utils/translate.o