port_platform.c:62:6:IncSysTick	0	static
port_platform.c:73:1:portGetTickCount	0	static
port_platform.c:78:6:HAL_AdjustTickCount	0	static,ignoring_inline_asm
port_platform.c:90:6:start_timer	0	static
port_platform.c:103:6:check_timer	0	static
port_platform.c:146:6:port_set_dw1000_slowrate	0	static
port_platform.c:167:6:port_set_dw1000_fastrate	0	static
port_platform.c:201:17:decamutexon	0	static
port_platform.c:220:6:decamutexoff	0	static
port_platform.c:236:6:reset_DW1000	40	static
port_platform.c:262:6:port_wakeup_dw1000	16	static
port_platform.c:283:6:LEDS_INVERT	8	static
port_platform.c:296:6:LEDS_OFF	0	static
port_platform.c:309:6:LEDS_ON	0	static
port_platform.c:334:6:lis3dh_power_ON	0	static
port_platform.c:342:6:lis3dh_power_OFF	0	static
port_platform.c:350:6:spi_device_init	0	static
port_platform.c:358:6:spi_transfer_pf	0	static
port_platform.c:365:6:i2c_slave_read	16	static
port_platform.c:393:6:lis3dh_configure_int	48	static
port_platform.c:439:6:GPIO_EXTI3_Callback	0	static
port_platform.c:454:6:GPIO_EXTI0_Callback	0	static
port_platform.c:473:6:i2c_slave_write	16	static
port_platform.c:492:6:Config_SysClk_HSI16	8	static
port_platform.c:509:6:Config_SysClk_MSI_131	8	static
port_platform.c:527:6:RTC_DeactivateWakeUpTimer	0	static
port_platform.c:557:6:RTC_SetWakeUpTimer_IT	0	static
port_platform.c:631:5:UARTE_StopModeWakeUpSourceConfig	16	static
port_platform.c:680:6:SystemPower_Config	0	static
port_platform.c:715:6:PWR_EnterSTOPMode	0	static,ignoring_inline_asm
port_platform.c:759:6:low_power	16	static
port_platform.c:822:13:HAL_UART_ErrorCallback	0	static
port_platform.c:847:6:UART2_IRQHandler	16	static
port_platform.c:985:6:vTestModeMotionDetect	8	static,ignoring_inline_asm
